$ D:\ZephyrProject\.venv\Scripts\west.exe build -p always -b pic32ck_sg01_cult -d D:\ZephyrProject\usb_validation\results\.build_cache\pic32ck_sg01_cult_cdc_acm_fs -S microchip-udc-usbfs D:\ZephyrProject\mchp_zephyrproject\zephyr\samples\subsys/usb/cdc_acm

-- west build: making build dir D:\ZephyrProject\usb_validation\results\.build_cache\pic32ck_sg01_cult_cdc_acm_fs pristine
-- west build: generating a build system
Loading Zephyr default modules (Zephyr base).
-- Application: D:/ZephyrProject/mchp_zephyrproject/zephyr/samples/subsys/usb/cdc_acm
-- CMake version: 4.4.0
-- Found Python3: D:/ZephyrProject/.venv/Scripts/python.exe (found suitable version "3.14.6", minimum required is "3.12") found components: Interpreter
-- Cache files will be written to: D:/ZephyrProject/mchp_zephyrproject/zephyr/.cache
-- Zephyr version: 4.4.0 (D:/ZephyrProject/mchp_zephyrproject/zephyr)
-- Found west (found suitable version "1.5.0", minimum required is "0.14.0")
-- Board: pic32ck_sg01_cult, qualifiers: pic32ck2051sg01144
-- Snippet(s): microchip-udc-usbfs
-- ZEPHYR_TOOLCHAIN_VARIANT not set, trying to locate Zephyr SDK
-- Found host-tools: zephyr 1.0.1 (C:/Users/I73904/zephyr-sdk-1.0.1)
-- Found toolchain: zephyr 1.0.1 (C:/Users/I73904/zephyr-sdk-1.0.1)
-- Found Dtc: C:/ProgramData/chocolatey/bin/dtc.exe (found suitable version "1.6.1", minimum required is "1.4.6")
-- Found BOARD.dts: D:/ZephyrProject/mchp_zephyrproject/zephyr/boards/microchip/pic32c/pic32ck_sg01_cult/pic32ck_sg01_cult.dts
-- Found devicetree overlay: D:/ZephyrProject/mchp_zephyrproject/zephyr/samples/subsys/usb/cdc_acm/app.overlay
-- Generated zephyr.dts: D:/ZephyrProject/usb_validation/results/.build_cache/pic32ck_sg01_cult_cdc_acm_fs/zephyr/zephyr.dts
-- Generated pickled edt: D:/ZephyrProject/usb_validation/results/.build_cache/pic32ck_sg01_cult_cdc_acm_fs/zephyr/edt.pickle
-- Generated devicetree_generated.h: D:/ZephyrProject/usb_validation/results/.build_cache/pic32ck_sg01_cult_cdc_acm_fs/zephyr/include/generated/zephyr/devicetree_generated.h
Parsing D:/ZephyrProject/mchp_zephyrproject/zephyr/samples/subsys/usb/cdc_acm/Kconfig
Loaded configuration 'D:/ZephyrProject/mchp_zephyrproject/zephyr/boards/microchip/pic32c/pic32ck_sg01_cult/pic32ck_sg01_cult_defconfig'
Merged configuration 'D:/ZephyrProject/mchp_zephyrproject/zephyr/samples/subsys/usb/cdc_acm/prj.conf'
Configuration saved to 'D:/ZephyrProject/usb_validation/results/.build_cache/pic32ck_sg01_cult_cdc_acm_fs/zephyr/.config'
Kconfig header saved to 'D:/ZephyrProject/usb_validation/results/.build_cache/pic32ck_sg01_cult_cdc_acm_fs/zephyr/include/generated/zephyr/autoconf.h'
-- Found GnuLd: C:/Users/I73904/zephyr-sdk-1.0.1/gnu/arm-zephyr-eabi/arm-zephyr-eabi/bin/ld.bfd.exe (found version "2.43.1")
-- The C compiler identification is GNU 14.3.0
-- The CXX compiler identification is GNU 14.3.0
-- The ASM compiler identification is GNU
-- Found assembler: C:/Users/I73904/zephyr-sdk-1.0.1/gnu/arm-zephyr-eabi/bin/arm-zephyr-eabi-gcc.exe
-- Found gen_kobject_list: D:/ZephyrProject/mchp_zephyrproject/zephyr/scripts/build/gen_kobject_list.py
-- Configuring done (45.6s)
-- Generating done (1.9s)
-- Build files have been written to: D:/ZephyrProject/usb_validation/results/.build_cache/pic32ck_sg01_cult_cdc_acm_fs
-- west build: building application
[1/175] Generating include/generated/zephyr/version.h
-- Zephyr version: 4.4.0 (D:/ZephyrProject/mchp_zephyrproject/zephyr), build: 50519545e19a
[2/175] Generating misc/generated/syscalls.json, misc/generated/struct_tags.json
[3/175] Generating include/generated/device-api-sections.ld, include/generated/device-api-sections.cmake
[4/175] Generating include/generated/zephyr/driver-validation.h
[5/175] Generating include/generated/zephyr/kobj-types-enum.h, include/generated/zephyr/otype-to-str.h, include/generated/zephyr/otype-to-size.h
[6/175] Generating include/generated/zephyr/syscall_dispatch.c, include/generated/zephyr/syscall_exports_llext.c, syscall_weakdefs_llext.c, include/generated/zephyr/syscall_list.h
[7/175] Building C object zephyr/lib/heap/CMakeFiles/heap_constants.dir/heap_constants.c.obj
[8/175] Generating ../../include/generated/zephyr/heap_constants.h
[9/175] Building C object zephyr/CMakeFiles/offsets.dir/arch/arm/core/offsets/offsets.c.obj
[10/175] Generating include/generated/zephyr/offsets.h
[11/175] Building C object zephyr/arch/common/CMakeFiles/isr_tables.dir/isr_tables.c.obj
[12/175] Building C object zephyr/CMakeFiles/zephyr.dir/lib/libc/validate_libc.c.obj
[13/175] Building C object zephyr/CMakeFiles/zephyr.dir/lib/mem_blocks/mem_blocks.c.obj
[14/175] Building C object zephyr/CMakeFiles/zephyr.dir/lib/heap/heap.c.obj
[15/175] Building C object CMakeFiles/app.dir/src/main.c.obj
[16/175] Building C object zephyr/CMakeFiles/zephyr.dir/lib/os/printk.c.obj
[17/175] Building C object CMakeFiles/app.dir/D_/ZephyrProject/mchp_zephyrproject/zephyr/samples/subsys/usb/common/sample_usbd_init.c.obj
[18/175] Building C object zephyr/CMakeFiles/zephyr.dir/lib/os/clock.c.obj
[19/175] Building C object zephyr/CMakeFiles/zephyr.dir/lib/os/sem.c.obj
[20/175] Building C object zephyr/CMakeFiles/zephyr.dir/lib/os/thread_entry.c.obj
[21/175] Building C object zephyr/CMakeFiles/zephyr.dir/lib/utils/dec.c.obj
[22/175] Building C object zephyr/CMakeFiles/zephyr.dir/lib/os/cbprintf_complete.c.obj
[23/175] Building C object zephyr/CMakeFiles/zephyr.dir/lib/utils/set.c.obj
[24/175] Building C object zephyr/CMakeFiles/zephyr.dir/lib/utils/hex.c.obj
[25/175] Building C object zephyr/CMakeFiles/zephyr.dir/lib/os/assert.c.obj
[26/175] Building C object zephyr/CMakeFiles/zephyr.dir/lib/utils/timeutil.c.obj
[27/175] Building C object zephyr/CMakeFiles/zephyr.dir/lib/os/mpsc_pbuf.c.obj
[28/175] Building C object zephyr/CMakeFiles/zephyr.dir/lib/os/cbprintf_packaged.c.obj
[29/175] Building C object zephyr/CMakeFiles/zephyr.dir/lib/utils/bitmask.c.obj
[30/175] Building C object zephyr/CMakeFiles/zephyr.dir/lib/utils/rb.c.obj
[31/175] Building C object zephyr/CMakeFiles/zephyr.dir/lib/utils/last_section_id.c.obj
[32/175] Building C object zephyr/CMakeFiles/zephyr.dir/lib/utils/ring_buffer.c.obj
[33/175] Building C object zephyr/CMakeFiles/zephyr.dir/misc/generated/configs.c.obj
[34/175] Building C object zephyr/CMakeFiles/zephyr.dir/lib/utils/bitarray.c.obj
[35/175] Building C object zephyr/CMakeFiles/zephyr.dir/lib/utils/getopt/getopt_common.c.obj
[36/175] Building C object zephyr/CMakeFiles/zephyr.dir/lib/utils/getopt/getopt.c.obj
[37/175] Building C object zephyr/CMakeFiles/zephyr.dir/subsys/logging/log_cache.c.obj
[38/175] Building C object zephyr/CMakeFiles/zephyr.dir/subsys/logging/log_mgmt.c.obj
[39/175] Building C object zephyr/CMakeFiles/zephyr.dir/subsys/logging/log_core.c.obj
[40/175] Building C object zephyr/CMakeFiles/zephyr.dir/subsys/logging/log_msg.c.obj
[41/175] Building C object zephyr/CMakeFiles/zephyr.dir/subsys/logging/backends/log_backend_uart.c.obj
[42/175] Building C object zephyr/arch/common/CMakeFiles/arch__common.dir/init.c.obj
[43/175] Building C object zephyr/CMakeFiles/zephyr.dir/subsys/mem_mgmt/mem_attr.c.obj
[44/175] Building C object zephyr/CMakeFiles/zephyr.dir/subsys/logging/log_output.c.obj
[45/175] Building C object zephyr/CMakeFiles/zephyr.dir/subsys/tracing/tracing_none.c.obj
[46/175] Building C object zephyr/arch/common/CMakeFiles/arch__common.dir/sw_isr_common.c.obj
[47/175] Generating linker_zephyr_pre0.cmd
[48/175] Linking C static library zephyr\arch\common\libisr_tables.a
[49/175] Building ASM object zephyr/arch/arch/arm/core/CMakeFiles/arch__arm__core.dir/nmi_on_reset.S.obj
[50/175] Building ASM object zephyr/arch/arch/arm/core/cortex_m/CMakeFiles/arch__arm__core__cortex_m.dir/fault_s.S.obj
[51/175] Building C object zephyr/arch/common/CMakeFiles/arch__common.dir/xip.c.obj
[52/175] Building ASM object zephyr/arch/arch/arm/core/cortex_m/CMakeFiles/arch__arm__core__cortex_m.dir/reset.S.obj
[53/175] Building C object zephyr/arch/arch/arm/core/CMakeFiles/arch__arm__core.dir/fatal.c.obj
[54/175] Building C object zephyr/arch/arch/arm/core/CMakeFiles/arch__arm__core.dir/nmi.c.obj
[55/175] Building C object zephyr/arch/arch/arm/core/CMakeFiles/arch__arm__core.dir/tls.c.obj
[56/175] Building C object zephyr/arch/arch/arm/core/cortex_m/CMakeFiles/arch__arm__core__cortex_m.dir/fpu.c.obj
[57/175] Building ASM object zephyr/arch/arch/arm/core/cortex_m/CMakeFiles/arch__arm__core__cortex_m.dir/vector_table.S.obj
[58/175] Building ASM object zephyr/arch/arch/arm/core/cortex_m/CMakeFiles/arch__arm__core__cortex_m.dir/svc.S.obj
[59/175] Building C object zephyr/arch/arch/arm/core/cortex_m/CMakeFiles/arch__arm__core__cortex_m.dir/scb.c.obj
[60/175] Building C object zephyr/arch/arch/arm/core/cortex_m/CMakeFiles/arch__arm__core__cortex_m.dir/fault.c.obj
[61/175] Building C object zephyr/arch/arch/arm/core/cortex_m/CMakeFiles/arch__arm__core__cortex_m.dir/irq_manage.c.obj
[62/175] Building C object zephyr/arch/arch/arm/core/cortex_m/CMakeFiles/arch__arm__core__cortex_m.dir/prep_c.c.obj
[63/175] Building ASM object zephyr/arch/arch/arm/core/cortex_m/CMakeFiles/arch__arm__core__cortex_m.dir/swap_helper.S.obj
[64/175] Building C object zephyr/arch/arch/arm/core/cortex_m/CMakeFiles/arch__arm__core__cortex_m.dir/cpu_idle.c.obj
[65/175] Building C object zephyr/arch/arch/arm/core/cortex_m/CMakeFiles/arch__arm__core__cortex_m.dir/thread.c.obj
[66/175] Building ASM object zephyr/arch/arch/arm/core/cortex_m/CMakeFiles/arch__arm__core__cortex_m.dir/__aeabi_read_tp.S.obj
[67/175] Building C object zephyr/arch/arch/arm/core/cortex_m/CMakeFiles/arch__arm__core__cortex_m.dir/exc_exit.c.obj
[68/175] Building C object zephyr/arch/arch/arm/core/cortex_m/CMakeFiles/arch__arm__core__cortex_m.dir/thread_abort.c.obj
[69/175] Building C object zephyr/arch/arch/arm/core/cortex_m/CMakeFiles/arch__arm__core__cortex_m.dir/irq_init.c.obj
[70/175] Building C object zephyr/arch/arch/arm/core/cortex_m/CMakeFiles/arch__arm__core__cortex_m.dir/isr_wrapper.c.obj
[71/175] Building C object zephyr/arch/arch/arm/core/cortex_m/cmse/CMakeFiles/arch__arm__core__cortex_m__cmse.dir/arm_core_cmse.c.obj
[72/175] Building C object zephyr/arch/arch/arm/core/mpu/CMakeFiles/arch__arm__core__mpu.dir/arm_mpu_regions.c.obj
[73/175] Building C object zephyr/arch/arch/arm/core/mpu/CMakeFiles/arch__arm__core__mpu.dir/arm_core_mpu.c.obj
[74/175] Building C object zephyr/lib/libc/picolibc/CMakeFiles/lib__libc__picolibc.dir/assert.c.obj
[75/175] Building C object zephyr/arch/arch/arm/core/mpu/CMakeFiles/arch__arm__core__mpu.dir/arm_mpu.c.obj
[76/175] Building C object zephyr/lib/libc/picolibc/CMakeFiles/lib__libc__picolibc.dir/cbprintf.c.obj
[77/175] Building C object zephyr/lib/libc/picolibc/CMakeFiles/lib__libc__picolibc.dir/chk_fail.c.obj
[78/175] Building C object zephyr/lib/libc/picolibc/CMakeFiles/lib__libc__picolibc.dir/errno_wrap.c.obj
[79/175] Building C object zephyr/lib/libc/picolibc/CMakeFiles/lib__libc__picolibc.dir/exit.c.obj
[80/175] Building C object zephyr/lib/libc/picolibc/CMakeFiles/lib__libc__picolibc.dir/locks.c.obj
[81/175] Building C object zephyr/lib/libc/common/CMakeFiles/lib__libc__common.dir/source/time/time.c.obj
[82/175] Building C object zephyr/lib/posix/c_lib_ext/CMakeFiles/lib__posix__c_lib_ext.dir/fnmatch.c.obj
[83/175] Building C object zephyr/lib/libc/common/CMakeFiles/lib__libc__common.dir/source/stdlib/abort.c.obj
[84/175] Building C object zephyr/lib/libc/picolibc/CMakeFiles/lib__libc__picolibc.dir/stdio.c.obj
[85/175] Building C object zephyr/lib/libc/common/CMakeFiles/lib__libc__common.dir/source/stdlib/malloc.c.obj
[86/175] Building C object zephyr/lib/posix/c_lib_ext/CMakeFiles/lib__posix__c_lib_ext.dir/getentropy.c.obj
[87/175] Building C object zephyr/lib/posix/c_lib_ext/CMakeFiles/lib__posix__c_lib_ext.dir/getopt_shim.c.obj
[88/175] Building C object zephyr/lib/net_buf/CMakeFiles/lib__net_buf.dir/buf.c.obj
[89/175] Building C object zephyr/lib/net_buf/CMakeFiles/lib__net_buf.dir/buf_simple.c.obj
[90/175] Building C object zephyr/subsys/usb/device_next/CMakeFiles/subsys__usb__device_next.dir/usbd_device.c.obj
[91/175] Building C object zephyr/subsys/usb/device_next/CMakeFiles/subsys__usb__device_next.dir/usbd_desc.c.obj
[92/175] Building C object zephyr/subsys/usb/device_next/CMakeFiles/subsys__usb__device_next.dir/usbd_init.c.obj
[93/175] Building C object zephyr/subsys/usb/device_next/CMakeFiles/subsys__usb__device_next.dir/usbd_config.c.obj
[94/175] Building C object zephyr/subsys/usb/device_next/CMakeFiles/subsys__usb__device_next.dir/usbd_ch9.c.obj
[95/175] Building C object zephyr/subsys/usb/device_next/CMakeFiles/subsys__usb__device_next.dir/usbd_interface.c.obj
[96/175] Building C object zephyr/subsys/usb/device_next/CMakeFiles/subsys__usb__device_next.dir/usbd_class.c.obj
[97/175] Building C object zephyr/subsys/usb/device_next/CMakeFiles/subsys__usb__device_next.dir/usbd_endpoint.c.obj
[98/175] Building C object zephyr/subsys/usb/device_next/CMakeFiles/subsys__usb__device_next.dir/usbd_msg.c.obj
[99/175] Building C object zephyr/subsys/usb/device_next/CMakeFiles/subsys__usb__device_next.dir/usbd_core.c.obj
[100/175] Building C object zephyr/subsys/usb/device_next/CMakeFiles/subsys__usb__device_next.dir/class/usbd_cdc_acm.c.obj
FAILED: [code=1] zephyr/subsys/usb/device_next/CMakeFiles/subsys__usb__device_next.dir/class/usbd_cdc_acm.c.obj 
C:\Users\I73904\zephyr-sdk-1.0.1\gnu\arm-zephyr-eabi\bin\arm-zephyr-eabi-gcc.exe -DKERNEL -DK_HEAP_MEM_POOL_SIZE=0 -DPICOLIBC_LONG_LONG_PRINTF_SCANF -D_POSIX_THREAD_SAFE_FUNCTIONS=200809L -D__LINUX_ERRNO_EXTENSIONS__ -D__PROGRAM_START -D__ZEPHYR__=1 -ID:/ZephyrProject/mchp_zephyrproject/zephyr/subsys/usb/device_next -ID:/ZephyrProject/usb_validation/results/.build_cache/pic32ck_sg01_cult_cdc_acm_fs/zephyr/include/generated/zephyr -ID:/ZephyrProject/mchp_zephyrproject/zephyr/include -ID:/ZephyrProject/usb_validation/results/.build_cache/pic32ck_sg01_cult_cdc_acm_fs/zephyr/include/generated -ID:/ZephyrProject/mchp_zephyrproject/zephyr/soc/microchip/pic32c/pic32ck_sg_gc -ID:/ZephyrProject/mchp_zephyrproject/zephyr/lib/libc/picolibc/include -ID:/ZephyrProject/mchp_zephyrproject/zephyr/lib/posix/c_lib_ext/getopt -ID:/ZephyrProject/mchp_zephyrproject/zephyr/soc/microchip/pic32c/pic32ck_sg_gc/common/. -ID:/ZephyrProject/mchp_zephyrproject/zephyr/soc/microchip/pic32c/pic32ck_sg_gc/pic32ck_sg01 -ID:/ZephyrProject/mchp_zephyrproject/modules/hal/microchip/packs/pic32c/pic32ck_sg_gc/pic32ck_sg01/include -ID:/ZephyrProject/mchp_zephyrproject/modules/hal/microchip/packs/pic32c/pic32ck_sg_gc/common -ID:/ZephyrProject/mchp_zephyrproject/modules/hal/microchip/include -ID:/ZephyrProject/mchp_zephyrproject/modules/hal/cmsis_6/CMSIS/Core/Include -ID:/ZephyrProject/mchp_zephyrproject/zephyr/modules/cmsis_6/. -isystem D:/ZephyrProject/mchp_zephyrproject/zephyr/lib/libc/common/include -Wshadow -fno-strict-aliasing -Os -imacros D:/ZephyrProject/usb_validation/results/.build_cache/pic32ck_sg01_cult_cdc_acm_fs/zephyr/include/generated/zephyr/autoconf.h -fno-printf-return-value -fno-common -g -gdwarf-4 -fdiagnostics-color=always -mcpu=cortex-m33 -mthumb -mabi=aapcs -mfp16-format=ieee -mtp=soft --sysroot=C:/Users/I73904/zephyr-sdk-1.0.1/gnu/arm-zephyr-eabi/arm-zephyr-eabi -imacros D:/ZephyrProject/mchp_zephyrproject/zephyr/include/zephyr/toolchain/zephyr_stdint.h -Wall -Wformat -Wformat-security -Wno-format-zero-length -Wdouble-promotion -Wno-pointer-sign -Wpointer-arith -Wexpansion-to-defined -Wno-unused-but-set-variable -Werror=implicit-int -fno-pic -fno-pie -fno-asynchronous-unwind-tables -ftls-model=local-exec -fno-reorder-functions --param=min-pagesize=0 -fno-defer-pop -fmacro-prefix-map=D:/ZephyrProject/mchp_zephyrproject/zephyr/samples/subsys/usb/cdc_acm=CMAKE_SOURCE_DIR -fmacro-prefix-map=D:/ZephyrProject/mchp_zephyrproject/zephyr=ZEPHYR_BASE -fmacro-prefix-map=D:/ZephyrProject/mchp_zephyrproject=WEST_TOPDIR -ffunction-sections -fdata-sections -mcmse -specs=picolibc.specs -std=c17 -MD -MT zephyr/subsys/usb/device_next/CMakeFiles/subsys__usb__device_next.dir/class/usbd_cdc_acm.c.obj -MF zephyr\subsys\usb\device_next\CMakeFiles\subsys__usb__device_next.dir\class\usbd_cdc_acm.c.obj.d -o zephyr/subsys/usb/device_next/CMakeFiles/subsys__usb__device_next.dir/class/usbd_cdc_acm.c.obj -c D:/ZephyrProject/mchp_zephyrproject/zephyr/subsys/usb/device_next/class/usbd_cdc_acm.c
[101/175] Building C object zephyr/drivers/usb/udc/CMakeFiles/drivers__usb__udc.dir/udc_common.c.obj
FAILED: [code=1] zephyr/drivers/usb/udc/CMakeFiles/drivers__usb__udc.dir/udc_common.c.obj 
C:\Users\I73904\zephyr-sdk-1.0.1\gnu\arm-zephyr-eabi\bin\arm-zephyr-eabi-gcc.exe -DKERNEL -DK_HEAP_MEM_POOL_SIZE=0 -DPICOLIBC_LONG_LONG_PRINTF_SCANF -D_POSIX_THREAD_SAFE_FUNCTIONS=200809L -D__LINUX_ERRNO_EXTENSIONS__ -D__PROGRAM_START -D__ZEPHYR_SUPERVISOR__ -D__ZEPHYR__=1 -ID:/ZephyrProject/mchp_zephyrproject/zephyr/drivers/usb/common -ID:/ZephyrProject/usb_validation/results/.build_cache/pic32ck_sg01_cult_cdc_acm_fs/zephyr/include/generated/zephyr -ID:/ZephyrProject/mchp_zephyrproject/zephyr/include -ID:/ZephyrProject/usb_validation/results/.build_cache/pic32ck_sg01_cult_cdc_acm_fs/zephyr/include/generated -ID:/ZephyrProject/mchp_zephyrproject/zephyr/soc/microchip/pic32c/pic32ck_sg_gc -ID:/ZephyrProject/mchp_zephyrproject/zephyr/lib/libc/picolibc/include -ID:/ZephyrProject/mchp_zephyrproject/zephyr/lib/posix/c_lib_ext/getopt -ID:/ZephyrProject/mchp_zephyrproject/zephyr/soc/microchip/pic32c/pic32ck_sg_gc/common/. -ID:/ZephyrProject/mchp_zephyrproject/zephyr/soc/microchip/pic32c/pic32ck_sg_gc/pic32ck_sg01 -ID:/ZephyrProject/mchp_zephyrproject/modules/hal/microchip/packs/pic32c/pic32ck_sg_gc/pic32ck_sg01/include -ID:/ZephyrProject/mchp_zephyrproject/modules/hal/microchip/packs/pic32c/pic32ck_sg_gc/common -ID:/ZephyrProject/mchp_zephyrproject/modules/hal/microchip/include -ID:/ZephyrProject/mchp_zephyrproject/modules/hal/cmsis_6/CMSIS/Core/Include -ID:/ZephyrProject/mchp_zephyrproject/zephyr/modules/cmsis_6/. -isystem D:/ZephyrProject/mchp_zephyrproject/zephyr/lib/libc/common/include -Wshadow -fno-strict-aliasing -Os -imacros D:/ZephyrProject/usb_validation/results/.build_cache/pic32ck_sg01_cult_cdc_acm_fs/zephyr/include/generated/zephyr/autoconf.h -fno-printf-return-value -fno-common -g -gdwarf-4 -fdiagnostics-color=always -mcpu=cortex-m33 -mthumb -mabi=aapcs -mfp16-format=ieee -mtp=soft --sysroot=C:/Users/I73904/zephyr-sdk-1.0.1/gnu/arm-zephyr-eabi/arm-zephyr-eabi -imacros D:/ZephyrProject/mchp_zephyrproject/zephyr/include/zephyr/toolchain/zephyr_stdint.h -Wall -Wformat -Wformat-security -Wno-format-zero-length -Wdouble-promotion -Wno-pointer-sign -Wpointer-arith -Wexpansion-to-defined -Wno-unused-but-set-variable -Werror=implicit-int -fno-pic -fno-pie -fno-asynchronous-unwind-tables -ftls-model=local-exec -fno-reorder-functions --param=min-pagesize=0 -fno-defer-pop -fmacro-prefix-map=D:/ZephyrProject/mchp_zephyrproject/zephyr/samples/subsys/usb/cdc_acm=CMAKE_SOURCE_DIR -fmacro-prefix-map=D:/ZephyrProject/mchp_zephyrproject/zephyr=ZEPHYR_BASE -fmacro-prefix-map=D:/ZephyrProject/mchp_zephyrproject=WEST_TOPDIR -ffunction-sections -fdata-sections -mcmse -specs=picolibc.specs -std=c17 -MD -MT zephyr/drivers/usb/udc/CMakeFiles/drivers__usb__udc.dir/udc_common.c.obj -MF zephyr\drivers\usb\udc\CMakeFiles\drivers__usb__udc.dir\udc_common.c.obj.d -o zephyr/drivers/usb/udc/CMakeFiles/drivers__usb__udc.dir/udc_common.c.obj -c D:/ZephyrProject/mchp_zephyrproject/zephyr/drivers/usb/udc/udc_common.c
[102/175] Building C object zephyr/drivers/usb/udc/CMakeFiles/drivers__usb__udc.dir/udc_mchp_g1.c.obj
FAILED: [code=1] zephyr/drivers/usb/udc/CMakeFiles/drivers__usb__udc.dir/udc_mchp_g1.c.obj 
C:\Users\I73904\zephyr-sdk-1.0.1\gnu\arm-zephyr-eabi\bin\arm-zephyr-eabi-gcc.exe -DKERNEL -DK_HEAP_MEM_POOL_SIZE=0 -DPICOLIBC_LONG_LONG_PRINTF_SCANF -D_POSIX_THREAD_SAFE_FUNCTIONS=200809L -D__LINUX_ERRNO_EXTENSIONS__ -D__PROGRAM_START -D__ZEPHYR_SUPERVISOR__ -D__ZEPHYR__=1 -ID:/ZephyrProject/mchp_zephyrproject/zephyr/drivers/usb/common -ID:/ZephyrProject/usb_validation/results/.build_cache/pic32ck_sg01_cult_cdc_acm_fs/zephyr/include/generated/zephyr -ID:/ZephyrProject/mchp_zephyrproject/zephyr/include -ID:/ZephyrProject/usb_validation/results/.build_cache/pic32ck_sg01_cult_cdc_acm_fs/zephyr/include/generated -ID:/ZephyrProject/mchp_zephyrproject/zephyr/soc/microchip/pic32c/pic32ck_sg_gc -ID:/ZephyrProject/mchp_zephyrproject/zephyr/lib/libc/picolibc/include -ID:/ZephyrProject/mchp_zephyrproject/zephyr/lib/posix/c_lib_ext/getopt -ID:/ZephyrProject/mchp_zephyrproject/zephyr/soc/microchip/pic32c/pic32ck_sg_gc/common/. -ID:/ZephyrProject/mchp_zephyrproject/zephyr/soc/microchip/pic32c/pic32ck_sg_gc/pic32ck_sg01 -ID:/ZephyrProject/mchp_zephyrproject/modules/hal/microchip/packs/pic32c/pic32ck_sg_gc/pic32ck_sg01/include -ID:/ZephyrProject/mchp_zephyrproject/modules/hal/microchip/packs/pic32c/pic32ck_sg_gc/common -ID:/ZephyrProject/mchp_zephyrproject/modules/hal/microchip/include -ID:/ZephyrProject/mchp_zephyrproject/modules/hal/cmsis_6/CMSIS/Core/Include -ID:/ZephyrProject/mchp_zephyrproject/zephyr/modules/cmsis_6/. -isystem D:/ZephyrProject/mchp_zephyrproject/zephyr/lib/libc/common/include -Wshadow -fno-strict-aliasing -Os -imacros D:/ZephyrProject/usb_validation/results/.build_cache/pic32ck_sg01_cult_cdc_acm_fs/zephyr/include/generated/zephyr/autoconf.h -fno-printf-return-value -fno-common -g -gdwarf-4 -fdiagnostics-color=always -mcpu=cortex-m33 -mthumb -mabi=aapcs -mfp16-format=ieee -mtp=soft --sysroot=C:/Users/I73904/zephyr-sdk-1.0.1/gnu/arm-zephyr-eabi/arm-zephyr-eabi -imacros D:/ZephyrProject/mchp_zephyrproject/zephyr/include/zephyr/toolchain/zephyr_stdint.h -Wall -Wformat -Wformat-security -Wno-format-zero-length -Wdouble-promotion -Wno-pointer-sign -Wpointer-arith -Wexpansion-to-defined -Wno-unused-but-set-variable -Werror=implicit-int -fno-pic -fno-pie -fno-asynchronous-unwind-tables -ftls-model=local-exec -fno-reorder-functions --param=min-pagesize=0 -fno-defer-pop -fmacro-prefix-map=D:/ZephyrProject/mchp_zephyrproject/zephyr/samples/subsys/usb/cdc_acm=CMAKE_SOURCE_DIR -fmacro-prefix-map=D:/ZephyrProject/mchp_zephyrproject/zephyr=ZEPHYR_BASE -fmacro-prefix-map=D:/ZephyrProject/mchp_zephyrproject=WEST_TOPDIR -ffunction-sections -fdata-sections -mcmse -specs=picolibc.specs -std=c17 -MD -MT zephyr/drivers/usb/udc/CMakeFiles/drivers__usb__udc.dir/udc_mchp_g1.c.obj -MF zephyr\drivers\usb\udc\CMakeFiles\drivers__usb__udc.dir\udc_mchp_g1.c.obj.d -o zephyr/drivers/usb/udc/CMakeFiles/drivers__usb__udc.dir/udc_mchp_g1.c.obj -c D:/ZephyrProject/mchp_zephyrproject/zephyr/drivers/usb/udc/udc_mchp_g1.c
[103/175] Building C object zephyr/drivers/usb/common/buf/CMakeFiles/drivers__usb__common__buf.dir/usb_buf.c.obj
FAILED: [code=1] zephyr/drivers/usb/common/buf/CMakeFiles/drivers__usb__common__buf.dir/usb_buf.c.obj 
C:\Users\I73904\zephyr-sdk-1.0.1\gnu\arm-zephyr-eabi\bin\arm-zephyr-eabi-gcc.exe -DKERNEL -DK_HEAP_MEM_POOL_SIZE=0 -DPICOLIBC_LONG_LONG_PRINTF_SCANF -D_POSIX_THREAD_SAFE_FUNCTIONS=200809L -D__LINUX_ERRNO_EXTENSIONS__ -D__PROGRAM_START -D__ZEPHYR_SUPERVISOR__ -D__ZEPHYR__=1 -ID:/ZephyrProject/usb_validation/results/.build_cache/pic32ck_sg01_cult_cdc_acm_fs/zephyr/include/generated/zephyr -ID:/ZephyrProject/mchp_zephyrproject/zephyr/include -ID:/ZephyrProject/usb_validation/results/.build_cache/pic32ck_sg01_cult_cdc_acm_fs/zephyr/include/generated -ID:/ZephyrProject/mchp_zephyrproject/zephyr/soc/microchip/pic32c/pic32ck_sg_gc -ID:/ZephyrProject/mchp_zephyrproject/zephyr/lib/libc/picolibc/include -ID:/ZephyrProject/mchp_zephyrproject/zephyr/lib/posix/c_lib_ext/getopt -ID:/ZephyrProject/mchp_zephyrproject/zephyr/soc/microchip/pic32c/pic32ck_sg_gc/common/. -ID:/ZephyrProject/mchp_zephyrproject/zephyr/soc/microchip/pic32c/pic32ck_sg_gc/pic32ck_sg01 -ID:/ZephyrProject/mchp_zephyrproject/modules/hal/microchip/packs/pic32c/pic32ck_sg_gc/pic32ck_sg01/include -ID:/ZephyrProject/mchp_zephyrproject/modules/hal/microchip/packs/pic32c/pic32ck_sg_gc/common -ID:/ZephyrProject/mchp_zephyrproject/modules/hal/microchip/include -ID:/ZephyrProject/mchp_zephyrproject/modules/hal/cmsis_6/CMSIS/Core/Include -ID:/ZephyrProject/mchp_zephyrproject/zephyr/modules/cmsis_6/. -isystem D:/ZephyrProject/mchp_zephyrproject/zephyr/lib/libc/common/include -Wshadow -fno-strict-aliasing -Os -imacros D:/ZephyrProject/usb_validation/results/.build_cache/pic32ck_sg01_cult_cdc_acm_fs/zephyr/include/generated/zephyr/autoconf.h -fno-printf-return-value -fno-common -g -gdwarf-4 -fdiagnostics-color=always -mcpu=cortex-m33 -mthumb -mabi=aapcs -mfp16-format=ieee -mtp=soft --sysroot=C:/Users/I73904/zephyr-sdk-1.0.1/gnu/arm-zephyr-eabi/arm-zephyr-eabi -imacros D:/ZephyrProject/mchp_zephyrproject/zephyr/include/zephyr/toolchain/zephyr_stdint.h -Wall -Wformat -Wformat-security -Wno-format-zero-length -Wdouble-promotion -Wno-pointer-sign -Wpointer-arith -Wexpansion-to-defined -Wno-unused-but-set-variable -Werror=implicit-int -fno-pic -fno-pie -fno-asynchronous-unwind-tables -ftls-model=local-exec -fno-reorder-functions --param=min-pagesize=0 -fno-defer-pop -fmacro-prefix-map=D:/ZephyrProject/mchp_zephyrproject/zephyr/samples/subsys/usb/cdc_acm=CMAKE_SOURCE_DIR -fmacro-prefix-map=D:/ZephyrProject/mchp_zephyrproject/zephyr=ZEPHYR_BASE -fmacro-prefix-map=D:/ZephyrProject/mchp_zephyrproject=WEST_TOPDIR -ffunction-sections -fdata-sections -mcmse -specs=picolibc.specs -std=c17 -MD -MT zephyr/drivers/usb/common/buf/CMakeFiles/drivers__usb__common__buf.dir/usb_buf.c.obj -MF zephyr\drivers\usb\common\buf\CMakeFiles\drivers__usb__common__buf.dir\usb_buf.c.obj.d -o zephyr/drivers/usb/common/buf/CMakeFiles/drivers__usb__common__buf.dir/usb_buf.c.obj -c D:/ZephyrProject/mchp_zephyrproject/zephyr/drivers/usb/common/buf/usb_buf.c
[104/175] Building C object zephyr/drivers/interrupt_controller/CMakeFiles/drivers__interrupt_controller.dir/intc_mchp_eic_g1.c.obj
[105/175] Building C object zephyr/drivers/clock_control/CMakeFiles/drivers__clock_control.dir/clock_control_mchp_pic32ck_sg_gc.c.obj
FAILED: [code=1] zephyr/drivers/clock_control/CMakeFiles/drivers__clock_control.dir/clock_control_mchp_pic32ck_sg_gc.c.obj 
C:\Users\I73904\zephyr-sdk-1.0.1\gnu\arm-zephyr-eabi\bin\arm-zephyr-eabi-gcc.exe -DKERNEL -DK_HEAP_MEM_POOL_SIZE=0 -DPICOLIBC_LONG_LONG_PRINTF_SCANF -D_POSIX_THREAD_SAFE_FUNCTIONS=200809L -D__LINUX_ERRNO_EXTENSIONS__ -D__PROGRAM_START -D__ZEPHYR_SUPERVISOR__ -D__ZEPHYR__=1 -ID:/ZephyrProject/usb_validation/results/.build_cache/pic32ck_sg01_cult_cdc_acm_fs/zephyr/include/generated/zephyr -ID:/ZephyrProject/mchp_zephyrproject/zephyr/include -ID:/ZephyrProject/usb_validation/results/.build_cache/pic32ck_sg01_cult_cdc_acm_fs/zephyr/include/generated -ID:/ZephyrProject/mchp_zephyrproject/zephyr/soc/microchip/pic32c/pic32ck_sg_gc -ID:/ZephyrProject/mchp_zephyrproject/zephyr/lib/libc/picolibc/include -ID:/ZephyrProject/mchp_zephyrproject/zephyr/lib/posix/c_lib_ext/getopt -ID:/ZephyrProject/mchp_zephyrproject/zephyr/soc/microchip/pic32c/pic32ck_sg_gc/common/. -ID:/ZephyrProject/mchp_zephyrproject/zephyr/soc/microchip/pic32c/pic32ck_sg_gc/pic32ck_sg01 -ID:/ZephyrProject/mchp_zephyrproject/modules/hal/microchip/packs/pic32c/pic32ck_sg_gc/pic32ck_sg01/include -ID:/ZephyrProject/mchp_zephyrproject/modules/hal/microchip/packs/pic32c/pic32ck_sg_gc/common -ID:/ZephyrProject/mchp_zephyrproject/modules/hal/microchip/include -ID:/ZephyrProject/mchp_zephyrproject/modules/hal/cmsis_6/CMSIS/Core/Include -ID:/ZephyrProject/mchp_zephyrproject/zephyr/modules/cmsis_6/. -isystem D:/ZephyrProject/mchp_zephyrproject/zephyr/lib/libc/common/include -Wshadow -fno-strict-aliasing -Os -imacros D:/ZephyrProject/usb_validation/results/.build_cache/pic32ck_sg01_cult_cdc_acm_fs/zephyr/include/generated/zephyr/autoconf.h -fno-printf-return-value -fno-common -g -gdwarf-4 -fdiagnostics-color=always -mcpu=cortex-m33 -mthumb -mabi=aapcs -mfp16-format=ieee -mtp=soft --sysroot=C:/Users/I73904/zephyr-sdk-1.0.1/gnu/arm-zephyr-eabi/arm-zephyr-eabi -imacros D:/ZephyrProject/mchp_zephyrproject/zephyr/include/zephyr/toolchain/zephyr_stdint.h -Wall -Wformat -Wformat-security -Wno-format-zero-length -Wdouble-promotion -Wno-pointer-sign -Wpointer-arith -Wexpansion-to-defined -Wno-unused-but-set-variable -Werror=implicit-int -fno-pic -fno-pie -fno-asynchronous-unwind-tables -ftls-model=local-exec -fno-reorder-functions --param=min-pagesize=0 -fno-defer-pop -fmacro-prefix-map=D:/ZephyrProject/mchp_zephyrproject/zephyr/samples/subsys/usb/cdc_acm=CMAKE_SOURCE_DIR -fmacro-prefix-map=D:/ZephyrProject/mchp_zephyrproject/zephyr=ZEPHYR_BASE -fmacro-prefix-map=D:/ZephyrProject/mchp_zephyrproject=WEST_TOPDIR -ffunction-sections -fdata-sections -mcmse -specs=picolibc.specs -std=c17 -MD -MT zephyr/drivers/clock_control/CMakeFiles/drivers__clock_control.dir/clock_control_mchp_pic32ck_sg_gc.c.obj -MF zephyr\drivers\clock_control\CMakeFiles\drivers__clock_control.dir\clock_control_mchp_pic32ck_sg_gc.c.obj.d -o zephyr/drivers/clock_control/CMakeFiles/drivers__clock_control.dir/clock_control_mchp_pic32ck_sg_gc.c.obj -c D:/ZephyrProject/mchp_zephyrproject/zephyr/drivers/clock_control/clock_control_mchp_pic32ck_sg_gc.c
[106/175] Building C object zephyr/drivers/console/CMakeFiles/drivers__console.dir/uart_console.c.obj
FAILED: [code=1] zephyr/drivers/console/CMakeFiles/drivers__console.dir/uart_console.c.obj 
C:\Users\I73904\zephyr-sdk-1.0.1\gnu\arm-zephyr-eabi\bin\arm-zephyr-eabi-gcc.exe -DKERNEL -DK_HEAP_MEM_POOL_SIZE=0 -DPICOLIBC_LONG_LONG_PRINTF_SCANF -D_POSIX_THREAD_SAFE_FUNCTIONS=200809L -D__LINUX_ERRNO_EXTENSIONS__ -D__PROGRAM_START -D__ZEPHYR_SUPERVISOR__ -D__ZEPHYR__=1 -ID:/ZephyrProject/usb_validation/results/.build_cache/pic32ck_sg01_cult_cdc_acm_fs/zephyr/include/generated/zephyr -ID:/ZephyrProject/mchp_zephyrproject/zephyr/include -ID:/ZephyrProject/usb_validation/results/.build_cache/pic32ck_sg01_cult_cdc_acm_fs/zephyr/include/generated -ID:/ZephyrProject/mchp_zephyrproject/zephyr/soc/microchip/pic32c/pic32ck_sg_gc -ID:/ZephyrProject/mchp_zephyrproject/zephyr/lib/libc/picolibc/include -ID:/ZephyrProject/mchp_zephyrproject/zephyr/lib/posix/c_lib_ext/getopt -ID:/ZephyrProject/mchp_zephyrproject/zephyr/soc/microchip/pic32c/pic32ck_sg_gc/common/. -ID:/ZephyrProject/mchp_zephyrproject/zephyr/soc/microchip/pic32c/pic32ck_sg_gc/pic32ck_sg01 -ID:/ZephyrProject/mchp_zephyrproject/modules/hal/microchip/packs/pic32c/pic32ck_sg_gc/pic32ck_sg01/include -ID:/ZephyrProject/mchp_zephyrproject/modules/hal/microchip/packs/pic32c/pic32ck_sg_gc/common -ID:/ZephyrProject/mchp_zephyrproject/modules/hal/microchip/include -ID:/ZephyrProject/mchp_zephyrproject/modules/hal/cmsis_6/CMSIS/Core/Include -ID:/ZephyrProject/mchp_zephyrproject/zephyr/modules/cmsis_6/. -isystem D:/ZephyrProject/mchp_zephyrproject/zephyr/lib/libc/common/include -Wshadow -fno-strict-aliasing -Os -imacros D:/ZephyrProject/usb_validation/results/.build_cache/pic32ck_sg01_cult_cdc_acm_fs/zephyr/include/generated/zephyr/autoconf.h -fno-printf-return-value -fno-common -g -gdwarf-4 -fdiagnostics-color=always -mcpu=cortex-m33 -mthumb -mabi=aapcs -mfp16-format=ieee -mtp=soft --sysroot=C:/Users/I73904/zephyr-sdk-1.0.1/gnu/arm-zephyr-eabi/arm-zephyr-eabi -imacros D:/ZephyrProject/mchp_zephyrproject/zephyr/include/zephyr/toolchain/zephyr_stdint.h -Wall -Wformat -Wformat-security -Wno-format-zero-length -Wdouble-promotion -Wno-pointer-sign -Wpointer-arith -Wexpansion-to-defined -Wno-unused-but-set-variable -Werror=implicit-int -fno-pic -fno-pie -fno-asynchronous-unwind-tables -ftls-model=local-exec -fno-reorder-functions --param=min-pagesize=0 -fno-defer-pop -fmacro-prefix-map=D:/ZephyrProject/mchp_zephyrproject/zephyr/samples/subsys/usb/cdc_acm=CMAKE_SOURCE_DIR -fmacro-prefix-map=D:/ZephyrProject/mchp_zephyrproject/zephyr=ZEPHYR_BASE -fmacro-prefix-map=D:/ZephyrProject/mchp_zephyrproject=WEST_TOPDIR -ffunction-sections -fdata-sections -mcmse -specs=picolibc.specs -std=c17 -MD -MT zephyr/drivers/console/CMakeFiles/drivers__console.dir/uart_console.c.obj -MF zephyr\drivers\console\CMakeFiles\drivers__console.dir\uart_console.c.obj.d -o zephyr/drivers/console/CMakeFiles/drivers__console.dir/uart_console.c.obj -c D:/ZephyrProject/mchp_zephyrproject/zephyr/drivers/console/uart_console.c
[107/175] Building C object zephyr/drivers/hwinfo/CMakeFiles/drivers__hwinfo.dir/hwinfo_weak_impl.c.obj
FAILED: [code=1] zephyr/drivers/hwinfo/CMakeFiles/drivers__hwinfo.dir/hwinfo_weak_impl.c.obj 
C:\Users\I73904\zephyr-sdk-1.0.1\gnu\arm-zephyr-eabi\bin\arm-zephyr-eabi-gcc.exe -DKERNEL -DK_HEAP_MEM_POOL_SIZE=0 -DPICOLIBC_LONG_LONG_PRINTF_SCANF -D_POSIX_THREAD_SAFE_FUNCTIONS=200809L -D__LINUX_ERRNO_EXTENSIONS__ -D__PROGRAM_START -D__ZEPHYR_SUPERVISOR__ -D__ZEPHYR__=1 -ID:/ZephyrProject/usb_validation/results/.build_cache/pic32ck_sg01_cult_cdc_acm_fs/zephyr/include/generated/zephyr -ID:/ZephyrProject/mchp_zephyrproject/zephyr/include -ID:/ZephyrProject/usb_validation/results/.build_cache/pic32ck_sg01_cult_cdc_acm_fs/zephyr/include/generated -ID:/ZephyrProject/mchp_zephyrproject/zephyr/soc/microchip/pic32c/pic32ck_sg_gc -ID:/ZephyrProject/mchp_zephyrproject/zephyr/lib/libc/picolibc/include -ID:/ZephyrProject/mchp_zephyrproject/zephyr/lib/posix/c_lib_ext/getopt -ID:/ZephyrProject/mchp_zephyrproject/zephyr/soc/microchip/pic32c/pic32ck_sg_gc/common/. -ID:/ZephyrProject/mchp_zephyrproject/zephyr/soc/microchip/pic32c/pic32ck_sg_gc/pic32ck_sg01 -ID:/ZephyrProject/mchp_zephyrproject/modules/hal/microchip/packs/pic32c/pic32ck_sg_gc/pic32ck_sg01/include -ID:/ZephyrProject/mchp_zephyrproject/modules/hal/microchip/packs/pic32c/pic32ck_sg_gc/common -ID:/ZephyrProject/mchp_zephyrproject/modules/hal/microchip/include -ID:/ZephyrProject/mchp_zephyrproject/modules/hal/cmsis_6/CMSIS/Core/Include -ID:/ZephyrProject/mchp_zephyrproject/zephyr/modules/cmsis_6/. -isystem D:/ZephyrProject/mchp_zephyrproject/zephyr/lib/libc/common/include -Wshadow -fno-strict-aliasing -Os -imacros D:/ZephyrProject/usb_validation/results/.build_cache/pic32ck_sg01_cult_cdc_acm_fs/zephyr/include/generated/zephyr/autoconf.h -fno-printf-return-value -fno-common -g -gdwarf-4 -fdiagnostics-color=always -mcpu=cortex-m33 -mthumb -mabi=aapcs -mfp16-format=ieee -mtp=soft --sysroot=C:/Users/I73904/zephyr-sdk-1.0.1/gnu/arm-zephyr-eabi/arm-zephyr-eabi -imacros D:/ZephyrProject/mchp_zephyrproject/zephyr/include/zephyr/toolchain/zephyr_stdint.h -Wall -Wformat -Wformat-security -Wno-format-zero-length -Wdouble-promotion -Wno-pointer-sign -Wpointer-arith -Wexpansion-to-defined -Wno-unused-but-set-variable -Werror=implicit-int -fno-pic -fno-pie -fno-asynchronous-unwind-tables -ftls-model=local-exec -fno-reorder-functions --param=min-pagesize=0 -fno-defer-pop -fmacro-prefix-map=D:/ZephyrProject/mchp_zephyrproject/zephyr/samples/subsys/usb/cdc_acm=CMAKE_SOURCE_DIR -fmacro-prefix-map=D:/ZephyrProject/mchp_zephyrproject/zephyr=ZEPHYR_BASE -fmacro-prefix-map=D:/ZephyrProject/mchp_zephyrproject=WEST_TOPDIR -ffunction-sections -fdata-sections -mcmse -specs=picolibc.specs -std=c17 -MD -MT zephyr/drivers/hwinfo/CMakeFiles/drivers__hwinfo.dir/hwinfo_weak_impl.c.obj -MF zephyr\drivers\hwinfo\CMakeFiles\drivers__hwinfo.dir\hwinfo_weak_impl.c.obj.d -o zephyr/drivers/hwinfo/CMakeFiles/drivers__hwinfo.dir/hwinfo_weak_impl.c.obj -c D:/ZephyrProject/mchp_zephyrproject/zephyr/drivers/hwinfo/hwinfo_weak_impl.c
[108/175] Building C object zephyr/drivers/hwinfo/CMakeFiles/drivers__hwinfo.dir/hwinfo_mchp_g1.c.obj
FAILED: [code=1] zephyr/drivers/hwinfo/CMakeFiles/drivers__hwinfo.dir/hwinfo_mchp_g1.c.obj 
