$ D:\ZephyrProject\.venv\Scripts\west.exe build -p always -b pic32ck_sg01_cult -d D:\ZephyrProject\usb_validation\results\run_2026-07-23_15-38-37\build\cdc_acm_bridge_hs D:\ZephyrProject\mchp_zephyrproject\zephyr\samples\subsys/usb/cdc_acm_bridge

-- west build: generating a build system
Loading Zephyr default modules (Zephyr base).
-- Application: D:/ZephyrProject/mchp_zephyrproject/zephyr/samples/subsys/usb/cdc_acm_bridge
-- CMake version: 4.4.0
-- Found Python3: D:/ZephyrProject/.venv/Scripts/python.exe (found suitable version "3.14.6", minimum required is "3.12") found components: Interpreter
-- Cache files will be written to: D:/ZephyrProject/mchp_zephyrproject/zephyr/.cache
-- Zephyr version: 4.4.0 (D:/ZephyrProject/mchp_zephyrproject/zephyr)
-- Found west (found suitable version "1.5.0", minimum required is "0.14.0")
-- Board: pic32ck_sg01_cult, qualifiers: pic32ck2051sg01144
-- ZEPHYR_TOOLCHAIN_VARIANT not set, trying to locate Zephyr SDK
-- Found host-tools: zephyr 1.0.1 (C:/Users/I73904/zephyr-sdk-1.0.1)
-- Found toolchain: zephyr 1.0.1 (C:/Users/I73904/zephyr-sdk-1.0.1)
-- Found Dtc: C:/ProgramData/chocolatey/bin/dtc.exe (found suitable version "1.6.1", minimum required is "1.4.6")
-- Found BOARD.dts: D:/ZephyrProject/mchp_zephyrproject/zephyr/boards/microchip/pic32c/pic32ck_sg01_cult/pic32ck_sg01_cult.dts
-- Found devicetree overlay: D:/ZephyrProject/mchp_zephyrproject/zephyr/samples/subsys/usb/cdc_acm_bridge/app.overlay
devicetree error: D:/ZephyrProject/mchp_zephyrproject/zephyr/samples/subsys/usb/cdc_acm_bridge/app.overlay:14 (column 1): parse error: undefined node label 'arduino_serial'
CMake Error at D:/ZephyrProject/mchp_zephyrproject/zephyr/cmake/modules/dts.cmake:312 (execute_process):
  execute_process failed command indexes:

    1: "Child return code: 1"

Call Stack (most recent call first):
  D:/ZephyrProject/mchp_zephyrproject/zephyr/cmake/modules/zephyr_default.cmake:129 (include)
  D:/ZephyrProject/mchp_zephyrproject/zephyr/share/zephyr-package/cmake/ZephyrConfig.cmake:66 (include)
  D:/ZephyrProject/mchp_zephyrproject/zephyr/share/zephyr-package/cmake/ZephyrConfig.cmake:92 (include_boilerplate)
  CMakeLists.txt:4 (find_package)


-- Configuring incomplete, errors occurred!
FATAL ERROR: command exited with status 1: 'C:\Program Files\CMake\bin\cmake.EXE' -DWEST_PYTHON=D:/ZephyrProject/.venv/Scripts/python.exe '-BD:\ZephyrProject\usb_validation\results\run_2026-07-23_15-38-37\build\cdc_acm_bridge_hs' -GNinja -DBOARD=pic32ck_sg01_cult '-SD:\ZephyrProject\mchp_zephyrproject\zephyr\samples\subsys\usb\cdc_acm_bridge'
