$ D:\ZephyrProject\.venv\Scripts\west.exe build -p always -b pic32ck_sg01_cult -d D:\ZephyrProject\usb_validation\results\run_2026-07-23_15-38-37\build\console_hs D:\ZephyrProject\mchp_zephyrproject\zephyr\samples\subsys/usb/console

-- west build: generating a build system
Loading Zephyr default modules (Zephyr base).
-- Application: D:/ZephyrProject/mchp_zephyrproject/zephyr/samples/subsys/usb/console
-- CMake version: 4.4.0
-- Found Python3: D:/ZephyrProject/.venv/Scripts/python.exe (found suitable version "3.14.6", minimum required is "3.12") found components: Interpreter
-- Cache files will be written to: D:/ZephyrProject/mchp_zephyrproject/zephyr/.cache
-- Zephyr version: 4.4.0 (D:/ZephyrProject/mchp_zephyrproject/zephyr)
-- Found west (found suitable version "1.5.0", minimum required is "0.14.0")
-- Board: pic32ck_sg01_cult, qualifiers: pic32ck2051sg01144
-- ZEPHYR_TOOLCHAIN_VARIANT not set, trying to locate Zephyr SDK
-- Found host-tools: zephyr 1.0.1 (C:/Users/I73904/zephyr-sdk-1.0.1)
-- Found toolchain: zephyr 1.0.1 (C:/Users/I73904/zephyr-sdk-1.0.1)
-- Found Dtc: C:/ProgramData/chocolatey/bin/dtc.exe (found suitable version "1.6.1", minimum required is "1.4.6")
-- Found BOARD.dts: D:/ZephyrProject/mchp_zephyrproject/zephyr/boards/microchip/pic32c/pic32ck_sg01_cult/pic32ck_sg01_cult.dts
-- Found devicetree overlay: D:/ZephyrProject/mchp_zephyrproject/zephyr/samples/subsys/usb/console/app.overlay
-- Generated zephyr.dts: D:/ZephyrProject/usb_validation/results/run_2026-07-23_15-38-37/build/console_hs/zephyr/zephyr.dts
-- Generated pickled edt: D:/ZephyrProject/usb_validation/results/run_2026-07-23_15-38-37/build/console_hs/zephyr/edt.pickle
-- Generated devicetree_generated.h: D:/ZephyrProject/usb_validation/results/run_2026-07-23_15-38-37/build/console_hs/zephyr/include/generated/zephyr/devicetree_generated.h
Parsing D:/ZephyrProject/mchp_zephyrproject/zephyr/Kconfig
Loaded configuration 'D:/ZephyrProject/mchp_zephyrproject/zephyr/boards/microchip/pic32c/pic32ck_sg01_cult/pic32ck_sg01_cult_defconfig'
Merged configuration 'D:/ZephyrProject/mchp_zephyrproject/zephyr/samples/subsys/usb/console/prj.conf'
Configuration saved to 'D:/ZephyrProject/usb_validation/results/run_2026-07-23_15-38-37/build/console_hs/zephyr/.config'
Kconfig header saved to 'D:/ZephyrProject/usb_validation/results/run_2026-07-23_15-38-37/build/console_hs/zephyr/include/generated/zephyr/autoconf.h'
-- Found GnuLd: C:/Users/I73904/zephyr-sdk-1.0.1/gnu/arm-zephyr-eabi/arm-zephyr-eabi/bin/ld.bfd.exe (found version "2.43.1")
-- The C compiler identification is GNU 14.3.0
-- The CXX compiler identification is GNU 14.3.0
-- The ASM compiler identification is GNU
-- Found assembler: C:/Users/I73904/zephyr-sdk-1.0.1/gnu/arm-zephyr-eabi/bin/arm-zephyr-eabi-gcc.exe
-- Found gen_kobject_list: D:/ZephyrProject/mchp_zephyrproject/zephyr/scripts/build/gen_kobject_list.py
-- Configuring done (35.7s)
-- Generating done (1.7s)
-- Build files have been written to: D:/ZephyrProject/usb_validation/results/run_2026-07-23_15-38-37/build/console_hs
-- west build: building application
[1/167] Generating include/generated/zephyr/version.h
-- Zephyr version: 4.4.0 (D:/ZephyrProject/mchp_zephyrproject/zephyr), build: 0a02570962aa
[2/167] Generating misc/generated/syscalls.json, misc/generated/struct_tags.json
[3/167] Generating include/generated/device-api-sections.ld, include/generated/device-api-sections.cmake
[4/167] Generating include/generated/zephyr/driver-validation.h
[5/167] Generating include/generated/zephyr/kobj-types-enum.h, include/generated/zephyr/otype-to-str.h, include/generated/zephyr/otype-to-size.h
[6/167] Generating include/generated/zephyr/syscall_dispatch.c, include/generated/zephyr/syscall_exports_llext.c, syscall_weakdefs_llext.c, include/generated/zephyr/syscall_list.h
[7/167] Building C object zephyr/lib/heap/CMakeFiles/heap_constants.dir/heap_constants.c.obj
[8/167] Generating ../../include/generated/zephyr/heap_constants.h
[9/167] Building C object zephyr/CMakeFiles/offsets.dir/arch/arm/core/offsets/offsets.c.obj
[10/167] Generating include/generated/zephyr/offsets.h
[11/167] Building C object CMakeFiles/app.dir/src/main.c.obj
[12/167] Building C object zephyr/arch/common/CMakeFiles/isr_tables.dir/isr_tables.c.obj
[13/167] Building C object zephyr/CMakeFiles/zephyr.dir/lib/libc/validate_libc.c.obj
[14/167] Building C object zephyr/CMakeFiles/zephyr.dir/lib/os/clock.c.obj
[15/167] Building C object zephyr/CMakeFiles/zephyr.dir/lib/os/sem.c.obj
[16/167] Building C object zephyr/CMakeFiles/zephyr.dir/lib/os/thread_entry.c.obj
[17/167] Building C object zephyr/CMakeFiles/zephyr.dir/lib/os/printk.c.obj
[18/167] Building C object zephyr/CMakeFiles/zephyr.dir/lib/os/cbprintf_packaged.c.obj
[19/167] Building C object zephyr/CMakeFiles/zephyr.dir/lib/os/cbprintf_complete.c.obj
[20/167] Building C object zephyr/CMakeFiles/zephyr.dir/lib/utils/dec.c.obj
[21/167] Building C object zephyr/CMakeFiles/zephyr.dir/lib/utils/hex.c.obj
[22/167] Building C object zephyr/CMakeFiles/zephyr.dir/lib/utils/set.c.obj
[23/167] Building C object zephyr/CMakeFiles/zephyr.dir/lib/os/assert.c.obj
[24/167] Building C object zephyr/CMakeFiles/zephyr.dir/lib/utils/bitmask.c.obj
[25/167] Building C object zephyr/CMakeFiles/zephyr.dir/lib/utils/timeutil.c.obj
[26/167] Building C object zephyr/CMakeFiles/zephyr.dir/lib/heap/heap.c.obj
[27/167] Building C object zephyr/CMakeFiles/zephyr.dir/lib/utils/ring_buffer.c.obj
[28/167] Building C object zephyr/CMakeFiles/zephyr.dir/lib/utils/last_section_id.c.obj
[29/167] Building C object zephyr/CMakeFiles/zephyr.dir/lib/utils/rb.c.obj
[30/167] Building C object zephyr/CMakeFiles/zephyr.dir/lib/utils/bitarray.c.obj
[31/167] Building C object zephyr/CMakeFiles/zephyr.dir/misc/generated/configs.c.obj
[32/167] Building C object zephyr/CMakeFiles/zephyr.dir/lib/utils/getopt/getopt.c.obj
[33/167] Building C object zephyr/CMakeFiles/zephyr.dir/lib/utils/getopt/getopt_common.c.obj
[34/167] Building C object zephyr/arch/common/CMakeFiles/arch__common.dir/init.c.obj
[35/167] Building C object zephyr/CMakeFiles/zephyr.dir/subsys/mem_mgmt/mem_attr.c.obj
[36/167] Building C object zephyr/CMakeFiles/zephyr.dir/subsys/tracing/tracing_none.c.obj
[37/167] Generating linker_zephyr_pre0.cmd
[38/167] Building C object zephyr/arch/common/CMakeFiles/arch__common.dir/sw_isr_common.c.obj
[39/167] Linking C static library zephyr\arch\common\libisr_tables.a
[40/167] Building C object zephyr/CMakeFiles/zephyr.dir/subsys/usb/device_next/app/cdc_acm_serial.c.obj
[41/167] Building C object zephyr/arch/common/CMakeFiles/arch__common.dir/xip.c.obj
[42/167] Building C object zephyr/arch/arch/arm/core/CMakeFiles/arch__arm__core.dir/fatal.c.obj
[43/167] Building ASM object zephyr/arch/arch/arm/core/CMakeFiles/arch__arm__core.dir/nmi_on_reset.S.obj
[44/167] Building C object zephyr/arch/arch/arm/core/CMakeFiles/arch__arm__core.dir/nmi.c.obj
[45/167] Building ASM object zephyr/arch/arch/arm/core/cortex_m/CMakeFiles/arch__arm__core__cortex_m.dir/fault_s.S.obj
[46/167] Building ASM object zephyr/arch/arch/arm/core/cortex_m/CMakeFiles/arch__arm__core__cortex_m.dir/reset.S.obj
[47/167] Building C object zephyr/arch/arch/arm/core/CMakeFiles/arch__arm__core.dir/tls.c.obj
[48/167] Building ASM object zephyr/arch/arch/arm/core/cortex_m/CMakeFiles/arch__arm__core__cortex_m.dir/vector_table.S.obj
[49/167] Building C object zephyr/arch/arch/arm/core/cortex_m/CMakeFiles/arch__arm__core__cortex_m.dir/fault.c.obj
[50/167] Building ASM object zephyr/arch/arch/arm/core/cortex_m/CMakeFiles/arch__arm__core__cortex_m.dir/svc.S.obj
[51/167] Building C object zephyr/arch/arch/arm/core/cortex_m/CMakeFiles/arch__arm__core__cortex_m.dir/fpu.c.obj
[52/167] Building C object zephyr/arch/arch/arm/core/cortex_m/CMakeFiles/arch__arm__core__cortex_m.dir/scb.c.obj
[53/167] Building C object zephyr/arch/arch/arm/core/cortex_m/CMakeFiles/arch__arm__core__cortex_m.dir/irq_manage.c.obj
[54/167] Building C object zephyr/arch/arch/arm/core/cortex_m/CMakeFiles/arch__arm__core__cortex_m.dir/prep_c.c.obj
[55/167] Building C object zephyr/arch/arch/arm/core/cortex_m/CMakeFiles/arch__arm__core__cortex_m.dir/thread.c.obj
[56/167] Building ASM object zephyr/arch/arch/arm/core/cortex_m/CMakeFiles/arch__arm__core__cortex_m.dir/swap_helper.S.obj
[57/167] Building ASM object zephyr/arch/arch/arm/core/cortex_m/CMakeFiles/arch__arm__core__cortex_m.dir/__aeabi_read_tp.S.obj
[58/167] Building C object zephyr/arch/arch/arm/core/cortex_m/CMakeFiles/arch__arm__core__cortex_m.dir/cpu_idle.c.obj
[59/167] Building C object zephyr/arch/arch/arm/core/cortex_m/CMakeFiles/arch__arm__core__cortex_m.dir/thread_abort.c.obj
[60/167] Building C object zephyr/arch/arch/arm/core/cortex_m/CMakeFiles/arch__arm__core__cortex_m.dir/exc_exit.c.obj
[61/167] Building C object zephyr/arch/arch/arm/core/cortex_m/CMakeFiles/arch__arm__core__cortex_m.dir/irq_init.c.obj
[62/167] Building C object zephyr/arch/arch/arm/core/cortex_m/CMakeFiles/arch__arm__core__cortex_m.dir/isr_wrapper.c.obj
[63/167] Building C object zephyr/arch/arch/arm/core/mpu/CMakeFiles/arch__arm__core__mpu.dir/arm_core_mpu.c.obj
[64/167] Building C object zephyr/arch/arch/arm/core/mpu/CMakeFiles/arch__arm__core__mpu.dir/arm_mpu_regions.c.obj
[65/167] Building C object zephyr/arch/arch/arm/core/mpu/CMakeFiles/arch__arm__core__mpu.dir/arm_mpu.c.obj
[66/167] Building C object zephyr/lib/libc/picolibc/CMakeFiles/lib__libc__picolibc.dir/assert.c.obj
[67/167] Building C object zephyr/lib/libc/picolibc/CMakeFiles/lib__libc__picolibc.dir/cbprintf.c.obj
[68/167] Building C object zephyr/lib/libc/picolibc/CMakeFiles/lib__libc__picolibc.dir/chk_fail.c.obj
[69/167] Building C object zephyr/lib/libc/picolibc/CMakeFiles/lib__libc__picolibc.dir/errno_wrap.c.obj
[70/167] Building C object zephyr/lib/libc/picolibc/CMakeFiles/lib__libc__picolibc.dir/exit.c.obj
[71/167] Building C object zephyr/lib/libc/picolibc/CMakeFiles/lib__libc__picolibc.dir/locks.c.obj
[72/167] Building C object zephyr/arch/arch/arm/core/cortex_m/cmse/CMakeFiles/arch__arm__core__cortex_m__cmse.dir/arm_core_cmse.c.obj
[73/167] Building C object zephyr/lib/libc/common/CMakeFiles/lib__libc__common.dir/source/time/time.c.obj
[74/167] Building C object zephyr/lib/libc/picolibc/CMakeFiles/lib__libc__picolibc.dir/stdio.c.obj
[75/167] Building C object zephyr/lib/libc/common/CMakeFiles/lib__libc__common.dir/source/stdlib/abort.c.obj
[76/167] Building C object zephyr/lib/posix/c_lib_ext/CMakeFiles/lib__posix__c_lib_ext.dir/fnmatch.c.obj
[77/167] Building C object zephyr/lib/libc/common/CMakeFiles/lib__libc__common.dir/source/stdlib/malloc.c.obj
[78/167] Building C object zephyr/lib/posix/c_lib_ext/CMakeFiles/lib__posix__c_lib_ext.dir/getentropy.c.obj
[79/167] Building C object zephyr/lib/posix/c_lib_ext/CMakeFiles/lib__posix__c_lib_ext.dir/getopt_shim.c.obj
[80/167] Building C object zephyr/lib/net_buf/CMakeFiles/lib__net_buf.dir/buf.c.obj
[81/167] Building C object zephyr/lib/net_buf/CMakeFiles/lib__net_buf.dir/buf_simple.c.obj
[82/167] Building C object zephyr/subsys/usb/device_next/CMakeFiles/subsys__usb__device_next.dir/usbd_device.c.obj
[83/167] Building C object zephyr/subsys/usb/device_next/CMakeFiles/subsys__usb__device_next.dir/usbd_desc.c.obj
[84/167] Building C object zephyr/subsys/usb/device_next/CMakeFiles/subsys__usb__device_next.dir/usbd_core.c.obj
[85/167] Building C object zephyr/subsys/usb/device_next/CMakeFiles/subsys__usb__device_next.dir/usbd_init.c.obj
[86/167] Building C object zephyr/subsys/usb/device_next/CMakeFiles/subsys__usb__device_next.dir/usbd_ch9.c.obj
[87/167] Building C object zephyr/subsys/usb/device_next/CMakeFiles/subsys__usb__device_next.dir/usbd_class.c.obj
[88/167] Building C object zephyr/subsys/usb/device_next/CMakeFiles/subsys__usb__device_next.dir/usbd_config.c.obj
[89/167] Building C object zephyr/subsys/usb/device_next/CMakeFiles/subsys__usb__device_next.dir/usbd_interface.c.obj
[90/167] Building C object zephyr/subsys/usb/device_next/CMakeFiles/subsys__usb__device_next.dir/usbd_endpoint.c.obj
[91/167] Building C object zephyr/subsys/usb/device_next/CMakeFiles/subsys__usb__device_next.dir/usbd_msg.c.obj
[92/167] Building C object zephyr/subsys/usb/device_next/CMakeFiles/subsys__usb__device_next.dir/class/usbd_cdc_acm.c.obj
[93/167] Building C object zephyr/drivers/interrupt_controller/CMakeFiles/drivers__interrupt_controller.dir/intc_mchp_eic_g1.c.obj
[94/167] Building C object zephyr/drivers/usb/common/buf/CMakeFiles/drivers__usb__common__buf.dir/usb_buf.c.obj
[95/167] Building C object zephyr/drivers/usb/udc/CMakeFiles/drivers__usb__udc.dir/udc_mchp_g2.c.obj
[96/167] Building C object zephyr/drivers/pinctrl/CMakeFiles/drivers__pinctrl.dir/common.c.obj
[97/167] Building C object zephyr/drivers/usb/udc/CMakeFiles/drivers__usb__udc.dir/udc_common.c.obj
[98/167] Building C object zephyr/drivers/hwinfo/CMakeFiles/drivers__hwinfo.dir/hwinfo_mchp_g1.c.obj
[99/167] Building C object zephyr/drivers/console/CMakeFiles/drivers__console.dir/uart_console.c.obj
[100/167] Building C object zephyr/drivers/serial/CMakeFiles/drivers__serial.dir/D_/ZephyrProject/mchp_zephyrproject/zephyr/misc/empty_file.c.obj
[101/167] Building C object zephyr/drivers/hwinfo/CMakeFiles/drivers__hwinfo.dir/hwinfo_weak_impl.c.obj
[102/167] Building C object zephyr/drivers/clock_control/CMakeFiles/drivers__clock_control.dir/clock_control_mchp_pic32ck_sg_gc.c.obj
[103/167] Building C object zephyr/drivers/pinctrl/CMakeFiles/drivers__pinctrl.dir/pinctrl_mchp_port_g1.c.obj
[104/167] Building C object zephyr/drivers/timer/CMakeFiles/drivers__timer.dir/cortex_m_systick.c.obj
[105/167] Building C object zephyr/drivers/timer/CMakeFiles/drivers__timer.dir/sys_clock_init.c.obj
[106/167] Building C object zephyr/drivers/serial/CMakeFiles/drivers__serial.dir/uart_mchp_sercom_g1.c.obj
[107/167] Building C object zephyr/kernel/CMakeFiles/kernel.dir/main_weak.c.obj
[108/167] Building C object zephyr/kernel/CMakeFiles/kernel.dir/busy_wait.c.obj
[109/167] Building C object zephyr/kernel/CMakeFiles/kernel.dir/banner.c.obj
[110/167] Building C object zephyr/kernel/CMakeFiles/kernel.dir/device.c.obj
[111/167] Building C object zephyr/kernel/CMakeFiles/kernel.dir/errno.c.obj
[112/167] Building C object zephyr/kernel/CMakeFiles/kernel.dir/fatal.c.obj
[113/167] Building C object zephyr/kernel/CMakeFiles/kernel.dir/init.c.obj
[114/167] Building C object zephyr/kernel/CMakeFiles/kernel.dir/version.c.obj
[115/167] Building C object zephyr/kernel/CMakeFiles/kernel.dir/kheap.c.obj
[116/167] Building C object zephyr/kernel/CMakeFiles/kernel.dir/float.c.obj
[117/167] Building C object zephyr/kernel/CMakeFiles/kernel.dir/mem_slab.c.obj
[118/167] Building C object zephyr/kernel/CMakeFiles/kernel.dir/idle.c.obj
[119/167] Building C object zephyr/kernel/CMakeFiles/kernel.dir/mailbox.c.obj
[120/167] Building C object zephyr/kernel/CMakeFiles/kernel.dir/mutex.c.obj
[121/167] Building C object zephyr/kernel/CMakeFiles/kernel.dir/msg_q.c.obj
[122/167] Building C object zephyr/kernel/CMakeFiles/kernel.dir/queue.c.obj
[123/167] Building C object zephyr/kernel/CMakeFiles/kernel.dir/sem.c.obj
[124/167] Building C object zephyr/kernel/CMakeFiles/kernel.dir/stack.c.obj
[125/167] Building C object zephyr/kernel/CMakeFiles/kernel.dir/system_work_q.c.obj
[126/167] Building C object zephyr/kernel/CMakeFiles/kernel.dir/condvar.c.obj
[127/167] Building C object zephyr/kernel/CMakeFiles/kernel.dir/work.c.obj
[128/167] Building C object zephyr/kernel/CMakeFiles/kernel.dir/thread.c.obj
[129/167] Building C object zephyr/kernel/CMakeFiles/kernel.dir/sched.c.obj
[130/167] Building C object zephyr/kernel/CMakeFiles/kernel.dir/sleep.c.obj
[131/167] Building C object zephyr/kernel/CMakeFiles/kernel.dir/pipe.c.obj
[132/167] Building C object zephyr/kernel/CMakeFiles/kernel.dir/scheduler.c.obj
[133/167] Building C object zephyr/CMakeFiles/zephyr_pre0.dir/misc/empty_file.c.obj
[134/167] Building C object zephyr/kernel/CMakeFiles/kernel.dir/timeslicing.c.obj
[135/167] Linking C static library app\libapp.a
[136/167] Building C object zephyr/kernel/CMakeFiles/kernel.dir/timeout.c.obj
[137/167] Building C object zephyr/kernel/CMakeFiles/kernel.dir/timer.c.obj
[138/167] Linking C static library zephyr\arch\common\libarch__common.a
[139/167] Building C object zephyr/kernel/CMakeFiles/kernel.dir/events.c.obj
[140/167] Building C object zephyr/kernel/CMakeFiles/kernel.dir/mempool.c.obj
[141/167] Linking C static library zephyr\libzephyr.a
[142/167] Linking C static library zephyr\arch\arch\arm\core\libarch__arm__core.a
[143/167] Linking C static library zephyr\arch\arch\arm\core\cortex_m\cmse\libarch__arm__core__cortex_m__cmse.a
[144/167] Linking C static library zephyr\arch\arch\arm\core\mpu\libarch__arm__core__mpu.a
[145/167] Linking C static library zephyr\lib\libc\picolibc\liblib__libc__picolibc.a
[146/167] Linking C static library zephyr\arch\arch\arm\core\cortex_m\libarch__arm__core__cortex_m.a
[147/167] Linking C static library zephyr\lib\net_buf\liblib__net_buf.a
[148/167] Linking C static library zephyr\lib\posix\c_lib_ext\liblib__posix__c_lib_ext.a
[149/167] Linking C static library zephyr\lib\libc\common\liblib__libc__common.a
[150/167] Linking C static library zephyr\subsys\usb\device_next\libsubsys__usb__device_next.a
[151/167] Linking C static library zephyr\drivers\interrupt_controller\libdrivers__interrupt_controller.a
[152/167] Linking C static library zephyr\drivers\usb\udc\libdrivers__usb__udc.a
[153/167] Building C object zephyr/kernel/CMakeFiles/kernel.dir/dynamic_disabled.c.obj
[154/167] Linking C static library zephyr\drivers\usb\common\buf\libdrivers__usb__common__buf.a
[155/167] Linking C static library zephyr\drivers\clock_control\libdrivers__clock_control.a
[156/167] Linking C static library zephyr\drivers\pinctrl\libdrivers__pinctrl.a
[157/167] Linking C static library zephyr\drivers\serial\libdrivers__serial.a
[158/167] Linking C static library zephyr\drivers\hwinfo\libdrivers__hwinfo.a
[159/167] Linking C static library zephyr\drivers\console\libdrivers__console.a
[160/167] Linking C static library zephyr\drivers\timer\libdrivers__timer.a
[161/167] Linking C static library zephyr\kernel\libkernel.a
[162/167] Linking C executable zephyr\zephyr_pre0.elf; Logical command for additional byproducts on target: zephyr_pre0
[163/167] Generating linker.cmd
[164/167] Generating isr_tables.c, isr_tables_vt.ld, isr_tables_swi.ld
[165/167] Building C object zephyr/CMakeFiles/zephyr_final.dir/misc/empty_file.c.obj
[166/167] Building C object zephyr/CMakeFiles/zephyr_final.dir/isr_tables.c.obj
[167/167] Linking C executable zephyr\zephyr.elf
Memory region         Used Size  Region Size  %age Used
 ROMSTART_REGION:         696 B        66 MB      0.00%
           FLASH:       47276 B      1008 KB      4.58%
             RAM:       14808 B       512 KB      2.82%
        IDT_LIST:           0 B        32 KB      0.00%
Generating files from D:/ZephyrProject/usb_validation/results/run_2026-07-23_15-38-37/build/console_hs/zephyr/zephyr.elf for board: pic32ck_sg01_cult/pic32ck2051sg01144
