$ D:\ZephyrProject\.venv\Scripts\west.exe build -p auto -b pic32ck_sg01_cult -d D:\ZephyrProject\usb_validation\results\.build_cache\pic32ck_sg01_cult_uac2_implicit_feedback_fs D:\ZephyrProject\mchp_zephyrproject\zephyr\samples\subsys/usb/uac2_implicit_feedback

[0/1] Re-running CMake...
Loading Zephyr default modules (Zephyr base (cached)).
-- Application: D:/ZephyrProject/mchp_zephyrproject/zephyr/samples/subsys/usb/uac2_implicit_feedback
-- CMake version: 4.4.0
-- Cache files will be written to: D:/ZephyrProject/mchp_zephyrproject/zephyr/.cache
-- Zephyr version: 4.4.0 (D:/ZephyrProject/mchp_zephyrproject/zephyr)
-- Found west (found suitable version "1.5.0", minimum required is "0.14.0")
-- Board: pic32ck_sg01_cult, qualifiers: pic32ck2051sg01144
-- Found host-tools: zephyr 1.0.1 (C:/Users/I73904/zephyr-sdk-1.0.1)
-- Found toolchain: zephyr 1.0.1 (C:/Users/I73904/zephyr-sdk-1.0.1)
-- Found BOARD.dts: D:/ZephyrProject/mchp_zephyrproject/zephyr/boards/microchip/pic32c/pic32ck_sg01_cult/pic32ck_sg01_cult.dts
-- Found devicetree overlay: D:/ZephyrProject/mchp_zephyrproject/zephyr/samples/subsys/usb/uac2_implicit_feedback/app.overlay
-- Generated zephyr.dts: D:/ZephyrProject/usb_validation/results/.build_cache/pic32ck_sg01_cult_uac2_implicit_feedback_fs/zephyr/zephyr.dts
-- Generated pickled edt: D:/ZephyrProject/usb_validation/results/.build_cache/pic32ck_sg01_cult_uac2_implicit_feedback_fs/zephyr/edt.pickle
-- Generated devicetree_generated.h: D:/ZephyrProject/usb_validation/results/.build_cache/pic32ck_sg01_cult_uac2_implicit_feedback_fs/zephyr/include/generated/zephyr/devicetree_generated.h
Parsing D:/ZephyrProject/mchp_zephyrproject/zephyr/samples/subsys/usb/uac2_implicit_feedback/Kconfig
Loaded configuration 'D:/ZephyrProject/usb_validation/results/.build_cache/pic32ck_sg01_cult_uac2_implicit_feedback_fs/zephyr/.config'
No change to configuration in 'D:/ZephyrProject/usb_validation/results/.build_cache/pic32ck_sg01_cult_uac2_implicit_feedback_fs/zephyr/.config'
No change to Kconfig header in 'D:/ZephyrProject/usb_validation/results/.build_cache/pic32ck_sg01_cult_uac2_implicit_feedback_fs/zephyr/include/generated/zephyr/autoconf.h'
-- Found gen_kobject_list: D:/ZephyrProject/mchp_zephyrproject/zephyr/scripts/build/gen_kobject_list.py
-- Configuring done (33.9s)
-- Generating done (2.1s)
-- Build files have been written to: D:/ZephyrProject/usb_validation/results/.build_cache/pic32ck_sg01_cult_uac2_implicit_feedback_fs
[1/172] Generating misc/generated/syscalls.json, misc/generated/struct_tags.json
[2/151] Building C object zephyr/CMakeFiles/zephyr.dir/lib/utils/bitmask.c.obj
[3/151] Building C object zephyr/CMakeFiles/zephyr.dir/lib/utils/timeutil.c.obj
[4/151] Building C object zephyr/CMakeFiles/zephyr.dir/lib/utils/last_section_id.c.obj
[5/151] Building C object zephyr/CMakeFiles/zephyr.dir/misc/generated/configs.c.obj
[6/151] Building C object zephyr/CMakeFiles/zephyr.dir/lib/utils/ring_buffer.c.obj
[7/151] Building C object zephyr/CMakeFiles/zephyr.dir/lib/utils/getopt/getopt.c.obj
[8/151] Building C object zephyr/CMakeFiles/zephyr.dir/lib/utils/getopt/getopt_common.c.obj
[9/151] Building C object zephyr/CMakeFiles/zephyr.dir/lib/utils/bitarray.c.obj
[10/151] Building C object CMakeFiles/app.dir/src/main.c.obj
FAILED: [code=1] CMakeFiles/app.dir/src/main.c.obj 
C:\Users\I73904\zephyr-sdk-1.0.1\gnu\arm-zephyr-eabi\bin\arm-zephyr-eabi-gcc.exe -DKERNEL -DK_HEAP_MEM_POOL_SIZE=0 -DPICOLIBC_LONG_LONG_PRINTF_SCANF -D_POSIX_THREAD_SAFE_FUNCTIONS=200809L -D__LINUX_ERRNO_EXTENSIONS__ -D__PROGRAM_START -D__ZEPHYR__=1 -ID:/ZephyrProject/mchp_zephyrproject/zephyr/samples/subsys/usb/common -ID:/ZephyrProject/usb_validation/results/.build_cache/pic32ck_sg01_cult_uac2_implicit_feedback_fs/zephyr/include/generated/zephyr -ID:/ZephyrProject/mchp_zephyrproject/zephyr/include -ID:/ZephyrProject/usb_validation/results/.build_cache/pic32ck_sg01_cult_uac2_implicit_feedback_fs/zephyr/include/generated -ID:/ZephyrProject/mchp_zephyrproject/zephyr/soc/microchip/pic32c/pic32ck_sg_gc -ID:/ZephyrProject/mchp_zephyrproject/zephyr/lib/libc/picolibc/include -ID:/ZephyrProject/mchp_zephyrproject/zephyr/lib/posix/c_lib_ext/getopt -ID:/ZephyrProject/mchp_zephyrproject/zephyr/soc/microchip/pic32c/pic32ck_sg_gc/common/. -ID:/ZephyrProject/mchp_zephyrproject/zephyr/soc/microchip/pic32c/pic32ck_sg_gc/pic32ck_sg01 -ID:/ZephyrProject/mchp_zephyrproject/modules/hal/microchip/packs/pic32c/pic32ck_sg_gc/pic32ck_sg01/include -ID:/ZephyrProject/mchp_zephyrproject/modules/hal/microchip/packs/pic32c/pic32ck_sg_gc/common -ID:/ZephyrProject/mchp_zephyrproject/modules/hal/microchip/include -ID:/ZephyrProject/mchp_zephyrproject/modules/hal/cmsis_6/CMSIS/Core/Include -ID:/ZephyrProject/mchp_zephyrproject/zephyr/modules/cmsis_6/. -isystem D:/ZephyrProject/mchp_zephyrproject/zephyr/lib/libc/common/include -fno-strict-aliasing -Os -imacros D:/ZephyrProject/usb_validation/results/.build_cache/pic32ck_sg01_cult_uac2_implicit_feedback_fs/zephyr/include/generated/zephyr/autoconf.h -fno-printf-return-value -fno-common -g -gdwarf-4 -fdiagnostics-color=always -mcpu=cortex-m33 -mthumb -mabi=aapcs -mfp16-format=ieee -mtp=soft --sysroot=C:/Users/I73904/zephyr-sdk-1.0.1/gnu/arm-zephyr-eabi/arm-zephyr-eabi -imacros D:/ZephyrProject/mchp_zephyrproject/zephyr/include/zephyr/toolchain/zephyr_stdint.h -Wall -Wformat -Wformat-security -Wno-format-zero-length -Wdouble-promotion -Wno-pointer-sign -Wpointer-arith -Wexpansion-to-defined -Wno-unused-but-set-variable -Werror=implicit-int -fno-pic -fno-pie -fno-asynchronous-unwind-tables -ftls-model=local-exec -fno-reorder-functions --param=min-pagesize=0 -fno-defer-pop -fmacro-prefix-map=D:/ZephyrProject/mchp_zephyrproject/zephyr/samples/subsys/usb/uac2_implicit_feedback=CMAKE_SOURCE_DIR -fmacro-prefix-map=D:/ZephyrProject/mchp_zephyrproject/zephyr=ZEPHYR_BASE -fmacro-prefix-map=D:/ZephyrProject/mchp_zephyrproject=WEST_TOPDIR -ffunction-sections -fdata-sections -mcmse -specs=picolibc.specs -std=c17 -MD -MT CMakeFiles/app.dir/src/main.c.obj -MF CMakeFiles\app.dir\src\main.c.obj.d -o CMakeFiles/app.dir/src/main.c.obj -c D:/ZephyrProject/mchp_zephyrproject/zephyr/samples/subsys/usb/uac2_implicit_feedback/src/main.c
In file included from D:/ZephyrProject/mchp_zephyrproject/zephyr/include/zephyr/toolchain/gcc.h:98,
                 from D:/ZephyrProject/mchp_zephyrproject/zephyr/include/zephyr/toolchain.h:52,
                 from D:/ZephyrProject/mchp_zephyrproject/zephyr/include/zephyr/sys/__assert.h:11,
                 from D:/ZephyrProject/mchp_zephyrproject/zephyr/include/zephyr/irq_multilevel.h:15,
                 from D:/ZephyrProject/mchp_zephyrproject/zephyr/include/zephyr/devicetree.h:21,
                 from D:/ZephyrProject/mchp_zephyrproject/zephyr/include/zephyr/device.h:12,
                 from D:/ZephyrProject/mchp_zephyrproject/zephyr/include/zephyr/usb/usbd.h:17,
                 from D:/ZephyrProject/mchp_zephyrproject/zephyr/samples/subsys/usb/common/sample_usbd.h:11,
                 from D:/ZephyrProject/mchp_zephyrproject/zephyr/samples/subsys/usb/uac2_implicit_feedback/src/main.c:10:
D:/ZephyrProject/mchp_zephyrproject/zephyr/samples/subsys/usb/uac2_implicit_feedback/src/main.c: In function 'main':
D:/ZephyrProject/mchp_zephyrproject/zephyr/include/zephyr/device.h:96:41: error: '__device_dts_ord_DT_N_NODELABEL_i2s_rxtx_ORD' undeclared (first use in this function)
   96 | #define DEVICE_NAME_GET(dev_id) _CONCAT(__device_, dev_id)
      |                                         ^~~~~~~~~
D:/ZephyrProject/mchp_zephyrproject/zephyr/include/zephyr/toolchain/common.h:169:26: note: in definition of macro '_DO_CONCAT'
  169 | #define _DO_CONCAT(x, y) x ## y
      |                          ^
D:/ZephyrProject/mchp_zephyrproject/zephyr/include/zephyr/device.h:96:33: note: in expansion of macro '_CONCAT'
   96 | #define DEVICE_NAME_GET(dev_id) _CONCAT(__device_, dev_id)
      |                                 ^~~~~~~
D:/ZephyrProject/mchp_zephyrproject/zephyr/include/zephyr/device.h:300:37: note: in expansion of macro 'DEVICE_NAME_GET'
  300 | #define DEVICE_DT_NAME_GET(node_id) DEVICE_NAME_GET(Z_DEVICE_DT_DEV_ID(node_id))
      |                                     ^~~~~~~~~~~~~~~
D:/ZephyrProject/mchp_zephyrproject/zephyr/include/zephyr/device.h:317:34: note: in expansion of macro 'DEVICE_DT_NAME_GET'
  317 | #define DEVICE_DT_GET(node_id) (&DEVICE_DT_NAME_GET(node_id))
      |                                  ^~~~~~~~~~~~~~~~~~
D:/ZephyrProject/mchp_zephyrproject/zephyr/samples/subsys/usb/uac2_implicit_feedback/src/main.c:544:28: note: in expansion of macro 'DEVICE_DT_GET'
  544 |         main_ctx.i2s_dev = DEVICE_DT_GET(DT_NODELABEL(i2s_rxtx));
      |                            ^~~~~~~~~~~~~
D:/ZephyrProject/mchp_zephyrproject/zephyr/include/zephyr/device.h:96:41: note: each undeclared identifier is reported only once for each function it appears in
   96 | #define DEVICE_NAME_GET(dev_id) _CONCAT(__device_, dev_id)
      |                                         ^~~~~~~~~
D:/ZephyrProject/mchp_zephyrproject/zephyr/include/zephyr/toolchain/common.h:169:26: note: in definition of macro '_DO_CONCAT'
  169 | #define _DO_CONCAT(x, y) x ## y
      |                          ^
D:/ZephyrProject/mchp_zephyrproject/zephyr/include/zephyr/device.h:96:33: note: in expansion of macro '_CONCAT'
   96 | #define DEVICE_NAME_GET(dev_id) _CONCAT(__device_, dev_id)
      |                                 ^~~~~~~
D:/ZephyrProject/mchp_zephyrproject/zephyr/include/zephyr/device.h:300:37: note: in expansion of macro 'DEVICE_NAME_GET'
  300 | #define DEVICE_DT_NAME_GET(node_id) DEVICE_NAME_GET(Z_DEVICE_DT_DEV_ID(node_id))
      |                                     ^~~~~~~~~~~~~~~
D:/ZephyrProject/mchp_zephyrproject/zephyr/include/zephyr/device.h:317:34: note: in expansion of macro 'DEVICE_DT_NAME_GET'
  317 | #define DEVICE_DT_GET(node_id) (&DEVICE_DT_NAME_GET(node_id))
      |                                  ^~~~~~~~~~~~~~~~~~
D:/ZephyrProject/mchp_zephyrproject/zephyr/samples/subsys/usb/uac2_implicit_feedback/src/main.c:544:28: note: in expansion of macro 'DEVICE_DT_GET'
  544 |         main_ctx.i2s_dev = DEVICE_DT_GET(DT_NODELABEL(i2s_rxtx));
      |                            ^~~~~~~~~~~~~
[11/151] Building C object zephyr/CMakeFiles/zephyr.dir/subsys/logging/log_cache.c.obj
[12/151] Building C object zephyr/CMakeFiles/zephyr.dir/subsys/logging/log_core.c.obj
[13/151] Building C object zephyr/CMakeFiles/zephyr.dir/subsys/logging/log_mgmt.c.obj
[14/151] Building C object zephyr/CMakeFiles/zephyr.dir/subsys/logging/log_msg.c.obj
[15/151] Building C object zephyr/CMakeFiles/zephyr.dir/subsys/logging/backends/log_backend_uart.c.obj
[16/151] Building C object zephyr/CMakeFiles/zephyr.dir/subsys/logging/log_output.c.obj
[17/151] Generating linker_zephyr_pre0.cmd
[18/151] Building C object zephyr/CMakeFiles/zephyr.dir/subsys/mem_mgmt/mem_attr.c.obj
[19/151] Building C object zephyr/CMakeFiles/zephyr.dir/subsys/tracing/tracing_none.c.obj
ninja: build stopped: subcommand failed.
FATAL ERROR: command exited with status 1: 'C:\Program Files\CMake\bin\cmake.EXE' --build 'D:\ZephyrProject\usb_validation\results\.build_cache\pic32ck_sg01_cult_uac2_implicit_feedback_fs'
