Archive member included to satisfy reference by file (symbol)

app/libapp.a(main.c.obj)      (--whole-archive)
zephyr/libzephyr.a(validate_libc.c.obj)
                              (--whole-archive)
zephyr/libzephyr.a(heap.c.obj)
                              (--whole-archive)
zephyr/libzephyr.a(mem_blocks.c.obj)
                              (--whole-archive)
zephyr/libzephyr.a(cbprintf_packaged.c.obj)
                              (--whole-archive)
zephyr/libzephyr.a(clock.c.obj)
                              (--whole-archive)
zephyr/libzephyr.a(printk.c.obj)
                              (--whole-archive)
zephyr/libzephyr.a(sem.c.obj)
                              (--whole-archive)
zephyr/libzephyr.a(thread_entry.c.obj)
                              (--whole-archive)
zephyr/libzephyr.a(cbprintf_complete.c.obj)
                              (--whole-archive)
zephyr/libzephyr.a(assert.c.obj)
                              (--whole-archive)
zephyr/libzephyr.a(dec.c.obj)
                              (--whole-archive)
zephyr/libzephyr.a(hex.c.obj)
                              (--whole-archive)
zephyr/libzephyr.a(rb.c.obj)  (--whole-archive)
zephyr/libzephyr.a(set.c.obj)
                              (--whole-archive)
zephyr/libzephyr.a(timeutil.c.obj)
                              (--whole-archive)
zephyr/libzephyr.a(bitarray.c.obj)
                              (--whole-archive)
zephyr/libzephyr.a(bitmask.c.obj)
                              (--whole-archive)
zephyr/libzephyr.a(getopt.c.obj)
                              (--whole-archive)
zephyr/libzephyr.a(getopt_common.c.obj)
                              (--whole-archive)
zephyr/libzephyr.a(ring_buffer.c.obj)
                              (--whole-archive)
zephyr/libzephyr.a(last_section_id.c.obj)
                              (--whole-archive)
zephyr/libzephyr.a(configs.c.obj)
                              (--whole-archive)
zephyr/libzephyr.a(mem_attr.c.obj)
                              (--whole-archive)
zephyr/libzephyr.a(tracing_none.c.obj)
                              (--whole-archive)
zephyr/libzephyr.a(cdc_acm_serial.c.obj)
                              (--whole-archive)
zephyr/arch/common/libarch__common.a(sw_isr_common.c.obj)
                              (--whole-archive)
zephyr/arch/common/libarch__common.a(init.c.obj)
                              (--whole-archive)
zephyr/arch/common/libarch__common.a(xip.c.obj)
                              (--whole-archive)
zephyr/arch/arch/arm/core/libarch__arm__core.a(fatal.c.obj)
                              (--whole-archive)
zephyr/arch/arch/arm/core/libarch__arm__core.a(nmi.c.obj)
                              (--whole-archive)
zephyr/arch/arch/arm/core/libarch__arm__core.a(nmi_on_reset.S.obj)
                              (--whole-archive)
zephyr/arch/arch/arm/core/libarch__arm__core.a(tls.c.obj)
                              (--whole-archive)
zephyr/arch/arch/arm/core/cortex_m/libarch__arm__core__cortex_m.a(fault.c.obj)
                              (--whole-archive)
zephyr/arch/arch/arm/core/cortex_m/libarch__arm__core__cortex_m.a(fault_s.S.obj)
                              (--whole-archive)
zephyr/arch/arch/arm/core/cortex_m/libarch__arm__core__cortex_m.a(fpu.c.obj)
                              (--whole-archive)
zephyr/arch/arch/arm/core/cortex_m/libarch__arm__core__cortex_m.a(reset.S.obj)
                              (--whole-archive)
zephyr/arch/arch/arm/core/cortex_m/libarch__arm__core__cortex_m.a(scb.c.obj)
                              (--whole-archive)
zephyr/arch/arch/arm/core/cortex_m/libarch__arm__core__cortex_m.a(vector_table.S.obj)
                              (--whole-archive)
zephyr/arch/arch/arm/core/cortex_m/libarch__arm__core__cortex_m.a(svc.S.obj)
                              (--whole-archive)
zephyr/arch/arch/arm/core/cortex_m/libarch__arm__core__cortex_m.a(irq_manage.c.obj)
                              (--whole-archive)
zephyr/arch/arch/arm/core/cortex_m/libarch__arm__core__cortex_m.a(prep_c.c.obj)
                              (--whole-archive)
zephyr/arch/arch/arm/core/cortex_m/libarch__arm__core__cortex_m.a(thread.c.obj)
                              (--whole-archive)
zephyr/arch/arch/arm/core/cortex_m/libarch__arm__core__cortex_m.a(cpu_idle.c.obj)
                              (--whole-archive)
zephyr/arch/arch/arm/core/cortex_m/libarch__arm__core__cortex_m.a(exc_exit.c.obj)
                              (--whole-archive)
zephyr/arch/arch/arm/core/cortex_m/libarch__arm__core__cortex_m.a(thread_abort.c.obj)
                              (--whole-archive)
zephyr/arch/arch/arm/core/cortex_m/libarch__arm__core__cortex_m.a(swap_helper.S.obj)
                              (--whole-archive)
zephyr/arch/arch/arm/core/cortex_m/libarch__arm__core__cortex_m.a(irq_init.c.obj)
                              (--whole-archive)
zephyr/arch/arch/arm/core/cortex_m/libarch__arm__core__cortex_m.a(isr_wrapper.c.obj)
                              (--whole-archive)
[...]
Memory Configuration

Name             Origin             Length             Attributes
ROMSTART_REGION  0x08000000         0x04200000         xr
FLASH            0x0c000000         0x000fc000         xr
RAM              0x20000000         0x00080000         xw
IDT_LIST         0xffff7fff         0x00008000         xw
*default*        0x00000000         0xffffffff

Linker script and memory map

                0x0c004e38                        vfprintf = __l_vfprintf
                0x00000000                        vfscanf = __l_vfscanf
LOAD zephyr/CMakeFiles/zephyr_final.dir/misc/empty_file.c.obj
LOAD zephyr/CMakeFiles/zephyr_final.dir/isr_tables.c.obj
LOAD zephyr/CMakeFiles/offsets.dir/./arch/arm/core/offsets/offsets.c.obj
LOAD app/libapp.a
LOAD zephyr/libzephyr.a
LOAD zephyr/arch/common/libarch__common.a
LOAD zephyr/arch/arch/arm/core/libarch__arm__core.a
LOAD zephyr/arch/arch/arm/core/cortex_m/libarch__arm__core__cortex_m.a
LOAD zephyr/arch/arch/arm/core/cortex_m/cmse/libarch__arm__core__cortex_m__cmse.a
LOAD zephyr/arch/arch/arm/core/mpu/libarch__arm__core__mpu.a
LOAD zephyr/lib/libc/picolibc/liblib__libc__picolibc.a
LOAD zephyr/lib/libc/common/liblib__libc__common.a
LOAD zephyr/lib/posix/c_lib_ext/liblib__posix__c_lib_ext.a
LOAD zephyr/lib/net_buf/liblib__net_buf.a
LOAD zephyr/subsys/usb/device_next/libsubsys__usb__device_next.a
LOAD zephyr/drivers/interrupt_controller/libdrivers__interrupt_controller.a
LOAD zephyr/drivers/usb/udc/libdrivers__usb__udc.a
LOAD zephyr/drivers/usb/common/buf/libdrivers__usb__common__buf.a
LOAD zephyr/drivers/clock_control/libdrivers__clock_control.a
LOAD zephyr/drivers/console/libdrivers__console.a
LOAD zephyr/drivers/hwinfo/libdrivers__hwinfo.a
LOAD zephyr/drivers/pinctrl/libdrivers__pinctrl.a
LOAD zephyr/drivers/serial/libdrivers__serial.a
LOAD zephyr/drivers/timer/libdrivers__timer.a
LOAD zephyr/kernel/libkernel.a
LOAD zephyr/arch/common/libisr_tables.a
LOAD C:/Users/I73904/zephyr-sdk-1.0.1/gnu/arm-zephyr-eabi/bin/../lib/gcc/arm-zephyr-eabi/14.3.0/../../../../arm-zephyr-eabi/lib/thumb/v8-m.main/nofp/space\libc.a
LOAD C:/Users/I73904/zephyr-sdk-1.0.1/gnu/arm-zephyr-eabi/bin/../lib/gcc/arm-zephyr-eabi/14.3.0/thumb/v8-m.main/nofp/space\libgcc.a
                0x00000020                        _region_min_align = 0x20

.rel.plt        0x08000000        0x0
 *(SORT_BY_ALIGNMENT(.rel.plt))
                [!provide]                        PROVIDE (__rel_iplt_start = .)
 *(SORT_BY_ALIGNMENT(.rel.iplt))
 .rel.iplt      0x08000000        0x0 zephyr/CMakeFiles/zephyr_final.dir/isr_tables.c.obj
                [!provide]                        PROVIDE (__rel_iplt_end = .)

.rela.plt       0x00000000        0x0
 *(SORT_BY_ALIGNMENT(.rela.plt))
                [!provide]                        PROVIDE (__rela_iplt_start = .)
 *(SORT_BY_ALIGNMENT(.rela.iplt))
                [!provide]                        PROVIDE (__rela_iplt_end = .)

.rel.dyn
 *(SORT_BY_ALIGNMENT(.rel.*))

.rela.dyn
 *(SORT_BY_ALIGNMENT(.rela.*))

/DISCARD/
 *(SORT_BY_ALIGNMENT(.plt))

/DISCARD/
 *(SORT_BY_ALIGNMENT(.iplt))
                0x0c000000                        __rom_region_start = 0xc000000

rom_start       0x08000000      0x2b8
                0x08000000                        __rom_start_address = .
 FILL mask 0x00
                0x08000000                        . = (. + (0x0 - (. - __rom_start_address)))
                0x08000000                        . = ALIGN (0x4)
                0x08000000                        . = ALIGN (0x80)
                0x08000000                        . = ALIGN (0x400)
                0x08000000                        _vector_start = .
 *(SORT_BY_ALIGNMENT(.exc_vector_table))
 *(SORT_BY_ALIGNMENT(.exc_vector_table.*))
 .exc_vector_table._vector_table_section
                0x08000000       0x40 zephyr/arch/arch/arm/core/cortex_m/libarch__arm__core__cortex_m.a(vector_table.S.obj)
                0x08000000                _vector_table
 *(SORT_BY_ALIGNMENT(.vectors))
                0x080002b8                        _vector_end = .
                0x08000040                        . = ALIGN (0x4)
 *(SORT_BY_ALIGNMENT(.gnu.linkonce.irq_vector_table*))
 .gnu.linkonce.irq_vector_table
                0x08000040      0x278 zephyr/CMakeFiles/zephyr_final.dir/isr_tables.c.obj
                0x08000040                _irq_vector_table
                0x080002b8                        _vector_end = .

text            0x0c000000     0x97ec
                0x0c000000                        __text_region_start = .
 *(SORT_BY_ALIGNMENT(.text))
 .text          0x0c000000       0x30 C:/Users/I73904/zephyr-sdk-1.0.1/gnu/arm-zephyr-eabi/bin/../lib/gcc/arm-zephyr-eabi/14.3.0/thumb/v8-m.main/nofp/space\libgcc.a(_aeabi_uldivmod.o)
                0x0c000000                __aeabi_uldivmod
 .text          0x0c000030        0x4 C:/Users/I73904/zephyr-sdk-1.0.1/gnu/arm-zephyr-eabi/bin/../lib/gcc/arm-zephyr-eabi/14.3.0/thumb/v8-m.main/nofp/space\libgcc.a(_dvmd_tls.o)
                0x0c000030                __aeabi_idiv0
                0x0c000030                __aeabi_ldiv0
 .text          0x0c000034       0x14 C:/Users/I73904/zephyr-sdk-1.0.1/gnu/arm-zephyr-eabi/bin/../lib/gcc/arm-zephyr-eabi/14.3.0/../../../../arm-zephyr-eabi/lib/thumb/v8-m.main/nofp/space\libc.a(strcmp.S.o)
                0x0c000034                strcmp
 .text          0x0c000048      0x2ba C:/Users/I73904/zephyr-sdk-1.0.1/gnu/arm-zephyr-eabi/bin/../lib/gcc/arm-zephyr-eabi/14.3.0/thumb/v8-m.main/nofp/space\libgcc.a(_udivmoddi4.o)
                0x0c000048                __udivmoddi4
 *(SORT_BY_ALIGNMENT(.text.*))
 *fill*         0x0c000302        0x2 
 .text.main     0x0c000304       0x48 app/libapp.a(main.c.obj)
                0x0c000304                main
 .text.char_out
                0x0c00034c        0xc zephyr/libzephyr.a(printk.c.obj)
 .text.__printk_hook_install
                0x0c000358        0xc zephyr/libzephyr.a(printk.c.obj)
                0x0c000358                __printk_hook_install
 .text.vprintk  0x0c000364       0x30 zephyr/libzephyr.a(printk.c.obj)
                0x0c000364                vprintk
 .text.z_thread_entry
                0x0c000394       0x34 zephyr/libzephyr.a(thread_entry.c.obj)
                0x0c000394                z_thread_entry
 .text.mem_attr_get_regions
                0x0c0003c8        0xc zephyr/libzephyr.a(mem_attr.c.obj)
                0x0c0003c8                mem_attr_get_regions
 .text.cdc_acm_serial_init_device
                0x0c0003d4       0x8c zephyr/libzephyr.a(cdc_acm_serial.c.obj)
 .text.arch_bss_zero
                0x0c000460       0x18 zephyr/arch/common/libarch__common.a(init.c.obj)
                0x0c000460                arch_bss_zero
 .text.arch_data_copy
                0x0c000478       0x38 zephyr/arch/common/libarch__common.a(xip.c.obj)
                0x0c000478                arch_data_copy
 .text.z_arm_fatal_error
                0x0c0004b0       0x60 zephyr/arch/arch/arm/core/libarch__arm__core.a(fatal.c.obj)
                0x0c0004b0                z_arm_fatal_error
 .text.z_SysNmiOnReset
                0x0c000510        0x8 zephyr/arch/arch/arm/core/libarch__arm__core.a(nmi_on_reset.S.obj)
                0x0c000510                z_SysNmiOnReset
 .text.arch_tls_stack_setup
                0x0c000518       0x40 zephyr/arch/arch/arm/core/libarch__arm__core.a(tls.c.obj)
                0x0c000518                arch_tls_stack_setup
 .text.secure_fault.isra.0
                0x0c000558       0xd4 zephyr/arch/arch/arm/core/cortex_m/libarch__arm__core__cortex_m.a(fault.c.obj)
 .text.usage_fault.isra.0
                0x0c00062c       0xa8 zephyr/arch/arch/arm/core/cortex_m/libarch__arm__core__cortex_m.a(fault.c.obj)
 .text.bus_fault.isra.0
                0x0c0006d4       0xb8 zephyr/arch/arch/arm/core/cortex_m/libarch__arm__core__cortex_m.a(fault.c.obj)
 .text.mem_manage_fault.isra.0
                0x0c00078c       0xbc zephyr/arch/arch/arm/core/cortex_m/libarch__arm__core__cortex_m.a(fault.c.obj)
 .text.z_arm_fault
                0x0c000848      0x1f0 zephyr/arch/arch/arm/core/cortex_m/libarch__arm__core__cortex_m.a(fault.c.obj)
                0x0c000848                z_arm_fault
 .text.z_arm_fault_init
                0x0c000a38       0x18 zephyr/arch/arch/arm/core/cortex_m/libarch__arm__core__cortex_m.a(fault.c.obj)
                0x0c000a38                z_arm_fault_init
 .text.__fault  0x0c000a50       0x14 zephyr/arch/arch/arm/core/cortex_m/libarch__arm__core__cortex_m.a(fault_s.S.obj)
                0x0c000a50                z_arm_bus_fault
                0x0c000a50                z_arm_usage_fault
                0x0c000a50                z_arm_mpu_fault
                0x0c000a50                z_arm_exc_spurious
                0x0c000a50                z_arm_debug_monitor
                0x0c000a50                z_arm_hard_fault
                0x0c000a50                z_arm_secure_fault
 .text._reset_section
                0x0c000a64       0x34 zephyr/arch/arch/arm/core/cortex_m/libarch__arm__core__cortex_m.a(reset.S.obj)
                0x0c000a64                __start
                0x0c000a64                z_arm_reset
 .text.z_arm_svc
                0x0c000a98       0x24 zephyr/arch/arch/arm/core/cortex_m/libarch__arm__core__cortex_m.a(svc.S.obj)
                0x0c000a98                z_arm_svc
 .text.arm_irq_enable
                0x0c000abc       0x1c zephyr/arch/arch/arm/core/cortex_m/libarch__arm__core__cortex_m.a(irq_manage.c.obj)
                0x0c000abc                arm_irq_enable
 .text.arm_irq_disable
                0x0c000ad8       0x28 zephyr/arch/arch/arm/core/cortex_m/libarch__arm__core__cortex_m.a(irq_manage.c.obj)
                0x0c000ad8                arm_irq_disable
 .text.arm_irq_priority_set
                0x0c000b00       0x2c zephyr/arch/arch/arm/core/cortex_m/libarch__arm__core__cortex_m.a(irq_manage.c.obj)
                0x0c000b00                arm_irq_priority_set
 .text.relocate_vector_table
                0x0c000b2c       0x1c zephyr/arch/arch/arm/core/cortex_m/libarch__arm__core__cortex_m.a(prep_c.c.obj)
                0x0c000b2c                relocate_vector_table
 .text.z_prep_c
                0x0c000b48       0x38 zephyr/arch/arch/arm/core/cortex_m/libarch__arm__core__cortex_m.a(prep_c.c.obj)
                0x0c000b48                z_prep_c
 .text.arch_new_thread
                0x0c000b80       0x38 zephyr/arch/arch/arm/core/cortex_m/libarch__arm__core__cortex_m.a(thread.c.obj)
                0x0c000b80                arch_new_thread
 .text.arch_switch_to_main_thread
                0x0c000bb8       0x38 zephyr/arch/arch/arm/core/cortex_m/libarch__arm__core__cortex_m.a(thread.c.obj)
                0x0c000bb8                arch_switch_to_main_thread
 .text.z_arm_cpu_idle_init
                0x0c000bf0        0xc zephyr/arch/arch/arm/core/cortex_m/libarch__arm__core__cortex_m.a(cpu_idle.c.obj)
                0x0c000bf0                z_arm_cpu_idle_init
 .text._HandlerModeExit
                0x0c000bfc       0x20 zephyr/arch/arch/arm/core/cortex_m/libarch__arm__core__cortex_m.a(exc_exit.c.obj)
                0x0c000bfc                z_arm_int_exit
                0x0c000bfc                z_arm_exc_exit
 .text.z_impl_k_thread_abort
                0x0c000c1c       0x2c zephyr/arch/arch/arm/core/cortex_m/libarch__arm__core__cortex_m.a(thread_abort.c.obj)
                0x0c000c1c                z_impl_k_thread_abort
 .text.z_arm_pendsv
                0x0c000c48       0x54 zephyr/arch/arch/arm/core/cortex_m/libarch__arm__core__cortex_m.a(swap_helper.S.obj)
                0x0c000c48                z_arm_pendsv
 .text.z_arm_interrupt_init
                0x0c000c9c       0x18 zephyr/arch/arch/arm/core/cortex_m/libarch__arm__core__cortex_m.a(irq_init.c.obj)
                0x0c000c9c                z_arm_interrupt_init
 .text._isr_wrapper
                0x0c000cb4       0x24 zephyr/arch/arch/arm/core/cortex_m/libarch__arm__core__cortex_m.a(isr_wrapper.c.obj)
                0x0c000cb4                _isr_wrapper
 .text.__aeabi_read_tp
                0x0c000cd8        0xc zephyr/arch/arch/arm/core/cortex_m/libarch__arm__core__cortex_m.a(__aeabi_read_tp.S.obj)
                0x0c000cd8                __aeabi_read_tp
 .text.z_arm_configure_static_mpu_regions
                0x0c000ce4       0x3c zephyr/arch/arch/arm/core/mpu/libarch__arm__core__mpu.a(arm_core_mpu.c.obj)
                0x0c000ce4                z_arm_configure_static_mpu_regions
 .text.region_init
                0x0c000d20       0x30 zephyr/arch/arch/arm/core/mpu/libarch__arm__core__mpu.a(arm_mpu.c.obj)
 .text.region_allocate_and_init
                0x0c000d50       0x24 zephyr/arch/arch/arm/core/mpu/libarch__arm__core__mpu.a(arm_mpu.c.obj)
 .text.mpu_configure_regions_and_partition.constprop.0
                0x0c000d74      0x140 zephyr/arch/arch/arm/core/mpu/libarch__arm__core__mpu.a(arm_mpu.c.obj)
 .text.arm_core_mpu_enable
                0x0c000eb4       0x18 zephyr/arch/arch/arm/core/mpu/libarch__arm__core__mpu.a(arm_mpu.c.obj)
                0x0c000eb4                arm_core_mpu_enable
 .text.arm_core_mpu_disable
                0x0c000ecc       0x14 zephyr/arch/arch/arm/core/mpu/libarch__arm__core__mpu.a(arm_mpu.c.obj)
                0x0c000ecc                arm_core_mpu_disable
 .text.arm_core_mpu_configure_static_mpu_regions
                0x0c000ee0       0x14 zephyr/arch/arch/arm/core/mpu/libarch__arm__core__mpu.a(arm_mpu.c.obj)
                0x0c000ee0                arm_core_mpu_configure_static_mpu_regions
 .text.arm_core_mpu_mark_areas_for_dynamic_regions
                0x0c000ef4       0xb8 zephyr/arch/arch/arm/core/mpu/libarch__arm__core__mpu.a(arm_mpu.c.obj)
                0x0c000ef4                arm_core_mpu_mark_areas_for_dynamic_regions
 .text.z_arm_mpu_init
                0x0c000fac      0x164 zephyr/arch/arch/arm/core/mpu/libarch__arm__core__mpu.a(arm_mpu.c.obj)
                0x0c000fac                z_arm_mpu_init
 .text.z_impl_zephyr_fputc
                0x0c001110       0x10 zephyr/lib/libc/picolibc/liblib__libc__picolibc.a(stdio.c.obj)
                0x0c001110                z_impl_zephyr_fputc
 .text.__stdout_hook_install
                0x0c001120       0x18 zephyr/lib/libc/picolibc/liblib__libc__picolibc.a(stdio.c.obj)
                0x0c001120                __stdout_hook_install
 .text.malloc_prepare
                0x0c001138       0x24 zephyr/lib/libc/common/liblib__libc__common.a(malloc.c.obj)
 .text.net_buf_destroy
                0x0c00115c       0x38 zephyr/lib/net_buf/liblib__net_buf.a(buf.c.obj)
 .text.net_buf_pool_get
                0x0c001194       0x10 zephyr/lib/net_buf/liblib__net_buf.a(buf.c.obj)
                0x0c001194                net_buf_pool_get
 .text.net_buf_alloc_len
                0x0c0011a4       0xfc zephyr/lib/net_buf/liblib__net_buf.a(buf.c.obj)
                0x0c0011a4                net_buf_alloc_len
 .text.net_buf_unref
                0x0c0012a0       0x3c zephyr/lib/net_buf/liblib__net_buf.a(buf.c.obj)
                0x0c0012a0                net_buf_unref
 .text.nonstd_request
                0x0c0012dc       0xac zephyr/subsys/usb/device_next/libsubsys__usb__device_next.a(usbd_ch9.c.obj)
 .text.usbd_handle_ctrl_xfer
                0x0c001388      0x940 zephyr/subsys/usb/device_next/libsubsys__usb__device_next.a(usbd_ch9.c.obj)
                0x0c001388                usbd_handle_ctrl_xfer
 .text.usbd_event_carrier
                0x0c001cc8       0x48 zephyr/subsys/usb/device_next/libsubsys__usb__device_next.a(usbd_core.c.obj)
 .text.usbd_thread
                0x0c001d10      0x180 zephyr/subsys/usb/device_next/libsubsys__usb__device_next.a(usbd_core.c.obj)
 .text.usbd_pre_init
                0x0c001e90       0x94 zephyr/subsys/usb/device_next/libsubsys__usb__device_next.a(usbd_core.c.obj)
 .text.usbd_device_init_core
                0x0c001f24       0x30 zephyr/subsys/usb/device_next/libsubsys__usb__device_next.a(usbd_core.c.obj)
                0x0c001f24                usbd_device_init_core
 .text.usbd_class_node_get.part.0
                0x0c001f54       0x2c zephyr/subsys/usb/device_next/libsubsys__usb__device_next.a(usbd_class.c.obj)
 .text.msg_work_handler
                0x0c001f80       0x88 zephyr/subsys/usb/device_next/libsubsys__usb__device_next.a(usbd_msg.c.obj)
 .text.usbd_msg_pub
                0x0c002008       0x6c zephyr/subsys/usb/device_next/libsubsys__usb__device_next.a(usbd_msg.c.obj)
 .text.usbd_cdc_acm_ctd
                0x0c002074       0x60 zephyr/subsys/usb/device_next/libsubsys__usb__device_next.a(usbd_cdc_acm.c.obj)
 .text.usbd_cdc_acm_cth
                0x0c0020d4       0x44 zephyr/subsys/usb/device_next/libsubsys__usb__device_next.a(usbd_cdc_acm.c.obj)
 .text.cdc_acm_poll_out
                0x0c002118       0x6c zephyr/subsys/usb/device_next/libsubsys__usb__device_next.a(usbd_cdc_acm.c.obj)
 .text.usbd_cdc_acm_preinit
                0x0c002184       0x4c zephyr/subsys/usb/device_next/libsubsys__usb__device_next.a(usbd_cdc_acm.c.obj)
 .text.eic_sync_wait
                0x0c0021d0       0x28 zephyr/drivers/interrupt_controller/libdrivers__interrupt_controller.a(intc_mchp_eic_g1.c.obj)
 .text.udc_ep_buf_alloc
                0x0c0021f8       0x30 zephyr/drivers/usb/udc/libdrivers__usb__udc.a(udc_common.c.obj)
                0x0c0021f8                udc_ep_buf_alloc
 .text.udc_mchp_register_eps.constprop.0
                0x0c002228       0x74 zephyr/drivers/usb/udc/libdrivers__usb__udc.a(udc_mchp_g1.c.obj)
 .text.udc_wait_syncbusy_clear.isra.0
                0x0c00229c       0x28 zephyr/drivers/usb/udc/libdrivers__usb__udc.a(udc_mchp_g1.c.obj)
 .text.udc_mchp_make_thread_0
                0x0c0022c4       0x4c zephyr/drivers/usb/udc/libdrivers__usb__udc.a(udc_mchp_g1.c.obj)
 .text.clock_check_subsys
                0x0c002310       0x6c zephyr/drivers/clock_control/libdrivers__clock_control.a(clock_control_mchp_pic32ck_sg_gc.c.obj)
 .text.clock_get_rate_pll_out
                0x0c00237c       0x74 zephyr/drivers/clock_control/libdrivers__clock_control.a(clock_control_mchp_pic32ck_sg_gc.c.obj)
 .text.clock_get_rate_gclkgen
                0x0c0023f0       0xf4 zephyr/drivers/clock_control/libdrivers__clock_control.a(clock_control_mchp_pic32ck_sg_gc.c.obj)
 .text.clock_get_rate_dfll
                0x0c0024e4       0x48 zephyr/drivers/clock_control/libdrivers__clock_control.a(clock_control_mchp_pic32ck_sg_gc.c.obj)
 .text.clock_mchp_configure
                0x0c00252c      0x270 zephyr/drivers/clock_control/libdrivers__clock_control.a(clock_control_mchp_pic32ck_sg_gc.c.obj)
 .text.clock_on_pll
                0x0c00279c       0x60 zephyr/drivers/clock_control/libdrivers__clock_control.a(clock_control_mchp_pic32ck_sg_gc.c.obj)
                0x0c00279c                clock_on_pll
 .text.clock_mchp_on
                0x0c0027fc      0x17c zephyr/drivers/clock_control/libdrivers__clock_control.a(clock_control_mchp_pic32ck_sg_gc.c.obj)
 .text.clock_xosc_init
                0x0c002978       0x9c zephyr/drivers/clock_control/libdrivers__clock_control.a(clock_control_mchp_pic32ck_sg_gc.c.obj)
                0x0c002978                clock_xosc_init
 .text.clock_dfll48m_init
                0x0c002a14      0x17c zephyr/drivers/clock_control/libdrivers__clock_control.a(clock_control_mchp_pic32ck_sg_gc.c.obj)
                0x0c002a14                clock_dfll48m_init
 .text.clock_pll_init
                0x0c002b90      0x14c zephyr/drivers/clock_control/libdrivers__clock_control.a(clock_control_mchp_pic32ck_sg_gc.c.obj)
                0x0c002b90                clock_pll_init
 .text.clock_xosc32k_init
                0x0c002cdc       0x9c zephyr/drivers/clock_control/libdrivers__clock_control.a(clock_control_mchp_pic32ck_sg_gc.c.obj)
                0x0c002cdc                clock_xosc32k_init
 .text.clock_gclkgen_init
                0x0c002d78       0xe4 zephyr/drivers/clock_control/libdrivers__clock_control.a(clock_control_mchp_pic32ck_sg_gc.c.obj)
                0x0c002d78                clock_gclkgen_init
 .text.clock_mchp_init
                0x0c002e5c      0x2a0 zephyr/drivers/clock_control/libdrivers__clock_control.a(clock_control_mchp_pic32ck_sg_gc.c.obj)
 .text.uart_console_init
                0x0c0030fc       0x28 zephyr/drivers/console/libdrivers__console.a(uart_console.c.obj)
 .text.console_out
                0x0c003124       0x28 zephyr/drivers/console/libdrivers__console.a(uart_console.c.obj)
 .text.z_impl_hwinfo_get_device_id
                0x0c00314c       0x40 zephyr/drivers/hwinfo/libdrivers__hwinfo.a(hwinfo_mchp_g1.c.obj)
                0x0c00314c                z_impl_hwinfo_get_device_id
 .text.pinctrl_configure_pins
                0x0c00318c       0xf0 zephyr/drivers/pinctrl/libdrivers__pinctrl.a(pinctrl_mchp_port_g1.c.obj)
                0x0c00318c                pinctrl_configure_pins
 .text.uart_wait_sync.isra.0
                0x0c00327c       0x2c zephyr/drivers/serial/libdrivers__serial.a(uart_mchp_sercom_g1.c.obj)
 .text.uart_mchp_configure
                0x0c0032a8      0x100 zephyr/drivers/serial/libdrivers__serial.a(uart_mchp_sercom_g1.c.obj)
 .text.uart_mchp_init
                0x0c0033a8      0x1b8 zephyr/drivers/serial/libdrivers__serial.a(uart_mchp_sercom_g1.c.obj)
 .text.elapsed  0x0c003560       0x44 zephyr/drivers/timer/libdrivers__timer.a(cortex_m_systick.c.obj)
 .text.sys_clock_driver_init
                0x0c0035a4       0x34 zephyr/drivers/timer/libdrivers__timer.a(cortex_m_systick.c.obj)
 .text.sys_clock_isr
                0x0c0035d8       0x6c zephyr/drivers/timer/libdrivers__timer.a(cortex_m_systick.c.obj)
                0x0c0035d8                sys_clock_isr
 .text.sys_clock_set_timeout
                0x0c003644       0xf8 zephyr/drivers/timer/libdrivers__timer.a(cortex_m_systick.c.obj)
                0x0c003644                sys_clock_set_timeout
 .text.sys_clock_elapsed
                0x0c00373c       0x3c zephyr/drivers/timer/libdrivers__timer.a(cortex_m_systick.c.obj)
                0x0c00373c                sys_clock_elapsed
 .text.sys_clock_cycle_get_32
                0x0c003778       0x28 zephyr/drivers/timer/libdrivers__timer.a(cortex_m_systick.c.obj)
                0x0c003778                sys_clock_cycle_get_32
 .text.z_fatal_error
                0x0c0037a0       0x30 zephyr/kernel/libkernel.a(fatal.c.obj)
                0x0c0037a0                z_fatal_error
 .text.z_sys_init_run_level
                0x0c0037d0       0x30 zephyr/kernel/libkernel.a(init.c.obj)
 .text.bg_thread_main
                0x0c003800       0xc0 zephyr/kernel/libkernel.a(init.c.obj)
 .text.z_init_cpu
                0x0c0038c0       0x68 zephyr/kernel/libkernel.a(init.c.obj)
                0x0c0038c0                z_init_cpu
 .text.z_cstart
                0x0c003928       0xd8 zephyr/kernel/libkernel.a(init.c.obj)
                0x0c003928                z_cstart
 .text.statics_init
                0x0c003a00       0x24 zephyr/kernel/libkernel.a(kheap.c.obj)
 .text.k_heap_aligned_alloc
                0x0c003a24       0x1c zephyr/kernel/libkernel.a(kheap.c.obj)
                0x0c003a24                k_heap_aligned_alloc
 .text.init_mem_slab_obj_core_list
                0x0c003a40       0x28 zephyr/kernel/libkernel.a(mem_slab.c.obj)
 .text.k_mem_slab_alloc
                0x0c003a68       0x5c zephyr/kernel/libkernel.a(mem_slab.c.obj)
                0x0c003a68                k_mem_slab_alloc
 .text.put_msg_in_queue
                0x0c003ac4       0xcc zephyr/kernel/libkernel.a(msg_q.c.obj)
 .text.z_impl_k_msgq_get
                0x0c003b90       0xc8 zephyr/kernel/libkernel.a(msg_q.c.obj)
                0x0c003b90                z_impl_k_msgq_get
 .text.z_impl_k_mutex_lock
                0x0c003c58       0xe4 zephyr/kernel/libkernel.a(mutex.c.obj)
                0x0c003c58                z_impl_k_mutex_lock
 .text.z_impl_k_mutex_unlock
                0x0c003d3c       0xa0 zephyr/kernel/libkernel.a(mutex.c.obj)
                0x0c003d3c                z_impl_k_mutex_unlock
 .text.z_impl_k_queue_get
                0x0c003ddc       0x64 zephyr/kernel/libkernel.a(queue.c.obj)
                0x0c003ddc                z_impl_k_queue_get
 .text.z_impl_k_sem_give
                0x0c003e40       0x68 zephyr/kernel/libkernel.a(sem.c.obj)
                0x0c003e40                z_impl_k_sem_give
 .text.z_impl_k_sem_take
                0x0c003ea8       0x4c zephyr/kernel/libkernel.a(sem.c.obj)
                0x0c003ea8                z_impl_k_sem_take
 .text.z_impl_k_sem_reset
                0x0c003ef4       0x70 zephyr/kernel/libkernel.a(sem.c.obj)
                0x0c003ef4                z_impl_k_sem_reset
 .text.work_queue_main
                0x0c003f64      0x160 zephyr/kernel/libkernel.a(work.c.obj)
 .text.submit_to_queue_locked
                0x0c0040c4       0xa4 zephyr/kernel/libkernel.a(work.c.obj)
 .text.k_work_submit
                0x0c004168        0xc zephyr/kernel/libkernel.a(work.c.obj)
                0x0c004168                k_work_submit
 .text.k_work_queue_start
                0x0c004174       0x80 zephyr/kernel/libkernel.a(work.c.obj)
                0x0c004174                k_work_queue_start
 .text.k_work_schedule_for_queue
                0x0c0041f4       0x54 zephyr/kernel/libkernel.a(work.c.obj)
                0x0c0041f4                k_work_schedule_for_queue
 .text.k_work_schedule
                0x0c004248        0xc zephyr/kernel/libkernel.a(work.c.obj)
                0x0c004248                k_work_schedule
 .text.k_work_reschedule_for_queue
                0x0c004254       0x5c zephyr/kernel/libkernel.a(work.c.obj)
                0x0c004254                k_work_reschedule_for_queue
 .text.k_work_reschedule
                0x0c0042b0        0xc zephyr/kernel/libkernel.a(work.c.obj)
                0x0c0042b0                k_work_reschedule
 .text.z_setup_new_thread
                0x0c0042bc       0x7c zephyr/kernel/libkernel.a(thread.c.obj)
                0x0c0042bc                z_setup_new_thread
 .text.z_dummy_thread_init
                0x0c004338       0x18 zephyr/kernel/libkernel.a(thread.c.obj)
                0x0c004338                z_dummy_thread_init
 .text.z_impl_k_wakeup
                0x0c004350       0x48 zephyr/kernel/libkernel.a(thread.c.obj)
                0x0c004350                z_impl_k_wakeup
 .text.z_impl_k_thread_create
                0x0c004398       0x58 zephyr/kernel/libkernel.a(thread.c.obj)
                0x0c004398                z_impl_k_thread_create
 .text.z_swap_irqlock
                0x0c0043f0       0x34 zephyr/kernel/libkernel.a(sched.c.obj)
 .text.unready_thread
                0x0c004424       0x54 zephyr/kernel/libkernel.a(sched.c.obj)
 .text.ready_thread
                0x0c004478       0x80 zephyr/kernel/libkernel.a(sched.c.obj)
 .text.reschedule.isra.0
                0x0c0044f8       0x28 zephyr/kernel/libkernel.a(sched.c.obj)
 .text.move_current_to_end_of_prio_q
                0x0c004520       0x6c zephyr/kernel/libkernel.a(sched.c.obj)
                0x0c004520                move_current_to_end_of_prio_q
 .text.z_thread_halt
                0x0c00458c      0x12c zephyr/kernel/libkernel.a(sched.c.obj)
                0x0c00458c                z_thread_halt
 .text.z_sched_lock_reschedule
                0x0c0046b8       0x44 zephyr/kernel/libkernel.a(sched.c.obj)
                0x0c0046b8                z_sched_lock_reschedule
 .text.z_sched_yield
                0x0c0046fc       0x84 zephyr/kernel/libkernel.a(sched.c.obj)
                0x0c0046fc                z_sched_yield
 .text.z_pend_curr
                0x0c004780       0x58 zephyr/kernel/libkernel.a(sched.c.obj)
                0x0c004780                z_pend_curr
 .text.z_thread_prio_set
                0x0c0047d8       0xd8 zephyr/kernel/libkernel.a(sched.c.obj)
                0x0c0047d8                z_thread_prio_set
 .text.z_reschedule_irqlock
                0x0c0048b0       0x28 zephyr/kernel/libkernel.a(sched.c.obj)
                0x0c0048b0                z_reschedule_irqlock
 .text.z_tick_sleep
                0x0c0048d8       0x94 zephyr/kernel/libkernel.a(sleep.c.obj)
 .text.z_sched_init
                0x0c00496c       0x10 zephyr/kernel/libkernel.a(scheduler.c.obj)
                0x0c00496c                z_sched_init
 .text.k_sched_lock
                0x0c00497c       0x28 zephyr/kernel/libkernel.a(scheduler.c.obj)
                0x0c00497c                k_sched_lock
 .text.k_sched_unlock
                0x0c0049a4       0x20 zephyr/kernel/libkernel.a(scheduler.c.obj)
                0x0c0049a4                k_sched_unlock
 .text.z_impl_k_sched_current_thread_query
                0x0c0049c4        0xc zephyr/kernel/libkernel.a(scheduler.c.obj)
                0x0c0049c4                z_impl_k_sched_current_thread_query
 .text.z_sched_wait
                0x0c0049d0       0x24 zephyr/kernel/libkernel.a(scheduler.c.obj)
                0x0c0049d0                z_sched_wait
 .text.z_time_slice_size
                0x0c0049f4       0x40 zephyr/kernel/libkernel.a(timeslicing.c.obj)
 .text.slice_timeout
                0x0c004a34       0x20 zephyr/kernel/libkernel.a(timeslicing.c.obj)
 .text.z_time_slice_reset
                0x0c004a54       0x44 zephyr/kernel/libkernel.a(timeslicing.c.obj)
                0x0c004a54                z_time_slice_reset
 .text.z_time_slice
                0x0c004a98       0x5c zephyr/kernel/libkernel.a(timeslicing.c.obj)
                0x0c004a98                z_time_slice
 .text.first    0x0c004af4       0x10 zephyr/kernel/libkernel.a(timeout.c.obj)
 .text.elapsed  0x0c004b04       0x14 zephyr/kernel/libkernel.a(timeout.c.obj)
 .text.remove_timeout
                0x0c004b18       0x38 zephyr/kernel/libkernel.a(timeout.c.obj)
 .text.z_add_timeout
                0x0c004b50      0x120 zephyr/kernel/libkernel.a(timeout.c.obj)
                0x0c004b50                z_add_timeout
 .text.sys_clock_announce_locked
                0x0c004c70       0xb8 zephyr/kernel/libkernel.a(timeout.c.obj)
                0x0c004c70                sys_clock_announce_locked
 .text.sys_clock_tick_get
                0x0c004d28       0x30 zephyr/kernel/libkernel.a(timeout.c.obj)
                0x0c004d28                sys_clock_tick_get
 .text.k_event_post_internal
                0x0c004d58       0x4c zephyr/kernel/libkernel.a(events.c.obj)
 .text.z_thread_alloc_helper
                0x0c004da4       0x4c zephyr/kernel/libkernel.a(mempool.c.obj)
 .text.z_thread_malloc
                0x0c004df0       0x10 zephyr/kernel/libkernel.a(mempool.c.obj)
                0x0c004df0                z_thread_malloc
 .text.boot_banner
                0x0c004e00        0xc zephyr/kernel/libkernel.a(banner.c.obj)
                0x0c004e00                boot_banner
 .text.k_sys_work_q_init
                0x0c004e0c       0x2c zephyr/kernel/libkernel.a(system_work_q.c.obj)
 .text.__l_vfprintf
                0x0c004e38      0x484 C:/Users/I73904/zephyr-sdk-1.0.1/gnu/arm-zephyr-eabi/bin/../lib/gcc/arm-zephyr-eabi/14.3.0/../../../../arm-zephyr-eabi/lib/thumb/v8-m.main/nofp/space\libc.a(libc_tinystdio_vflprintf.c.o)
                0x0c004e38                __l_vfprintf
 .text._OffsetAbsSyms
                0x0c0052bc        0x2 zephyr/CMakeFiles/offsets.dir/./arch/arm/core/offsets/offsets.c.obj
                0x0c0052bc                _OffsetAbsSyms
 .text.chunk_field
                0x0c0052be       0x16 zephyr/libzephyr.a(heap.c.obj)
 .text.chunk_set
                0x0c0052d4       0x16 zephyr/libzephyr.a(heap.c.obj)
 .text.chunk_size
                0x0c0052ea        0xc zephyr/libzephyr.a(heap.c.obj)
 .text.set_chunk_used
                0x0c0052f6       0x30 zephyr/libzephyr.a(heap.c.obj)
 .text.set_chunk_size
                0x0c005326        0x8 zephyr/libzephyr.a(heap.c.obj)
 .text.undersized_chunk
                0x0c00532e       0x1c zephyr/libzephyr.a(heap.c.obj)
 .text.mem_to_chunkid
                0x0c00534a       0x14 zephyr/libzephyr.a(heap.c.obj)
 .text.bucket_idx
                0x0c00535e       0x14 zephyr/libzephyr.a(heap.c.obj)
 .text.free_list_remove_bidx
                0x0c005372       0x5c zephyr/libzephyr.a(heap.c.obj)
 .text.free_list_remove
                0x0c0053ce       0x2c zephyr/libzephyr.a(heap.c.obj)
 .text.alloc_chunk
                0x0c0053fa       0x74 zephyr/libzephyr.a(heap.c.obj)
 .text.split_chunks
                0x0c00546e       0x4e zephyr/libzephyr.a(heap.c.obj)
 .text.merge_chunks
                0x0c0054bc       0x3c zephyr/libzephyr.a(heap.c.obj)
 .text.free_list_add
                0x0c0054f8       0x82 zephyr/libzephyr.a(heap.c.obj)
 .text.sys_heap_free
                0x0c00557a       0xc2 zephyr/libzephyr.a(heap.c.obj)
                0x0c00557a                sys_heap_free
 .text.sys_heap_alloc
                0x0c00563c       0x76 zephyr/libzephyr.a(heap.c.obj)
                0x0c00563c                sys_heap_alloc
 .text.sys_heap_noalign_alloc
                0x0c0056b2        0x6 zephyr/libzephyr.a(heap.c.obj)
                0x0c0056b2                sys_heap_noalign_alloc
 .text.sys_heap_aligned_alloc
                0x0c0056b8      0x104 zephyr/libzephyr.a(heap.c.obj)
                0x0c0056b8                sys_heap_aligned_alloc
 .text.sys_heap_init
                0x0c0057bc       0xa4 zephyr/libzephyr.a(heap.c.obj)
                0x0c0057bc                sys_heap_init
 .text.arch_printk_char_out
                0x0c005860        0x4 zephyr/libzephyr.a(printk.c.obj)
                0x0c005860                arch_printk_char_out
 .text.printk   0x0c005864       0x1a zephyr/libzephyr.a(printk.c.obj)
                0x0c005864                printk
 .text.ring_buf_area_claim
                0x0c00587e       0x30 zephyr/libzephyr.a(ring_buffer.c.obj)
                0x0c00587e                ring_buf_area_claim
 .text.ring_buf_put_claim
                0x0c0058ae       0x1e zephyr/libzephyr.a(ring_buffer.c.obj)
 .text.ring_buf_get_claim
                0x0c0058cc       0x1e zephyr/libzephyr.a(ring_buffer.c.obj)
 .text.ring_buf_area_finish
                0x0c0058ea       0x32 zephyr/libzephyr.a(ring_buffer.c.obj)
                0x0c0058ea                ring_buf_area_finish
 .text.ring_buf_put
                0x0c00591c       0x40 zephyr/libzephyr.a(ring_buffer.c.obj)
                0x0c00591c                ring_buf_put
 .text.ring_buf_get
                0x0c00595c       0x44 zephyr/libzephyr.a(ring_buffer.c.obj)
                0x0c00595c                ring_buf_get
 .text._ConfigAbsSyms
                0x0c0059a0        0x2 zephyr/libzephyr.a(configs.c.obj)
                0x0c0059a0                _ConfigAbsSyms
 .text.arch_early_memset
                0x0c0059a2        0x4 zephyr/arch/common/libarch__common.a(init.c.obj)
                0x0c0059a2                arch_early_memset
 .text.arch_early_memcpy
                0x0c0059a6        0x4 zephyr/arch/common/libarch__common.a(init.c.obj)
                0x0c0059a6                arch_early_memcpy
 .text.z_do_kernel_oops
                0x0c0059aa        0x8 zephyr/arch/arch/arm/core/libarch__arm__core.a(fatal.c.obj)
                0x0c0059aa                z_do_kernel_oops
 .text.z_arm_nmi
                0x0c0059b2        0xe zephyr/arch/arch/arm/core/libarch__arm__core.a(nmi.c.obj)
                0x0c0059b2                z_arm_nmi
 .text.z_irq_spurious
                0x0c0059c0        0x8 zephyr/arch/arch/arm/core/cortex_m/libarch__arm__core__cortex_m.a(irq_manage.c.obj)
                0x0c0059c0                z_irq_spurious
 .text.arch_coprocessors_disable
                0x0c0059c8        0x6 zephyr/arch/arch/arm/core/cortex_m/libarch__arm__core__cortex_m.a(thread.c.obj)
                0x0c0059c8                arch_coprocessors_disable
 .text.arch_irq_unlock_outlined
                0x0c0059ce        0xe zephyr/arch/arch/arm/core/cortex_m/libarch__arm__core__cortex_m.a(thread.c.obj)
                0x0c0059ce                arch_irq_unlock_outlined
 .text.arch_cpu_idle
                0x0c0059dc       0x1a zephyr/arch/arch/arm/core/cortex_m/libarch__arm__core__cortex_m.a(cpu_idle.c.obj)
                0x0c0059dc                arch_cpu_idle
 .text.arm_cmse_mpu_region_get
                0x0c0059f6       0x12 zephyr/arch/arch/arm/core/cortex_m/cmse/libarch__arm__core__cortex_m__cmse.a(arm_core_cmse.c.obj)
                0x0c0059f6                arm_cmse_mpu_region_get
 .text.mpu_configure_region
                0x0c005a08       0x32 zephyr/arch/arch/arm/core/mpu/libarch__arm__core__mpu.a(arm_mpu.c.obj)
 .text.picolibc_put
                0x0c005a3a        0xa zephyr/lib/libc/picolibc/liblib__libc__picolibc.a(stdio.c.obj)
 .text.net_buf_reset
                0x0c005a44        0xa zephyr/lib/net_buf/liblib__net_buf.a(buf.c.obj)
                0x0c005a44                net_buf_reset
 .text.net_buf_ref
                0x0c005a4e        0x8 zephyr/lib/net_buf/liblib__net_buf.a(buf.c.obj)
                0x0c005a4e                net_buf_ref
 .text.net_buf_frag_del
                0x0c005a56       0x18 zephyr/lib/net_buf/liblib__net_buf.a(buf.c.obj)
                0x0c005a56                net_buf_frag_del
 .text.net_buf_simple_add
                0x0c005a6e        0xc zephyr/lib/net_buf/liblib__net_buf.a(buf_simple.c.obj)
                0x0c005a6e                net_buf_simple_add
 .text.net_buf_simple_add_mem
                0x0c005a7a       0x12 zephyr/lib/net_buf/liblib__net_buf.a(buf_simple.c.obj)
                0x0c005a7a                net_buf_simple_add_mem
 .text.net_buf_simple_add_u8
                0x0c005a8c       0x10 zephyr/lib/net_buf/liblib__net_buf.a(buf_simple.c.obj)
                0x0c005a8c                net_buf_simple_add_u8
 .text.net_buf_simple_add_le16
                0x0c005a9c       0x14 zephyr/lib/net_buf/liblib__net_buf.a(buf_simple.c.obj)
                0x0c005a9c                net_buf_simple_add_le16
 .text.net_buf_simple_remove_mem
                0x0c005ab0        0xe zephyr/lib/net_buf/liblib__net_buf.a(buf_simple.c.obj)
                0x0c005ab0                net_buf_simple_remove_mem
 .text.net_buf_simple_pull
                0x0c005abe       0x10 zephyr/lib/net_buf/liblib__net_buf.a(buf_simple.c.obj)
                0x0c005abe                net_buf_simple_pull
 .text.usbd_device_lock
                0x0c005ace        0xe zephyr/subsys/usb/device_next/libsubsys__usb__device_next.a(usbd_device.c.obj)
 .text.k_mutex_unlock.isra.0
                0x0c005adc        0x4 zephyr/subsys/usb/device_next/libsubsys__usb__device_next.a(usbd_device.c.obj)
 .text.usbd_bus_speed
                0x0c005ae0        0xa zephyr/subsys/usb/device_next/libsubsys__usb__device_next.a(usbd_device.c.obj)
                0x0c005ae0                usbd_bus_speed
 .text.usbd_device_set_code_triple
                0x0c005aea       0x48 zephyr/subsys/usb/device_next/libsubsys__usb__device_next.a(usbd_device.c.obj)
                0x0c005aea                usbd_device_set_code_triple
 .text.usbd_is_suspended
                0x0c005b32        0xa zephyr/subsys/usb/device_next/libsubsys__usb__device_next.a(usbd_device.c.obj)
                0x0c005b32                usbd_is_suspended
 .text.usbd_init
                0x0c005b3c       0x60 zephyr/subsys/usb/device_next/libsubsys__usb__device_next.a(usbd_device.c.obj)
                0x0c005b3c                usbd_init
 .text.usbd_enable
                0x0c005b9c       0x86 zephyr/subsys/usb/device_next/libsubsys__usb__device_next.a(usbd_device.c.obj)
                0x0c005b9c                usbd_enable
 .text.usbd_device_get_vreq
                0x0c005c22       0x2a zephyr/subsys/usb/device_next/libsubsys__usb__device_next.a(usbd_device.c.obj)
                0x0c005c22                usbd_device_get_vreq
 .text.usbd_device_register_vreq
                0x0c005c4c       0x56 zephyr/subsys/usb/device_next/libsubsys__usb__device_next.a(usbd_device.c.obj)
                0x0c005c4c                usbd_device_register_vreq
 .text.usbd_get_descriptor
                0x0c005ca2       0x34 zephyr/subsys/usb/device_next/libsubsys__usb__device_next.a(usbd_desc.c.obj)
                0x0c005ca2                usbd_get_descriptor
 .text.usbd_add_descriptor
                0x0c005cd6      0x106 zephyr/subsys/usb/device_next/libsubsys__usb__device_next.a(usbd_desc.c.obj)
                0x0c005cd6                usbd_add_descriptor
 .text.usbd_str_desc_get_idx
                0x0c005ddc        0xa zephyr/subsys/usb/device_next/libsubsys__usb__device_next.a(usbd_desc.c.obj)
                0x0c005ddc                usbd_str_desc_get_idx
 .text.net_buf_simple_tailroom
                0x0c005de6       0x10 zephyr/subsys/usb/device_next/libsubsys__usb__device_next.a(usbd_ch9.c.obj)
 .text.reqtype_is_to_host
                0x0c005df6        0xc zephyr/subsys/usb/device_next/libsubsys__usb__device_next.a(usbd_ch9.c.obj)
 .text.sreq_feature_halt_notify
                0x0c005e02       0x20 zephyr/subsys/usb/device_next/libsubsys__usb__device_next.a(usbd_ch9.c.obj)
 .text.usbd_enqueue_status_in
                0x0c005e22       0x2c zephyr/subsys/usb/device_next/libsubsys__usb__device_next.a(usbd_ch9.c.obj)
 .text.usbd_enqueue_setup
                0x0c005e4e       0x26 zephyr/subsys/usb/device_next/libsubsys__usb__device_next.a(usbd_ch9.c.obj)
 .text.udc_test_mode
                0x0c005e74       0x40 zephyr/subsys/usb/device_next/libsubsys__usb__device_next.a(usbd_ch9.c.obj)
 .text.udc_set_address
                0x0c005eb4       0x32 zephyr/subsys/usb/device_next/libsubsys__usb__device_next.a(usbd_ch9.c.obj)
 .text.usbd_init_control_pipe
                0x0c005ee6       0x18 zephyr/subsys/usb/device_next/libsubsys__usb__device_next.a(usbd_ch9.c.obj)
                0x0c005ee6                usbd_init_control_pipe
 .text.usbd_class_bcast_event
                0x0c005efe       0x48 zephyr/subsys/usb/device_next/libsubsys__usb__device_next.a(usbd_core.c.obj)
 .text.unassign_eps.isra.0
                0x0c005f46       0x66 zephyr/subsys/usb/device_next/libsubsys__usb__device_next.a(usbd_init.c.obj)
 .text.usbd_init_configurations
                0x0c005fac      0x1ea zephyr/subsys/usb/device_next/libsubsys__usb__device_next.a(usbd_init.c.obj)
                0x0c005fac                usbd_init_configurations
 .text.usbd_device_lock
                0x0c006196        0xe zephyr/subsys/usb/device_next/libsubsys__usb__device_next.a(usbd_config.c.obj)
 .text.k_mutex_unlock.isra.0
                0x0c0061a4        0x4 zephyr/subsys/usb/device_next/libsubsys__usb__device_next.a(usbd_config.c.obj)
 .text.usbd_config_get
                0x0c0061a8       0x28 zephyr/subsys/usb/device_next/libsubsys__usb__device_next.a(usbd_config.c.obj)
                0x0c0061a8                usbd_config_get
 .text.usbd_config_get_current
                0x0c0061d0       0x24 zephyr/subsys/usb/device_next/libsubsys__usb__device_next.a(usbd_config.c.obj)
                0x0c0061d0                usbd_config_get_current
 .text.usbd_config_exist
                0x0c0061f4        0xe zephyr/subsys/usb/device_next/libsubsys__usb__device_next.a(usbd_config.c.obj)
                0x0c0061f4                usbd_config_exist
 .text.usbd_config_set
                0x0c006202       0x98 zephyr/subsys/usb/device_next/libsubsys__usb__device_next.a(usbd_config.c.obj)
                0x0c006202                usbd_config_set
 .text.usbd_add_configuration
                0x0c00629a       0xc0 zephyr/subsys/usb/device_next/libsubsys__usb__device_next.a(usbd_config.c.obj)
                0x0c00629a                usbd_add_configuration
 .text.usbd_device_lock
                0x0c00635a        0xe zephyr/subsys/usb/device_next/libsubsys__usb__device_next.a(usbd_class.c.obj)
 .text.usbd_class_desc_len
                0x0c006368       0x20 zephyr/subsys/usb/device_next/libsubsys__usb__device_next.a(usbd_class.c.obj)
                0x0c006368                usbd_class_desc_len
 .text.usbd_class_get_by_config
                0x0c006388       0x20 zephyr/subsys/usb/device_next/libsubsys__usb__device_next.a(usbd_class.c.obj)
                0x0c006388                usbd_class_get_by_config
 .text.usbd_class_get_by_iface
                0x0c0063a8       0x20 zephyr/subsys/usb/device_next/libsubsys__usb__device_next.a(usbd_class.c.obj)
                0x0c0063a8                usbd_class_get_by_iface
 .text.usbd_class_handle_xfer
                0x0c0063c8       0x12 zephyr/subsys/usb/device_next/libsubsys__usb__device_next.a(usbd_class.c.obj)
                0x0c0063c8                usbd_class_handle_xfer
 .text.usbd_class_get_by_ep
                0x0c0063da       0x46 zephyr/subsys/usb/device_next/libsubsys__usb__device_next.a(usbd_class.c.obj)
                0x0c0063da                usbd_class_get_by_ep
 .text.usbd_class_get_by_req
                0x0c006420       0x2e zephyr/subsys/usb/device_next/libsubsys__usb__device_next.a(usbd_class.c.obj)
                0x0c006420                usbd_class_get_by_req
 .text.usbd_register_class
                0x0c00644e       0x90 zephyr/subsys/usb/device_next/libsubsys__usb__device_next.a(usbd_class.c.obj)
                0x0c00644e                usbd_register_class
 .text.usbd_interface_modify
                0x0c0064de       0x96 zephyr/subsys/usb/device_next/libsubsys__usb__device_next.a(usbd_interface.c.obj)
 .text.usbd_interface_shutdown
                0x0c006574       0x54 zephyr/subsys/usb/device_next/libsubsys__usb__device_next.a(usbd_interface.c.obj)
                0x0c006574                usbd_interface_shutdown
 .text.usbd_interface_default
                0x0c0065c8       0x50 zephyr/subsys/usb/device_next/libsubsys__usb__device_next.a(usbd_interface.c.obj)
                0x0c0065c8                usbd_interface_default
 .text.usbd_interface_set
                0x0c006618       0x78 zephyr/subsys/usb/device_next/libsubsys__usb__device_next.a(usbd_interface.c.obj)
                0x0c006618                usbd_interface_set
 .text.usbd_ep_bm_clear
                0x0c006690       0x1c zephyr/subsys/usb/device_next/libsubsys__usb__device_next.a(usbd_endpoint.c.obj)
 .text.usbd_ep_enable
                0x0c0066ac       0x38 zephyr/subsys/usb/device_next/libsubsys__usb__device_next.a(usbd_endpoint.c.obj)
                0x0c0066ac                usbd_ep_enable
 .text.usbd_ep_disable
                0x0c0066e4       0x2c zephyr/subsys/usb/device_next/libsubsys__usb__device_next.a(usbd_endpoint.c.obj)
                0x0c0066e4                usbd_ep_disable
 .text.usbd_ep_ctrl_data_in_alloc
                0x0c006710        0xa zephyr/subsys/usb/device_next/libsubsys__usb__device_next.a(usbd_endpoint.c.obj)
                0x0c006710                usbd_ep_ctrl_data_in_alloc
 .text.usbd_ep_ctrl_enqueue
                0x0c00671a       0x7a zephyr/subsys/usb/device_next/libsubsys__usb__device_next.a(usbd_endpoint.c.obj)
                0x0c00671a                usbd_ep_ctrl_enqueue
 .text.usbd_ep_buf_alloc
                0x0c006794        0x8 zephyr/subsys/usb/device_next/libsubsys__usb__device_next.a(usbd_endpoint.c.obj)
                0x0c006794                usbd_ep_buf_alloc
 .text.usbd_ep_enqueue
                0x0c00679c       0x30 zephyr/subsys/usb/device_next/libsubsys__usb__device_next.a(usbd_endpoint.c.obj)
                0x0c00679c                usbd_ep_enqueue
 .text.usbd_ep_buf_free
                0x0c0067cc        0x6 zephyr/subsys/usb/device_next/libsubsys__usb__device_next.a(usbd_endpoint.c.obj)
                0x0c0067cc                usbd_ep_buf_free
 .text.usbd_ep_set_halt
                0x0c0067d2       0x28 zephyr/subsys/usb/device_next/libsubsys__usb__device_next.a(usbd_endpoint.c.obj)
                0x0c0067d2                usbd_ep_set_halt
 .text.usbd_ep_clear_halt
                0x0c0067fa       0x1e zephyr/subsys/usb/device_next/libsubsys__usb__device_next.a(usbd_endpoint.c.obj)
                0x0c0067fa                usbd_ep_clear_halt
 .text.usbd_ep_is_halted
                0x0c006818       0x16 zephyr/subsys/usb/device_next/libsubsys__usb__device_next.a(usbd_endpoint.c.obj)
                0x0c006818                usbd_ep_is_halted
 .text.usbd_msg_pub_simple
                0x0c00682e       0x1c zephyr/subsys/usb/device_next/libsubsys__usb__device_next.a(usbd_msg.c.obj)
                0x0c00682e                usbd_msg_pub_simple
 .text.usbd_msg_pub_device
                0x0c00684a       0x1c zephyr/subsys/usb/device_next/libsubsys__usb__device_next.a(usbd_msg.c.obj)
                0x0c00684a                usbd_msg_pub_device
 .text.usbd_cdc_acm_update
                0x0c006866        0x2 zephyr/subsys/usb/device_next/libsubsys__usb__device_next.a(usbd_cdc_acm.c.obj)
 .text.usbd_cdc_acm_get_desc
                0x0c006868        0x8 zephyr/subsys/usb/device_next/libsubsys__usb__device_next.a(usbd_cdc_acm.c.obj)
 .text.cdc_acm_update_uart_cfg
                0x0c006870       0x4c zephyr/subsys/usb/device_next/libsubsys__usb__device_next.a(usbd_cdc_acm.c.obj)
 .text.cdc_acm_irq_tx_ready
                0x0c0068bc       0x18 zephyr/subsys/usb/device_next/libsubsys__usb__device_next.a(usbd_cdc_acm.c.obj)
 .text.cdc_acm_irq_rx_ready
                0x0c0068d4        0x8 zephyr/subsys/usb/device_next/libsubsys__usb__device_next.a(usbd_cdc_acm.c.obj)
 .text.cdc_acm_irq_is_pending
                0x0c0068dc       0x12 zephyr/subsys/usb/device_next/libsubsys__usb__device_next.a(usbd_cdc_acm.c.obj)
 .text.cdc_acm_irq_callback_set
                0x0c0068ee        0x8 zephyr/subsys/usb/device_next/libsubsys__usb__device_next.a(usbd_cdc_acm.c.obj)
 .text.cdc_acm_line_ctrl_get
                0x0c0068f6       0x24 zephyr/subsys/usb/device_next/libsubsys__usb__device_next.a(usbd_cdc_acm.c.obj)
 .text.cdc_acm_configure
                0x0c00691a       0x16 zephyr/subsys/usb/device_next/libsubsys__usb__device_next.a(usbd_cdc_acm.c.obj)
 .text.atomic_test_bit
                0x0c006930        0xc zephyr/subsys/usb/device_next/libsubsys__usb__device_next.a(usbd_cdc_acm.c.obj)
 .text.usbd_cdc_acm_suspended
                0x0c00693c       0x18 zephyr/subsys/usb/device_next/libsubsys__usb__device_next.a(usbd_cdc_acm.c.obj)
 .text.cdc_acm_fifo_read
                0x0c006954       0x14 zephyr/subsys/usb/device_next/libsubsys__usb__device_next.a(usbd_cdc_acm.c.obj)
 .text.cdc_acm_poll_in
                0x0c006968       0x2a zephyr/subsys/usb/device_next/libsubsys__usb__device_next.a(usbd_cdc_acm.c.obj)
 .text.cdc_acm_fifo_fill
                0x0c006992       0x2a zephyr/subsys/usb/device_next/libsubsys__usb__device_next.a(usbd_cdc_acm.c.obj)
 .text.cdc_acm_config_get
                0x0c0069bc        0xe zephyr/subsys/usb/device_next/libsubsys__usb__device_next.a(usbd_cdc_acm.c.obj)
 .text.usbd_cdc_acm_init
                0x0c0069ca       0x34 zephyr/subsys/usb/device_next/libsubsys__usb__device_next.a(usbd_cdc_acm.c.obj)
 .text.atomic_clear_bit
                0x0c0069fe       0x16 zephyr/subsys/usb/device_next/libsubsys__usb__device_next.a(usbd_cdc_acm.c.obj)
 .text.cdc_acm_irq_rx_disable
                0x0c006a14        0xa zephyr/subsys/usb/device_next/libsubsys__usb__device_next.a(usbd_cdc_acm.c.obj)
 .text.cdc_acm_irq_tx_disable
                0x0c006a1e        0xa zephyr/subsys/usb/device_next/libsubsys__usb__device_next.a(usbd_cdc_acm.c.obj)
 .text.usbd_cdc_acm_disable
                0x0c006a28       0x18 zephyr/subsys/usb/device_next/libsubsys__usb__device_next.a(usbd_cdc_acm.c.obj)
 .text.usbd_cdc_acm_resumed
                0x0c006a40        0xc zephyr/subsys/usb/device_next/libsubsys__usb__device_next.a(usbd_cdc_acm.c.obj)
 .text.cdc_acm_tx_fifo_handler
                0x0c006a4c       0xbe zephyr/subsys/usb/device_next/libsubsys__usb__device_next.a(usbd_cdc_acm.c.obj)
 .text.cdc_acm_line_ctrl_set
                0x0c006b0a       0xee zephyr/subsys/usb/device_next/libsubsys__usb__device_next.a(usbd_cdc_acm.c.obj)
 .text.usbd_cdc_acm_request
                0x0c006bf8       0xe8 zephyr/subsys/usb/device_next/libsubsys__usb__device_next.a(usbd_cdc_acm.c.obj)
 .text.cdc_acm_irq_cb_handler
                0x0c006ce0       0xae zephyr/subsys/usb/device_next/libsubsys__usb__device_next.a(usbd_cdc_acm.c.obj)
 .text.cdc_acm_rx_fifo_handler
                0x0c006d8e       0x82 zephyr/subsys/usb/device_next/libsubsys__usb__device_next.a(usbd_cdc_acm.c.obj)
 .text.cdc_acm_irq_update
                0x0c006e10       0x46 zephyr/subsys/usb/device_next/libsubsys__usb__device_next.a(usbd_cdc_acm.c.obj)
 .text.cdc_acm_irq_tx_enable
                0x0c006e56       0x2e zephyr/subsys/usb/device_next/libsubsys__usb__device_next.a(usbd_cdc_acm.c.obj)
 .text.cdc_acm_irq_rx_enable
                0x0c006e84       0x42 zephyr/subsys/usb/device_next/libsubsys__usb__device_next.a(usbd_cdc_acm.c.obj)
 .text.usbd_cdc_acm_enable
                0x0c006ec6       0x5c zephyr/subsys/usb/device_next/libsubsys__usb__device_next.a(usbd_cdc_acm.c.obj)
 .text.eic_mchp_isr_0
                0x0c006f22       0x2e zephyr/drivers/interrupt_controller/libdrivers__interrupt_controller.a(intc_mchp_eic_g1.c.obj)
 .text.eic_mchp_isr_1
                0x0c006f50       0x30 zephyr/drivers/interrupt_controller/libdrivers__interrupt_controller.a(intc_mchp_eic_g1.c.obj)
 .text.eic_mchp_isr_2
                0x0c006f80       0x30 zephyr/drivers/interrupt_controller/libdrivers__interrupt_controller.a(intc_mchp_eic_g1.c.obj)
 .text.eic_mchp_isr_3
                0x0c006fb0       0x30 zephyr/drivers/interrupt_controller/libdrivers__interrupt_controller.a(intc_mchp_eic_g1.c.obj)
 .text.eic_mchp_isr_4
                0x0c006fe0       0x30 zephyr/drivers/interrupt_controller/libdrivers__interrupt_controller.a(intc_mchp_eic_g1.c.obj)
 .text.eic_mchp_isr_5
                0x0c007010       0x30 zephyr/drivers/interrupt_controller/libdrivers__interrupt_controller.a(intc_mchp_eic_g1.c.obj)
 .text.eic_mchp_isr_6
                0x0c007040       0x30 zephyr/drivers/interrupt_controller/libdrivers__interrupt_controller.a(intc_mchp_eic_g1.c.obj)
 .text.eic_mchp_isr_7
                0x0c007070       0x30 zephyr/drivers/interrupt_controller/libdrivers__interrupt_controller.a(intc_mchp_eic_g1.c.obj)
 .text.eic_mchp_isr_8
                0x0c0070a0       0x36 zephyr/drivers/interrupt_controller/libdrivers__interrupt_controller.a(intc_mchp_eic_g1.c.obj)
 .text.eic_mchp_isr_9
                0x0c0070d6       0x36 zephyr/drivers/interrupt_controller/libdrivers__interrupt_controller.a(intc_mchp_eic_g1.c.obj)
 .text.eic_mchp_isr_10
                0x0c00710c       0x36 zephyr/drivers/interrupt_controller/libdrivers__interrupt_controller.a(intc_mchp_eic_g1.c.obj)
 .text.eic_mchp_isr_11
                0x0c007142       0x36 zephyr/drivers/interrupt_controller/libdrivers__interrupt_controller.a(intc_mchp_eic_g1.c.obj)
 .text.eic_mchp_isr_12
                0x0c007178       0x36 zephyr/drivers/interrupt_controller/libdrivers__interrupt_controller.a(intc_mchp_eic_g1.c.obj)
 .text.eic_mchp_isr_13
                0x0c0071ae       0x36 zephyr/drivers/interrupt_controller/libdrivers__interrupt_controller.a(intc_mchp_eic_g1.c.obj)
 .text.eic_mchp_isr_14
                0x0c0071e4       0x36 zephyr/drivers/interrupt_controller/libdrivers__interrupt_controller.a(intc_mchp_eic_g1.c.obj)
 .text.eic_mchp_isr_15
                0x0c00721a       0x36 zephyr/drivers/interrupt_controller/libdrivers__interrupt_controller.a(intc_mchp_eic_g1.c.obj)
 .text.eic_irq_connect_0
                0x0c007250      0x106 zephyr/drivers/interrupt_controller/libdrivers__interrupt_controller.a(intc_mchp_eic_g1.c.obj)
 .text.eic_mchp_init
                0x0c007356       0x66 zephyr/drivers/interrupt_controller/libdrivers__interrupt_controller.a(intc_mchp_eic_g1.c.obj)
 .text.udc_buf_destroy
                0x0c0073bc       0x30 zephyr/drivers/usb/udc/libdrivers__usb__udc.a(udc_common.c.obj)
 .text.ep_check_config.isra.0
                0x0c0073ec       0x68 zephyr/drivers/usb/udc/libdrivers__usb__udc.a(udc_common.c.obj)
 .text.udc_is_initialized.isra.0
                0x0c007454        0xc zephyr/drivers/usb/udc/libdrivers__usb__udc.a(udc_common.c.obj)
 .text.udc_is_enabled.isra.0
                0x0c007460        0xc zephyr/drivers/usb/udc/libdrivers__usb__udc.a(udc_common.c.obj)
 .text.udc_set_suspended
                0x0c00746c       0x2e zephyr/drivers/usb/udc/libdrivers__usb__udc.a(udc_common.c.obj)
                0x0c00746c                udc_set_suspended
 .text.udc_get_ep_cfg
                0x0c00749a       0x12 zephyr/drivers/usb/udc/libdrivers__usb__udc.a(udc_common.c.obj)
                0x0c00749a                udc_get_ep_cfg
 .text.udc_ep_is_busy
                0x0c0074ac        0x8 zephyr/drivers/usb/udc/libdrivers__usb__udc.a(udc_common.c.obj)
                0x0c0074ac                udc_ep_is_busy
 .text.udc_ep_set_busy
                0x0c0074b4        0xa zephyr/drivers/usb/udc/libdrivers__usb__udc.a(udc_common.c.obj)
                0x0c0074b4                udc_ep_set_busy
 .text.udc_register_ep
                0x0c0074be       0x2c zephyr/drivers/usb/udc/libdrivers__usb__udc.a(udc_common.c.obj)
                0x0c0074be                udc_register_ep
 .text.udc_buf_get
                0x0c0074ea        0x8 zephyr/drivers/usb/udc/libdrivers__usb__udc.a(udc_common.c.obj)
                0x0c0074ea                udc_buf_get
 .text.udc_buf_peek
                0x0c0074f2        0x4 zephyr/drivers/usb/udc/libdrivers__usb__udc.a(udc_common.c.obj)
                0x0c0074f2                udc_buf_peek
 .text.udc_buf_put
                0x0c0074f6        0x4 zephyr/drivers/usb/udc/libdrivers__usb__udc.a(udc_common.c.obj)
                0x0c0074f6                udc_buf_put
 .text.udc_ep_buf_has_zlp
                0x0c0074fa        0x8 zephyr/drivers/usb/udc/libdrivers__usb__udc.a(udc_common.c.obj)
                0x0c0074fa                udc_ep_buf_has_zlp
 .text.udc_ep_buf_clear_zlp
                0x0c007502        0xa zephyr/drivers/usb/udc/libdrivers__usb__udc.a(udc_common.c.obj)
                0x0c007502                udc_ep_buf_clear_zlp
 .text.udc_submit_event
                0x0c00750c       0x18 zephyr/drivers/usb/udc/libdrivers__usb__udc.a(udc_common.c.obj)
                0x0c00750c                udc_submit_event
 .text.udc_submit_ep_event
                0x0c007524       0x30 zephyr/drivers/usb/udc/libdrivers__usb__udc.a(udc_common.c.obj)
                0x0c007524                udc_submit_ep_event
 .text.udc_ep_cancel_queued
                0x0c007554       0x1e zephyr/drivers/usb/udc/libdrivers__usb__udc.a(udc_common.c.obj)
                0x0c007554                udc_ep_cancel_queued
 .text.udc_setup_received
                0x0c007572       0xb4 zephyr/drivers/usb/udc/libdrivers__usb__udc.a(udc_common.c.obj)
                0x0c007572                udc_setup_received
 .text.udc_ep_try_config
                0x0c007626       0x8a zephyr/drivers/usb/udc/libdrivers__usb__udc.a(udc_common.c.obj)
                0x0c007626                udc_ep_try_config
 .text.udc_ep_enable_internal
                0x0c0076b0       0x64 zephyr/drivers/usb/udc/libdrivers__usb__udc.a(udc_common.c.obj)
                0x0c0076b0                udc_ep_enable_internal
 .text.udc_ep_enable
                0x0c007714       0x52 zephyr/drivers/usb/udc/libdrivers__usb__udc.a(udc_common.c.obj)
                0x0c007714                udc_ep_enable
 .text.udc_ep_disable_internal
                0x0c007766       0x3e zephyr/drivers/usb/udc/libdrivers__usb__udc.a(udc_common.c.obj)
                0x0c007766                udc_ep_disable_internal
 .text.udc_ep_disable
                0x0c0077a4       0x38 zephyr/drivers/usb/udc/libdrivers__usb__udc.a(udc_common.c.obj)
                0x0c0077a4                udc_ep_disable
 .text.udc_ep_set_halt
                0x0c0077dc       0x54 zephyr/drivers/usb/udc/libdrivers__usb__udc.a(udc_common.c.obj)
                0x0c0077dc                udc_ep_set_halt
 .text.udc_ep_clear_halt
                0x0c007830       0x60 zephyr/drivers/usb/udc/libdrivers__usb__udc.a(udc_common.c.obj)
                0x0c007830                udc_ep_clear_halt
 .text.udc_ep_enqueue
                0x0c007890       0x8c zephyr/drivers/usb/udc/libdrivers__usb__udc.a(udc_common.c.obj)
                0x0c007890                udc_ep_enqueue
 .text.udc_ep_queue_is_empty
                0x0c00791c       0x2e zephyr/drivers/usb/udc/libdrivers__usb__udc.a(udc_common.c.obj)
                0x0c00791c                udc_ep_queue_is_empty
 .text.udc_ep_dequeue
                0x0c00794a       0x42 zephyr/drivers/usb/udc/libdrivers__usb__udc.a(udc_common.c.obj)
                0x0c00794a                udc_ep_dequeue
 .text.udc_ctrl_setup_alloc
                0x0c00798c       0x1e zephyr/drivers/usb/udc/libdrivers__usb__udc.a(udc_common.c.obj)
                0x0c00798c                udc_ctrl_setup_alloc
 .text.udc_ctrl_data_alloc
                0x0c0079aa       0x28 zephyr/drivers/usb/udc/libdrivers__usb__udc.a(udc_common.c.obj)
                0x0c0079aa                udc_ctrl_data_alloc
 .text.udc_ctrl_status_alloc
                0x0c0079d2       0x22 zephyr/drivers/usb/udc/libdrivers__usb__udc.a(udc_common.c.obj)
                0x0c0079d2                udc_ctrl_status_alloc
 .text.udc_ep_buf_free
                0x0c0079f4       0x1c zephyr/drivers/usb/udc/libdrivers__usb__udc.a(udc_common.c.obj)
                0x0c0079f4                udc_ep_buf_free
 .text.udc_device_speed
                0x0c007a10       0x2c zephyr/drivers/usb/udc/libdrivers__usb__udc.a(udc_common.c.obj)
                0x0c007a10                udc_device_speed
 .text.udc_enable
                0x0c007a3c       0x50 zephyr/drivers/usb/udc/libdrivers__usb__udc.a(udc_common.c.obj)
                0x0c007a3c                udc_enable
 .text.udc_disable
                0x0c007a8c       0x40 zephyr/drivers/usb/udc/libdrivers__usb__udc.a(udc_common.c.obj)
                0x0c007a8c                udc_disable
 .text.udc_init
                0x0c007acc       0x5e zephyr/drivers/usb/udc/libdrivers__usb__udc.a(udc_common.c.obj)
                0x0c007acc                udc_init
 .text.udc_shutdown
                0x0c007b2a       0x4e zephyr/drivers/usb/udc/libdrivers__usb__udc.a(udc_common.c.obj)
                0x0c007b2a                udc_shutdown
 .text.udc_mchp_ep_disable
                0x0c007b78       0x54 zephyr/drivers/usb/udc/libdrivers__usb__udc.a(udc_mchp_g1.c.obj)
 .text.udc_mchp_ep_set_halt
                0x0c007bcc       0x38 zephyr/drivers/usb/udc/libdrivers__usb__udc.a(udc_mchp_g1.c.obj)
 .text.udc_mchp_set_address
                0x0c007c04       0x10 zephyr/drivers/usb/udc/libdrivers__usb__udc.a(udc_mchp_g1.c.obj)
 .text.udc_mchp_host_wakeup
                0x0c007c14       0x12 zephyr/drivers/usb/udc/libdrivers__usb__udc.a(udc_mchp_g1.c.obj)
 .text.udc_mchp_device_speed
                0x0c007c26        0x4 zephyr/drivers/usb/udc/libdrivers__usb__udc.a(udc_mchp_g1.c.obj)
 .text.udc_mchp_init
                0x0c007c2a        0x4 zephyr/drivers/usb/udc/libdrivers__usb__udc.a(udc_mchp_g1.c.obj)
 .text.udc_encode_max_packet_size
                0x0c007c2e       0x1c zephyr/drivers/usb/udc/libdrivers__usb__udc.a(udc_mchp_g1.c.obj)
 .text.udc_mchp_ep_enable
                0x0c007c4a       0xae zephyr/drivers/usb/udc/libdrivers__usb__udc.a(udc_mchp_g1.c.obj)
 .text.udc_mchp_ep_dequeue
                0x0c007cf8       0x5c zephyr/drivers/usb/udc/libdrivers__usb__udc.a(udc_mchp_g1.c.obj)
 .text.udc_mchp_irq_disable_func_0
                0x0c007d54       0x1e zephyr/drivers/usb/udc/libdrivers__usb__udc.a(udc_mchp_g1.c.obj)
 .text.udc_mchp_irq_enable_func_0
                0x0c007d72       0x46 zephyr/drivers/usb/udc/libdrivers__usb__udc.a(udc_mchp_g1.c.obj)
 .text.atomic_clear
                0x0c007db8       0x12 zephyr/drivers/usb/udc/libdrivers__usb__udc.a(udc_mchp_g1.c.obj)
 .text.udc_mchp_disable
                0x0c007dca       0x4a zephyr/drivers/usb/udc/libdrivers__usb__udc.a(udc_mchp_g1.c.obj)
 .text.udc_mchp_shutdown
                0x0c007e14       0x34 zephyr/drivers/usb/udc/libdrivers__usb__udc.a(udc_mchp_g1.c.obj)
 .text.udc_mchp_driver_preinit
                0x0c007e48       0x66 zephyr/drivers/usb/udc/libdrivers__usb__udc.a(udc_mchp_g1.c.obj)
 .text.k_event_post.isra.0
                0x0c007eae        0x4 zephyr/drivers/usb/udc/libdrivers__usb__udc.a(udc_mchp_g1.c.obj)
 .text.atomic_set_bit
                0x0c007eb2       0x1e zephyr/drivers/usb/udc/libdrivers__usb__udc.a(udc_mchp_g1.c.obj)
 .text.udc_mchp_ep_clear_halt
                0x0c007ed0       0x86 zephyr/drivers/usb/udc/libdrivers__usb__udc.a(udc_mchp_g1.c.obj)
 .text.udc_mchp_unlock
                0x0c007f56       0x12 zephyr/drivers/usb/udc/libdrivers__usb__udc.a(udc_mchp_g1.c.obj)
 .text.udc_mchp_lock
                0x0c007f68       0x1c zephyr/drivers/usb/udc/libdrivers__usb__udc.a(udc_mchp_g1.c.obj)
 .text.udc_prep_in.isra.0
                0x0c007f84       0x86 zephyr/drivers/usb/udc/libdrivers__usb__udc.a(udc_mchp_g1.c.obj)
 .text.udc_mchp_ep_enqueue
                0x0c00800a       0x3a zephyr/drivers/usb/udc/libdrivers__usb__udc.a(udc_mchp_g1.c.obj)
 .text.udc_prep_out.isra.0
                0x0c008044       0xb0 zephyr/drivers/usb/udc/libdrivers__usb__udc.a(udc_mchp_g1.c.obj)
 .text.udc_handle_xfer_next
                0x0c0080f4       0x56 zephyr/drivers/usb/udc/libdrivers__usb__udc.a(udc_mchp_g1.c.obj)
 .text.udc_thread
                0x0c00814a      0x13c zephyr/drivers/usb/udc/libdrivers__usb__udc.a(udc_mchp_g1.c.obj)
 .text.udc_mchp_isr_handler
                0x0c008286      0x262 zephyr/drivers/usb/udc/libdrivers__usb__udc.a(udc_mchp_g1.c.obj)
 .text.udc_mchp_enable
                0x0c0084e8      0x19c zephyr/drivers/usb/udc/libdrivers__usb__udc.a(udc_mchp_g1.c.obj)
 .text.usb_pool_data_unref
                0x0c008684       0x18 zephyr/drivers/usb/common/buf/libdrivers__usb__common__buf.a(usb_buf.c.obj)
 .text.usb_pool_data_alloc
                0x0c00869c       0x2e zephyr/drivers/usb/common/buf/libdrivers__usb__common__buf.a(usb_buf.c.obj)
 .text.clock_mchp_off
                0x0c0086ca      0x104 zephyr/drivers/clock_control/libdrivers__clock_control.a(clock_control_mchp_pic32ck_sg_gc.c.obj)
 .text.clock_mchp_get_status
                0x0c0087ce      0x116 zephyr/drivers/clock_control/libdrivers__clock_control.a(clock_control_mchp_pic32ck_sg_gc.c.obj)
 .text.clock_get_rate_pll
                0x0c0088e4       0xae zephyr/drivers/clock_control/libdrivers__clock_control.a(clock_control_mchp_pic32ck_sg_gc.c.obj)
 .text.clock_mchp_get_rate
                0x0c008992       0xfc zephyr/drivers/clock_control/libdrivers__clock_control.a(clock_control_mchp_pic32ck_sg_gc.c.obj)
 .text.clock_on_pll_out
                0x0c008a8e       0x66 zephyr/drivers/clock_control/libdrivers__clock_control.a(clock_control_mchp_pic32ck_sg_gc.c.obj)
                0x0c008a8e                clock_on_pll_out
 .text.clock_pll_out_init
                0x0c008af4       0x60 zephyr/drivers/clock_control/libdrivers__clock_control.a(clock_control_mchp_pic32ck_sg_gc.c.obj)
                0x0c008af4                clock_pll_out_init
 .text.clock_gclkperiph_init
                0x0c008b54       0x2a zephyr/drivers/clock_control/libdrivers__clock_control.a(clock_control_mchp_pic32ck_sg_gc.c.obj)
                0x0c008b54                clock_gclkperiph_init
 .text.clock_mclkperiph_init
                0x0c008b7e       0x26 zephyr/drivers/clock_control/libdrivers__clock_control.a(clock_control_mchp_pic32ck_sg_gc.c.obj)
                0x0c008b7e                clock_mclkperiph_init
 .text.pinctrl_lookup_state
                0x0c008ba4       0x24 zephyr/drivers/pinctrl/libdrivers__pinctrl.a(common.c.obj)
                0x0c008ba4                pinctrl_lookup_state
 .text.uart_mchp_isr
                0x0c008bc8        0xc zephyr/drivers/serial/libdrivers__serial.a(uart_mchp_sercom_g1.c.obj)
 .text.uart_mchp_poll_in
                0x0c008bd4       0x16 zephyr/drivers/serial/libdrivers__serial.a(uart_mchp_sercom_g1.c.obj)
 .text.uart_mchp_poll_out
                0x0c008bea        0xe zephyr/drivers/serial/libdrivers__serial.a(uart_mchp_sercom_g1.c.obj)
 .text.uart_mchp_irq_tx_enable
                0x0c008bf8       0x24 zephyr/drivers/serial/libdrivers__serial.a(uart_mchp_sercom_g1.c.obj)
 .text.uart_mchp_fifo_fill
                0x0c008c1c       0x1c zephyr/drivers/serial/libdrivers__serial.a(uart_mchp_sercom_g1.c.obj)
 .text.uart_mchp_irq_tx_disable
                0x0c008c38        0xe zephyr/drivers/serial/libdrivers__serial.a(uart_mchp_sercom_g1.c.obj)
 .text.uart_mchp_irq_tx_ready
                0x0c008c46       0x14 zephyr/drivers/serial/libdrivers__serial.a(uart_mchp_sercom_g1.c.obj)
 .text.uart_mchp_irq_tx_complete
                0x0c008c5a        0x6 zephyr/drivers/serial/libdrivers__serial.a(uart_mchp_sercom_g1.c.obj)
 .text.uart_mchp_irq_rx_enable
                0x0c008c60        0xa zephyr/drivers/serial/libdrivers__serial.a(uart_mchp_sercom_g1.c.obj)
 .text.uart_mchp_irq_rx_disable
                0x0c008c6a        0xa zephyr/drivers/serial/libdrivers__serial.a(uart_mchp_sercom_g1.c.obj)
 .text.uart_mchp_irq_rx_ready
                0x0c008c74        0xc zephyr/drivers/serial/libdrivers__serial.a(uart_mchp_sercom_g1.c.obj)
 .text.uart_mchp_fifo_read
                0x0c008c80       0x20 zephyr/drivers/serial/libdrivers__serial.a(uart_mchp_sercom_g1.c.obj)
 .text.uart_mchp_irq_is_pending
                0x0c008ca0       0x12 zephyr/drivers/serial/libdrivers__serial.a(uart_mchp_sercom_g1.c.obj)
 .text.uart_mchp_irq_err_enable
                0x0c008cb2        0xa zephyr/drivers/serial/libdrivers__serial.a(uart_mchp_sercom_g1.c.obj)
 .text.uart_mchp_irq_err_disable
                0x0c008cbc        0xa zephyr/drivers/serial/libdrivers__serial.a(uart_mchp_sercom_g1.c.obj)
 .text.uart_mchp_irq_update
                0x0c008cc6       0x16 zephyr/drivers/serial/libdrivers__serial.a(uart_mchp_sercom_g1.c.obj)
 .text.uart_mchp_irq_callback_set
                0x0c008cdc        0x8 zephyr/drivers/serial/libdrivers__serial.a(uart_mchp_sercom_g1.c.obj)
 .text.uart_mchp_config_get
                0x0c008ce4        0xe zephyr/drivers/serial/libdrivers__serial.a(uart_mchp_sercom_g1.c.obj)
 .text.uart_mchp_irq_config_0
                0x0c008cf2       0x66 zephyr/drivers/serial/libdrivers__serial.a(uart_mchp_sercom_g1.c.obj)
 .text.uart_mchp_err_check
                0x0c008d58       0x3e zephyr/drivers/serial/libdrivers__serial.a(uart_mchp_sercom_g1.c.obj)
 .text.uart_config_parity.isra.0
                0x0c008d96       0x3c zephyr/drivers/serial/libdrivers__serial.a(uart_mchp_sercom_g1.c.obj)
 .text.z_impl_k_busy_wait
                0x0c008dd2       0x1c zephyr/kernel/libkernel.a(busy_wait.c.obj)
                0x0c008dd2                z_impl_k_busy_wait
 .text.do_device_init
                0x0c008dee       0x30 zephyr/kernel/libkernel.a(device.c.obj)
                0x0c008dee                do_device_init
 .text.z_impl_device_is_ready
                0x0c008e1e       0x16 zephyr/kernel/libkernel.a(device.c.obj)
                0x0c008e1e                z_impl_device_is_ready
 .text.arch_system_halt
                0x0c008e34       0x10 zephyr/kernel/libkernel.a(fatal.c.obj)
                0x0c008e34                arch_system_halt
 .text.k_sys_fatal_error_handler
                0x0c008e44        0x6 zephyr/kernel/libkernel.a(fatal.c.obj)
                0x0c008e44                k_sys_fatal_error_handler
 .text.z_heap_alloc_helper
                0x0c008e4a       0x84 zephyr/kernel/libkernel.a(kheap.c.obj)
 .text.k_heap_init
                0x0c008ece       0x10 zephyr/kernel/libkernel.a(kheap.c.obj)
                0x0c008ece                k_heap_init
 .text.k_heap_free
                0x0c008ede       0x38 zephyr/kernel/libkernel.a(kheap.c.obj)
                0x0c008ede                k_heap_free
 .text.create_free_list
                0x0c008f16       0x44 zephyr/kernel/libkernel.a(mem_slab.c.obj)
 .text.k_mem_slab_free
                0x0c008f5a       0x70 zephyr/kernel/libkernel.a(mem_slab.c.obj)
                0x0c008f5a                k_mem_slab_free
 .text.idle     0x0c008fca       0x16 zephyr/kernel/libkernel.a(idle.c.obj)
                0x0c008fca                idle
 .text.unpend_thread_no_timeout
                0x0c008fe0       0x1a zephyr/kernel/libkernel.a(msg_q.c.obj)
 .text.z_impl_k_msgq_put
                0x0c008ffa        0xe zephyr/kernel/libkernel.a(msg_q.c.obj)
                0x0c008ffa                z_impl_k_msgq_put
 .text.adjust_owner_prio.isra.0
                0x0c009008       0x10 zephyr/kernel/libkernel.a(mutex.c.obj)
 .text.z_impl_k_mutex_init
                0x0c009018        0xe zephyr/kernel/libkernel.a(mutex.c.obj)
                0x0c009018                z_impl_k_mutex_init
 .text.unpend_thread_no_timeout
                0x0c009026       0x1a zephyr/kernel/libkernel.a(queue.c.obj)
 .text.queue_insert
                0x0c009040       0xd0 zephyr/kernel/libkernel.a(queue.c.obj)
 .text.z_queue_node_peek
                0x0c009110       0x18 zephyr/kernel/libkernel.a(queue.c.obj)
                0x0c009110                z_queue_node_peek
 .text.z_impl_k_queue_init
                0x0c009128       0x10 zephyr/kernel/libkernel.a(queue.c.obj)
                0x0c009128                z_impl_k_queue_init
 .text.k_queue_append
                0x0c009138       0x16 zephyr/kernel/libkernel.a(queue.c.obj)
                0x0c009138                k_queue_append
 .text.k_queue_prepend
                0x0c00914e       0x14 zephyr/kernel/libkernel.a(queue.c.obj)
                0x0c00914e                k_queue_prepend
 .text.z_impl_k_queue_peek_head
                0x0c009162        0x8 zephyr/kernel/libkernel.a(queue.c.obj)
                0x0c009162                z_impl_k_queue_peek_head
 .text.flag_test_and_clear
                0x0c00916a       0x16 zephyr/kernel/libkernel.a(work.c.obj)
 .text.unschedule_locked
                0x0c009180       0x1e zephyr/kernel/libkernel.a(work.c.obj)
 .text.notify_queue_locked.isra.0
                0x0c00919e        0xe zephyr/kernel/libkernel.a(work.c.obj)
 .text.work_timeout
                0x0c0091ac       0x4e zephyr/kernel/libkernel.a(work.c.obj)
 .text.k_work_init
                0x0c0091fa       0x12 zephyr/kernel/libkernel.a(work.c.obj)
                0x0c0091fa                k_work_init
 .text.z_work_submit_to_queue
                0x0c00920c       0x26 zephyr/kernel/libkernel.a(work.c.obj)
                0x0c00920c                z_work_submit_to_queue
 .text.k_work_submit_to_queue
                0x0c009232       0x20 zephyr/kernel/libkernel.a(work.c.obj)
                0x0c009232                k_work_submit_to_queue
 .text.k_work_init_delayable
                0x0c009252       0x18 zephyr/kernel/libkernel.a(work.c.obj)
                0x0c009252                k_work_init_delayable
 .text.k_is_in_isr
                0x0c00926a        0xc zephyr/kernel/libkernel.a(thread.c.obj)
                0x0c00926a                k_is_in_isr
 .text.z_impl_k_thread_name_set
                0x0c009276        0x6 zephyr/kernel/libkernel.a(thread.c.obj)
                0x0c009276                z_impl_k_thread_name_set
 .text.z_thread_abort
                0x0c00927c       0x3e zephyr/kernel/libkernel.a(thread.c.obj)
                0x0c00927c                z_thread_abort
 .text.z_impl_k_yield
                0x0c0092ba        0x4 zephyr/kernel/libkernel.a(thread.c.obj)
                0x0c0092ba                z_impl_k_yield
 .text.sys_dlist_remove
                0x0c0092be       0x10 zephyr/kernel/libkernel.a(sched.c.obj)
 .text.unpend_thread_no_timeout
                0x0c0092ce       0x14 zephyr/kernel/libkernel.a(sched.c.obj)
 .text.add_to_waitq_locked
                0x0c0092e2       0x4c zephyr/kernel/libkernel.a(sched.c.obj)
 .text.z_ready_thread
                0x0c00932e       0x1e zephyr/kernel/libkernel.a(sched.c.obj)
                0x0c00932e                z_ready_thread
 .text.z_sched_ready_locked
                0x0c00934c        0x4 zephyr/kernel/libkernel.a(sched.c.obj)
                0x0c00934c                z_sched_ready_locked
 .text.z_sched_unready_locked
                0x0c009350        0x4 zephyr/kernel/libkernel.a(sched.c.obj)
                0x0c009350                z_sched_unready_locked
 .text.z_sched_wake_thread_locked
                0x0c009354       0x28 zephyr/kernel/libkernel.a(sched.c.obj)
                0x0c009354                z_sched_wake_thread_locked
 .text.z_thread_timeout
                0x0c00937c       0x20 zephyr/kernel/libkernel.a(sched.c.obj)
                0x0c00937c                z_thread_timeout
 .text.z_reschedule
                0x0c00939c        0x6 zephyr/kernel/libkernel.a(sched.c.obj)
                0x0c00939c                z_reschedule
 .text.z_unpend_all_locked
                0x0c0093a2       0x2e zephyr/kernel/libkernel.a(sched.c.obj)
                0x0c0093a2                z_unpend_all_locked
 .text.z_unpend_all
                0x0c0093d0       0x1e zephyr/kernel/libkernel.a(sched.c.obj)
                0x0c0093d0                z_unpend_all
 .text.z_impl_k_sleep
                0x0c0093ee       0x32 zephyr/kernel/libkernel.a(sleep.c.obj)
                0x0c0093ee                z_impl_k_sleep
 .text.z_sched_waitq_walk
                0x0c009420       0x68 zephyr/kernel/libkernel.a(scheduler.c.obj)
                0x0c009420                z_sched_waitq_walk
 .text.z_sched_wake
                0x0c009488       0x58 zephyr/kernel/libkernel.a(scheduler.c.obj)
                0x0c009488                z_sched_wake
 .text.next_timeout
                0x0c0094e0       0x2e zephyr/kernel/libkernel.a(timeout.c.obj)
 .text.z_abort_timeout
                0x0c00950e       0x6a zephyr/kernel/libkernel.a(timeout.c.obj)
                0x0c00950e                z_abort_timeout
 .text.sys_clock_tick_get_32
                0x0c009578        0x8 zephyr/kernel/libkernel.a(timeout.c.obj)
                0x0c009578                sys_clock_tick_get_32
 .text.sys_timepoint_calc
                0x0c009580       0x4a zephyr/kernel/libkernel.a(timeout.c.obj)
                0x0c009580                sys_timepoint_calc
 .text.sys_timepoint_timeout
                0x0c0095ca       0x42 zephyr/kernel/libkernel.a(timeout.c.obj)
                0x0c0095ca                sys_timepoint_timeout
 .text.k_event_wait_internal
                0x0c00960c       0x86 zephyr/kernel/libkernel.a(events.c.obj)
 .text.event_walk_op
                0x0c009692       0x40 zephyr/kernel/libkernel.a(events.c.obj)
 .text.z_impl_k_event_init
                0x0c0096d2        0xa zephyr/kernel/libkernel.a(events.c.obj)
                0x0c0096d2                z_impl_k_event_init
 .text.z_impl_k_event_post
                0x0c0096dc        0x6 zephyr/kernel/libkernel.a(events.c.obj)
                0x0c0096dc                z_impl_k_event_post
 .text.z_impl_k_event_clear
                0x0c0096e2        0x8 zephyr/kernel/libkernel.a(events.c.obj)
                0x0c0096e2                z_impl_k_event_clear
 .text.z_impl_k_event_wait
                0x0c0096ea        0x6 zephyr/kernel/libkernel.a(events.c.obj)
                0x0c0096ea                z_impl_k_event_wait
 .text.k_free   0x0c0096f0        0xe zephyr/kernel/libkernel.a(mempool.c.obj)
                0x0c0096f0                k_free
 .text.memcpy   0x0c0096fe       0x1a C:/Users/I73904/zephyr-sdk-1.0.1/gnu/arm-zephyr-eabi/bin/../lib/gcc/arm-zephyr-eabi/14.3.0/../../../../arm-zephyr-eabi/lib/thumb/v8-m.main/nofp/space\libc.a(memcpy.c.o)
                0x0c0096fe                __aeabi_memcpy
                0x0c0096fe                __aeabi_memcpy4
                0x0c0096fe                __aeabi_memcpy8
                0x0c0096fe                memcpy
 .text.memset   0x0c009718       0x10 C:/Users/I73904/zephyr-sdk-1.0.1/gnu/arm-zephyr-eabi/bin/../lib/gcc/arm-zephyr-eabi/14.3.0/../../../../arm-zephyr-eabi/lib/thumb/v8-m.main/nofp/space\libc.a(memset.c.o)
                0x0c009718                memset
 .text.strnlen  0x0c009728       0x18 C:/Users/I73904/zephyr-sdk-1.0.1/gnu/arm-zephyr-eabi/bin/../lib/gcc/arm-zephyr-eabi/14.3.0/../../../../arm-zephyr-eabi/lib/thumb/v8-m.main/nofp/space\libc.a(libc_string_strnlen.c.o)
                0x0c009728                strnlen
 .text.__ultoa_invert
                0x0c009740       0xac C:/Users/I73904/zephyr-sdk-1.0.1/gnu/arm-zephyr-eabi/bin/../lib/gcc/arm-zephyr-eabi/14.3.0/../../../../arm-zephyr-eabi/lib/thumb/v8-m.main/nofp/space\libc.a(libc_tinystdio_vflprintf.c.o)
 *(SORT_BY_ALIGNMENT(.gnu.linkonce.t.*))
 *(SORT_BY_ALIGNMENT(.glue_7t))
 .glue_7t       0x0c0097ec        0x0 linker stubs
 *(SORT_BY_ALIGNMENT(.glue_7))
 .glue_7        0x0c0097ec        0x0 linker stubs
 *(SORT_BY_ALIGNMENT(.vfp11_veneer))
 .vfp11_veneer  0x0c0097ec        0x0 linker stubs
 *(SORT_BY_ALIGNMENT(.v4_bx))
 .v4_bx         0x0c0097ec        0x0 linker stubs
                0x0c0097ec                        . = ALIGN (0x4)
                0x0c0097ec                        __text_region_end = .

.ARM.exidx      0x0c0097ec        0x8
                0x0c0097ec                        __exidx_start = .
 *(SORT_BY_ALIGNMENT(.ARM.exidx*) SORT_BY_ALIGNMENT(gnu.linkonce.armexidx.*))
 .ARM.exidx     0x0c0097ec        0x8 C:/Users/I73904/zephyr-sdk-1.0.1/gnu/arm-zephyr-eabi/bin/../lib/gcc/arm-zephyr-eabi/14.3.0/thumb/v8-m.main/nofp/space\libgcc.a(_udivmoddi4.o)
                0x0c0097f4                        __exidx_end = .
                0x0c0097f4                        __rodata_region_start = .

initlevel       0x0c0097f4       0x68
                0x0c0097f4                        __init_start = .
                0x0c0097f4                        __init_EARLY_start = .
 *(SORT_BY_NAME(SORT_BY_ALIGNMENT(.z_init_EARLY_P_?_*)))
 *(SORT_BY_NAME(SORT_BY_ALIGNMENT(.z_init_EARLY_P_??_*)))
 *(SORT_BY_NAME(SORT_BY_ALIGNMENT(.z_init_EARLY_P_???_*)))
                0x0c0097f4                        __init_PRE_KERNEL_1_start = .
 *(SORT_BY_NAME(SORT_BY_ALIGNMENT(.z_init_PRE_KERNEL_1_P_?_*)))
 *(SORT_BY_NAME(SORT_BY_ALIGNMENT(.z_init_PRE_KERNEL_1_P_??_*)))
 .z_init_PRE_KERNEL_1_P_30_SUB_00017_
                0x0c0097f4        0x8 zephyr/drivers/clock_control/libdrivers__clock_control.a(clock_control_mchp_pic32ck_sg_gc.c.obj)
 .z_init_PRE_KERNEL_1_P_30_SUB_0_
                0x0c0097fc        0x8 zephyr/kernel/libkernel.a(kheap.c.obj)
 .z_init_PRE_KERNEL_1_P_30_SUB_0_
                0x0c009804        0x8 zephyr/kernel/libkernel.a(mem_slab.c.obj)
 .z_init_PRE_KERNEL_1_P_40_SUB_00025_
                0x0c00980c        0x8 zephyr/drivers/interrupt_controller/libdrivers__interrupt_controller.a(intc_mchp_eic_g1.c.obj)
 .z_init_PRE_KERNEL_1_P_50_SUB_00037_
                0x0c009814        0x8 zephyr/drivers/serial/libdrivers__serial.a(uart_mchp_sercom_g1.c.obj)
 .z_init_PRE_KERNEL_1_P_50_SUB_00133_
                0x0c00981c        0x8 zephyr/subsys/usb/device_next/libsubsys__usb__device_next.a(usbd_cdc_acm.c.obj)
 .z_init_PRE_KERNEL_1_P_60_SUB_0_
                0x0c009824        0x8 zephyr/drivers/console/libdrivers__console.a(uart_console.c.obj)
 *(SORT_BY_NAME(SORT_BY_ALIGNMENT(.z_init_PRE_KERNEL_1_P_???_*)))
                0x0c00982c                        __init_PRE_KERNEL_2_start = .
 *(SORT_BY_NAME(SORT_BY_ALIGNMENT(.z_init_PRE_KERNEL_2_P_?_*)))
 .z_init_PRE_KERNEL_2_P_0_SUB_0_
                0x0c00982c        0x8 zephyr/drivers/timer/libdrivers__timer.a(cortex_m_systick.c.obj)
 *(SORT_BY_NAME(SORT_BY_ALIGNMENT(.z_init_PRE_KERNEL_2_P_??_*)))
 *(SORT_BY_NAME(SORT_BY_ALIGNMENT(.z_init_PRE_KERNEL_2_P_???_*)))
                0x0c009834                        __init_POST_KERNEL_start = .
 *(SORT_BY_NAME(SORT_BY_ALIGNMENT(.z_init_POST_KERNEL_P_?_*)))
 *(SORT_BY_NAME(SORT_BY_ALIGNMENT(.z_init_POST_KERNEL_P_??_*)))
 .z_init_POST_KERNEL_P_35_SUB_0_
                0x0c009834        0x8 zephyr/lib/libc/common/liblib__libc__common.a(malloc.c.obj)
 .z_init_POST_KERNEL_P_40_SUB_0_
                0x0c00983c        0x8 zephyr/kernel/libkernel.a(system_work_q.c.obj)
 .z_init_POST_KERNEL_P_50_SUB_00132_
                0x0c009844        0x8 zephyr/drivers/usb/udc/libdrivers__usb__udc.a(udc_mchp_g1.c.obj)
 .z_init_POST_KERNEL_P_90_SUB_0_
                0x0c00984c        0x8 zephyr/subsys/usb/device_next/libsubsys__usb__device_next.a(usbd_core.c.obj)
 *(SORT_BY_NAME(SORT_BY_ALIGNMENT(.z_init_POST_KERNEL_P_???_*)))
                0x0c009854                        __init_APPLICATION_start = .
 *(SORT_BY_NAME(SORT_BY_ALIGNMENT(.z_init_APPLICATION_P_?_*)))
 *(SORT_BY_NAME(SORT_BY_ALIGNMENT(.z_init_APPLICATION_P_??_*)))
 .z_init_APPLICATION_P_90_SUB_0_
                0x0c009854        0x8 zephyr/libzephyr.a(cdc_acm_serial.c.obj)
 *(SORT_BY_NAME(SORT_BY_ALIGNMENT(.z_init_APPLICATION_P_???_*)))
                0x0c00985c                        __init_SMP_start = .
 *(SORT_BY_NAME(SORT_BY_ALIGNMENT(.z_init_SMP_P_?_*)))
 *(SORT_BY_NAME(SORT_BY_ALIGNMENT(.z_init_SMP_P_??_*)))
 *(SORT_BY_NAME(SORT_BY_ALIGNMENT(.z_init_SMP_P_???_*)))
                0x0c00985c                        __init_end = .

device_area     0x0c00985c       0x8c
                0x0c00985c                        _device_list_start = .
 *(SORT_BY_NAME(SORT_BY_ALIGNMENT(._device.static.*_?_*)))
 *(SORT_BY_NAME(SORT_BY_ALIGNMENT(._device.static.*_??_*)))
 ._device.static.1_30_
                0x0c00985c       0x1c zephyr/drivers/clock_control/libdrivers__clock_control.a(clock_control_mchp_pic32ck_sg_gc.c.obj)
                0x0c00985c                __device_dts_ord_17
 ._device.static.1_40_
                0x0c009878       0x1c zephyr/drivers/interrupt_controller/libdrivers__interrupt_controller.a(intc_mchp_eic_g1.c.obj)
                0x0c009878                __device_dts_ord_25
 ._device.static.1_50_
                0x0c009894       0x1c zephyr/subsys/usb/device_next/libsubsys__usb__device_next.a(usbd_cdc_acm.c.obj)
                0x0c009894                __device_dts_ord_133
 ._device.static.1_50_
                0x0c0098b0       0x1c zephyr/drivers/serial/libdrivers__serial.a(uart_mchp_sercom_g1.c.obj)
                0x0c0098b0                __device_dts_ord_37
 ._device.static.3_50_
                0x0c0098cc       0x1c zephyr/drivers/usb/udc/libdrivers__usb__udc.a(udc_mchp_g1.c.obj)
                0x0c0098cc                __device_dts_ord_132
 *(SORT_BY_NAME(SORT_BY_ALIGNMENT(._device.static.*_???_*)))
 *(SORT_BY_NAME(SORT_BY_ALIGNMENT(._device.static.*_????_*)))
 *(SORT_BY_NAME(SORT_BY_ALIGNMENT(._device.static.*_?????_*)))
                0x0c0098e8                        _device_list_end = .

sw_isr_table    0x0c0098e8      0x4f0
                0x0c0098e8                        . = ALIGN (0x4)
 *(SORT_BY_ALIGNMENT(.gnu.linkonce.sw_isr_table*))
 .gnu.linkonce.sw_isr_table
                0x0c0098e8      0x4f0 zephyr/CMakeFiles/zephyr_final.dir/isr_tables.c.obj
                0x0c0098e8                _sw_isr_table

initlevel_error
 *(SORT_BY_NAME(SORT_BY_ALIGNMENT(.z_init_*)))
                0x00000001                        ASSERT ((SIZEOF (initlevel_error) == 0x0), Undefined initialization levels used.)

app_shmem_regions
                0x0c009dd8        0x0
                0x0c009dd8                        __app_shmem_regions_start = .
 *(SORT_BY_NAME(SORT_BY_ALIGNMENT(.app_regions.*)))
                0x0c009dd8                        __app_shmem_regions_end = .

k_p4wq_initparam_area
                0x0c009dd8        0x0
                0x0c009dd8                        _k_p4wq_initparam_list_start = .
 *(SORT_BY_NAME(SORT_BY_ALIGNMENT(._k_p4wq_initparam.static.*)))
                0x0c009dd8                        _k_p4wq_initparam_list_end = .

_static_thread_data_area
                0x0c009dd8        0x0
                0x0c009dd8                        __static_thread_data_list_start = .
 *(SORT_BY_NAME(SORT_BY_ALIGNMENT(.__static_thread_data.static.*)))
                0x0c009dd8                        __static_thread_data_list_end = .

device_deps     0x0c009dd8        0x0
                0x0c009dd8                        __device_deps_start = .
 *(SORT_BY_NAME(SORT_BY_ALIGNMENT(.__device_deps_pass2*)))
                0x0c009dd8                        __device_deps_end = .

shared_irq_driver_api_area
                0x0c009dd8        0x0
                0x0c009dd8                        _shared_irq_driver_api_list_start = .
 *(SORT_BY_NAME(SORT_BY_ALIGNMENT(._shared_irq_driver_api.static.*)))
                0x0c009dd8                        _shared_irq_driver_api_list_end = .

crypto_driver_api_area
                0x0c009dd8        0x0
                0x0c009dd8                        _crypto_driver_api_list_start = .
 *(SORT_BY_NAME(SORT_BY_ALIGNMENT(._crypto_driver_api.static.*)))
                0x0c009dd8                        _crypto_driver_api_list_end = .

adc_driver_api_area
                0x0c009dd8        0x0
                0x0c009dd8                        _adc_driver_api_list_start = .
 *(SORT_BY_NAME(SORT_BY_ALIGNMENT(._adc_driver_api.static.*)))
                0x0c009dd8                        _adc_driver_api_list_end = .

auxdisplay_driver_api_area
                0x0c009dd8        0x0
                0x0c009dd8                        _auxdisplay_driver_api_list_start = .
 *(SORT_BY_NAME(SORT_BY_ALIGNMENT(._auxdisplay_driver_api.static.*)))
                0x0c009dd8                        _auxdisplay_driver_api_list_end = .

bbram_driver_api_area
                0x0c009dd8        0x0
                0x0c009dd8                        _bbram_driver_api_list_start = .
 *(SORT_BY_NAME(SORT_BY_ALIGNMENT(._bbram_driver_api.static.*)))
                0x0c009dd8                        _bbram_driver_api_list_end = .

biometric_driver_api_area
                0x0c009dd8        0x0
                0x0c009dd8                        _biometric_driver_api_list_start = .
 *(SORT_BY_NAME(SORT_BY_ALIGNMENT(._biometric_driver_api.static.*)))
                0x0c009dd8                        _biometric_driver_api_list_end = .

bt_hci_driver_api_area
                0x0c009dd8        0x0
                0x0c009dd8                        _bt_hci_driver_api_list_start = .
 *(SORT_BY_NAME(SORT_BY_ALIGNMENT(._bt_hci_driver_api.static.*)))
                0x0c009dd8                        _bt_hci_driver_api_list_end = .

can_driver_api_area
                0x0c009dd8        0x0
                0x0c009dd8                        _can_driver_api_list_start = .
 *(SORT_BY_NAME(SORT_BY_ALIGNMENT(._can_driver_api.static.*)))
                0x0c009dd8                        _can_driver_api_list_end = .

cellular_driver_api_area
                0x0c009dd8        0x0
                0x0c009dd8                        _cellular_driver_api_list_start = .
 *(SORT_BY_NAME(SORT_BY_ALIGNMENT(._cellular_driver_api.static.*)))
                0x0c009dd8                        _cellular_driver_api_list_end = .

charger_driver_api_area
                0x0c009dd8        0x0
                0x0c009dd8                        _charger_driver_api_list_start = .
 *(SORT_BY_NAME(SORT_BY_ALIGNMENT(._charger_driver_api.static.*)))
                0x0c009dd8                        _charger_driver_api_list_end = .

clock_control_driver_api_area
                0x0c009dd8       0x1c
                0x0c009dd8                        _clock_control_driver_api_list_start = .
 *(SORT_BY_NAME(SORT_BY_ALIGNMENT(._clock_control_driver_api.static.*)))
 ._clock_control_driver_api.static.clock_mchp_driver_api_
                0x0c009dd8       0x1c zephyr/drivers/clock_control/libdrivers__clock_control.a(clock_control_mchp_pic32ck_sg_gc.c.obj)
                0x0c009df4                        _clock_control_driver_api_list_end = .

comparator_driver_api_area
                0x0c009df4        0x0
                0x0c009df4                        _comparator_driver_api_list_start = .
 *(SORT_BY_NAME(SORT_BY_ALIGNMENT(._comparator_driver_api.static.*)))
                0x0c009df4                        _comparator_driver_api_list_end = .

coredump_driver_api_area
                0x0c009df4        0x0
                0x0c009df4                        _coredump_driver_api_list_start = .
 *(SORT_BY_NAME(SORT_BY_ALIGNMENT(._coredump_driver_api.static.*)))
                0x0c009df4                        _coredump_driver_api_list_end = .

counter_driver_api_area
                0x0c009df4        0x0
                0x0c009df4                        _counter_driver_api_list_start = .
 *(SORT_BY_NAME(SORT_BY_ALIGNMENT(._counter_driver_api.static.*)))
                0x0c009df4                        _counter_driver_api_list_end = .

crc_driver_api_area
                0x0c009df4        0x0
                0x0c009df4                        _crc_driver_api_list_start = .
 *(SORT_BY_NAME(SORT_BY_ALIGNMENT(._crc_driver_api.static.*)))
                0x0c009df4                        _crc_driver_api_list_end = .

dac_driver_api_area
                0x0c009df4        0x0
                0x0c009df4                        _dac_driver_api_list_start = .
 *(SORT_BY_NAME(SORT_BY_ALIGNMENT(._dac_driver_api.static.*)))
                0x0c009df4                        _dac_driver_api_list_end = .

dai_driver_api_area
                0x0c009df4        0x0
                0x0c009df4                        _dai_driver_api_list_start = .
 *(SORT_BY_NAME(SORT_BY_ALIGNMENT(._dai_driver_api.static.*)))
                0x0c009df4                        _dai_driver_api_list_end = .

display_driver_api_area
                0x0c009df4        0x0
                0x0c009df4                        _display_driver_api_list_start = .
 *(SORT_BY_NAME(SORT_BY_ALIGNMENT(._display_driver_api.static.*)))
                0x0c009df4                        _display_driver_api_list_end = .

dma_driver_api_area
                0x0c009df4        0x0
                0x0c009df4                        _dma_driver_api_list_start = .
 *(SORT_BY_NAME(SORT_BY_ALIGNMENT(._dma_driver_api.static.*)))
                0x0c009df4                        _dma_driver_api_list_end = .

edac_driver_api_area
                0x0c009df4        0x0
                0x0c009df4                        _edac_driver_api_list_start = .
 *(SORT_BY_NAME(SORT_BY_ALIGNMENT(._edac_driver_api.static.*)))
                0x0c009df4                        _edac_driver_api_list_end = .

eeprom_driver_api_area
                0x0c009df4        0x0
                0x0c009df4                        _eeprom_driver_api_list_start = .