$ D:\ZephyrProject\.venv\Scripts\west.exe build -p auto -b pic32ck_sg01_cult -d D:\ZephyrProject\usb_validation\results\.build_cache\pic32ck_sg01_cult_cdc_acm_fs -S microchip-udc-usbfs D:\ZephyrProject\mchp_zephyrproject\zephyr\samples\subsys/usb/cdc_acm

-- west build: generating a build system
Loading Zephyr default modules (Zephyr base).
-- Application: D:/ZephyrProject/mchp_zephyrproject/zephyr/samples/subsys/usb/cdc_acm
-- CMake version: 4.4.0
-- Found Python3: D:/ZephyrProject/.venv/Scripts/python.exe (found suitable version "3.14.6", minimum required is "3.12") found components: Interpreter
-- Cache files will be written to: D:/ZephyrProject/mchp_zephyrproject/zephyr/.cache
-- Zephyr version: 4.4.0 (D:/ZephyrProject/mchp_zephyrproject/zephyr)
-- Found west (found suitable version "1.5.0", minimum required is "0.14.0")
-- Board: pic32ck_sg01_cult, qualifiers: pic32ck2051sg01144
-- Snippet(s): microchip-udc-usbfs
-- ZEPHYR_TOOLCHAIN_VARIANT not set, trying to locate Zephyr SDK
-- Found host-tools: zephyr 1.0.1 (C:/Users/I73904/zephyr-sdk-1.0.1)
-- Found toolchain: zephyr 1.0.1 (C:/Users/I73904/zephyr-sdk-1.0.1)
-- Found Dtc: C:/ProgramData/chocolatey/bin/dtc.exe (found suitable version "1.6.1", minimum required is "1.4.6")
-- Found BOARD.dts: D:/ZephyrProject/mchp_zephyrproject/zephyr/boards/microchip/pic32c/pic32ck_sg01_cult/pic32ck_sg01_cult.dts
-- Found devicetree overlay: D:/ZephyrProject/mchp_zephyrproject/zephyr/samples/subsys/usb/cdc_acm/app.overlay
-- Generated zephyr.dts: D:/ZephyrProject/usb_validation/results/.build_cache/pic32ck_sg01_cult_cdc_acm_fs/zephyr/zephyr.dts
-- Generated pickled edt: D:/ZephyrProject/usb_validation/results/.build_cache/pic32ck_sg01_cult_cdc_acm_fs/zephyr/edt.pickle
-- Generated devicetree_generated.h: D:/ZephyrProject/usb_validation/results/.build_cache/pic32ck_sg01_cult_cdc_acm_fs/zephyr/include/generated/zephyr/devicetree_generated.h
Parsing D:/ZephyrProject/mchp_zephyrproject/zephyr/samples/subsys/usb/cdc_acm/Kconfig
Loaded configuration 'D:/ZephyrProject/mchp_zephyrproject/zephyr/boards/microchip/pic32c/pic32ck_sg01_cult/pic32ck_sg01_cult_defconfig'
Merged configuration 'D:/ZephyrProject/mchp_zephyrproject/zephyr/samples/subsys/usb/cdc_acm/prj.conf'
Configuration saved to 'D:/ZephyrProject/usb_validation/results/.build_cache/pic32ck_sg01_cult_cdc_acm_fs/zephyr/.config'
Kconfig header saved to 'D:/ZephyrProject/usb_validation/results/.build_cache/pic32ck_sg01_cult_cdc_acm_fs/zephyr/include/generated/zephyr/autoconf.h'
-- Found GnuLd: C:/Users/I73904/zephyr-sdk-1.0.1/gnu/arm-zephyr-eabi/arm-zephyr-eabi/bin/ld.bfd.exe (found version "2.43.1")
-- The C compiler identification is GNU 14.3.0
-- The CXX compiler identification is GNU 14.3.0
-- The ASM compiler identification is GNU
-- Found assembler: C:/Users/I73904/zephyr-sdk-1.0.1/gnu/arm-zephyr-eabi/bin/arm-zephyr-eabi-gcc.exe
-- Found gen_kobject_list: D:/ZephyrProject/mchp_zephyrproject/zephyr/scripts/build/gen_kobject_list.py
-- Configuring done (52.4s)
-- Generating done (2.1s)
-- Build files have been written to: D:/ZephyrProject/usb_validation/results/.build_cache/pic32ck_sg01_cult_cdc_acm_fs
-- west build: building application
[1/175] Generating include/generated/zephyr/version.h
-- Zephyr version: 4.4.0 (D:/ZephyrProject/mchp_zephyrproject/zephyr), build: 50519545e19a
[2/175] Generating misc/generated/syscalls.json, misc/generated/struct_tags.json
[3/175] Generating include/generated/device-api-sections.ld, include/generated/device-api-sections.cmake
[4/175] Generating include/generated/zephyr/driver-validation.h
[5/175] Generating include/generated/zephyr/kobj-types-enum.h, include/generated/zephyr/otype-to-str.h, include/generated/zephyr/otype-to-size.h
[6/175] Generating include/generated/zephyr/syscall_dispatch.c, include/generated/zephyr/syscall_exports_llext.c, syscall_weakdefs_llext.c, include/generated/zephyr/syscall_list.h
[7/175] Building C object zephyr/lib/heap/CMakeFiles/heap_constants.dir/heap_constants.c.obj
[8/175] Generating ../../include/generated/zephyr/heap_constants.h
[9/175] Building C object zephyr/CMakeFiles/offsets.dir/arch/arm/core/offsets/offsets.c.obj
[10/175] Generating include/generated/zephyr/offsets.h
[11/175] Building C object zephyr/arch/common/CMakeFiles/isr_tables.dir/isr_tables.c.obj
[12/175] Building C object CMakeFiles/app.dir/D_/ZephyrProject/mchp_zephyrproject/zephyr/samples/subsys/usb/common/sample_usbd_init.c.obj
[13/175] Building C object zephyr/CMakeFiles/zephyr.dir/lib/libc/validate_libc.c.obj
[14/175] Building C object CMakeFiles/app.dir/src/main.c.obj
[15/175] Building C object zephyr/CMakeFiles/zephyr.dir/lib/os/clock.c.obj
[16/175] Building C object zephyr/CMakeFiles/zephyr.dir/lib/mem_blocks/mem_blocks.c.obj
[17/175] Building C object zephyr/CMakeFiles/zephyr.dir/lib/os/printk.c.obj
[18/175] Building C object zephyr/CMakeFiles/zephyr.dir/lib/os/sem.c.obj
[19/175] Building C object zephyr/CMakeFiles/zephyr.dir/lib/heap/heap.c.obj
[20/175] Building C object zephyr/CMakeFiles/zephyr.dir/lib/os/cbprintf_packaged.c.obj
[21/175] Building C object zephyr/CMakeFiles/zephyr.dir/lib/os/thread_entry.c.obj
[22/175] Building C object zephyr/CMakeFiles/zephyr.dir/lib/utils/dec.c.obj
[23/175] Building C object zephyr/CMakeFiles/zephyr.dir/lib/utils/hex.c.obj
[24/175] Building C object zephyr/CMakeFiles/zephyr.dir/lib/os/assert.c.obj
[25/175] Building C object zephyr/CMakeFiles/zephyr.dir/lib/os/cbprintf_complete.c.obj
[26/175] Building C object zephyr/CMakeFiles/zephyr.dir/lib/utils/set.c.obj
[27/175] Building C object zephyr/CMakeFiles/zephyr.dir/lib/os/mpsc_pbuf.c.obj
[28/175] Building C object zephyr/CMakeFiles/zephyr.dir/lib/utils/timeutil.c.obj
[29/175] Building C object zephyr/CMakeFiles/zephyr.dir/lib/utils/bitmask.c.obj
[30/175] Building C object zephyr/CMakeFiles/zephyr.dir/lib/utils/rb.c.obj
[31/175] Building C object zephyr/CMakeFiles/zephyr.dir/lib/utils/ring_buffer.c.obj
[32/175] Building C object zephyr/CMakeFiles/zephyr.dir/lib/utils/last_section_id.c.obj
[33/175] Building C object zephyr/CMakeFiles/zephyr.dir/lib/utils/bitarray.c.obj
[34/175] Building C object zephyr/CMakeFiles/zephyr.dir/misc/generated/configs.c.obj
[35/175] Building C object zephyr/CMakeFiles/zephyr.dir/lib/utils/getopt/getopt.c.obj
[36/175] Building C object zephyr/CMakeFiles/zephyr.dir/lib/utils/getopt/getopt_common.c.obj
[37/175] Building C object zephyr/CMakeFiles/zephyr.dir/subsys/logging/log_cache.c.obj
[38/175] Building C object zephyr/CMakeFiles/zephyr.dir/subsys/logging/log_core.c.obj
[39/175] Building C object zephyr/CMakeFiles/zephyr.dir/subsys/logging/log_mgmt.c.obj
[40/175] Building C object zephyr/CMakeFiles/zephyr.dir/subsys/logging/log_msg.c.obj
[41/175] Building C object zephyr/CMakeFiles/zephyr.dir/subsys/logging/log_output.c.obj
[42/175] Building C object zephyr/CMakeFiles/zephyr.dir/subsys/mem_mgmt/mem_attr.c.obj
[43/175] Building C object zephyr/CMakeFiles/zephyr.dir/subsys/logging/backends/log_backend_uart.c.obj
[44/175] Building C object zephyr/arch/common/CMakeFiles/arch__common.dir/init.c.obj
[45/175] Building C object zephyr/arch/common/CMakeFiles/arch__common.dir/sw_isr_common.c.obj
[46/175] Generating linker_zephyr_pre0.cmd
[47/175] Building C object zephyr/CMakeFiles/zephyr.dir/subsys/tracing/tracing_none.c.obj
[48/175] Linking C static library zephyr\arch\common\libisr_tables.a
[49/175] Building ASM object zephyr/arch/arch/arm/core/CMakeFiles/arch__arm__core.dir/nmi_on_reset.S.obj
[50/175] Building C object zephyr/arch/common/CMakeFiles/arch__common.dir/xip.c.obj
[51/175] Building ASM object zephyr/arch/arch/arm/core/cortex_m/CMakeFiles/arch__arm__core__cortex_m.dir/fault_s.S.obj
[52/175] Building C object zephyr/arch/arch/arm/core/CMakeFiles/arch__arm__core.dir/nmi.c.obj
[53/175] Building C object zephyr/arch/arch/arm/core/CMakeFiles/arch__arm__core.dir/fatal.c.obj
[54/175] Building C object zephyr/arch/arch/arm/core/CMakeFiles/arch__arm__core.dir/tls.c.obj
[55/175] Building ASM object zephyr/arch/arch/arm/core/cortex_m/CMakeFiles/arch__arm__core__cortex_m.dir/reset.S.obj
[56/175] Building ASM object zephyr/arch/arch/arm/core/cortex_m/CMakeFiles/arch__arm__core__cortex_m.dir/vector_table.S.obj
[57/175] Building ASM object zephyr/arch/arch/arm/core/cortex_m/CMakeFiles/arch__arm__core__cortex_m.dir/svc.S.obj
[58/175] Building C object zephyr/arch/arch/arm/core/cortex_m/CMakeFiles/arch__arm__core__cortex_m.dir/fpu.c.obj
[59/175] Building C object zephyr/arch/arch/arm/core/cortex_m/CMakeFiles/arch__arm__core__cortex_m.dir/scb.c.obj
[60/175] Building C object zephyr/arch/arch/arm/core/cortex_m/CMakeFiles/arch__arm__core__cortex_m.dir/irq_manage.c.obj
[61/175] Building C object zephyr/arch/arch/arm/core/cortex_m/CMakeFiles/arch__arm__core__cortex_m.dir/fault.c.obj
[62/175] Building C object zephyr/arch/arch/arm/core/cortex_m/CMakeFiles/arch__arm__core__cortex_m.dir/prep_c.c.obj
[63/175] Building ASM object zephyr/arch/arch/arm/core/cortex_m/CMakeFiles/arch__arm__core__cortex_m.dir/swap_helper.S.obj
[64/175] Building C object zephyr/arch/arch/arm/core/cortex_m/CMakeFiles/arch__arm__core__cortex_m.dir/cpu_idle.c.obj
[65/175] Building C object zephyr/arch/arch/arm/core/cortex_m/CMakeFiles/arch__arm__core__cortex_m.dir/thread.c.obj
[66/175] Building C object zephyr/arch/arch/arm/core/cortex_m/CMakeFiles/arch__arm__core__cortex_m.dir/exc_exit.c.obj
[67/175] Building C object zephyr/arch/arch/arm/core/cortex_m/CMakeFiles/arch__arm__core__cortex_m.dir/thread_abort.c.obj
[68/175] Building ASM object zephyr/arch/arch/arm/core/cortex_m/CMakeFiles/arch__arm__core__cortex_m.dir/__aeabi_read_tp.S.obj
[69/175] Building C object zephyr/arch/arch/arm/core/cortex_m/CMakeFiles/arch__arm__core__cortex_m.dir/irq_init.c.obj
[70/175] Building C object zephyr/arch/arch/arm/core/cortex_m/CMakeFiles/arch__arm__core__cortex_m.dir/isr_wrapper.c.obj
[71/175] Building C object zephyr/arch/arch/arm/core/cortex_m/cmse/CMakeFiles/arch__arm__core__cortex_m__cmse.dir/arm_core_cmse.c.obj
[72/175] Building C object zephyr/arch/arch/arm/core/mpu/CMakeFiles/arch__arm__core__mpu.dir/arm_mpu_regions.c.obj
[73/175] Building C object zephyr/arch/arch/arm/core/mpu/CMakeFiles/arch__arm__core__mpu.dir/arm_core_mpu.c.obj
[74/175] Building C object zephyr/arch/arch/arm/core/mpu/CMakeFiles/arch__arm__core__mpu.dir/arm_mpu.c.obj
[75/175] Building C object zephyr/lib/libc/picolibc/CMakeFiles/lib__libc__picolibc.dir/assert.c.obj
[76/175] Building C object zephyr/lib/libc/picolibc/CMakeFiles/lib__libc__picolibc.dir/errno_wrap.c.obj
[77/175] Building C object zephyr/lib/libc/picolibc/CMakeFiles/lib__libc__picolibc.dir/chk_fail.c.obj
[78/175] Building C object zephyr/lib/libc/picolibc/CMakeFiles/lib__libc__picolibc.dir/locks.c.obj
[79/175] Building C object zephyr/lib/libc/picolibc/CMakeFiles/lib__libc__picolibc.dir/exit.c.obj
[80/175] Building C object zephyr/lib/libc/picolibc/CMakeFiles/lib__libc__picolibc.dir/cbprintf.c.obj
[81/175] Building C object zephyr/lib/libc/common/CMakeFiles/lib__libc__common.dir/source/time/time.c.obj
[82/175] Building C object zephyr/lib/libc/picolibc/CMakeFiles/lib__libc__picolibc.dir/stdio.c.obj
[83/175] Building C object zephyr/lib/libc/common/CMakeFiles/lib__libc__common.dir/source/stdlib/abort.c.obj
[84/175] Building C object zephyr/lib/posix/c_lib_ext/CMakeFiles/lib__posix__c_lib_ext.dir/fnmatch.c.obj
[85/175] Building C object zephyr/lib/libc/common/CMakeFiles/lib__libc__common.dir/source/stdlib/malloc.c.obj
[86/175] Building C object zephyr/lib/posix/c_lib_ext/CMakeFiles/lib__posix__c_lib_ext.dir/getentropy.c.obj
[87/175] Building C object zephyr/lib/posix/c_lib_ext/CMakeFiles/lib__posix__c_lib_ext.dir/getopt_shim.c.obj
[88/175] Building C object zephyr/lib/net_buf/CMakeFiles/lib__net_buf.dir/buf.c.obj
[89/175] Building C object zephyr/lib/net_buf/CMakeFiles/lib__net_buf.dir/buf_simple.c.obj
[90/175] Building C object zephyr/subsys/usb/device_next/CMakeFiles/subsys__usb__device_next.dir/usbd_desc.c.obj
[91/175] Building C object zephyr/subsys/usb/device_next/CMakeFiles/subsys__usb__device_next.dir/usbd_config.c.obj
[92/175] Building C object zephyr/subsys/usb/device_next/CMakeFiles/subsys__usb__device_next.dir/usbd_core.c.obj
[93/175] Building C object zephyr/subsys/usb/device_next/CMakeFiles/subsys__usb__device_next.dir/usbd_init.c.obj
[94/175] Building C object zephyr/subsys/usb/device_next/CMakeFiles/subsys__usb__device_next.dir/usbd_class.c.obj
[95/175] Building C object zephyr/subsys/usb/device_next/CMakeFiles/subsys__usb__device_next.dir/usbd_msg.c.obj
[96/175] Building C object zephyr/subsys/usb/device_next/CMakeFiles/subsys__usb__device_next.dir/usbd_device.c.obj
[97/175] Building C object zephyr/subsys/usb/device_next/CMakeFiles/subsys__usb__device_next.dir/usbd_interface.c.obj
[98/175] Building C object zephyr/subsys/usb/device_next/CMakeFiles/subsys__usb__device_next.dir/usbd_endpoint.c.obj
[99/175] Building C object zephyr/subsys/usb/device_next/CMakeFiles/subsys__usb__device_next.dir/usbd_ch9.c.obj
[100/175] Building C object zephyr/drivers/usb/common/buf/CMakeFiles/drivers__usb__common__buf.dir/usb_buf.c.obj
[101/175] Building C object zephyr/subsys/usb/device_next/CMakeFiles/subsys__usb__device_next.dir/class/usbd_cdc_acm.c.obj
[102/175] Building C object zephyr/drivers/usb/udc/CMakeFiles/drivers__usb__udc.dir/udc_common.c.obj
[103/175] Building C object zephyr/drivers/pinctrl/CMakeFiles/drivers__pinctrl.dir/common.c.obj
[104/175] Building C object zephyr/drivers/hwinfo/CMakeFiles/drivers__hwinfo.dir/hwinfo_mchp_g1.c.obj
[105/175] Building C object zephyr/drivers/serial/CMakeFiles/drivers__serial.dir/D_/ZephyrProject/mchp_zephyrproject/zephyr/misc/empty_file.c.obj
[106/175] Building C object zephyr/drivers/hwinfo/CMakeFiles/drivers__hwinfo.dir/hwinfo_weak_impl.c.obj
[107/175] Building C object zephyr/drivers/console/CMakeFiles/drivers__console.dir/uart_console.c.obj
[108/175] Building C object zephyr/drivers/interrupt_controller/CMakeFiles/drivers__interrupt_controller.dir/intc_mchp_eic_g1.c.obj
[109/175] Building C object zephyr/drivers/pinctrl/CMakeFiles/drivers__pinctrl.dir/pinctrl_mchp_port_g1.c.obj
[110/175] Building C object zephyr/drivers/usb/udc/CMakeFiles/drivers__usb__udc.dir/udc_mchp_g1.c.obj
[111/175] Building C object zephyr/drivers/timer/CMakeFiles/drivers__timer.dir/sys_clock_init.c.obj
[112/175] Building C object zephyr/drivers/timer/CMakeFiles/drivers__timer.dir/cortex_m_systick.c.obj
[113/175] Building C object zephyr/drivers/serial/CMakeFiles/drivers__serial.dir/uart_mchp_sercom_g1.c.obj
[114/175] Building C object zephyr/kernel/CMakeFiles/kernel.dir/banner.c.obj
[115/175] Building C object zephyr/kernel/CMakeFiles/kernel.dir/main_weak.c.obj
[116/175] Building C object zephyr/kernel/CMakeFiles/kernel.dir/busy_wait.c.obj
[117/175] Building C object zephyr/kernel/CMakeFiles/kernel.dir/device.c.obj
[118/175] Building C object zephyr/drivers/clock_control/CMakeFiles/drivers__clock_control.dir/clock_control_mchp_pic32ck_sg_gc.c.obj
[119/175] Building C object zephyr/kernel/CMakeFiles/kernel.dir/version.c.obj
[120/175] Building C object zephyr/kernel/CMakeFiles/kernel.dir/errno.c.obj
[121/175] Building C object zephyr/kernel/CMakeFiles/kernel.dir/fatal.c.obj
[122/175] Building C object zephyr/kernel/CMakeFiles/kernel.dir/mem_slab.c.obj
[123/175] Building C object zephyr/kernel/CMakeFiles/kernel.dir/float.c.obj
[124/175] Building C object zephyr/kernel/CMakeFiles/kernel.dir/init.c.obj
[125/175] Building C object zephyr/kernel/CMakeFiles/kernel.dir/kheap.c.obj
[126/175] Building C object zephyr/kernel/CMakeFiles/kernel.dir/idle.c.obj
[127/175] Building C object zephyr/kernel/CMakeFiles/kernel.dir/mailbox.c.obj
[128/175] Building C object zephyr/kernel/CMakeFiles/kernel.dir/msg_q.c.obj
[129/175] Building C object zephyr/kernel/CMakeFiles/kernel.dir/mutex.c.obj
[130/175] Building C object zephyr/kernel/CMakeFiles/kernel.dir/queue.c.obj
[131/175] Building C object zephyr/kernel/CMakeFiles/kernel.dir/stack.c.obj
[132/175] Building C object zephyr/kernel/CMakeFiles/kernel.dir/system_work_q.c.obj
[133/175] Building C object zephyr/kernel/CMakeFiles/kernel.dir/sem.c.obj
[134/175] Building C object zephyr/kernel/CMakeFiles/kernel.dir/work.c.obj
[135/175] Building C object zephyr/kernel/CMakeFiles/kernel.dir/condvar.c.obj
[136/175] Building C object zephyr/kernel/CMakeFiles/kernel.dir/thread.c.obj
[137/175] Building C object zephyr/kernel/CMakeFiles/kernel.dir/sleep.c.obj
[138/175] Building C object zephyr/kernel/CMakeFiles/kernel.dir/timeslicing.c.obj
[139/175] Building C object zephyr/kernel/CMakeFiles/kernel.dir/sched.c.obj
[140/175] Building C object zephyr/kernel/CMakeFiles/kernel.dir/pipe.c.obj
[141/175] Building C object zephyr/kernel/CMakeFiles/kernel.dir/timeout.c.obj
[142/175] Building C object zephyr/kernel/CMakeFiles/kernel.dir/scheduler.c.obj
[143/175] Linking C static library app\libapp.a
[144/175] Building C object zephyr/kernel/CMakeFiles/kernel.dir/mempool.c.obj
[145/175] Building C object zephyr/kernel/CMakeFiles/kernel.dir/events.c.obj
[146/175] Building C object zephyr/kernel/CMakeFiles/kernel.dir/dynamic_disabled.c.obj
[147/175] Building C object zephyr/CMakeFiles/zephyr_pre0.dir/misc/empty_file.c.obj
[148/175] Linking C static library zephyr\arch\common\libarch__common.a
[149/175] Building C object zephyr/kernel/CMakeFiles/kernel.dir/timer.c.obj
[150/175] Linking C static library zephyr\libzephyr.a
[151/175] Linking C static library zephyr\arch\arch\arm\core\libarch__arm__core.a
[152/175] Linking C static library zephyr\arch\arch\arm\core\cortex_m\cmse\libarch__arm__core__cortex_m__cmse.a
[153/175] Linking C static library zephyr\arch\arch\arm\core\mpu\libarch__arm__core__mpu.a
[154/175] Linking C static library zephyr\lib\libc\picolibc\liblib__libc__picolibc.a
[155/175] Linking C static library zephyr\arch\arch\arm\core\cortex_m\libarch__arm__core__cortex_m.a
[156/175] Linking C static library zephyr\lib\libc\common\liblib__libc__common.a
[157/175] Linking C static library zephyr\lib\posix\c_lib_ext\liblib__posix__c_lib_ext.a
[158/175] Linking C static library zephyr\lib\net_buf\liblib__net_buf.a
[159/175] Linking C static library zephyr\subsys\usb\device_next\libsubsys__usb__device_next.a
[160/175] Linking C static library zephyr\drivers\interrupt_controller\libdrivers__interrupt_controller.a
[161/175] Linking C static library zephyr\drivers\usb\udc\libdrivers__usb__udc.a
[162/175] Linking C static library zephyr\drivers\usb\common\buf\libdrivers__usb__common__buf.a
[163/175] Linking C static library zephyr\drivers\clock_control\libdrivers__clock_control.a
[164/175] Linking C static library zephyr\drivers\hwinfo\libdrivers__hwinfo.a
[165/175] Linking C static library zephyr\drivers\console\libdrivers__console.a
[166/175] Linking C static library zephyr\drivers\pinctrl\libdrivers__pinctrl.a
[167/175] Linking C static library zephyr\drivers\serial\libdrivers__serial.a
[168/175] Linking C static library zephyr\drivers\timer\libdrivers__timer.a
[169/175] Linking C static library zephyr\kernel\libkernel.a
[170/175] Linking C executable zephyr\zephyr_pre0.elf; Logical command for additional byproducts on target: zephyr_pre0
[171/175] Generating linker.cmd
[172/175] Generating isr_tables.c, isr_tables_vt.ld, isr_tables_swi.ld
[173/175] Building C object zephyr/CMakeFiles/zephyr_final.dir/misc/empty_file.c.obj
[174/175] Building C object zephyr/CMakeFiles/zephyr_final.dir/isr_tables.c.obj
[175/175] Linking C executable zephyr\zephyr.elf
Memory region         Used Size  Region Size  %age Used
 ROMSTART_REGION:         696 B        66 MB      0.00%
           FLASH:       62692 B      1008 KB      6.07%
             RAM:       16200 B       512 KB      3.09%
        IDT_LIST:           0 B        32 KB      0.00%
Generating files from D:/ZephyrProject/usb_validation/results/.build_cache/pic32ck_sg01_cult_cdc_acm_fs/zephyr/zephyr.elf for board: pic32ck_sg01_cult/pic32ck2051sg01144
