$ D:\ZephyrProject\.venv\Scripts\west.exe build -p auto -b pic32ck_sg01_cult -d D:\ZephyrProject\usb_validation\results\.build_cache\pic32ck_sg01_cult_console_fs -S microchip-udc-usbfs D:\ZephyrProject\mchp_zephyrproject\zephyr\samples\subsys/usb/console

-- west build: generating a build system
Loading Zephyr default modules (Zephyr base).
-- Application: D:/ZephyrProject/mchp_zephyrproject/zephyr/samples/subsys/usb/console
-- CMake version: 4.4.0
-- Found Python3: D:/ZephyrProject/.venv/Scripts/python.exe (found suitable version "3.14.6", minimum required is "3.12") found components: Interpreter
-- Cache files will be written to: D:/ZephyrProject/mchp_zephyrproject/zephyr/.cache
-- Zephyr version: 4.4.0 (D:/ZephyrProject/mchp_zephyrproject/zephyr)
-- Found west (found suitable version "1.5.0", minimum required is "0.14.0")
-- Board: pic32ck_sg01_cult, qualifiers: pic32ck2051sg01144
-- Snippet(s): microchip-udc-usbfs
-- ZEPHYR_TOOLCHAIN_VARIANT not set, trying to locate Zephyr SDK
-- Found host-tools: zephyr 1.0.1 (C:/Users/I73904/zephyr-sdk-1.0.1)
-- Found toolchain: zephyr 1.0.1 (C:/Users/I73904/zephyr-sdk-1.0.1)
-- Found Dtc: C:/ProgramData/chocolatey/bin/dtc.exe (found suitable version "1.6.1", minimum required is "1.4.6")
-- Found BOARD.dts: D:/ZephyrProject/mchp_zephyrproject/zephyr/boards/microchip/pic32c/pic32ck_sg01_cult/pic32ck_sg01_cult.dts
-- Found devicetree overlay: D:/ZephyrProject/mchp_zephyrproject/zephyr/samples/subsys/usb/console/app.overlay
-- Generated zephyr.dts: D:/ZephyrProject/usb_validation/results/.build_cache/pic32ck_sg01_cult_console_fs/zephyr/zephyr.dts
-- Generated pickled edt: D:/ZephyrProject/usb_validation/results/.build_cache/pic32ck_sg01_cult_console_fs/zephyr/edt.pickle
-- Generated devicetree_generated.h: D:/ZephyrProject/usb_validation/results/.build_cache/pic32ck_sg01_cult_console_fs/zephyr/include/generated/zephyr/devicetree_generated.h
Parsing D:/ZephyrProject/mchp_zephyrproject/zephyr/Kconfig
Loaded configuration 'D:/ZephyrProject/mchp_zephyrproject/zephyr/boards/microchip/pic32c/pic32ck_sg01_cult/pic32ck_sg01_cult_defconfig'
Merged configuration 'D:/ZephyrProject/mchp_zephyrproject/zephyr/samples/subsys/usb/console/prj.conf'
Configuration saved to 'D:/ZephyrProject/usb_validation/results/.build_cache/pic32ck_sg01_cult_console_fs/zephyr/.config'
Kconfig header saved to 'D:/ZephyrProject/usb_validation/results/.build_cache/pic32ck_sg01_cult_console_fs/zephyr/include/generated/zephyr/autoconf.h'
-- Found GnuLd: C:/Users/I73904/zephyr-sdk-1.0.1/gnu/arm-zephyr-eabi/arm-zephyr-eabi/bin/ld.bfd.exe (found version "2.43.1")
-- The C compiler identification is GNU 14.3.0
-- The CXX compiler identification is GNU 14.3.0
-- The ASM compiler identification is GNU
-- Found assembler: C:/Users/I73904/zephyr-sdk-1.0.1/gnu/arm-zephyr-eabi/bin/arm-zephyr-eabi-gcc.exe
-- Found gen_kobject_list: D:/ZephyrProject/mchp_zephyrproject/zephyr/scripts/build/gen_kobject_list.py
-- Configuring done (60.2s)
-- Generating done (2.4s)
-- Build files have been written to: D:/ZephyrProject/usb_validation/results/.build_cache/pic32ck_sg01_cult_console_fs
-- west build: building application
[1/168] Generating include/generated/zephyr/version.h
-- Zephyr version: 4.4.0 (D:/ZephyrProject/mchp_zephyrproject/zephyr), build: 50519545e19a
[2/168] Generating misc/generated/syscalls.json, misc/generated/struct_tags.json
[3/168] Generating include/generated/device-api-sections.ld, include/generated/device-api-sections.cmake
[4/168] Generating include/generated/zephyr/driver-validation.h
[5/168] Generating include/generated/zephyr/kobj-types-enum.h, include/generated/zephyr/otype-to-str.h, include/generated/zephyr/otype-to-size.h
[6/168] Generating include/generated/zephyr/syscall_dispatch.c, include/generated/zephyr/syscall_exports_llext.c, syscall_weakdefs_llext.c, include/generated/zephyr/syscall_list.h
[7/168] Building C object zephyr/lib/heap/CMakeFiles/heap_constants.dir/heap_constants.c.obj
[8/168] Generating ../../include/generated/zephyr/heap_constants.h
[9/168] Building C object zephyr/CMakeFiles/offsets.dir/arch/arm/core/offsets/offsets.c.obj
[10/168] Generating include/generated/zephyr/offsets.h
[11/168] Building C object zephyr/arch/common/CMakeFiles/isr_tables.dir/isr_tables.c.obj
[12/168] Building C object zephyr/CMakeFiles/zephyr.dir/lib/libc/validate_libc.c.obj
[13/168] Building C object CMakeFiles/app.dir/src/main.c.obj
[14/168] Building C object zephyr/CMakeFiles/zephyr.dir/lib/mem_blocks/mem_blocks.c.obj
[15/168] Building C object zephyr/CMakeFiles/zephyr.dir/lib/heap/heap.c.obj
[16/168] Building C object zephyr/CMakeFiles/zephyr.dir/lib/os/clock.c.obj
[17/168] Building C object zephyr/CMakeFiles/zephyr.dir/lib/os/cbprintf_packaged.c.obj
[18/168] Building C object zephyr/CMakeFiles/zephyr.dir/lib/os/thread_entry.c.obj
[19/168] Building C object zephyr/CMakeFiles/zephyr.dir/lib/os/printk.c.obj
[20/168] Building C object zephyr/CMakeFiles/zephyr.dir/lib/os/sem.c.obj
[21/168] Building C object zephyr/CMakeFiles/zephyr.dir/lib/utils/dec.c.obj
[22/168] Building C object zephyr/CMakeFiles/zephyr.dir/lib/utils/hex.c.obj
[23/168] Building C object zephyr/CMakeFiles/zephyr.dir/lib/utils/set.c.obj
[24/168] Building C object zephyr/CMakeFiles/zephyr.dir/lib/os/assert.c.obj
[25/168] Building C object zephyr/CMakeFiles/zephyr.dir/lib/utils/timeutil.c.obj
[26/168] Building C object zephyr/CMakeFiles/zephyr.dir/lib/os/cbprintf_complete.c.obj
[27/168] Building C object zephyr/CMakeFiles/zephyr.dir/lib/utils/bitmask.c.obj
[28/168] Building C object zephyr/CMakeFiles/zephyr.dir/lib/utils/last_section_id.c.obj
[29/168] Building C object zephyr/CMakeFiles/zephyr.dir/lib/utils/rb.c.obj
[30/168] Building C object zephyr/CMakeFiles/zephyr.dir/lib/utils/bitarray.c.obj
[31/168] Building C object zephyr/CMakeFiles/zephyr.dir/lib/utils/ring_buffer.c.obj
[32/168] Building C object zephyr/CMakeFiles/zephyr.dir/lib/utils/getopt/getopt.c.obj
[33/168] Building C object zephyr/CMakeFiles/zephyr.dir/misc/generated/configs.c.obj
[34/168] Building C object zephyr/CMakeFiles/zephyr.dir/lib/utils/getopt/getopt_common.c.obj
[35/168] Building C object zephyr/CMakeFiles/zephyr.dir/subsys/mem_mgmt/mem_attr.c.obj
[36/168] Building C object zephyr/arch/common/CMakeFiles/arch__common.dir/init.c.obj
[37/168] Building C object zephyr/CMakeFiles/zephyr.dir/subsys/tracing/tracing_none.c.obj
[38/168] Building C object zephyr/CMakeFiles/zephyr.dir/subsys/usb/device_next/app/cdc_acm_serial.c.obj
[39/168] Linking C static library zephyr\arch\common\libisr_tables.a
[40/168] Generating linker_zephyr_pre0.cmd
[41/168] Building C object zephyr/arch/common/CMakeFiles/arch__common.dir/sw_isr_common.c.obj
[42/168] Building C object zephyr/arch/common/CMakeFiles/arch__common.dir/xip.c.obj
[43/168] Building ASM object zephyr/arch/arch/arm/core/CMakeFiles/arch__arm__core.dir/nmi_on_reset.S.obj
[44/168] Building C object zephyr/arch/arch/arm/core/CMakeFiles/arch__arm__core.dir/nmi.c.obj
[45/168] Building C object zephyr/arch/arch/arm/core/CMakeFiles/arch__arm__core.dir/fatal.c.obj
[46/168] Building ASM object zephyr/arch/arch/arm/core/cortex_m/CMakeFiles/arch__arm__core__cortex_m.dir/fault_s.S.obj
[47/168] Building ASM object zephyr/arch/arch/arm/core/cortex_m/CMakeFiles/arch__arm__core__cortex_m.dir/reset.S.obj
[48/168] Building ASM object zephyr/arch/arch/arm/core/cortex_m/CMakeFiles/arch__arm__core__cortex_m.dir/vector_table.S.obj
[49/168] Building C object zephyr/arch/arch/arm/core/CMakeFiles/arch__arm__core.dir/tls.c.obj
[50/168] Building ASM object zephyr/arch/arch/arm/core/cortex_m/CMakeFiles/arch__arm__core__cortex_m.dir/svc.S.obj
[51/168] Building C object zephyr/arch/arch/arm/core/cortex_m/CMakeFiles/arch__arm__core__cortex_m.dir/fpu.c.obj
[52/168] Building C object zephyr/arch/arch/arm/core/cortex_m/CMakeFiles/arch__arm__core__cortex_m.dir/fault.c.obj
[53/168] Building C object zephyr/arch/arch/arm/core/cortex_m/CMakeFiles/arch__arm__core__cortex_m.dir/scb.c.obj
[54/168] Building C object zephyr/arch/arch/arm/core/cortex_m/CMakeFiles/arch__arm__core__cortex_m.dir/irq_manage.c.obj
[55/168] Building C object zephyr/arch/arch/arm/core/cortex_m/CMakeFiles/arch__arm__core__cortex_m.dir/prep_c.c.obj
[56/168] Building C object zephyr/arch/arch/arm/core/cortex_m/CMakeFiles/arch__arm__core__cortex_m.dir/thread.c.obj
[57/168] Building C object zephyr/arch/arch/arm/core/cortex_m/CMakeFiles/arch__arm__core__cortex_m.dir/cpu_idle.c.obj
[58/168] Building ASM object zephyr/arch/arch/arm/core/cortex_m/CMakeFiles/arch__arm__core__cortex_m.dir/swap_helper.S.obj
[59/168] Building ASM object zephyr/arch/arch/arm/core/cortex_m/CMakeFiles/arch__arm__core__cortex_m.dir/__aeabi_read_tp.S.obj
[60/168] Building C object zephyr/arch/arch/arm/core/cortex_m/CMakeFiles/arch__arm__core__cortex_m.dir/exc_exit.c.obj
[61/168] Building C object zephyr/arch/arch/arm/core/cortex_m/CMakeFiles/arch__arm__core__cortex_m.dir/thread_abort.c.obj
[62/168] Building C object zephyr/arch/arch/arm/core/cortex_m/CMakeFiles/arch__arm__core__cortex_m.dir/irq_init.c.obj
[63/168] Building C object zephyr/arch/arch/arm/core/cortex_m/CMakeFiles/arch__arm__core__cortex_m.dir/isr_wrapper.c.obj
[64/168] Building C object zephyr/arch/arch/arm/core/cortex_m/cmse/CMakeFiles/arch__arm__core__cortex_m__cmse.dir/arm_core_cmse.c.obj
[65/168] Building C object zephyr/arch/arch/arm/core/mpu/CMakeFiles/arch__arm__core__mpu.dir/arm_core_mpu.c.obj
[66/168] Building C object zephyr/arch/arch/arm/core/mpu/CMakeFiles/arch__arm__core__mpu.dir/arm_mpu_regions.c.obj
[67/168] Building C object zephyr/arch/arch/arm/core/mpu/CMakeFiles/arch__arm__core__mpu.dir/arm_mpu.c.obj
[68/168] Building C object zephyr/lib/libc/picolibc/CMakeFiles/lib__libc__picolibc.dir/assert.c.obj
[69/168] Building C object zephyr/lib/libc/picolibc/CMakeFiles/lib__libc__picolibc.dir/cbprintf.c.obj
[70/168] Building C object zephyr/lib/libc/picolibc/CMakeFiles/lib__libc__picolibc.dir/chk_fail.c.obj
[71/168] Building C object zephyr/lib/libc/common/CMakeFiles/lib__libc__common.dir/source/time/time.c.obj
[72/168] Building C object zephyr/lib/libc/picolibc/CMakeFiles/lib__libc__picolibc.dir/stdio.c.obj
[73/168] Building C object zephyr/lib/libc/picolibc/CMakeFiles/lib__libc__picolibc.dir/exit.c.obj
[74/168] Building C object zephyr/lib/libc/common/CMakeFiles/lib__libc__common.dir/source/stdlib/abort.c.obj
[75/168] Building C object zephyr/lib/posix/c_lib_ext/CMakeFiles/lib__posix__c_lib_ext.dir/fnmatch.c.obj
[76/168] Building C object zephyr/lib/libc/picolibc/CMakeFiles/lib__libc__picolibc.dir/locks.c.obj
[77/168] Building C object zephyr/lib/libc/picolibc/CMakeFiles/lib__libc__picolibc.dir/errno_wrap.c.obj
[78/168] Building C object zephyr/lib/libc/common/CMakeFiles/lib__libc__common.dir/source/stdlib/malloc.c.obj
[79/168] Building C object zephyr/lib/posix/c_lib_ext/CMakeFiles/lib__posix__c_lib_ext.dir/getentropy.c.obj
[80/168] Building C object zephyr/lib/posix/c_lib_ext/CMakeFiles/lib__posix__c_lib_ext.dir/getopt_shim.c.obj
[81/168] Building C object zephyr/subsys/usb/device_next/CMakeFiles/subsys__usb__device_next.dir/usbd_device.c.obj
[82/168] Building C object zephyr/lib/net_buf/CMakeFiles/lib__net_buf.dir/buf.c.obj
[83/168] Building C object zephyr/lib/net_buf/CMakeFiles/lib__net_buf.dir/buf_simple.c.obj
[84/168] Building C object zephyr/subsys/usb/device_next/CMakeFiles/subsys__usb__device_next.dir/usbd_desc.c.obj
[85/168] Building C object zephyr/subsys/usb/device_next/CMakeFiles/subsys__usb__device_next.dir/usbd_init.c.obj
[86/168] Building C object zephyr/subsys/usb/device_next/CMakeFiles/subsys__usb__device_next.dir/usbd_core.c.obj
[87/168] Building C object zephyr/subsys/usb/device_next/CMakeFiles/subsys__usb__device_next.dir/usbd_ch9.c.obj
[88/168] Building C object zephyr/subsys/usb/device_next/CMakeFiles/subsys__usb__device_next.dir/usbd_class.c.obj
[89/168] Building C object zephyr/subsys/usb/device_next/CMakeFiles/subsys__usb__device_next.dir/usbd_interface.c.obj
[90/168] Building C object zephyr/subsys/usb/device_next/CMakeFiles/subsys__usb__device_next.dir/usbd_config.c.obj
[91/168] Building C object zephyr/subsys/usb/device_next/CMakeFiles/subsys__usb__device_next.dir/usbd_endpoint.c.obj
[92/168] Building C object zephyr/subsys/usb/device_next/CMakeFiles/subsys__usb__device_next.dir/usbd_msg.c.obj
[93/168] Building C object zephyr/drivers/interrupt_controller/CMakeFiles/drivers__interrupt_controller.dir/intc_mchp_eic_g1.c.obj
[94/168] Building C object zephyr/subsys/usb/device_next/CMakeFiles/subsys__usb__device_next.dir/class/usbd_cdc_acm.c.obj
[95/168] Building C object zephyr/drivers/usb/common/buf/CMakeFiles/drivers__usb__common__buf.dir/usb_buf.c.obj
[96/168] Building C object zephyr/drivers/usb/udc/CMakeFiles/drivers__usb__udc.dir/udc_common.c.obj
[97/168] Building C object zephyr/drivers/hwinfo/CMakeFiles/drivers__hwinfo.dir/hwinfo_weak_impl.c.obj
[98/168] Building C object zephyr/drivers/hwinfo/CMakeFiles/drivers__hwinfo.dir/hwinfo_mchp_g1.c.obj
[99/168] Building C object zephyr/drivers/console/CMakeFiles/drivers__console.dir/uart_console.c.obj
[100/168] Building C object zephyr/drivers/pinctrl/CMakeFiles/drivers__pinctrl.dir/common.c.obj
[101/168] Building C object zephyr/drivers/clock_control/CMakeFiles/drivers__clock_control.dir/clock_control_mchp_pic32ck_sg_gc.c.obj
[102/168] Building C object zephyr/drivers/serial/CMakeFiles/drivers__serial.dir/D_/ZephyrProject/mchp_zephyrproject/zephyr/misc/empty_file.c.obj
[103/168] Building C object zephyr/drivers/usb/udc/CMakeFiles/drivers__usb__udc.dir/udc_mchp_g1.c.obj
[104/168] Building C object zephyr/drivers/pinctrl/CMakeFiles/drivers__pinctrl.dir/pinctrl_mchp_port_g1.c.obj
[105/168] Building C object zephyr/drivers/timer/CMakeFiles/drivers__timer.dir/sys_clock_init.c.obj
[106/168] Building C object zephyr/drivers/serial/CMakeFiles/drivers__serial.dir/uart_mchp_sercom_g1.c.obj
[107/168] Building C object zephyr/drivers/timer/CMakeFiles/drivers__timer.dir/cortex_m_systick.c.obj
[108/168] Building C object zephyr/kernel/CMakeFiles/kernel.dir/main_weak.c.obj
[109/168] Building C object zephyr/kernel/CMakeFiles/kernel.dir/banner.c.obj
[110/168] Building C object zephyr/kernel/CMakeFiles/kernel.dir/busy_wait.c.obj
[111/168] Building C object zephyr/kernel/CMakeFiles/kernel.dir/errno.c.obj
[112/168] Building C object zephyr/kernel/CMakeFiles/kernel.dir/version.c.obj
[113/168] Building C object zephyr/kernel/CMakeFiles/kernel.dir/device.c.obj
[114/168] Building C object zephyr/kernel/CMakeFiles/kernel.dir/fatal.c.obj
[115/168] Building C object zephyr/kernel/CMakeFiles/kernel.dir/init.c.obj
[116/168] Building C object zephyr/kernel/CMakeFiles/kernel.dir/kheap.c.obj
[117/168] Building C object zephyr/kernel/CMakeFiles/kernel.dir/mem_slab.c.obj
[118/168] Building C object zephyr/kernel/CMakeFiles/kernel.dir/float.c.obj
[119/168] Building C object zephyr/kernel/CMakeFiles/kernel.dir/idle.c.obj
[120/168] Building C object zephyr/kernel/CMakeFiles/kernel.dir/mailbox.c.obj
[121/168] Building C object zephyr/kernel/CMakeFiles/kernel.dir/mutex.c.obj
[122/168] Building C object zephyr/kernel/CMakeFiles/kernel.dir/msg_q.c.obj
[123/168] Building C object zephyr/kernel/CMakeFiles/kernel.dir/system_work_q.c.obj
[124/168] Building C object zephyr/kernel/CMakeFiles/kernel.dir/stack.c.obj
[125/168] Building C object zephyr/kernel/CMakeFiles/kernel.dir/sem.c.obj
[126/168] Building C object zephyr/kernel/CMakeFiles/kernel.dir/queue.c.obj
[127/168] Building C object zephyr/kernel/CMakeFiles/kernel.dir/condvar.c.obj
[128/168] Building C object zephyr/kernel/CMakeFiles/kernel.dir/work.c.obj
[129/168] Building C object zephyr/kernel/CMakeFiles/kernel.dir/thread.c.obj
[130/168] Building C object zephyr/kernel/CMakeFiles/kernel.dir/scheduler.c.obj
[131/168] Building C object zephyr/kernel/CMakeFiles/kernel.dir/sleep.c.obj
[132/168] Building C object zephyr/kernel/CMakeFiles/kernel.dir/timeslicing.c.obj
[133/168] Building C object zephyr/kernel/CMakeFiles/kernel.dir/sched.c.obj
[134/168] Building C object zephyr/kernel/CMakeFiles/kernel.dir/mempool.c.obj
[135/168] Building C object zephyr/kernel/CMakeFiles/kernel.dir/timer.c.obj
[136/168] Building C object zephyr/kernel/CMakeFiles/kernel.dir/timeout.c.obj
[137/168] Building C object zephyr/kernel/CMakeFiles/kernel.dir/events.c.obj
[138/168] Building C object zephyr/kernel/CMakeFiles/kernel.dir/pipe.c.obj
[139/168] Building C object zephyr/CMakeFiles/zephyr_pre0.dir/misc/empty_file.c.obj
[140/168] Linking C static library app\libapp.a
[141/168] Linking C static library zephyr\arch\common\libarch__common.a
[142/168] Building C object zephyr/kernel/CMakeFiles/kernel.dir/dynamic_disabled.c.obj
[143/168] Linking C static library zephyr\libzephyr.a
[144/168] Linking C static library zephyr\arch\arch\arm\core\libarch__arm__core.a
[145/168] Linking C static library zephyr\arch\arch\arm\core\cortex_m\cmse\libarch__arm__core__cortex_m__cmse.a
[146/168] Linking C static library zephyr\arch\arch\arm\core\mpu\libarch__arm__core__mpu.a
[147/168] Linking C static library zephyr\arch\arch\arm\core\cortex_m\libarch__arm__core__cortex_m.a
[148/168] Linking C static library zephyr\lib\libc\picolibc\liblib__libc__picolibc.a
[149/168] Linking C static library zephyr\lib\posix\c_lib_ext\liblib__posix__c_lib_ext.a
[150/168] Linking C static library zephyr\lib\libc\common\liblib__libc__common.a
[151/168] Linking C static library zephyr\lib\net_buf\liblib__net_buf.a
[152/168] Linking C static library zephyr\drivers\interrupt_controller\libdrivers__interrupt_controller.a
[153/168] Linking C static library zephyr\subsys\usb\device_next\libsubsys__usb__device_next.a
[154/168] Linking C static library zephyr\drivers\usb\udc\libdrivers__usb__udc.a
[155/168] Linking C static library zephyr\drivers\usb\common\buf\libdrivers__usb__common__buf.a
[156/168] Linking C static library zephyr\drivers\clock_control\libdrivers__clock_control.a
[157/168] Linking C static library zephyr\drivers\console\libdrivers__console.a
[158/168] Linking C static library zephyr\drivers\pinctrl\libdrivers__pinctrl.a
[159/168] Linking C static library zephyr\drivers\hwinfo\libdrivers__hwinfo.a
[160/168] Linking C static library zephyr\drivers\serial\libdrivers__serial.a
[161/168] Linking C static library zephyr\drivers\timer\libdrivers__timer.a
[162/168] Linking C static library zephyr\kernel\libkernel.a
[163/168] Linking C executable zephyr\zephyr_pre0.elf; Logical command for additional byproducts on target: zephyr_pre0
[164/168] Generating linker.cmd
[165/168] Generating isr_tables.c, isr_tables_vt.ld, isr_tables_swi.ld
[166/168] Building C object zephyr/CMakeFiles/zephyr_final.dir/misc/empty_file.c.obj
[167/168] Building C object zephyr/CMakeFiles/zephyr_final.dir/isr_tables.c.obj
[168/168] Linking C executable zephyr\zephyr.elf
Memory region         Used Size  Region Size  %age Used
 ROMSTART_REGION:         696 B        66 MB      0.00%
           FLASH:       43776 B      1008 KB      4.24%
             RAM:       12960 B       512 KB      2.47%
        IDT_LIST:           0 B        32 KB      0.00%
Generating files from D:/ZephyrProject/usb_validation/results/.build_cache/pic32ck_sg01_cult_console_fs/zephyr/zephyr.elf for board: pic32ck_sg01_cult/pic32ck2051sg01144
