$ D:\ZephyrProject\.venv\Scripts\west.exe build -p auto -b pic32ck_sg01_cult -d D:\ZephyrProject\usb_validation\results\.build_cache\pic32ck_sg01_cult_dfu_fs -S microchip-udc-usbfs D:\ZephyrProject\mchp_zephyrproject\zephyr\samples\subsys/usb/dfu

-- west build: generating a build system
Loading Zephyr default modules (Zephyr base).
-- Application: D:/ZephyrProject/mchp_zephyrproject/zephyr/samples/subsys/usb/dfu
-- CMake version: 4.4.0
-- Found Python3: D:/ZephyrProject/.venv/Scripts/python.exe (found suitable version "3.14.6", minimum required is "3.12") found components: Interpreter
-- Cache files will be written to: D:/ZephyrProject/mchp_zephyrproject/zephyr/.cache
-- Zephyr version: 4.4.0 (D:/ZephyrProject/mchp_zephyrproject/zephyr)
-- Found west (found suitable version "1.5.0", minimum required is "0.14.0")
-- Board: pic32ck_sg01_cult, qualifiers: pic32ck2051sg01144
-- Snippet(s): microchip-udc-usbfs
-- ZEPHYR_TOOLCHAIN_VARIANT not set, trying to locate Zephyr SDK
-- Found host-tools: zephyr 1.0.1 (C:/Users/I73904/zephyr-sdk-1.0.1)
-- Found toolchain: zephyr 1.0.1 (C:/Users/I73904/zephyr-sdk-1.0.1)
-- Found Dtc: C:/ProgramData/chocolatey/bin/dtc.exe (found suitable version "1.6.1", minimum required is "1.4.6")
-- Found BOARD.dts: D:/ZephyrProject/mchp_zephyrproject/zephyr/boards/microchip/pic32c/pic32ck_sg01_cult/pic32ck_sg01_cult.dts
-- Found devicetree overlay: D:/ZephyrProject/mchp_zephyrproject/zephyr/samples/subsys/usb/dfu/app.overlay
-- Generated zephyr.dts: D:/ZephyrProject/usb_validation/results/.build_cache/pic32ck_sg01_cult_dfu_fs/zephyr/zephyr.dts
-- Generated pickled edt: D:/ZephyrProject/usb_validation/results/.build_cache/pic32ck_sg01_cult_dfu_fs/zephyr/edt.pickle
-- Generated devicetree_generated.h: D:/ZephyrProject/usb_validation/results/.build_cache/pic32ck_sg01_cult_dfu_fs/zephyr/include/generated/zephyr/devicetree_generated.h
Parsing D:/ZephyrProject/mchp_zephyrproject/zephyr/samples/subsys/usb/dfu/Kconfig
Loaded configuration 'D:/ZephyrProject/mchp_zephyrproject/zephyr/boards/microchip/pic32c/pic32ck_sg01_cult/pic32ck_sg01_cult_defconfig'
Merged configuration 'D:/ZephyrProject/mchp_zephyrproject/zephyr/samples/subsys/usb/dfu/prj.conf'
Configuration saved to 'D:/ZephyrProject/usb_validation/results/.build_cache/pic32ck_sg01_cult_dfu_fs/zephyr/.config'
Kconfig header saved to 'D:/ZephyrProject/usb_validation/results/.build_cache/pic32ck_sg01_cult_dfu_fs/zephyr/include/generated/zephyr/autoconf.h'
-- Found GnuLd: C:/Users/I73904/zephyr-sdk-1.0.1/gnu/arm-zephyr-eabi/arm-zephyr-eabi/bin/ld.bfd.exe (found version "2.43.1")
-- The C compiler identification is GNU 14.3.0
-- The CXX compiler identification is GNU 14.3.0
-- The ASM compiler identification is GNU
-- Found assembler: C:/Users/I73904/zephyr-sdk-1.0.1/gnu/arm-zephyr-eabi/bin/arm-zephyr-eabi-gcc.exe
-- Found gen_kobject_list: D:/ZephyrProject/mchp_zephyrproject/zephyr/scripts/build/gen_kobject_list.py
-- Configuring done (57.5s)
-- Generating done (2.3s)
-- Build files have been written to: D:/ZephyrProject/usb_validation/results/.build_cache/pic32ck_sg01_cult_dfu_fs
-- west build: building application
[1/184] Generating include/generated/zephyr/version.h
-- Zephyr version: 4.4.0 (D:/ZephyrProject/mchp_zephyrproject/zephyr), build: 50519545e19a
[2/184] Generating misc/generated/syscalls.json, misc/generated/struct_tags.json
[3/184] Generating include/generated/device-api-sections.ld, include/generated/device-api-sections.cmake
[4/184] Generating include/generated/zephyr/driver-validation.h
[5/184] Generating include/generated/zephyr/kobj-types-enum.h, include/generated/zephyr/otype-to-str.h, include/generated/zephyr/otype-to-size.h
[6/184] Generating include/generated/zephyr/syscall_dispatch.c, include/generated/zephyr/syscall_exports_llext.c, syscall_weakdefs_llext.c, include/generated/zephyr/syscall_list.h
[7/184] Building C object zephyr/lib/heap/CMakeFiles/heap_constants.dir/heap_constants.c.obj
[8/184] Generating ../../include/generated/zephyr/heap_constants.h
[9/184] Building C object zephyr/CMakeFiles/offsets.dir/arch/arm/core/offsets/offsets.c.obj
[10/184] Generating include/generated/zephyr/offsets.h
[11/184] Building C object zephyr/arch/common/CMakeFiles/isr_tables.dir/isr_tables.c.obj
[12/184] Building C object zephyr/CMakeFiles/zephyr.dir/lib/libc/validate_libc.c.obj
[13/184] Building C object CMakeFiles/app.dir/D_/ZephyrProject/mchp_zephyrproject/zephyr/samples/subsys/usb/common/sample_usbd_init.c.obj
[14/184] Building C object zephyr/CMakeFiles/zephyr.dir/lib/mem_blocks/mem_blocks.c.obj
[15/184] Building C object zephyr/CMakeFiles/zephyr.dir/lib/os/clock.c.obj
[16/184] Building C object zephyr/CMakeFiles/zephyr.dir/lib/heap/heap.c.obj
[17/184] Building C object zephyr/CMakeFiles/zephyr.dir/lib/os/printk.c.obj
[18/184] Building C object CMakeFiles/app.dir/src/main.c.obj
[19/184] Building C object zephyr/CMakeFiles/zephyr.dir/lib/os/sem.c.obj
[20/184] Building C object zephyr/CMakeFiles/zephyr.dir/lib/os/cbprintf_packaged.c.obj
[21/184] Building C object zephyr/CMakeFiles/zephyr.dir/lib/os/thread_entry.c.obj
[22/184] Building C object zephyr/CMakeFiles/zephyr.dir/lib/utils/dec.c.obj
[23/184] Building C object zephyr/CMakeFiles/zephyr.dir/lib/utils/hex.c.obj
[24/184] Building C object zephyr/CMakeFiles/zephyr.dir/lib/utils/set.c.obj
[25/184] Building C object zephyr/CMakeFiles/zephyr.dir/lib/os/assert.c.obj
[26/184] Building C object zephyr/CMakeFiles/zephyr.dir/lib/os/cbprintf_complete.c.obj
[27/184] Building C object zephyr/CMakeFiles/zephyr.dir/lib/utils/timeutil.c.obj
[28/184] Building C object zephyr/CMakeFiles/zephyr.dir/lib/os/mpsc_pbuf.c.obj
[29/184] Building C object zephyr/CMakeFiles/zephyr.dir/lib/utils/rb.c.obj
[30/184] Building C object zephyr/CMakeFiles/zephyr.dir/lib/utils/bitmask.c.obj
[31/184] Building C object zephyr/CMakeFiles/zephyr.dir/lib/utils/bitarray.c.obj
[32/184] Building C object zephyr/CMakeFiles/zephyr.dir/lib/utils/last_section_id.c.obj
[33/184] Building C object zephyr/CMakeFiles/zephyr.dir/misc/generated/configs.c.obj
[34/184] Building C object zephyr/CMakeFiles/zephyr.dir/lib/utils/ring_buffer.c.obj
[35/184] Building C object zephyr/CMakeFiles/zephyr.dir/lib/utils/getopt/getopt_common.c.obj
[36/184] Building C object zephyr/CMakeFiles/zephyr.dir/subsys/logging/log_cache.c.obj
[37/184] Building C object zephyr/CMakeFiles/zephyr.dir/lib/utils/getopt/getopt.c.obj
[38/184] Building C object zephyr/CMakeFiles/zephyr.dir/subsys/logging/log_core.c.obj
[39/184] Building C object zephyr/CMakeFiles/zephyr.dir/subsys/logging/log_mgmt.c.obj
[40/184] Building C object zephyr/CMakeFiles/zephyr.dir/subsys/logging/log_msg.c.obj
[41/184] Building C object zephyr/CMakeFiles/zephyr.dir/subsys/logging/log_output.c.obj
[42/184] Building C object zephyr/CMakeFiles/zephyr.dir/subsys/mem_mgmt/mem_attr.c.obj
[43/184] Building C object zephyr/CMakeFiles/zephyr.dir/subsys/tracing/tracing_none.c.obj
[44/184] Building C object zephyr/CMakeFiles/zephyr.dir/subsys/logging/backends/log_backend_uart.c.obj
[45/184] Generating linker_zephyr_pre0.cmd
[46/184] Building C object zephyr/arch/common/CMakeFiles/arch__common.dir/init.c.obj
[47/184] Building C object zephyr/arch/common/CMakeFiles/arch__common.dir/sw_isr_common.c.obj
[48/184] Building C object zephyr/CMakeFiles/zephyr.dir/subsys/disk/disk_access.c.obj
[49/184] Building ASM object zephyr/arch/arch/arm/core/CMakeFiles/arch__arm__core.dir/nmi_on_reset.S.obj
[50/184] Linking C static library zephyr\arch\common\libisr_tables.a
[51/184] Building C object zephyr/arch/common/CMakeFiles/arch__common.dir/xip.c.obj
[52/184] Building ASM object zephyr/arch/arch/arm/core/cortex_m/CMakeFiles/arch__arm__core__cortex_m.dir/fault_s.S.obj
[53/184] Building C object zephyr/arch/arch/arm/core/CMakeFiles/arch__arm__core.dir/nmi.c.obj
[54/184] Building ASM object zephyr/arch/arch/arm/core/cortex_m/CMakeFiles/arch__arm__core__cortex_m.dir/reset.S.obj
[55/184] Building C object zephyr/arch/arch/arm/core/CMakeFiles/arch__arm__core.dir/fatal.c.obj
[56/184] Building C object zephyr/arch/arch/arm/core/CMakeFiles/arch__arm__core.dir/tls.c.obj
[57/184] Building ASM object zephyr/arch/arch/arm/core/cortex_m/CMakeFiles/arch__arm__core__cortex_m.dir/vector_table.S.obj
[58/184] Building C object zephyr/arch/arch/arm/core/cortex_m/CMakeFiles/arch__arm__core__cortex_m.dir/fpu.c.obj
[59/184] Building ASM object zephyr/arch/arch/arm/core/cortex_m/CMakeFiles/arch__arm__core__cortex_m.dir/svc.S.obj
[60/184] Building C object zephyr/arch/arch/arm/core/cortex_m/CMakeFiles/arch__arm__core__cortex_m.dir/scb.c.obj
[61/184] Building C object zephyr/arch/arch/arm/core/cortex_m/CMakeFiles/arch__arm__core__cortex_m.dir/fault.c.obj
[62/184] Building C object zephyr/arch/arch/arm/core/cortex_m/CMakeFiles/arch__arm__core__cortex_m.dir/prep_c.c.obj
[63/184] Building C object zephyr/arch/arch/arm/core/cortex_m/CMakeFiles/arch__arm__core__cortex_m.dir/irq_manage.c.obj
[64/184] Building ASM object zephyr/arch/arch/arm/core/cortex_m/CMakeFiles/arch__arm__core__cortex_m.dir/swap_helper.S.obj
[65/184] Building C object zephyr/arch/arch/arm/core/cortex_m/CMakeFiles/arch__arm__core__cortex_m.dir/thread.c.obj
[66/184] Building C object zephyr/arch/arch/arm/core/cortex_m/CMakeFiles/arch__arm__core__cortex_m.dir/cpu_idle.c.obj
[67/184] Building C object zephyr/arch/arch/arm/core/cortex_m/CMakeFiles/arch__arm__core__cortex_m.dir/thread_abort.c.obj
[68/184] Building C object zephyr/arch/arch/arm/core/cortex_m/CMakeFiles/arch__arm__core__cortex_m.dir/irq_init.c.obj
[69/184] Building C object zephyr/arch/arch/arm/core/cortex_m/CMakeFiles/arch__arm__core__cortex_m.dir/exc_exit.c.obj
[70/184] Building C object zephyr/arch/arch/arm/core/cortex_m/CMakeFiles/arch__arm__core__cortex_m.dir/isr_wrapper.c.obj
[71/184] Building ASM object zephyr/arch/arch/arm/core/cortex_m/CMakeFiles/arch__arm__core__cortex_m.dir/__aeabi_read_tp.S.obj
[72/184] Building C object zephyr/arch/arch/arm/core/cortex_m/cmse/CMakeFiles/arch__arm__core__cortex_m__cmse.dir/arm_core_cmse.c.obj
[73/184] Building C object zephyr/arch/arch/arm/core/mpu/CMakeFiles/arch__arm__core__mpu.dir/arm_mpu_regions.c.obj
[74/184] Building C object zephyr/arch/arch/arm/core/mpu/CMakeFiles/arch__arm__core__mpu.dir/arm_core_mpu.c.obj
[75/184] Building C object zephyr/lib/libc/picolibc/CMakeFiles/lib__libc__picolibc.dir/assert.c.obj
[76/184] Building C object zephyr/arch/arch/arm/core/mpu/CMakeFiles/arch__arm__core__mpu.dir/arm_mpu.c.obj
[77/184] Building C object zephyr/lib/libc/picolibc/CMakeFiles/lib__libc__picolibc.dir/errno_wrap.c.obj
[78/184] Building C object zephyr/lib/libc/picolibc/CMakeFiles/lib__libc__picolibc.dir/chk_fail.c.obj
[79/184] Building C object zephyr/lib/libc/picolibc/CMakeFiles/lib__libc__picolibc.dir/cbprintf.c.obj
[80/184] Building C object zephyr/lib/libc/picolibc/CMakeFiles/lib__libc__picolibc.dir/exit.c.obj
[81/184] Building C object zephyr/lib/libc/picolibc/CMakeFiles/lib__libc__picolibc.dir/locks.c.obj
[82/184] Building C object zephyr/lib/libc/common/CMakeFiles/lib__libc__common.dir/source/time/time.c.obj
[83/184] Building C object zephyr/lib/libc/picolibc/CMakeFiles/lib__libc__picolibc.dir/stdio.c.obj
[84/184] Building C object zephyr/lib/posix/c_lib_ext/CMakeFiles/lib__posix__c_lib_ext.dir/fnmatch.c.obj
[85/184] Building C object zephyr/lib/libc/common/CMakeFiles/lib__libc__common.dir/source/stdlib/abort.c.obj
[86/184] Building C object zephyr/lib/libc/common/CMakeFiles/lib__libc__common.dir/source/stdlib/malloc.c.obj
[87/184] Building C object zephyr/lib/posix/c_lib_ext/CMakeFiles/lib__posix__c_lib_ext.dir/getentropy.c.obj
[88/184] Building C object zephyr/lib/posix/c_lib_ext/CMakeFiles/lib__posix__c_lib_ext.dir/getopt_shim.c.obj
[89/184] Building C object zephyr/lib/net_buf/CMakeFiles/lib__net_buf.dir/buf.c.obj
[90/184] Building C object zephyr/lib/net_buf/CMakeFiles/lib__net_buf.dir/buf_simple.c.obj
[91/184] Building C object zephyr/subsys/sd/CMakeFiles/subsys__sd.dir/sd.c.obj
[92/184] Building C object zephyr/subsys/usb/device_next/CMakeFiles/subsys__usb__device_next.dir/usbd_device.c.obj
[93/184] Building C object zephyr/subsys/sd/CMakeFiles/subsys__sd.dir/sd_ops.c.obj
[94/184] Building C object zephyr/subsys/sd/CMakeFiles/subsys__sd.dir/sdmmc.c.obj
[95/184] Building C object zephyr/subsys/usb/device_next/CMakeFiles/subsys__usb__device_next.dir/usbd_desc.c.obj
[96/184] Building C object zephyr/subsys/usb/device_next/CMakeFiles/subsys__usb__device_next.dir/usbd_ch9.c.obj
[97/184] Building C object zephyr/subsys/usb/device_next/CMakeFiles/subsys__usb__device_next.dir/usbd_init.c.obj
[98/184] Building C object zephyr/subsys/usb/device_next/CMakeFiles/subsys__usb__device_next.dir/usbd_config.c.obj
[99/184] Building C object zephyr/subsys/usb/device_next/CMakeFiles/subsys__usb__device_next.dir/usbd_core.c.obj
[100/184] Building C object zephyr/subsys/usb/device_next/CMakeFiles/subsys__usb__device_next.dir/usbd_class.c.obj
[101/184] Building C object zephyr/subsys/usb/device_next/CMakeFiles/subsys__usb__device_next.dir/usbd_interface.c.obj
[102/184] Building C object zephyr/subsys/usb/device_next/CMakeFiles/subsys__usb__device_next.dir/usbd_msg.c.obj
[103/184] Building C object zephyr/subsys/usb/device_next/CMakeFiles/subsys__usb__device_next.dir/usbd_endpoint.c.obj
[104/184] Building C object zephyr/drivers/disk/CMakeFiles/drivers__disk.dir/sdmmc_subsys.c.obj
[105/184] Building C object zephyr/subsys/usb/device_next/CMakeFiles/subsys__usb__device_next.dir/class/usbd_dfu.c.obj
[106/184] Building C object zephyr/drivers/disk/CMakeFiles/drivers__disk.dir/ramdisk.c.obj
[107/184] Building C object zephyr/drivers/usb/common/buf/CMakeFiles/drivers__usb__common__buf.dir/usb_buf.c.obj
[108/184] Building C object zephyr/drivers/interrupt_controller/CMakeFiles/drivers__interrupt_controller.dir/intc_mchp_eic_g1.c.obj
[109/184] Building C object zephyr/drivers/hwinfo/CMakeFiles/drivers__hwinfo.dir/hwinfo_weak_impl.c.obj
[110/184] Building C object zephyr/drivers/console/CMakeFiles/drivers__console.dir/uart_console.c.obj
[111/184] Building C object zephyr/drivers/usb/udc/CMakeFiles/drivers__usb__udc.dir/udc_common.c.obj
[112/184] Building C object zephyr/drivers/pinctrl/CMakeFiles/drivers__pinctrl.dir/common.c.obj
[113/184] Building C object zephyr/drivers/hwinfo/CMakeFiles/drivers__hwinfo.dir/hwinfo_mchp_g1.c.obj
[114/184] Building C object zephyr/drivers/pinctrl/CMakeFiles/drivers__pinctrl.dir/pinctrl_mchp_port_g1.c.obj
[115/184] Building C object zephyr/drivers/usb/udc/CMakeFiles/drivers__usb__udc.dir/udc_mchp_g1.c.obj
[116/184] Building C object zephyr/drivers/timer/CMakeFiles/drivers__timer.dir/sys_clock_init.c.obj
[117/184] Building C object zephyr/drivers/serial/CMakeFiles/drivers__serial.dir/uart_mchp_sercom_g1.c.obj
[118/184] Building C object zephyr/drivers/timer/CMakeFiles/drivers__timer.dir/cortex_m_systick.c.obj
[119/184] Building C object zephyr/kernel/CMakeFiles/kernel.dir/main_weak.c.obj
[120/184] Building C object zephyr/kernel/CMakeFiles/kernel.dir/banner.c.obj
[121/184] Building C object zephyr/drivers/clock_control/CMakeFiles/drivers__clock_control.dir/clock_control_mchp_pic32ck_sg_gc.c.obj
[122/184] Building C object zephyr/drivers/sdhc/CMakeFiles/drivers__sdhc.dir/sdhc_mchp_g1.c.obj
[123/184] Building C object zephyr/kernel/CMakeFiles/kernel.dir/busy_wait.c.obj
[124/184] Building C object zephyr/kernel/CMakeFiles/kernel.dir/device.c.obj
[125/184] Building C object zephyr/kernel/CMakeFiles/kernel.dir/errno.c.obj
[126/184] Building C object zephyr/kernel/CMakeFiles/kernel.dir/version.c.obj
[127/184] Building C object zephyr/kernel/CMakeFiles/kernel.dir/init.c.obj
[128/184] Building C object zephyr/kernel/CMakeFiles/kernel.dir/kheap.c.obj
[129/184] Building C object zephyr/kernel/CMakeFiles/kernel.dir/fatal.c.obj
[130/184] Building C object zephyr/kernel/CMakeFiles/kernel.dir/mem_slab.c.obj
[131/184] Building C object zephyr/kernel/CMakeFiles/kernel.dir/float.c.obj
[132/184] Building C object zephyr/kernel/CMakeFiles/kernel.dir/idle.c.obj
[133/184] Building C object zephyr/kernel/CMakeFiles/kernel.dir/mailbox.c.obj
[134/184] Building C object zephyr/kernel/CMakeFiles/kernel.dir/msg_q.c.obj
[135/184] Building C object zephyr/kernel/CMakeFiles/kernel.dir/mutex.c.obj
[136/184] Building C object zephyr/kernel/CMakeFiles/kernel.dir/queue.c.obj
[137/184] Building C object zephyr/kernel/CMakeFiles/kernel.dir/stack.c.obj
[138/184] Building C object zephyr/kernel/CMakeFiles/kernel.dir/sem.c.obj
[139/184] Building C object zephyr/kernel/CMakeFiles/kernel.dir/system_work_q.c.obj
[140/184] Building C object zephyr/kernel/CMakeFiles/kernel.dir/condvar.c.obj
[141/184] Building C object zephyr/kernel/CMakeFiles/kernel.dir/work.c.obj
[142/184] Building C object zephyr/kernel/CMakeFiles/kernel.dir/thread.c.obj
[143/184] Building C object zephyr/kernel/CMakeFiles/kernel.dir/sched.c.obj
[144/184] Building C object zephyr/kernel/CMakeFiles/kernel.dir/sleep.c.obj
[145/184] Building C object zephyr/kernel/CMakeFiles/kernel.dir/pipe.c.obj
[146/184] Building C object zephyr/kernel/CMakeFiles/kernel.dir/scheduler.c.obj
[147/184] Building C object zephyr/kernel/CMakeFiles/kernel.dir/timeslicing.c.obj
[148/184] Building C object zephyr/kernel/CMakeFiles/kernel.dir/timeout.c.obj
[149/184] Building C object zephyr/kernel/CMakeFiles/kernel.dir/timer.c.obj
[150/184] Linking C static library app\libapp.a
[151/184] Building C object zephyr/kernel/CMakeFiles/kernel.dir/mempool.c.obj
[152/184] Building C object zephyr/CMakeFiles/zephyr_pre0.dir/misc/empty_file.c.obj
[153/184] Building C object zephyr/kernel/CMakeFiles/kernel.dir/events.c.obj
[154/184] Building C object zephyr/kernel/CMakeFiles/kernel.dir/dynamic_disabled.c.obj
[155/184] Linking C static library zephyr\libzephyr.a
[156/184] Linking C static library zephyr\arch\common\libarch__common.a
[157/184] Linking C static library zephyr\arch\arch\arm\core\libarch__arm__core.a
[158/184] Linking C static library zephyr\arch\arch\arm\core\cortex_m\cmse\libarch__arm__core__cortex_m__cmse.a
[159/184] Linking C static library zephyr\arch\arch\arm\core\mpu\libarch__arm__core__mpu.a
[160/184] Linking C static library zephyr\lib\posix\c_lib_ext\liblib__posix__c_lib_ext.a
[161/184] Linking C static library zephyr\lib\libc\picolibc\liblib__libc__picolibc.a
[162/184] Linking C static library zephyr\lib\libc\common\liblib__libc__common.a
[163/184] Linking C static library zephyr\arch\arch\arm\core\cortex_m\libarch__arm__core__cortex_m.a
[164/184] Linking C static library zephyr\lib\net_buf\liblib__net_buf.a
[165/184] Linking C static library zephyr\subsys\sd\libsubsys__sd.a
[166/184] Linking C static library zephyr\drivers\disk\libdrivers__disk.a
[167/184] Linking C static library zephyr\subsys\usb\device_next\libsubsys__usb__device_next.a
[168/184] Linking C static library zephyr\drivers\usb\udc\libdrivers__usb__udc.a
[169/184] Linking C static library zephyr\drivers\interrupt_controller\libdrivers__interrupt_controller.a
[170/184] Linking C static library zephyr\drivers\clock_control\libdrivers__clock_control.a
[171/184] Linking C static library zephyr\drivers\usb\common\buf\libdrivers__usb__common__buf.a
[172/184] Linking C static library zephyr\drivers\console\libdrivers__console.a
[173/184] Linking C static library zephyr\drivers\hwinfo\libdrivers__hwinfo.a
[174/184] Linking C static library zephyr\drivers\pinctrl\libdrivers__pinctrl.a
[175/184] Linking C static library zephyr\drivers\sdhc\libdrivers__sdhc.a
[176/184] Linking C static library zephyr\drivers\serial\libdrivers__serial.a
[177/184] Linking C static library zephyr\drivers\timer\libdrivers__timer.a
[178/184] Linking C static library zephyr\kernel\libkernel.a
[179/184] Linking C executable zephyr\zephyr_pre0.elf; Logical command for additional byproducts on target: zephyr_pre0
[180/184] Generating linker.cmd
[181/184] Generating isr_tables.c, isr_tables_vt.ld, isr_tables_swi.ld
[182/184] Building C object zephyr/CMakeFiles/zephyr_final.dir/misc/empty_file.c.obj
[183/184] Building C object zephyr/CMakeFiles/zephyr_final.dir/isr_tables.c.obj
[184/184] Linking C executable zephyr\zephyr.elf
Memory region         Used Size  Region Size  %age Used
 ROMSTART_REGION:         696 B        66 MB      0.00%
           FLASH:       72500 B      1008 KB      7.02%
             RAM:       30122 B       512 KB      5.75%
        IDT_LIST:           0 B        32 KB      0.00%
Generating files from D:/ZephyrProject/usb_validation/results/.build_cache/pic32ck_sg01_cult_dfu_fs/zephyr/zephyr.elf for board: pic32ck_sg01_cult/pic32ck2051sg01144
