$ D:\ZephyrProject\.venv\Scripts\west.exe flash -d D:\ZephyrProject\usb_validation\results\.build_cache\pic32ck_sg01_cult_hid_keyboard_fs

-- west flash: rebuilding
ninja: no work to do.
-- west flash: using runner mplab_ipe
-- runners.mplab_ipe: mass erase requested
-- runners.mplab_ipe: Running: 'C:\Program Files\Microchip\MPLABX\v6.30\mplab_platform\mplab_ipe\ipecmd.exe' -P32CK2051SG01144 '-FD:\ZephyrProject\usb_validation\results\.build_cache\pic32ck_sg01_cult_hid_keyboard_fs\zephyr\zephyr.hex' -M -OL -OK -TPPKOB4 -E -V
DFP Version Used : PIC32CK-SG_DFP,1.7.233,Microchip
Choosing default interface swd
*****************************************************

Connecting to MPLAB PKoB4
Currently loaded versions:
Application version...........00.10.46
Boot version..................01.01.41
Script version................00.10.79
Script build number...........4a01758fc5
Tool pack version ............1.24.1850
Target voltage detected
Target device PIC32CK2051SG01144 found.
Device Revision Id  = 0x0
Device Id = 0x9506053
*****************************************************
Erasing...
Erase successful
Choosing default interface swd
*****************************************************

Connecting to MPLAB PKoB4
Currently loaded versions:
Application version...........00.10.46
Boot version..................01.01.41
Script version................00.10.79
Script build number...........4a01758fc5
Tool pack version ............1.24.1850
Target voltage detected
Target device PIC32CK2051SG01144 found.
Device Revision Id  = 0x0
Device Id = 0x9506053
*****************************************************
Calculating memory ranges for operation...
Only config settings that have been explicitly declared in your code will be programmed.
Erasing...
The following memory area(s) will be programmed:
program memory: start address = 0x8000000, end address = 0x8000fff
program memory: start address = 0xc000000, end address = 0xc00ffff
 [ Pgm ] at 0x8000270, expected 0x0c0024c5, got 0x73727170.
You have set the program speed to Normal. The circuit on your board may require you to slow the speed down. Please change the setting in the tool properties to low and try the operation again.
Programming did not complete.
Programming Target Failed.
FATAL ERROR: command exited with status 7: 'C:\Program Files\Microchip\MPLABX\v6.30\mplab_platform\mplab_ipe\ipecmd.exe' -P32CK2051SG01144 '-FD:\ZephyrProject\usb_validation\results\.build_cache\pic32ck_sg01_cult_hid_keyboard_fs\zephyr\zephyr.hex' -M -OL -OK -TPPKOB4 -E -V
