$ D:\ZephyrProject\.venv\Scripts\west.exe build -p auto -b pic32ck_sg01_cult -d D:\ZephyrProject\usb_validation\results\.build_cache\pic32ck_sg01_cult_uvc_fs -S microchip-udc-usbfs D:\ZephyrProject\mchp_zephyrproject\zephyr\samples\subsys/usb/uvc

-- west build: generating a build system
Loading Zephyr default modules (Zephyr base).
-- Application: D:/ZephyrProject/mchp_zephyrproject/zephyr/samples/subsys/usb/uvc
-- CMake version: 4.4.0
-- Found Python3: D:/ZephyrProject/.venv/Scripts/python.exe (found suitable version "3.14.6", minimum required is "3.12") found components: Interpreter
-- Cache files will be written to: D:/ZephyrProject/mchp_zephyrproject/zephyr/.cache
-- Zephyr version: 4.4.0 (D:/ZephyrProject/mchp_zephyrproject/zephyr)
-- Found west (found suitable version "1.5.0", minimum required is "0.14.0")
-- Board: pic32ck_sg01_cult, qualifiers: pic32ck2051sg01144
-- Snippet(s): microchip-udc-usbfs
-- ZEPHYR_TOOLCHAIN_VARIANT not set, trying to locate Zephyr SDK
-- Found host-tools: zephyr 1.0.1 (C:/Users/I73904/zephyr-sdk-1.0.1)
-- Found toolchain: zephyr 1.0.1 (C:/Users/I73904/zephyr-sdk-1.0.1)
-- Found Dtc: C:/ProgramData/chocolatey/bin/dtc.exe (found suitable version "1.6.1", minimum required is "1.4.6")
-- Found BOARD.dts: D:/ZephyrProject/mchp_zephyrproject/zephyr/boards/microchip/pic32c/pic32ck_sg01_cult/pic32ck_sg01_cult.dts
-- Found devicetree overlay: D:/ZephyrProject/mchp_zephyrproject/zephyr/samples/subsys/usb/uvc/app.overlay
-- Generated zephyr.dts: D:/ZephyrProject/usb_validation/results/.build_cache/pic32ck_sg01_cult_uvc_fs/zephyr/zephyr.dts
-- Generated pickled edt: D:/ZephyrProject/usb_validation/results/.build_cache/pic32ck_sg01_cult_uvc_fs/zephyr/edt.pickle
-- Generated devicetree_generated.h: D:/ZephyrProject/usb_validation/results/.build_cache/pic32ck_sg01_cult_uvc_fs/zephyr/include/generated/zephyr/devicetree_generated.h
Parsing D:/ZephyrProject/mchp_zephyrproject/zephyr/samples/subsys/usb/uvc/Kconfig
Loaded configuration 'D:/ZephyrProject/mchp_zephyrproject/zephyr/boards/microchip/pic32c/pic32ck_sg01_cult/pic32ck_sg01_cult_defconfig'
Merged configuration 'D:/ZephyrProject/mchp_zephyrproject/zephyr/samples/subsys/usb/uvc/prj.conf'
Configuration saved to 'D:/ZephyrProject/usb_validation/results/.build_cache/pic32ck_sg01_cult_uvc_fs/zephyr/.config'
Kconfig header saved to 'D:/ZephyrProject/usb_validation/results/.build_cache/pic32ck_sg01_cult_uvc_fs/zephyr/include/generated/zephyr/autoconf.h'
-- Found GnuLd: C:/Users/I73904/zephyr-sdk-1.0.1/gnu/arm-zephyr-eabi/arm-zephyr-eabi/bin/ld.bfd.exe (found version "2.43.1")
-- The C compiler identification is GNU 14.3.0
-- The CXX compiler identification is GNU 14.3.0
-- The ASM compiler identification is GNU
-- Found assembler: C:/Users/I73904/zephyr-sdk-1.0.1/gnu/arm-zephyr-eabi/bin/arm-zephyr-eabi-gcc.exe
-- Found gen_kobject_list: D:/ZephyrProject/mchp_zephyrproject/zephyr/scripts/build/gen_kobject_list.py
-- Configuring done (35.0s)
-- Generating done (2.6s)
-- Build files have been written to: D:/ZephyrProject/usb_validation/results/.build_cache/pic32ck_sg01_cult_uvc_fs
-- west build: building application
[1/180] Generating include/generated/zephyr/version.h
-- Zephyr version: 4.4.0 (D:/ZephyrProject/mchp_zephyrproject/zephyr), build: 50519545e19a
[2/180] Generating misc/generated/syscalls.json, misc/generated/struct_tags.json
[3/180] Generating include/generated/device-api-sections.ld, include/generated/device-api-sections.cmake
[4/180] Generating include/generated/zephyr/driver-validation.h
[5/180] Generating include/generated/zephyr/kobj-types-enum.h, include/generated/zephyr/otype-to-str.h, include/generated/zephyr/otype-to-size.h
[6/180] Generating include/generated/zephyr/syscall_dispatch.c, include/generated/zephyr/syscall_exports_llext.c, syscall_weakdefs_llext.c, include/generated/zephyr/syscall_list.h
[7/180] Building C object zephyr/lib/heap/CMakeFiles/heap_constants.dir/heap_constants.c.obj
[8/180] Generating ../../include/generated/zephyr/heap_constants.h
[9/180] Building C object zephyr/CMakeFiles/offsets.dir/arch/arm/core/offsets/offsets.c.obj
[10/180] Generating include/generated/zephyr/offsets.h
[11/180] Building C object zephyr/arch/common/CMakeFiles/isr_tables.dir/isr_tables.c.obj
[12/180] Building C object CMakeFiles/app.dir/D_/ZephyrProject/mchp_zephyrproject/zephyr/samples/subsys/usb/common/sample_usbd_init.c.obj
[13/180] Building C object zephyr/CMakeFiles/zephyr.dir/lib/libc/validate_libc.c.obj
[14/180] Building C object zephyr/CMakeFiles/zephyr.dir/lib/mem_blocks/mem_blocks.c.obj
[15/180] Building C object zephyr/CMakeFiles/zephyr.dir/lib/os/clock.c.obj
[16/180] Building C object zephyr/CMakeFiles/zephyr.dir/lib/os/cbprintf_packaged.c.obj
[17/180] Building C object zephyr/CMakeFiles/zephyr.dir/lib/os/printk.c.obj
[18/180] Building C object zephyr/CMakeFiles/zephyr.dir/lib/os/sem.c.obj
[19/180] Building C object zephyr/CMakeFiles/zephyr.dir/lib/heap/heap.c.obj
[20/180] Building C object CMakeFiles/app.dir/src/main.c.obj
FAILED: [code=1] CMakeFiles/app.dir/src/main.c.obj 
C:\Users\I73904\zephyr-sdk-1.0.1\gnu\arm-zephyr-eabi\bin\arm-zephyr-eabi-gcc.exe -DKERNEL -DK_HEAP_MEM_POOL_SIZE=0 -DPICOLIBC_LONG_LONG_PRINTF_SCANF -D_POSIX_THREAD_SAFE_FUNCTIONS=200809L -D__LINUX_ERRNO_EXTENSIONS__ -D__PROGRAM_START -D__ZEPHYR__=1 -ID:/ZephyrProject/mchp_zephyrproject/zephyr/samples/subsys/usb/common -ID:/ZephyrProject/usb_validation/results/.build_cache/pic32ck_sg01_cult_uvc_fs/zephyr/include/generated/zephyr -ID:/ZephyrProject/mchp_zephyrproject/zephyr/include -ID:/ZephyrProject/usb_validation/results/.build_cache/pic32ck_sg01_cult_uvc_fs/zephyr/include/generated -ID:/ZephyrProject/mchp_zephyrproject/zephyr/soc/microchip/pic32c/pic32ck_sg_gc -ID:/ZephyrProject/mchp_zephyrproject/zephyr/lib/libc/picolibc/include -ID:/ZephyrProject/mchp_zephyrproject/zephyr/lib/posix/c_lib_ext/getopt -ID:/ZephyrProject/mchp_zephyrproject/zephyr/soc/microchip/pic32c/pic32ck_sg_gc/common/. -ID:/ZephyrProject/mchp_zephyrproject/zephyr/soc/microchip/pic32c/pic32ck_sg_gc/pic32ck_sg01 -ID:/ZephyrProject/mchp_zephyrproject/zephyr/subsys/usb/common/. -ID:/ZephyrProject/mchp_zephyrproject/modules/hal/microchip/packs/pic32c/pic32ck_sg_gc/pic32ck_sg01/include -ID:/ZephyrProject/mchp_zephyrproject/modules/hal/microchip/packs/pic32c/pic32ck_sg_gc/common -ID:/ZephyrProject/mchp_zephyrproject/modules/hal/microchip/include -ID:/ZephyrProject/mchp_zephyrproject/modules/hal/cmsis_6/CMSIS/Core/Include -ID:/ZephyrProject/mchp_zephyrproject/zephyr/modules/cmsis_6/. -isystem D:/ZephyrProject/mchp_zephyrproject/zephyr/lib/libc/common/include -fno-strict-aliasing -Os -imacros D:/ZephyrProject/usb_validation/results/.build_cache/pic32ck_sg01_cult_uvc_fs/zephyr/include/generated/zephyr/autoconf.h -fno-printf-return-value -fno-common -g -gdwarf-4 -fdiagnostics-color=always -mcpu=cortex-m33 -mthumb -mabi=aapcs -mfp16-format=ieee -mtp=soft --sysroot=C:/Users/I73904/zephyr-sdk-1.0.1/gnu/arm-zephyr-eabi/arm-zephyr-eabi -imacros D:/ZephyrProject/mchp_zephyrproject/zephyr/include/zephyr/toolchain/zephyr_stdint.h -Wall -Wformat -Wformat-security -Wno-format-zero-length -Wdouble-promotion -Wno-pointer-sign -Wpointer-arith -Wexpansion-to-defined -Wno-unused-but-set-variable -Werror=implicit-int -fno-pic -fno-pie -fno-asynchronous-unwind-tables -ftls-model=local-exec -fno-reorder-functions --param=min-pagesize=0 -fno-defer-pop -fmacro-prefix-map=D:/ZephyrProject/mchp_zephyrproject/zephyr/samples/subsys/usb/uvc=CMAKE_SOURCE_DIR -fmacro-prefix-map=D:/ZephyrProject/mchp_zephyrproject/zephyr=ZEPHYR_BASE -fmacro-prefix-map=D:/ZephyrProject/mchp_zephyrproject=WEST_TOPDIR -ffunction-sections -fdata-sections -mcmse -specs=picolibc.specs -std=c17 -MD -MT CMakeFiles/app.dir/src/main.c.obj -MF CMakeFiles\app.dir\src\main.c.obj.d -o CMakeFiles/app.dir/src/main.c.obj -c D:/ZephyrProject/mchp_zephyrproject/zephyr/samples/subsys/usb/uvc/src/main.c
In file included from D:/ZephyrProject/mchp_zephyrproject/zephyr/include/zephyr/toolchain/gcc.h:98,
                 from D:/ZephyrProject/mchp_zephyrproject/zephyr/include/zephyr/toolchain.h:52,
                 from D:/ZephyrProject/mchp_zephyrproject/zephyr/include/zephyr/sys/__assert.h:11,
                 from D:/ZephyrProject/mchp_zephyrproject/zephyr/include/zephyr/irq_multilevel.h:15,
                 from D:/ZephyrProject/mchp_zephyrproject/zephyr/include/zephyr/devicetree.h:21,
                 from D:/ZephyrProject/mchp_zephyrproject/zephyr/include/zephyr/device.h:12,
                 from D:/ZephyrProject/mchp_zephyrproject/zephyr/include/zephyr/usb/usbd.h:17,
                 from D:/ZephyrProject/mchp_zephyrproject/zephyr/samples/subsys/usb/common/sample_usbd.h:11,
                 from D:/ZephyrProject/mchp_zephyrproject/zephyr/samples/subsys/usb/uvc/src/main.c:10:
D:/ZephyrProject/mchp_zephyrproject/zephyr/include/zephyr/device.h:96:41: error: '__device_dts_ord_DT_CHOSEN_zephyr_camera_ORD' undeclared here (not in a function)
   96 | #define DEVICE_NAME_GET(dev_id) _CONCAT(__device_, dev_id)
      |                                         ^~~~~~~~~
D:/ZephyrProject/mchp_zephyrproject/zephyr/include/zephyr/toolchain/common.h:169:26: note: in definition of macro '_DO_CONCAT'
  169 | #define _DO_CONCAT(x, y) x ## y
      |                          ^
D:/ZephyrProject/mchp_zephyrproject/zephyr/include/zephyr/device.h:96:33: note: in expansion of macro '_CONCAT'
   96 | #define DEVICE_NAME_GET(dev_id) _CONCAT(__device_, dev_id)
      |                                 ^~~~~~~
D:/ZephyrProject/mchp_zephyrproject/zephyr/include/zephyr/device.h:300:37: note: in expansion of macro 'DEVICE_NAME_GET'
  300 | #define DEVICE_DT_NAME_GET(node_id) DEVICE_NAME_GET(Z_DEVICE_DT_DEV_ID(node_id))
      |                                     ^~~~~~~~~~~~~~~
D:/ZephyrProject/mchp_zephyrproject/zephyr/include/zephyr/device.h:317:34: note: in expansion of macro 'DEVICE_DT_NAME_GET'
  317 | #define DEVICE_DT_GET(node_id) (&DEVICE_DT_NAME_GET(node_id))
      |                                  ^~~~~~~~~~~~~~~~~~
D:/ZephyrProject/mchp_zephyrproject/zephyr/samples/subsys/usb/uvc/src/main.c:21:47: note: in expansion of macro 'DEVICE_DT_GET'
   21 | const static struct device *const video_dev = DEVICE_DT_GET(DT_CHOSEN(zephyr_camera));
      |                                               ^~~~~~~~~~~~~
[21/180] Building C object zephyr/CMakeFiles/zephyr.dir/lib/os/thread_entry.c.obj
[22/180] Building C object zephyr/CMakeFiles/zephyr.dir/lib/utils/dec.c.obj
[23/180] Building C object zephyr/CMakeFiles/zephyr.dir/lib/utils/hex.c.obj
[24/180] Building C object zephyr/CMakeFiles/zephyr.dir/lib/utils/set.c.obj
[25/180] Building C object zephyr/CMakeFiles/zephyr.dir/lib/os/assert.c.obj
[26/180] Building C object zephyr/CMakeFiles/zephyr.dir/lib/os/cbprintf_complete.c.obj
[27/180] Building C object zephyr/CMakeFiles/zephyr.dir/lib/utils/timeutil.c.obj
[28/180] Building C object zephyr/CMakeFiles/zephyr.dir/lib/os/mpsc_pbuf.c.obj
[29/180] Building C object zephyr/CMakeFiles/zephyr.dir/lib/utils/rb.c.obj
ninja: build stopped: subcommand failed.
FATAL ERROR: command exited with status 1: 'C:\Program Files\CMake\bin\cmake.EXE' --build 'D:\ZephyrProject\usb_validation\results\.build_cache\pic32ck_sg01_cult_uvc_fs'
