Archive member included to satisfy reference by file (symbol)

app/libapp.a(main.c.obj)      (--whole-archive)
zephyr/libzephyr.a(validate_libc.c.obj)
                              (--whole-archive)
zephyr/libzephyr.a(heap.c.obj)
                              (--whole-archive)
zephyr/libzephyr.a(cbprintf_packaged.c.obj)
                              (--whole-archive)
zephyr/libzephyr.a(clock.c.obj)
                              (--whole-archive)
zephyr/libzephyr.a(printk.c.obj)
                              (--whole-archive)
zephyr/libzephyr.a(sem.c.obj)
                              (--whole-archive)
zephyr/libzephyr.a(thread_entry.c.obj)
                              (--whole-archive)
zephyr/libzephyr.a(cbprintf_complete.c.obj)
                              (--whole-archive)
zephyr/libzephyr.a(assert.c.obj)
                              (--whole-archive)
zephyr/libzephyr.a(dec.c.obj)
                              (--whole-archive)
zephyr/libzephyr.a(hex.c.obj)
                              (--whole-archive)
zephyr/libzephyr.a(rb.c.obj)  (--whole-archive)
zephyr/libzephyr.a(set.c.obj)
                              (--whole-archive)
zephyr/libzephyr.a(timeutil.c.obj)
                              (--whole-archive)
zephyr/libzephyr.a(bitarray.c.obj)
                              (--whole-archive)
zephyr/libzephyr.a(bitmask.c.obj)
                              (--whole-archive)
zephyr/libzephyr.a(getopt.c.obj)
                              (--whole-archive)
zephyr/libzephyr.a(getopt_common.c.obj)
                              (--whole-archive)
zephyr/libzephyr.a(ring_buffer.c.obj)
                              (--whole-archive)
zephyr/libzephyr.a(last_section_id.c.obj)
                              (--whole-archive)
zephyr/libzephyr.a(configs.c.obj)
                              (--whole-archive)
zephyr/libzephyr.a(mem_attr.c.obj)
                              (--whole-archive)
zephyr/libzephyr.a(tracing_none.c.obj)
                              (--whole-archive)
zephyr/arch/common/libarch__common.a(sw_isr_common.c.obj)
                              (--whole-archive)
zephyr/arch/common/libarch__common.a(init.c.obj)
                              (--whole-archive)
zephyr/arch/common/libarch__common.a(xip.c.obj)
                              (--whole-archive)
zephyr/arch/arch/arm/core/libarch__arm__core.a(fatal.c.obj)
                              (--whole-archive)
zephyr/arch/arch/arm/core/libarch__arm__core.a(nmi.c.obj)
                              (--whole-archive)
zephyr/arch/arch/arm/core/libarch__arm__core.a(nmi_on_reset.S.obj)
                              (--whole-archive)
zephyr/arch/arch/arm/core/libarch__arm__core.a(tls.c.obj)
                              (--whole-archive)
zephyr/arch/arch/arm/core/cortex_m/libarch__arm__core__cortex_m.a(fault.c.obj)
                              (--whole-archive)
zephyr/arch/arch/arm/core/cortex_m/libarch__arm__core__cortex_m.a(fault_s.S.obj)
                              (--whole-archive)
zephyr/arch/arch/arm/core/cortex_m/libarch__arm__core__cortex_m.a(fpu.c.obj)
                              (--whole-archive)
zephyr/arch/arch/arm/core/cortex_m/libarch__arm__core__cortex_m.a(reset.S.obj)
                              (--whole-archive)
zephyr/arch/arch/arm/core/cortex_m/libarch__arm__core__cortex_m.a(scb.c.obj)
                              (--whole-archive)
zephyr/arch/arch/arm/core/cortex_m/libarch__arm__core__cortex_m.a(vector_table.S.obj)
                              (--whole-archive)
zephyr/arch/arch/arm/core/cortex_m/libarch__arm__core__cortex_m.a(svc.S.obj)
                              (--whole-archive)
zephyr/arch/arch/arm/core/cortex_m/libarch__arm__core__cortex_m.a(irq_manage.c.obj)
                              (--whole-archive)
zephyr/arch/arch/arm/core/cortex_m/libarch__arm__core__cortex_m.a(prep_c.c.obj)
                              (--whole-archive)
zephyr/arch/arch/arm/core/cortex_m/libarch__arm__core__cortex_m.a(thread.c.obj)
                              (--whole-archive)
zephyr/arch/arch/arm/core/cortex_m/libarch__arm__core__cortex_m.a(cpu_idle.c.obj)
                              (--whole-archive)
zephyr/arch/arch/arm/core/cortex_m/libarch__arm__core__cortex_m.a(exc_exit.c.obj)
                              (--whole-archive)
zephyr/arch/arch/arm/core/cortex_m/libarch__arm__core__cortex_m.a(thread_abort.c.obj)
                              (--whole-archive)
zephyr/arch/arch/arm/core/cortex_m/libarch__arm__core__cortex_m.a(swap_helper.S.obj)
                              (--whole-archive)
zephyr/arch/arch/arm/core/cortex_m/libarch__arm__core__cortex_m.a(irq_init.c.obj)
                              (--whole-archive)
zephyr/arch/arch/arm/core/cortex_m/libarch__arm__core__cortex_m.a(isr_wrapper.c.obj)
                              (--whole-archive)
zephyr/arch/arch/arm/core/cortex_m/libarch__arm__core__cortex_m.a(__aeabi_read_tp.S.obj)
                              (--whole-archive)
[...]
Memory Configuration

Name             Origin             Length             Attributes
ROMSTART_REGION  0x08000000         0x04200000         xr
FLASH            0x0c000000         0x000fc000         xr
RAM              0x20000000         0x00080000         xw
IDT_LIST         0xffff7fff         0x00008000         xw
*default*        0x00000000         0xffffffff

Linker script and memory map

                0x0c003324                        vfprintf = __l_vfprintf
                0x00000000                        vfscanf = __l_vfscanf
LOAD zephyr/CMakeFiles/zephyr_final.dir/misc/empty_file.c.obj
LOAD zephyr/CMakeFiles/zephyr_final.dir/isr_tables.c.obj
LOAD zephyr/CMakeFiles/offsets.dir/./arch/arm/core/offsets/offsets.c.obj
LOAD app/libapp.a
LOAD zephyr/libzephyr.a
LOAD zephyr/arch/common/libarch__common.a
LOAD zephyr/arch/arch/arm/core/libarch__arm__core.a
LOAD zephyr/arch/arch/arm/core/cortex_m/libarch__arm__core__cortex_m.a
LOAD zephyr/arch/arch/arm/core/cortex_m/cmse/libarch__arm__core__cortex_m__cmse.a
LOAD zephyr/arch/arch/arm/core/mpu/libarch__arm__core__mpu.a
LOAD zephyr/lib/libc/picolibc/liblib__libc__picolibc.a
LOAD zephyr/lib/libc/common/liblib__libc__common.a
LOAD zephyr/lib/posix/c_lib_ext/liblib__posix__c_lib_ext.a
LOAD zephyr/drivers/interrupt_controller/libdrivers__interrupt_controller.a
LOAD zephyr/drivers/clock_control/libdrivers__clock_control.a
LOAD zephyr/drivers/console/libdrivers__console.a
LOAD zephyr/drivers/gpio/libdrivers__gpio.a
LOAD zephyr/drivers/pinctrl/libdrivers__pinctrl.a
LOAD zephyr/drivers/serial/libdrivers__serial.a
LOAD zephyr/drivers/timer/libdrivers__timer.a
LOAD zephyr/kernel/libkernel.a
LOAD zephyr/arch/common/libisr_tables.a
LOAD C:/Users/I73904/zephyr-sdk-1.0.1/gnu/arm-zephyr-eabi/bin/../lib/gcc/arm-zephyr-eabi/14.3.0/../../../../arm-zephyr-eabi/lib/thumb/v8-m.main/nofp/space\libc.a
LOAD C:/Users/I73904/zephyr-sdk-1.0.1/gnu/arm-zephyr-eabi/bin/../lib/gcc/arm-zephyr-eabi/14.3.0/thumb/v8-m.main/nofp/space\libgcc.a
                0x00000020                        _region_min_align = 0x20

.rel.plt        0x08000000        0x0
 *(SORT_BY_ALIGNMENT(.rel.plt))
                [!provide]                        PROVIDE (__rel_iplt_start = .)
 *(SORT_BY_ALIGNMENT(.rel.iplt))
 .rel.iplt      0x08000000        0x0 zephyr/CMakeFiles/zephyr_final.dir/isr_tables.c.obj
                [!provide]                        PROVIDE (__rel_iplt_end = .)

.rela.plt       0x00000000        0x0
 *(SORT_BY_ALIGNMENT(.rela.plt))
                [!provide]                        PROVIDE (__rela_iplt_start = .)
 *(SORT_BY_ALIGNMENT(.rela.iplt))
                [!provide]                        PROVIDE (__rela_iplt_end = .)

.rel.dyn
 *(SORT_BY_ALIGNMENT(.rel.*))

.rela.dyn
 *(SORT_BY_ALIGNMENT(.rela.*))

/DISCARD/
 *(SORT_BY_ALIGNMENT(.plt))

/DISCARD/
 *(SORT_BY_ALIGNMENT(.iplt))
                0x0c000000                        __rom_region_start = 0xc000000

rom_start       0x08000000      0x2b8
                0x08000000                        __rom_start_address = .
 FILL mask 0x00
                0x08000000                        . = (. + (0x0 - (. - __rom_start_address)))
                0x08000000                        . = ALIGN (0x4)
                0x08000000                        . = ALIGN (0x80)
                0x08000000                        . = ALIGN (0x400)
                0x08000000                        _vector_start = .
 *(SORT_BY_ALIGNMENT(.exc_vector_table))
 *(SORT_BY_ALIGNMENT(.exc_vector_table.*))
 .exc_vector_table._vector_table_section
                0x08000000       0x40 zephyr/arch/arch/arm/core/cortex_m/libarch__arm__core__cortex_m.a(vector_table.S.obj)
                0x08000000                _vector_table
 *(SORT_BY_ALIGNMENT(.vectors))
                0x080002b8                        _vector_end = .
                0x08000040                        . = ALIGN (0x4)
 *(SORT_BY_ALIGNMENT(.gnu.linkonce.irq_vector_table*))
 .gnu.linkonce.irq_vector_table
                0x08000040      0x278 zephyr/CMakeFiles/zephyr_final.dir/isr_tables.c.obj
                0x08000040                _irq_vector_table
                0x080002b8                        _vector_end = .

text            0x0c000000     0x4918
                0x0c000000                        __text_region_start = .
 *(SORT_BY_ALIGNMENT(.text))
 .text          0x0c000000       0x30 C:/Users/I73904/zephyr-sdk-1.0.1/gnu/arm-zephyr-eabi/bin/../lib/gcc/arm-zephyr-eabi/14.3.0/thumb/v8-m.main/nofp/space\libgcc.a(_aeabi_uldivmod.o)
                0x0c000000                __aeabi_uldivmod
 .text          0x0c000030        0x4 C:/Users/I73904/zephyr-sdk-1.0.1/gnu/arm-zephyr-eabi/bin/../lib/gcc/arm-zephyr-eabi/14.3.0/thumb/v8-m.main/nofp/space\libgcc.a(_dvmd_tls.o)
                0x0c000030                __aeabi_idiv0
                0x0c000030                __aeabi_ldiv0
 .text          0x0c000034      0x2ba C:/Users/I73904/zephyr-sdk-1.0.1/gnu/arm-zephyr-eabi/bin/../lib/gcc/arm-zephyr-eabi/14.3.0/thumb/v8-m.main/nofp/space\libgcc.a(_udivmoddi4.o)
                0x0c000034                __udivmoddi4
 *(SORT_BY_ALIGNMENT(.text.*))
 *fill*         0x0c0002ee        0x2 
 .text.main     0x0c0002f0       0x74 app/libapp.a(main.c.obj)
                0x0c0002f0                main
 .text.char_out
                0x0c000364        0xc zephyr/libzephyr.a(printk.c.obj)
 .text.__printk_hook_install
                0x0c000370        0xc zephyr/libzephyr.a(printk.c.obj)
                0x0c000370                __printk_hook_install
 .text.vprintk  0x0c00037c       0x30 zephyr/libzephyr.a(printk.c.obj)
                0x0c00037c                vprintk
 .text.z_thread_entry
                0x0c0003ac       0x34 zephyr/libzephyr.a(thread_entry.c.obj)
                0x0c0003ac                z_thread_entry
 .text.mem_attr_get_regions
                0x0c0003e0        0xc zephyr/libzephyr.a(mem_attr.c.obj)
                0x0c0003e0                mem_attr_get_regions
 .text.arch_bss_zero
                0x0c0003ec       0x18 zephyr/arch/common/libarch__common.a(init.c.obj)
                0x0c0003ec                arch_bss_zero
 .text.arch_data_copy
                0x0c000404       0x38 zephyr/arch/common/libarch__common.a(xip.c.obj)
                0x0c000404                arch_data_copy
 .text.z_arm_fatal_error
                0x0c00043c       0x60 zephyr/arch/arch/arm/core/libarch__arm__core.a(fatal.c.obj)
                0x0c00043c                z_arm_fatal_error
 .text.z_SysNmiOnReset
                0x0c00049c        0x8 zephyr/arch/arch/arm/core/libarch__arm__core.a(nmi_on_reset.S.obj)
                0x0c00049c                z_SysNmiOnReset
 .text.arch_tls_stack_setup
                0x0c0004a4       0x40 zephyr/arch/arch/arm/core/libarch__arm__core.a(tls.c.obj)
                0x0c0004a4                arch_tls_stack_setup
 .text.secure_fault.isra.0
                0x0c0004e4       0xd4 zephyr/arch/arch/arm/core/cortex_m/libarch__arm__core__cortex_m.a(fault.c.obj)
 .text.usage_fault.isra.0
                0x0c0005b8       0xa8 zephyr/arch/arch/arm/core/cortex_m/libarch__arm__core__cortex_m.a(fault.c.obj)
 .text.bus_fault.isra.0
                0x0c000660       0xb8 zephyr/arch/arch/arm/core/cortex_m/libarch__arm__core__cortex_m.a(fault.c.obj)
 .text.mem_manage_fault.isra.0
                0x0c000718       0xbc zephyr/arch/arch/arm/core/cortex_m/libarch__arm__core__cortex_m.a(fault.c.obj)
 .text.z_arm_fault
                0x0c0007d4      0x1f0 zephyr/arch/arch/arm/core/cortex_m/libarch__arm__core__cortex_m.a(fault.c.obj)
                0x0c0007d4                z_arm_fault
 .text.z_arm_fault_init
                0x0c0009c4       0x18 zephyr/arch/arch/arm/core/cortex_m/libarch__arm__core__cortex_m.a(fault.c.obj)
                0x0c0009c4                z_arm_fault_init
 .text.__fault  0x0c0009dc       0x14 zephyr/arch/arch/arm/core/cortex_m/libarch__arm__core__cortex_m.a(fault_s.S.obj)
                0x0c0009dc                z_arm_bus_fault
                0x0c0009dc                z_arm_usage_fault
                0x0c0009dc                z_arm_mpu_fault
                0x0c0009dc                z_arm_exc_spurious
                0x0c0009dc                z_arm_debug_monitor
                0x0c0009dc                z_arm_hard_fault
                0x0c0009dc                z_arm_secure_fault
 .text._reset_section
                0x0c0009f0       0x34 zephyr/arch/arch/arm/core/cortex_m/libarch__arm__core__cortex_m.a(reset.S.obj)
                0x0c0009f0                __start
                0x0c0009f0                z_arm_reset
 .text.z_arm_svc
                0x0c000a24       0x24 zephyr/arch/arch/arm/core/cortex_m/libarch__arm__core__cortex_m.a(svc.S.obj)
                0x0c000a24                z_arm_svc
 .text.arm_irq_enable
                0x0c000a48       0x1c zephyr/arch/arch/arm/core/cortex_m/libarch__arm__core__cortex_m.a(irq_manage.c.obj)
                0x0c000a48                arm_irq_enable
 .text.arm_irq_priority_set
                0x0c000a64       0x2c zephyr/arch/arch/arm/core/cortex_m/libarch__arm__core__cortex_m.a(irq_manage.c.obj)
                0x0c000a64                arm_irq_priority_set
 .text.relocate_vector_table
                0x0c000a90       0x1c zephyr/arch/arch/arm/core/cortex_m/libarch__arm__core__cortex_m.a(prep_c.c.obj)
                0x0c000a90                relocate_vector_table
 .text.z_prep_c
                0x0c000aac       0x38 zephyr/arch/arch/arm/core/cortex_m/libarch__arm__core__cortex_m.a(prep_c.c.obj)
                0x0c000aac                z_prep_c
 .text.arch_new_thread
                0x0c000ae4       0x38 zephyr/arch/arch/arm/core/cortex_m/libarch__arm__core__cortex_m.a(thread.c.obj)
                0x0c000ae4                arch_new_thread
 .text.arch_switch_to_main_thread
                0x0c000b1c       0x38 zephyr/arch/arch/arm/core/cortex_m/libarch__arm__core__cortex_m.a(thread.c.obj)
                0x0c000b1c                arch_switch_to_main_thread
 .text.z_arm_cpu_idle_init
                0x0c000b54        0xc zephyr/arch/arch/arm/core/cortex_m/libarch__arm__core__cortex_m.a(cpu_idle.c.obj)
                0x0c000b54                z_arm_cpu_idle_init
 .text._HandlerModeExit
                0x0c000b60       0x20 zephyr/arch/arch/arm/core/cortex_m/libarch__arm__core__cortex_m.a(exc_exit.c.obj)
                0x0c000b60                z_arm_int_exit
                0x0c000b60                z_arm_exc_exit
 .text.z_impl_k_thread_abort
                0x0c000b80       0x2c zephyr/arch/arch/arm/core/cortex_m/libarch__arm__core__cortex_m.a(thread_abort.c.obj)
                0x0c000b80                z_impl_k_thread_abort
 .text.z_arm_pendsv
                0x0c000bac       0x54 zephyr/arch/arch/arm/core/cortex_m/libarch__arm__core__cortex_m.a(swap_helper.S.obj)
                0x0c000bac                z_arm_pendsv
 .text.z_arm_interrupt_init
                0x0c000c00       0x18 zephyr/arch/arch/arm/core/cortex_m/libarch__arm__core__cortex_m.a(irq_init.c.obj)
                0x0c000c00                z_arm_interrupt_init
 .text._isr_wrapper
                0x0c000c18       0x24 zephyr/arch/arch/arm/core/cortex_m/libarch__arm__core__cortex_m.a(isr_wrapper.c.obj)
                0x0c000c18                _isr_wrapper
 .text.__aeabi_read_tp
                0x0c000c3c        0xc zephyr/arch/arch/arm/core/cortex_m/libarch__arm__core__cortex_m.a(__aeabi_read_tp.S.obj)
                0x0c000c3c                __aeabi_read_tp
 .text.z_arm_configure_static_mpu_regions
                0x0c000c48       0x3c zephyr/arch/arch/arm/core/mpu/libarch__arm__core__mpu.a(arm_core_mpu.c.obj)
                0x0c000c48                z_arm_configure_static_mpu_regions
 .text.region_init
                0x0c000c84       0x30 zephyr/arch/arch/arm/core/mpu/libarch__arm__core__mpu.a(arm_mpu.c.obj)
 .text.region_allocate_and_init
                0x0c000cb4       0x24 zephyr/arch/arch/arm/core/mpu/libarch__arm__core__mpu.a(arm_mpu.c.obj)
 .text.mpu_configure_regions_and_partition.constprop.0
                0x0c000cd8      0x140 zephyr/arch/arch/arm/core/mpu/libarch__arm__core__mpu.a(arm_mpu.c.obj)
 .text.arm_core_mpu_enable
                0x0c000e18       0x18 zephyr/arch/arch/arm/core/mpu/libarch__arm__core__mpu.a(arm_mpu.c.obj)
                0x0c000e18                arm_core_mpu_enable
 .text.arm_core_mpu_disable
                0x0c000e30       0x14 zephyr/arch/arch/arm/core/mpu/libarch__arm__core__mpu.a(arm_mpu.c.obj)
                0x0c000e30                arm_core_mpu_disable
 .text.arm_core_mpu_configure_static_mpu_regions
                0x0c000e44       0x14 zephyr/arch/arch/arm/core/mpu/libarch__arm__core__mpu.a(arm_mpu.c.obj)
                0x0c000e44                arm_core_mpu_configure_static_mpu_regions
 .text.arm_core_mpu_mark_areas_for_dynamic_regions
                0x0c000e58       0xb8 zephyr/arch/arch/arm/core/mpu/libarch__arm__core__mpu.a(arm_mpu.c.obj)
                0x0c000e58                arm_core_mpu_mark_areas_for_dynamic_regions
 .text.z_arm_mpu_init
                0x0c000f10      0x164 zephyr/arch/arch/arm/core/mpu/libarch__arm__core__mpu.a(arm_mpu.c.obj)
                0x0c000f10                z_arm_mpu_init
 .text.z_impl_zephyr_fputc
                0x0c001074       0x10 zephyr/lib/libc/picolibc/liblib__libc__picolibc.a(stdio.c.obj)
                0x0c001074                z_impl_zephyr_fputc
 .text.__stdout_hook_install
                0x0c001084       0x18 zephyr/lib/libc/picolibc/liblib__libc__picolibc.a(stdio.c.obj)
                0x0c001084                __stdout_hook_install
 .text.malloc_prepare
                0x0c00109c       0x24 zephyr/lib/libc/common/liblib__libc__common.a(malloc.c.obj)
 .text.find_eic_line_from_pin
                0x0c0010c0       0x3c zephyr/drivers/interrupt_controller/libdrivers__interrupt_controller.a(intc_mchp_eic_g1.c.obj)
 .text.eic_config_set_trig.constprop.0
                0x0c0010fc       0x34 zephyr/drivers/interrupt_controller/libdrivers__interrupt_controller.a(intc_mchp_eic_g1.c.obj)
 .text.eic_sync_wait
                0x0c001130       0x28 zephyr/drivers/interrupt_controller/libdrivers__interrupt_controller.a(intc_mchp_eic_g1.c.obj)
 .text.eic_mchp_disable_interrupt
                0x0c001158       0xbc zephyr/drivers/interrupt_controller/libdrivers__interrupt_controller.a(intc_mchp_eic_g1.c.obj)
                0x0c001158                eic_mchp_disable_interrupt
 .text.eic_mchp_interrupt_pending
                0x0c001214       0x5c zephyr/drivers/interrupt_controller/libdrivers__interrupt_controller.a(intc_mchp_eic_g1.c.obj)
                0x0c001214                eic_mchp_interrupt_pending
 .text.eic_mchp_config_interrupt
                0x0c001270      0x124 zephyr/drivers/interrupt_controller/libdrivers__interrupt_controller.a(intc_mchp_eic_g1.c.obj)
                0x0c001270                eic_mchp_config_interrupt
 .text.clock_check_subsys
                0x0c001394       0x6c zephyr/drivers/clock_control/libdrivers__clock_control.a(clock_control_mchp_pic32ck_sg_gc.c.obj)
 .text.clock_get_rate_pll_out
                0x0c001400       0x6c zephyr/drivers/clock_control/libdrivers__clock_control.a(clock_control_mchp_pic32ck_sg_gc.c.obj)
 .text.clock_get_rate_gclkgen
                0x0c00146c       0xf4 zephyr/drivers/clock_control/libdrivers__clock_control.a(clock_control_mchp_pic32ck_sg_gc.c.obj)
 .text.clock_get_rate_dfll
                0x0c001560       0x48 zephyr/drivers/clock_control/libdrivers__clock_control.a(clock_control_mchp_pic32ck_sg_gc.c.obj)
 .text.clock_mchp_configure
                0x0c0015a8      0x264 zephyr/drivers/clock_control/libdrivers__clock_control.a(clock_control_mchp_pic32ck_sg_gc.c.obj)
 .text.clock_on_pll
                0x0c00180c       0x60 zephyr/drivers/clock_control/libdrivers__clock_control.a(clock_control_mchp_pic32ck_sg_gc.c.obj)
                0x0c00180c                clock_on_pll
 .text.clock_mchp_on
                0x0c00186c      0x160 zephyr/drivers/clock_control/libdrivers__clock_control.a(clock_control_mchp_pic32ck_sg_gc.c.obj)
 .text.clock_xosc_init
                0x0c0019cc       0x9c zephyr/drivers/clock_control/libdrivers__clock_control.a(clock_control_mchp_pic32ck_sg_gc.c.obj)
                0x0c0019cc                clock_xosc_init
 .text.clock_dfll48m_init
                0x0c001a68      0x17c zephyr/drivers/clock_control/libdrivers__clock_control.a(clock_control_mchp_pic32ck_sg_gc.c.obj)
                0x0c001a68                clock_dfll48m_init
 .text.clock_pll_init
                0x0c001be4      0x14c zephyr/drivers/clock_control/libdrivers__clock_control.a(clock_control_mchp_pic32ck_sg_gc.c.obj)
                0x0c001be4                clock_pll_init
 .text.clock_xosc32k_init
                0x0c001d30       0x9c zephyr/drivers/clock_control/libdrivers__clock_control.a(clock_control_mchp_pic32ck_sg_gc.c.obj)
                0x0c001d30                clock_xosc32k_init
 .text.clock_gclkgen_init
                0x0c001dcc       0xe4 zephyr/drivers/clock_control/libdrivers__clock_control.a(clock_control_mchp_pic32ck_sg_gc.c.obj)
                0x0c001dcc                clock_gclkgen_init
 .text.clock_mchp_init
                0x0c001eb0      0x228 zephyr/drivers/clock_control/libdrivers__clock_control.a(clock_control_mchp_pic32ck_sg_gc.c.obj)
 .text.uart_console_init
                0x0c0020d8       0x28 zephyr/drivers/console/libdrivers__console.a(uart_console.c.obj)
 .text.console_out
                0x0c002100       0x28 zephyr/drivers/console/libdrivers__console.a(uart_console.c.obj)
 .text.gpio_mchp_pin_interrupt_configure
                0x0c002128       0xac zephyr/drivers/gpio/libdrivers__gpio.a(gpio_mchp_port_g1.c.obj)
 .text.pinctrl_configure_pins
                0x0c0021d4       0xf0 zephyr/drivers/pinctrl/libdrivers__pinctrl.a(pinctrl_mchp_port_g1.c.obj)
                0x0c0021d4                pinctrl_configure_pins
 .text.uart_wait_sync.isra.0
                0x0c0022c4       0x2c zephyr/drivers/serial/libdrivers__serial.a(uart_mchp_sercom_g1.c.obj)
 .text.uart_mchp_configure
                0x0c0022f0      0x100 zephyr/drivers/serial/libdrivers__serial.a(uart_mchp_sercom_g1.c.obj)
 .text.uart_mchp_init
                0x0c0023f0      0x1a4 zephyr/drivers/serial/libdrivers__serial.a(uart_mchp_sercom_g1.c.obj)
 .text.elapsed  0x0c002594       0x44 zephyr/drivers/timer/libdrivers__timer.a(cortex_m_systick.c.obj)
 .text.sys_clock_driver_init
                0x0c0025d8       0x34 zephyr/drivers/timer/libdrivers__timer.a(cortex_m_systick.c.obj)
 .text.sys_clock_isr
                0x0c00260c       0x6c zephyr/drivers/timer/libdrivers__timer.a(cortex_m_systick.c.obj)
                0x0c00260c                sys_clock_isr
 .text.sys_clock_set_timeout
                0x0c002678       0xf8 zephyr/drivers/timer/libdrivers__timer.a(cortex_m_systick.c.obj)
                0x0c002678                sys_clock_set_timeout
 .text.sys_clock_elapsed
                0x0c002770       0x3c zephyr/drivers/timer/libdrivers__timer.a(cortex_m_systick.c.obj)
                0x0c002770                sys_clock_elapsed
 .text.sys_clock_cycle_get_32
                0x0c0027ac       0x28 zephyr/drivers/timer/libdrivers__timer.a(cortex_m_systick.c.obj)
                0x0c0027ac                sys_clock_cycle_get_32
 .text.z_fatal_error
                0x0c0027d4       0x30 zephyr/kernel/libkernel.a(fatal.c.obj)
                0x0c0027d4                z_fatal_error
 .text.z_sys_init_run_level
                0x0c002804       0x30 zephyr/kernel/libkernel.a(init.c.obj)
 .text.bg_thread_main
                0x0c002834       0xc0 zephyr/kernel/libkernel.a(init.c.obj)
 .text.z_init_cpu
                0x0c0028f4       0x68 zephyr/kernel/libkernel.a(init.c.obj)
                0x0c0028f4                z_init_cpu
 .text.z_cstart
                0x0c00295c       0xd8 zephyr/kernel/libkernel.a(init.c.obj)
                0x0c00295c                z_cstart
 .text.z_setup_new_thread
                0x0c002a34       0x7c zephyr/kernel/libkernel.a(thread.c.obj)
                0x0c002a34                z_setup_new_thread
 .text.z_dummy_thread_init
                0x0c002ab0       0x18 zephyr/kernel/libkernel.a(thread.c.obj)
                0x0c002ab0                z_dummy_thread_init
 .text.z_impl_k_wakeup
                0x0c002ac8       0x48 zephyr/kernel/libkernel.a(thread.c.obj)
                0x0c002ac8                z_impl_k_wakeup
 .text.z_swap_irqlock
                0x0c002b10       0x30 zephyr/kernel/libkernel.a(sched.c.obj)
 .text.unready_thread
                0x0c002b40       0x54 zephyr/kernel/libkernel.a(sched.c.obj)
 .text.ready_thread
                0x0c002b94       0x80 zephyr/kernel/libkernel.a(sched.c.obj)
 .text.reschedule.isra.0
                0x0c002c14       0x28 zephyr/kernel/libkernel.a(sched.c.obj)
 .text.move_current_to_end_of_prio_q
                0x0c002c3c       0x6c zephyr/kernel/libkernel.a(sched.c.obj)
                0x0c002c3c                move_current_to_end_of_prio_q
 .text.z_thread_halt
                0x0c002ca8      0x12c zephyr/kernel/libkernel.a(sched.c.obj)
                0x0c002ca8                z_thread_halt
 .text.z_sched_lock_reschedule
                0x0c002dd4       0x44 zephyr/kernel/libkernel.a(sched.c.obj)
                0x0c002dd4                z_sched_lock_reschedule
 .text.z_sched_yield
                0x0c002e18       0x84 zephyr/kernel/libkernel.a(sched.c.obj)
                0x0c002e18                z_sched_yield
 .text.z_tick_sleep
                0x0c002e9c       0x90 zephyr/kernel/libkernel.a(sleep.c.obj)
 .text.z_sched_init
                0x0c002f2c       0x10 zephyr/kernel/libkernel.a(scheduler.c.obj)
                0x0c002f2c                z_sched_init
 .text.k_sched_lock
                0x0c002f3c       0x28 zephyr/kernel/libkernel.a(scheduler.c.obj)
                0x0c002f3c                k_sched_lock
 .text.k_sched_unlock
                0x0c002f64       0x20 zephyr/kernel/libkernel.a(scheduler.c.obj)
                0x0c002f64                k_sched_unlock
 .text.z_impl_k_sched_current_thread_query
                0x0c002f84        0xc zephyr/kernel/libkernel.a(scheduler.c.obj)
                0x0c002f84                z_impl_k_sched_current_thread_query
 .text.z_time_slice_size
                0x0c002f90       0x40 zephyr/kernel/libkernel.a(timeslicing.c.obj)
 .text.slice_timeout
                0x0c002fd0       0x20 zephyr/kernel/libkernel.a(timeslicing.c.obj)
 .text.z_time_slice_reset
                0x0c002ff0       0x44 zephyr/kernel/libkernel.a(timeslicing.c.obj)
                0x0c002ff0                z_time_slice_reset
 .text.z_time_slice
                0x0c003034       0x5c zephyr/kernel/libkernel.a(timeslicing.c.obj)
                0x0c003034                z_time_slice
 .text.first    0x0c003090       0x10 zephyr/kernel/libkernel.a(timeout.c.obj)
 .text.elapsed  0x0c0030a0       0x14 zephyr/kernel/libkernel.a(timeout.c.obj)
 .text.remove_timeout
                0x0c0030b4       0x38 zephyr/kernel/libkernel.a(timeout.c.obj)
 .text.z_add_timeout
                0x0c0030ec      0x120 zephyr/kernel/libkernel.a(timeout.c.obj)
                0x0c0030ec                z_add_timeout
 .text.sys_clock_announce_locked
                0x0c00320c       0xb8 zephyr/kernel/libkernel.a(timeout.c.obj)
                0x0c00320c                sys_clock_announce_locked
 .text.sys_clock_tick_get
                0x0c0032c4       0x30 zephyr/kernel/libkernel.a(timeout.c.obj)
                0x0c0032c4                sys_clock_tick_get
 .text.boot_banner
                0x0c0032f4        0xc zephyr/kernel/libkernel.a(banner.c.obj)
                0x0c0032f4                boot_banner
 .text.printf   0x0c003300       0x24 C:/Users/I73904/zephyr-sdk-1.0.1/gnu/arm-zephyr-eabi/bin/../lib/gcc/arm-zephyr-eabi/14.3.0/../../../../arm-zephyr-eabi/lib/thumb/v8-m.main/nofp/space\libc.a(libc_tinystdio_printf.c.o)
                0x0c003300                printf
 .text.__l_vfprintf
                0x0c003324      0x484 C:/Users/I73904/zephyr-sdk-1.0.1/gnu/arm-zephyr-eabi/bin/../lib/gcc/arm-zephyr-eabi/14.3.0/../../../../arm-zephyr-eabi/lib/thumb/v8-m.main/nofp/space\libc.a(libc_tinystdio_vflprintf.c.o)
                0x0c003324                __l_vfprintf
 .text._OffsetAbsSyms
                0x0c0037a8        0x2 zephyr/CMakeFiles/offsets.dir/./arch/arm/core/offsets/offsets.c.obj
                0x0c0037a8                _OffsetAbsSyms
 .text.chunk_field
                0x0c0037aa       0x16 zephyr/libzephyr.a(heap.c.obj)
 .text.chunk_set
                0x0c0037c0       0x16 zephyr/libzephyr.a(heap.c.obj)
 .text.chunk_size
                0x0c0037d6        0xc zephyr/libzephyr.a(heap.c.obj)
 .text.set_chunk_used
                0x0c0037e2       0x30 zephyr/libzephyr.a(heap.c.obj)
 .text.set_chunk_size
                0x0c003812        0x8 zephyr/libzephyr.a(heap.c.obj)
 .text.undersized_chunk
                0x0c00381a       0x1c zephyr/libzephyr.a(heap.c.obj)
 .text.bucket_idx
                0x0c003836       0x14 zephyr/libzephyr.a(heap.c.obj)
 .text.free_list_add
                0x0c00384a       0x82 zephyr/libzephyr.a(heap.c.obj)
 .text.sys_heap_init
                0x0c0038cc       0xa4 zephyr/libzephyr.a(heap.c.obj)
                0x0c0038cc                sys_heap_init
 .text.arch_printk_char_out
                0x0c003970        0x4 zephyr/libzephyr.a(printk.c.obj)
                0x0c003970                arch_printk_char_out
 .text.printk   0x0c003974       0x1a zephyr/libzephyr.a(printk.c.obj)
                0x0c003974                printk
 .text._ConfigAbsSyms
                0x0c00398e        0x2 zephyr/libzephyr.a(configs.c.obj)
                0x0c00398e                _ConfigAbsSyms
 .text.arch_early_memset
                0x0c003990        0x4 zephyr/arch/common/libarch__common.a(init.c.obj)
                0x0c003990                arch_early_memset
 .text.arch_early_memcpy
                0x0c003994        0x4 zephyr/arch/common/libarch__common.a(init.c.obj)
                0x0c003994                arch_early_memcpy
 .text.z_do_kernel_oops
                0x0c003998        0x8 zephyr/arch/arch/arm/core/libarch__arm__core.a(fatal.c.obj)
                0x0c003998                z_do_kernel_oops
 .text.z_arm_nmi
                0x0c0039a0        0xe zephyr/arch/arch/arm/core/libarch__arm__core.a(nmi.c.obj)
                0x0c0039a0                z_arm_nmi
 .text.z_irq_spurious
                0x0c0039ae        0x8 zephyr/arch/arch/arm/core/cortex_m/libarch__arm__core__cortex_m.a(irq_manage.c.obj)
                0x0c0039ae                z_irq_spurious
 .text.arch_coprocessors_disable
                0x0c0039b6        0x6 zephyr/arch/arch/arm/core/cortex_m/libarch__arm__core__cortex_m.a(thread.c.obj)
                0x0c0039b6                arch_coprocessors_disable
 .text.arch_irq_unlock_outlined
                0x0c0039bc        0xe zephyr/arch/arch/arm/core/cortex_m/libarch__arm__core__cortex_m.a(thread.c.obj)
                0x0c0039bc                arch_irq_unlock_outlined
 .text.arch_cpu_idle
                0x0c0039ca       0x1a zephyr/arch/arch/arm/core/cortex_m/libarch__arm__core__cortex_m.a(cpu_idle.c.obj)
                0x0c0039ca                arch_cpu_idle
 .text.arm_cmse_mpu_region_get
                0x0c0039e4       0x12 zephyr/arch/arch/arm/core/cortex_m/cmse/libarch__arm__core__cortex_m__cmse.a(arm_core_cmse.c.obj)
                0x0c0039e4                arm_cmse_mpu_region_get
 .text.mpu_configure_region
                0x0c0039f6       0x32 zephyr/arch/arch/arm/core/mpu/libarch__arm__core__mpu.a(arm_mpu.c.obj)
 .text.picolibc_put
                0x0c003a28        0xa zephyr/lib/libc/picolibc/liblib__libc__picolibc.a(stdio.c.obj)
 .text.eic_mchp_isr_0
                0x0c003a32       0x2e zephyr/drivers/interrupt_controller/libdrivers__interrupt_controller.a(intc_mchp_eic_g1.c.obj)
 .text.eic_mchp_isr_1
                0x0c003a60       0x30 zephyr/drivers/interrupt_controller/libdrivers__interrupt_controller.a(intc_mchp_eic_g1.c.obj)
 .text.eic_mchp_isr_2
                0x0c003a90       0x30 zephyr/drivers/interrupt_controller/libdrivers__interrupt_controller.a(intc_mchp_eic_g1.c.obj)
 .text.eic_mchp_isr_3
                0x0c003ac0       0x30 zephyr/drivers/interrupt_controller/libdrivers__interrupt_controller.a(intc_mchp_eic_g1.c.obj)
 .text.eic_mchp_isr_4
                0x0c003af0       0x30 zephyr/drivers/interrupt_controller/libdrivers__interrupt_controller.a(intc_mchp_eic_g1.c.obj)
 .text.eic_mchp_isr_5
                0x0c003b20       0x30 zephyr/drivers/interrupt_controller/libdrivers__interrupt_controller.a(intc_mchp_eic_g1.c.obj)
 .text.eic_mchp_isr_6
                0x0c003b50       0x30 zephyr/drivers/interrupt_controller/libdrivers__interrupt_controller.a(intc_mchp_eic_g1.c.obj)
 .text.eic_mchp_isr_7
                0x0c003b80       0x30 zephyr/drivers/interrupt_controller/libdrivers__interrupt_controller.a(intc_mchp_eic_g1.c.obj)
 .text.eic_mchp_isr_8
                0x0c003bb0       0x36 zephyr/drivers/interrupt_controller/libdrivers__interrupt_controller.a(intc_mchp_eic_g1.c.obj)
 .text.eic_mchp_isr_9
                0x0c003be6       0x36 zephyr/drivers/interrupt_controller/libdrivers__interrupt_controller.a(intc_mchp_eic_g1.c.obj)
 .text.eic_mchp_isr_10
                0x0c003c1c       0x36 zephyr/drivers/interrupt_controller/libdrivers__interrupt_controller.a(intc_mchp_eic_g1.c.obj)
 .text.eic_mchp_isr_11
                0x0c003c52       0x36 zephyr/drivers/interrupt_controller/libdrivers__interrupt_controller.a(intc_mchp_eic_g1.c.obj)
 .text.eic_mchp_isr_12
                0x0c003c88       0x36 zephyr/drivers/interrupt_controller/libdrivers__interrupt_controller.a(intc_mchp_eic_g1.c.obj)
 .text.eic_mchp_isr_13
                0x0c003cbe       0x36 zephyr/drivers/interrupt_controller/libdrivers__interrupt_controller.a(intc_mchp_eic_g1.c.obj)
 .text.eic_mchp_isr_14
                0x0c003cf4       0x36 zephyr/drivers/interrupt_controller/libdrivers__interrupt_controller.a(intc_mchp_eic_g1.c.obj)
 .text.eic_mchp_isr_15
                0x0c003d2a       0x36 zephyr/drivers/interrupt_controller/libdrivers__interrupt_controller.a(intc_mchp_eic_g1.c.obj)
 .text.eic_irq_connect_0
                0x0c003d60      0x106 zephyr/drivers/interrupt_controller/libdrivers__interrupt_controller.a(intc_mchp_eic_g1.c.obj)
 .text.eic_mchp_init
                0x0c003e66       0x66 zephyr/drivers/interrupt_controller/libdrivers__interrupt_controller.a(intc_mchp_eic_g1.c.obj)
 .text.clock_mchp_off
                0x0c003ecc      0x100 zephyr/drivers/clock_control/libdrivers__clock_control.a(clock_control_mchp_pic32ck_sg_gc.c.obj)
 .text.clock_mchp_get_status
                0x0c003fcc      0x112 zephyr/drivers/clock_control/libdrivers__clock_control.a(clock_control_mchp_pic32ck_sg_gc.c.obj)
 .text.clock_get_rate_pll
                0x0c0040de       0xae zephyr/drivers/clock_control/libdrivers__clock_control.a(clock_control_mchp_pic32ck_sg_gc.c.obj)
 .text.clock_mchp_get_rate
                0x0c00418c       0xfc zephyr/drivers/clock_control/libdrivers__clock_control.a(clock_control_mchp_pic32ck_sg_gc.c.obj)
 .text.clock_on_pll_out
                0x0c004288       0x50 zephyr/drivers/clock_control/libdrivers__clock_control.a(clock_control_mchp_pic32ck_sg_gc.c.obj)
                0x0c004288                clock_on_pll_out
 .text.clock_pll_out_init
                0x0c0042d8       0x52 zephyr/drivers/clock_control/libdrivers__clock_control.a(clock_control_mchp_pic32ck_sg_gc.c.obj)
                0x0c0042d8                clock_pll_out_init
 .text.clock_gclkperiph_init
                0x0c00432a       0x2a zephyr/drivers/clock_control/libdrivers__clock_control.a(clock_control_mchp_pic32ck_sg_gc.c.obj)
                0x0c00432a                clock_gclkperiph_init
 .text.clock_mclkperiph_init
                0x0c004354       0x26 zephyr/drivers/clock_control/libdrivers__clock_control.a(clock_control_mchp_pic32ck_sg_gc.c.obj)
                0x0c004354                clock_mclkperiph_init
 .text.gpio_mchp_port_get_raw
                0x0c00437a        0xc zephyr/drivers/gpio/libdrivers__gpio.a(gpio_mchp_port_g1.c.obj)
 .text.gpio_mchp_port_set_masked_raw
                0x0c004386       0x12 zephyr/drivers/gpio/libdrivers__gpio.a(gpio_mchp_port_g1.c.obj)
 .text.gpio_mchp_port_set_bits_raw
                0x0c004398        0xa zephyr/drivers/gpio/libdrivers__gpio.a(gpio_mchp_port_g1.c.obj)
 .text.gpio_mchp_port_clear_bits_raw
                0x0c0043a2        0xa zephyr/drivers/gpio/libdrivers__gpio.a(gpio_mchp_port_g1.c.obj)
 .text.gpio_mchp_port_toggle_bits
                0x0c0043ac        0xa zephyr/drivers/gpio/libdrivers__gpio.a(gpio_mchp_port_g1.c.obj)
 .text.gpio_mchp_manage_callback
                0x0c0043b6       0x54 zephyr/drivers/gpio/libdrivers__gpio.a(gpio_mchp_port_g1.c.obj)
 .text.gpio_mchp_init
                0x0c00440a        0x4 zephyr/drivers/gpio/libdrivers__gpio.a(gpio_mchp_port_g1.c.obj)
 .text.gpio_mchp_get_pending_int
                0x0c00440e        0x8 zephyr/drivers/gpio/libdrivers__gpio.a(gpio_mchp_port_g1.c.obj)
 .text.gpio_mchp_callback
                0x0c004416       0x2c zephyr/drivers/gpio/libdrivers__gpio.a(gpio_mchp_port_g1.c.obj)
 .text.gpio_mchp_configure
                0x0c004442       0xdc zephyr/drivers/gpio/libdrivers__gpio.a(gpio_mchp_port_g1.c.obj)
 .text.pinctrl_lookup_state
                0x0c00451e       0x24 zephyr/drivers/pinctrl/libdrivers__pinctrl.a(common.c.obj)
                0x0c00451e                pinctrl_lookup_state
 .text.uart_mchp_poll_in
                0x0c004542       0x16 zephyr/drivers/serial/libdrivers__serial.a(uart_mchp_sercom_g1.c.obj)
 .text.uart_mchp_poll_out
                0x0c004558        0xe zephyr/drivers/serial/libdrivers__serial.a(uart_mchp_sercom_g1.c.obj)
 .text.uart_mchp_config_get
                0x0c004566        0xe zephyr/drivers/serial/libdrivers__serial.a(uart_mchp_sercom_g1.c.obj)
 .text.uart_mchp_err_check
                0x0c004574       0x3e zephyr/drivers/serial/libdrivers__serial.a(uart_mchp_sercom_g1.c.obj)
 .text.uart_config_parity.isra.0
                0x0c0045b2       0x3c zephyr/drivers/serial/libdrivers__serial.a(uart_mchp_sercom_g1.c.obj)
 .text.z_impl_k_busy_wait
                0x0c0045ee       0x1c zephyr/kernel/libkernel.a(busy_wait.c.obj)
                0x0c0045ee                z_impl_k_busy_wait
 .text.do_device_init
                0x0c00460a       0x30 zephyr/kernel/libkernel.a(device.c.obj)
                0x0c00460a                do_device_init
 .text.z_impl_device_is_ready
                0x0c00463a       0x16 zephyr/kernel/libkernel.a(device.c.obj)
                0x0c00463a                z_impl_device_is_ready
 .text.arch_system_halt
                0x0c004650       0x10 zephyr/kernel/libkernel.a(fatal.c.obj)
                0x0c004650                arch_system_halt
 .text.k_sys_fatal_error_handler
                0x0c004660        0x6 zephyr/kernel/libkernel.a(fatal.c.obj)
                0x0c004660                k_sys_fatal_error_handler
 .text.idle     0x0c004666       0x16 zephyr/kernel/libkernel.a(idle.c.obj)
                0x0c004666                idle
 .text.z_thread_abort
                0x0c00467c       0x3e zephyr/kernel/libkernel.a(thread.c.obj)
                0x0c00467c                z_thread_abort
 .text.z_impl_k_yield
                0x0c0046ba        0x4 zephyr/kernel/libkernel.a(thread.c.obj)
                0x0c0046ba                z_impl_k_yield
 .text.sys_dlist_remove
                0x0c0046be       0x10 zephyr/kernel/libkernel.a(sched.c.obj)
 .text.unpend_thread_no_timeout
                0x0c0046ce       0x14 zephyr/kernel/libkernel.a(sched.c.obj)
 .text.z_ready_thread
                0x0c0046e2       0x1e zephyr/kernel/libkernel.a(sched.c.obj)
                0x0c0046e2                z_ready_thread
 .text.z_sched_ready_locked
                0x0c004700        0x4 zephyr/kernel/libkernel.a(sched.c.obj)
                0x0c004700                z_sched_ready_locked
 .text.z_sched_unready_locked
                0x0c004704        0x4 zephyr/kernel/libkernel.a(sched.c.obj)
                0x0c004704                z_sched_unready_locked
 .text.z_sched_wake_thread_locked
                0x0c004708       0x28 zephyr/kernel/libkernel.a(sched.c.obj)
                0x0c004708                z_sched_wake_thread_locked
 .text.z_thread_timeout
                0x0c004730       0x20 zephyr/kernel/libkernel.a(sched.c.obj)
                0x0c004730                z_thread_timeout
 .text.z_reschedule
                0x0c004750        0x6 zephyr/kernel/libkernel.a(sched.c.obj)
                0x0c004750                z_reschedule
 .text.z_impl_k_sleep
                0x0c004756       0x32 zephyr/kernel/libkernel.a(sleep.c.obj)
                0x0c004756                z_impl_k_sleep
 .text.next_timeout
                0x0c004788       0x2e zephyr/kernel/libkernel.a(timeout.c.obj)
 .text.z_abort_timeout
                0x0c0047b6       0x6a zephyr/kernel/libkernel.a(timeout.c.obj)
                0x0c0047b6                z_abort_timeout
 .text.sys_clock_tick_get_32
                0x0c004820        0x8 zephyr/kernel/libkernel.a(timeout.c.obj)
                0x0c004820                sys_clock_tick_get_32
 .text.memcpy   0x0c004828       0x1a C:/Users/I73904/zephyr-sdk-1.0.1/gnu/arm-zephyr-eabi/bin/../lib/gcc/arm-zephyr-eabi/14.3.0/../../../../arm-zephyr-eabi/lib/thumb/v8-m.main/nofp/space\libc.a(memcpy.c.o)
                0x0c004828                __aeabi_memcpy
                0x0c004828                __aeabi_memcpy4
                0x0c004828                __aeabi_memcpy8
                0x0c004828                memcpy
 .text.memset   0x0c004842       0x10 C:/Users/I73904/zephyr-sdk-1.0.1/gnu/arm-zephyr-eabi/bin/../lib/gcc/arm-zephyr-eabi/14.3.0/../../../../arm-zephyr-eabi/lib/thumb/v8-m.main/nofp/space\libc.a(memset.c.o)
                0x0c004842                memset
 .text.strnlen  0x0c004852       0x18 C:/Users/I73904/zephyr-sdk-1.0.1/gnu/arm-zephyr-eabi/bin/../lib/gcc/arm-zephyr-eabi/14.3.0/../../../../arm-zephyr-eabi/lib/thumb/v8-m.main/nofp/space\libc.a(libc_string_strnlen.c.o)
                0x0c004852                strnlen
 .text.__ultoa_invert
                0x0c00486a       0xac C:/Users/I73904/zephyr-sdk-1.0.1/gnu/arm-zephyr-eabi/bin/../lib/gcc/arm-zephyr-eabi/14.3.0/../../../../arm-zephyr-eabi/lib/thumb/v8-m.main/nofp/space\libc.a(libc_tinystdio_vflprintf.c.o)
 *(SORT_BY_ALIGNMENT(.gnu.linkonce.t.*))
 *(SORT_BY_ALIGNMENT(.glue_7t))
 .glue_7t       0x0c004916        0x0 linker stubs
 *(SORT_BY_ALIGNMENT(.glue_7))
 .glue_7        0x0c004916        0x0 linker stubs
 *(SORT_BY_ALIGNMENT(.vfp11_veneer))
 .vfp11_veneer  0x0c004916        0x0 linker stubs
 *(SORT_BY_ALIGNMENT(.v4_bx))
 .v4_bx         0x0c004916        0x0 linker stubs
                0x0c004918                        . = ALIGN (0x4)
 *fill*         0x0c004916        0x2 
                0x0c004918                        __text_region_end = .

.ARM.exidx      0x0c004918        0x8
                0x0c004918                        __exidx_start = .
 *(SORT_BY_ALIGNMENT(.ARM.exidx*) SORT_BY_ALIGNMENT(gnu.linkonce.armexidx.*))
 .ARM.exidx     0x0c004918        0x8 C:/Users/I73904/zephyr-sdk-1.0.1/gnu/arm-zephyr-eabi/bin/../lib/gcc/arm-zephyr-eabi/14.3.0/thumb/v8-m.main/nofp/space\libgcc.a(_udivmoddi4.o)
                0x0c004920                        __exidx_end = .
                0x0c004920                        __rodata_region_start = .

initlevel       0x0c004920       0x40
                0x0c004920                        __init_start = .
                0x0c004920                        __init_EARLY_start = .
 *(SORT_BY_NAME(SORT_BY_ALIGNMENT(.z_init_EARLY_P_?_*)))
 *(SORT_BY_NAME(SORT_BY_ALIGNMENT(.z_init_EARLY_P_??_*)))
 *(SORT_BY_NAME(SORT_BY_ALIGNMENT(.z_init_EARLY_P_???_*)))
                0x0c004920                        __init_PRE_KERNEL_1_start = .
 *(SORT_BY_NAME(SORT_BY_ALIGNMENT(.z_init_PRE_KERNEL_1_P_?_*)))
 *(SORT_BY_NAME(SORT_BY_ALIGNMENT(.z_init_PRE_KERNEL_1_P_??_*)))
 .z_init_PRE_KERNEL_1_P_30_SUB_00017_
                0x0c004920        0x8 zephyr/drivers/clock_control/libdrivers__clock_control.a(clock_control_mchp_pic32ck_sg_gc.c.obj)
 .z_init_PRE_KERNEL_1_P_40_SUB_00005_
                0x0c004928        0x8 zephyr/drivers/gpio/libdrivers__gpio.a(gpio_mchp_port_g1.c.obj)
 .z_init_PRE_KERNEL_1_P_40_SUB_00006_
                0x0c004930        0x8 zephyr/drivers/gpio/libdrivers__gpio.a(gpio_mchp_port_g1.c.obj)
 .z_init_PRE_KERNEL_1_P_40_SUB_00025_
                0x0c004938        0x8 zephyr/drivers/interrupt_controller/libdrivers__interrupt_controller.a(intc_mchp_eic_g1.c.obj)
 .z_init_PRE_KERNEL_1_P_50_SUB_00037_
                0x0c004940        0x8 zephyr/drivers/serial/libdrivers__serial.a(uart_mchp_sercom_g1.c.obj)
 .z_init_PRE_KERNEL_1_P_60_SUB_0_
                0x0c004948        0x8 zephyr/drivers/console/libdrivers__console.a(uart_console.c.obj)
 *(SORT_BY_NAME(SORT_BY_ALIGNMENT(.z_init_PRE_KERNEL_1_P_???_*)))
                0x0c004950                        __init_PRE_KERNEL_2_start = .
 *(SORT_BY_NAME(SORT_BY_ALIGNMENT(.z_init_PRE_KERNEL_2_P_?_*)))
 .z_init_PRE_KERNEL_2_P_0_SUB_0_
                0x0c004950        0x8 zephyr/drivers/timer/libdrivers__timer.a(cortex_m_systick.c.obj)
 *(SORT_BY_NAME(SORT_BY_ALIGNMENT(.z_init_PRE_KERNEL_2_P_??_*)))
 *(SORT_BY_NAME(SORT_BY_ALIGNMENT(.z_init_PRE_KERNEL_2_P_???_*)))
                0x0c004958                        __init_POST_KERNEL_start = .
 *(SORT_BY_NAME(SORT_BY_ALIGNMENT(.z_init_POST_KERNEL_P_?_*)))
 *(SORT_BY_NAME(SORT_BY_ALIGNMENT(.z_init_POST_KERNEL_P_??_*)))
 .z_init_POST_KERNEL_P_35_SUB_0_
                0x0c004958        0x8 zephyr/lib/libc/common/liblib__libc__common.a(malloc.c.obj)
 *(SORT_BY_NAME(SORT_BY_ALIGNMENT(.z_init_POST_KERNEL_P_???_*)))
                0x0c004960                        __init_APPLICATION_start = .
 *(SORT_BY_NAME(SORT_BY_ALIGNMENT(.z_init_APPLICATION_P_?_*)))
 *(SORT_BY_NAME(SORT_BY_ALIGNMENT(.z_init_APPLICATION_P_??_*)))
 *(SORT_BY_NAME(SORT_BY_ALIGNMENT(.z_init_APPLICATION_P_???_*)))
                0x0c004960                        __init_SMP_start = .
 *(SORT_BY_NAME(SORT_BY_ALIGNMENT(.z_init_SMP_P_?_*)))
 *(SORT_BY_NAME(SORT_BY_ALIGNMENT(.z_init_SMP_P_??_*)))
 *(SORT_BY_NAME(SORT_BY_ALIGNMENT(.z_init_SMP_P_???_*)))
                0x0c004960                        __init_end = .

device_area     0x0c004960       0x8c
                0x0c004960                        _device_list_start = .
 *(SORT_BY_NAME(SORT_BY_ALIGNMENT(._device.static.*_?_*)))
 *(SORT_BY_NAME(SORT_BY_ALIGNMENT(._device.static.*_??_*)))
 ._device.static.1_30_
                0x0c004960       0x1c zephyr/drivers/clock_control/libdrivers__clock_control.a(clock_control_mchp_pic32ck_sg_gc.c.obj)
                0x0c004960                __device_dts_ord_17
 ._device.static.1_40_
                0x0c00497c       0x1c zephyr/drivers/interrupt_controller/libdrivers__interrupt_controller.a(intc_mchp_eic_g1.c.obj)
                0x0c00497c                __device_dts_ord_25
 ._device.static.1_40_
                0x0c004998       0x38 zephyr/drivers/gpio/libdrivers__gpio.a(gpio_mchp_port_g1.c.obj)
                0x0c004998                __device_dts_ord_6
                0x0c0049b4                __device_dts_ord_5
 ._device.static.1_50_
                0x0c0049d0       0x1c zephyr/drivers/serial/libdrivers__serial.a(uart_mchp_sercom_g1.c.obj)
                0x0c0049d0                __device_dts_ord_37
 *(SORT_BY_NAME(SORT_BY_ALIGNMENT(._device.static.*_???_*)))
 *(SORT_BY_NAME(SORT_BY_ALIGNMENT(._device.static.*_????_*)))
 *(SORT_BY_NAME(SORT_BY_ALIGNMENT(._device.static.*_?????_*)))
                0x0c0049ec                        _device_list_end = .

sw_isr_table    0x0c0049ec      0x4f0
                0x0c0049ec                        . = ALIGN (0x4)
 *(SORT_BY_ALIGNMENT(.gnu.linkonce.sw_isr_table*))
 .gnu.linkonce.sw_isr_table
                0x0c0049ec      0x4f0 zephyr/CMakeFiles/zephyr_final.dir/isr_tables.c.obj
                0x0c0049ec                _sw_isr_table

initlevel_error
 *(SORT_BY_NAME(SORT_BY_ALIGNMENT(.z_init_*)))
                0x00000001                        ASSERT ((SIZEOF (initlevel_error) == 0x0), Undefined initialization levels used.)

app_shmem_regions
                0x0c004edc        0x0
                0x0c004edc                        __app_shmem_regions_start = .
 *(SORT_BY_NAME(SORT_BY_ALIGNMENT(.app_regions.*)))
                0x0c004edc                        __app_shmem_regions_end = .

k_p4wq_initparam_area
                0x0c004edc        0x0
                0x0c004edc                        _k_p4wq_initparam_list_start = .
 *(SORT_BY_NAME(SORT_BY_ALIGNMENT(._k_p4wq_initparam.static.*)))
                0x0c004edc                        _k_p4wq_initparam_list_end = .

_static_thread_data_area
                0x0c004edc        0x0
                0x0c004edc                        __static_thread_data_list_start = .
 *(SORT_BY_NAME(SORT_BY_ALIGNMENT(.__static_thread_data.static.*)))
                0x0c004edc                        __static_thread_data_list_end = .

device_deps     0x0c004edc        0x0
                0x0c004edc                        __device_deps_start = .
 *(SORT_BY_NAME(SORT_BY_ALIGNMENT(.__device_deps_pass2*)))
                0x0c004edc                        __device_deps_end = .

gpio_driver_api_area
                0x0c004edc       0x24
                0x0c004edc                        _gpio_driver_api_list_start = .
 *(SORT_BY_NAME(SORT_BY_ALIGNMENT(._gpio_driver_api.static.*)))
 ._gpio_driver_api.static.gpio_mchp_api_
                0x0c004edc       0x24 zephyr/drivers/gpio/libdrivers__gpio.a(gpio_mchp_port_g1.c.obj)
                0x0c004f00                        _gpio_driver_api_list_end = .

shared_irq_driver_api_area
                0x0c004f00        0x0
                0x0c004f00                        _shared_irq_driver_api_list_start = .
 *(SORT_BY_NAME(SORT_BY_ALIGNMENT(._shared_irq_driver_api.static.*)))
                0x0c004f00                        _shared_irq_driver_api_list_end = .

crypto_driver_api_area
                0x0c004f00        0x0
                0x0c004f00                        _crypto_driver_api_list_start = .
 *(SORT_BY_NAME(SORT_BY_ALIGNMENT(._crypto_driver_api.static.*)))
                0x0c004f00                        _crypto_driver_api_list_end = .

adc_driver_api_area
                0x0c004f00        0x0
                0x0c004f00                        _adc_driver_api_list_start = .
 *(SORT_BY_NAME(SORT_BY_ALIGNMENT(._adc_driver_api.static.*)))
                0x0c004f00                        _adc_driver_api_list_end = .

auxdisplay_driver_api_area
                0x0c004f00        0x0
                0x0c004f00                        _auxdisplay_driver_api_list_start = .
 *(SORT_BY_NAME(SORT_BY_ALIGNMENT(._auxdisplay_driver_api.static.*)))
                0x0c004f00                        _auxdisplay_driver_api_list_end = .

bbram_driver_api_area
                0x0c004f00        0x0
                0x0c004f00                        _bbram_driver_api_list_start = .
 *(SORT_BY_NAME(SORT_BY_ALIGNMENT(._bbram_driver_api.static.*)))
                0x0c004f00                        _bbram_driver_api_list_end = .

biometric_driver_api_area
                0x0c004f00        0x0
                0x0c004f00                        _biometric_driver_api_list_start = .
 *(SORT_BY_NAME(SORT_BY_ALIGNMENT(._biometric_driver_api.static.*)))
                0x0c004f00                        _biometric_driver_api_list_end = .

bt_hci_driver_api_area
                0x0c004f00        0x0
                0x0c004f00                        _bt_hci_driver_api_list_start = .
 *(SORT_BY_NAME(SORT_BY_ALIGNMENT(._bt_hci_driver_api.static.*)))
                0x0c004f00                        _bt_hci_driver_api_list_end = .

can_driver_api_area
                0x0c004f00        0x0
                0x0c004f00                        _can_driver_api_list_start = .
 *(SORT_BY_NAME(SORT_BY_ALIGNMENT(._can_driver_api.static.*)))
                0x0c004f00                        _can_driver_api_list_end = .

cellular_driver_api_area
                0x0c004f00        0x0
                0x0c004f00                        _cellular_driver_api_list_start = .
 *(SORT_BY_NAME(SORT_BY_ALIGNMENT(._cellular_driver_api.static.*)))
                0x0c004f00                        _cellular_driver_api_list_end = .

charger_driver_api_area
                0x0c004f00        0x0
                0x0c004f00                        _charger_driver_api_list_start = .
 *(SORT_BY_NAME(SORT_BY_ALIGNMENT(._charger_driver_api.static.*)))
                0x0c004f00                        _charger_driver_api_list_end = .

clock_control_driver_api_area
                0x0c004f00       0x1c
                0x0c004f00                        _clock_control_driver_api_list_start = .
 *(SORT_BY_NAME(SORT_BY_ALIGNMENT(._clock_control_driver_api.static.*)))
 ._clock_control_driver_api.static.clock_mchp_driver_api_
                0x0c004f00       0x1c zephyr/drivers/clock_control/libdrivers__clock_control.a(clock_control_mchp_pic32ck_sg_gc.c.obj)
                0x0c004f1c                        _clock_control_driver_api_list_end = .

comparator_driver_api_area
                0x0c004f1c        0x0
                0x0c004f1c                        _comparator_driver_api_list_start = .
 *(SORT_BY_NAME(SORT_BY_ALIGNMENT(._comparator_driver_api.static.*)))
                0x0c004f1c                        _comparator_driver_api_list_end = .

coredump_driver_api_area
                0x0c004f1c        0x0
                0x0c004f1c                        _coredump_driver_api_list_start = .
 *(SORT_BY_NAME(SORT_BY_ALIGNMENT(._coredump_driver_api.static.*)))
                0x0c004f1c                        _coredump_driver_api_list_end = .

counter_driver_api_area
                0x0c004f1c        0x0
                0x0c004f1c                        _counter_driver_api_list_start = .
 *(SORT_BY_NAME(SORT_BY_ALIGNMENT(._counter_driver_api.static.*)))
                0x0c004f1c                        _counter_driver_api_list_end = .

crc_driver_api_area
                0x0c004f1c        0x0
                0x0c004f1c                        _crc_driver_api_list_start = .
 *(SORT_BY_NAME(SORT_BY_ALIGNMENT(._crc_driver_api.static.*)))
                0x0c004f1c                        _crc_driver_api_list_end = .

dac_driver_api_area
                0x0c004f1c        0x0
                0x0c004f1c                        _dac_driver_api_list_start = .
 *(SORT_BY_NAME(SORT_BY_ALIGNMENT(._dac_driver_api.static.*)))
                0x0c004f1c                        _dac_driver_api_list_end = .

dai_driver_api_area
                0x0c004f1c        0x0
                0x0c004f1c                        _dai_driver_api_list_start = .
 *(SORT_BY_NAME(SORT_BY_ALIGNMENT(._dai_driver_api.static.*)))
                0x0c004f1c                        _dai_driver_api_list_end = .

display_driver_api_area
                0x0c004f1c        0x0
                0x0c004f1c                        _display_driver_api_list_start = .
 *(SORT_BY_NAME(SORT_BY_ALIGNMENT(._display_driver_api.static.*)))
                0x0c004f1c                        _display_driver_api_list_end = .

dma_driver_api_area
                0x0c004f1c        0x0
                0x0c004f1c                        _dma_driver_api_list_start = .
 *(SORT_BY_NAME(SORT_BY_ALIGNMENT(._dma_driver_api.static.*)))
                0x0c004f1c                        _dma_driver_api_list_end = .

edac_driver_api_area
                0x0c004f1c        0x0
                0x0c004f1c                        _edac_driver_api_list_start = .
 *(SORT_BY_NAME(SORT_BY_ALIGNMENT(._edac_driver_api.static.*)))
                0x0c004f1c                        _edac_driver_api_list_end = .

eeprom_driver_api_area
                0x0c004f1c        0x0
                0x0c004f1c                        _eeprom_driver_api_list_start = .
 *(SORT_BY_NAME(SORT_BY_ALIGNMENT(._eeprom_driver_api.static.*)))
                0x0c004f1c                        _eeprom_driver_api_list_end = .

emul_bbram_driver_api_area
                0x0c004f1c        0x0
                0x0c004f1c                        _emul_bbram_driver_api_list_start = .
 *(SORT_BY_NAME(SORT_BY_ALIGNMENT(._emul_bbram_driver_api.static.*)))
                0x0c004f1c                        _emul_bbram_driver_api_list_end = .

fuel_gauge_emul_driver_api_area
                0x0c004f1c        0x0
                0x0c004f1c                        _fuel_gauge_emul_driver_api_list_start = .
 *(SORT_BY_NAME(SORT_BY_ALIGNMENT(._fuel_gauge_emul_driver_api.static.*)))
                0x0c004f1c                        _fuel_gauge_emul_driver_api_list_end = .

emul_sensor_driver_api_area
                0x0c004f1c        0x0
                0x0c004f1c                        _emul_sensor_driver_api_list_start = .
 *(SORT_BY_NAME(SORT_BY_ALIGNMENT(._emul_sensor_driver_api.static.*)))
                0x0c004f1c                        _emul_sensor_driver_api_list_end = .

entropy_driver_api_area
                0x0c004f1c        0x0
                0x0c004f1c                        _entropy_driver_api_list_start = .
 *(SORT_BY_NAME(SORT_BY_ALIGNMENT(._entropy_driver_api.static.*)))
                0x0c004f1c                        _entropy_driver_api_list_end = .

espi_driver_api_area
                0x0c004f1c        0x0
                0x0c004f1c                        _espi_driver_api_list_start = .
 *(SORT_BY_NAME(SORT_BY_ALIGNMENT(._espi_driver_api.static.*)))
                0x0c004f1c                        _espi_driver_api_list_end = .

espi_saf_driver_api_area
                0x0c004f1c        0x0
                0x0c004f1c                        _espi_saf_driver_api_list_start = .
 *(SORT_BY_NAME(SORT_BY_ALIGNMENT(._espi_saf_driver_api.static.*)))
                0x0c004f1c                        _espi_saf_driver_api_list_end = .

flash_driver_api_area
                0x0c004f1c        0x0
                0x0c004f1c                        _flash_driver_api_list_start = .
 *(SORT_BY_NAME(SORT_BY_ALIGNMENT(._flash_driver_api.static.*)))
                0x0c004f1c                        _flash_driver_api_list_end = .

fpga_driver_api_area
                0x0c004f1c        0x0
                0x0c004f1c                        _fpga_driver_api_list_start = .
 *(SORT_BY_NAME(SORT_BY_ALIGNMENT(._fpga_driver_api.static.*)))
                0x0c004f1c                        _fpga_driver_api_list_end = .

fuel_gauge_driver_api_area
                0x0c004f1c        0x0
                0x0c004f1c                        _fuel_gauge_driver_api_list_start = .
 *(SORT_BY_NAME(SORT_BY_ALIGNMENT(._fuel_gauge_driver_api.static.*)))
                0x0c004f1c                        _fuel_gauge_driver_api_list_end = .

gnss_driver_api_area
                0x0c004f1c        0x0
                0x0c004f1c                        _gnss_driver_api_list_start = .
 *(SORT_BY_NAME(SORT_BY_ALIGNMENT(._gnss_driver_api.static.*)))
                0x0c004f1c                        _gnss_driver_api_list_end = .

haptics_driver_api_area
                0x0c004f1c        0x0
                0x0c004f1c                        _haptics_driver_api_list_start = .
 *(SORT_BY_NAME(SORT_BY_ALIGNMENT(._haptics_driver_api.static.*)))
                0x0c004f1c                        _haptics_driver_api_list_end = .

hwspinlock_driver_api_area
                0x0c004f1c        0x0
                0x0c004f1c                        _hwspinlock_driver_api_list_start = .
 *(SORT_BY_NAME(SORT_BY_ALIGNMENT(._hwspinlock_driver_api.static.*)))
                0x0c004f1c                        _hwspinlock_driver_api_list_end = .

i2c_driver_api_area
                0x0c004f1c        0x0
                0x0c004f1c                        _i2c_driver_api_list_start = .
 *(SORT_BY_NAME(SORT_BY_ALIGNMENT(._i2c_driver_api.static.*)))
                0x0c004f1c                        _i2c_driver_api_list_end = .

i2c_target_driver_api_area
                0x0c004f1c        0x0
                0x0c004f1c                        _i2c_target_driver_api_list_start = .
 *(SORT_BY_NAME(SORT_BY_ALIGNMENT(._i2c_target_driver_api.static.*)))
                0x0c004f1c                        _i2c_target_driver_api_list_end = .

i2s_driver_api_area
                0x0c004f1c        0x0
                0x0c004f1c                        _i2s_driver_api_list_start = .
 *(SORT_BY_NAME(SORT_BY_ALIGNMENT(._i2s_driver_api.static.*)))
                0x0c004f1c                        _i2s_driver_api_list_end = .

i3c_driver_api_area
                0x0c004f1c        0x0
                0x0c004f1c                        _i3c_driver_api_list_start = .
 *(SORT_BY_NAME(SORT_BY_ALIGNMENT(._i3c_driver_api.static.*)))
                0x0c004f1c                        _i3c_driver_api_list_end = .

ipm_driver_api_area
                0x0c004f1c        0x0
                0x0c004f1c                        _ipm_driver_api_list_start = .
 *(SORT_BY_NAME(SORT_BY_ALIGNMENT(._ipm_driver_api.static.*)))
                0x0c004f1c                        _ipm_driver_api_list_end = .

led_driver_api_area
                0x0c004f1c        0x0
                0x0c004f1c                        _led_driver_api_list_start = .
 *(SORT_BY_NAME(SORT_BY_ALIGNMENT(._led_driver_api.static.*)))
                0x0c004f1c                        _led_driver_api_list_end = .

led_strip_driver_api_area
                0x0c004f1c        0x0
                0x0c004f1c                        _led_strip_driver_api_list_start = .
 *(SORT_BY_NAME(SORT_BY_ALIGNMENT(._led_strip_driver_api.static.*)))
                0x0c004f1c                        _led_strip_driver_api_list_end = .

lora_driver_api_area
                0x0c004f1c        0x0
                0x0c004f1c                        _lora_driver_api_list_start = .
 *(SORT_BY_NAME(SORT_BY_ALIGNMENT(._lora_driver_api.static.*)))
                0x0c004f1c                        _lora_driver_api_list_end = .

mbox_driver_api_area
                0x0c004f1c        0x0
                0x0c004f1c                        _mbox_driver_api_list_start = .
 *(SORT_BY_NAME(SORT_BY_ALIGNMENT(._mbox_driver_api.static.*)))
                0x0c004f1c                        _mbox_driver_api_list_end = .

mdio_driver_api_area
                0x0c004f1c        0x0
                0x0c004f1c                        _mdio_driver_api_list_start = .
 *(SORT_BY_NAME(SORT_BY_ALIGNMENT(._mdio_driver_api.static.*)))
                0x0c004f1c                        _mdio_driver_api_list_end = .

mipi_dbi_driver_api_area
                0x0c004f1c        0x0
                0x0c004f1c                        _mipi_dbi_driver_api_list_start = .
 *(SORT_BY_NAME(SORT_BY_ALIGNMENT(._mipi_dbi_driver_api.static.*)))
                0x0c004f1c                        _mipi_dbi_driver_api_list_end = .

mipi_dsi_driver_api_area
                0x0c004f1c        0x0
                0x0c004f1c                        _mipi_dsi_driver_api_list_start = .
 *(SORT_BY_NAME(SORT_BY_ALIGNMENT(._mipi_dsi_driver_api.static.*)))
                0x0c004f1c                        _mipi_dsi_driver_api_list_end = .

mspi_driver_api_area
                0x0c004f1c        0x0
                0x0c004f1c                        _mspi_driver_api_list_start = .
 *(SORT_BY_NAME(SORT_BY_ALIGNMENT(._mspi_driver_api.static.*)))
                0x0c004f1c                        _mspi_driver_api_list_end = .

opamp_driver_api_area
                0x0c004f1c        0x0
                0x0c004f1c                        _opamp_driver_api_list_start = .
 *(SORT_BY_NAME(SORT_BY_ALIGNMENT(._opamp_driver_api.static.*)))
                0x0c004f1c                        _opamp_driver_api_list_end = .

otp_driver_api_area
                0x0c004f1c        0x0
                0x0c004f1c                        _otp_driver_api_list_start = .
 *(SORT_BY_NAME(SORT_BY_ALIGNMENT(._otp_driver_api.static.*)))
                0x0c004f1c                        _otp_driver_api_list_end = .

peci_driver_api_area
                0x0c004f1c        0x0
                0x0c004f1c                        _peci_driver_api_list_start = .
 *(SORT_BY_NAME(SORT_BY_ALIGNMENT(._peci_driver_api.static.*)))
                0x0c004f1c                        _peci_driver_api_list_end = .

ps2_driver_api_area
                0x0c004f1c        0x0
                0x0c004f1c                        _ps2_driver_api_list_start = .
 *(SORT_BY_NAME(SORT_BY_ALIGNMENT(._ps2_driver_api.static.*)))
                0x0c004f1c                        _ps2_driver_api_list_end = .

ptp_clock_driver_api_area
                0x0c004f1c        0x0
                0x0c004f1c                        _ptp_clock_driver_api_list_start = .
 *(SORT_BY_NAME(SORT_BY_ALIGNMENT(._ptp_clock_driver_api.static.*)))
                0x0c004f1c                        _ptp_clock_driver_api_list_end = .

pwm_driver_api_area
                0x0c004f1c        0x0
                0x0c004f1c                        _pwm_driver_api_list_start = .
 *(SORT_BY_NAME(SORT_BY_ALIGNMENT(._pwm_driver_api.static.*)))
                0x0c004f1c                        _pwm_driver_api_list_end = .

regulator_parent_driver_api_area
                0x0c004f1c        0x0
                0x0c004f1c                        _regulator_parent_driver_api_list_start = .
 *(SORT_BY_NAME(SORT_BY_ALIGNMENT(._regulator_parent_driver_api.static.*)))
                0x0c004f1c                        _regulator_parent_driver_api_list_end = .

regulator_driver_api_area
                0x0c004f1c        0x0
                0x0c004f1c                        _regulator_driver_api_list_start = .
 *(SORT_BY_NAME(SORT_BY_ALIGNMENT(._regulator_driver_api.static.*)))
                0x0c004f1c                        _regulator_driver_api_list_end = .

reset_driver_api_area
                0x0c004f1c        0x0
                0x0c004f1c                        _reset_driver_api_list_start = .
 *(SORT_BY_NAME(SORT_BY_ALIGNMENT(._reset_driver_api.static.*)))
                0x0c004f1c                        _reset_driver_api_list_end = .

retained_mem_driver_api_area
                0x0c004f1c        0x0
                0x0c004f1c                        _retained_mem_driver_api_list_start = .
 *(SORT_BY_NAME(SORT_BY_ALIGNMENT(._retained_mem_driver_api.static.*)))
                0x0c004f1c                        _retained_mem_driver_api_list_end = .

rtc_driver_api_area
                0x0c004f1c        0x0
                0x0c004f1c                        _rtc_driver_api_list_start = .
 *(SORT_BY_NAME(SORT_BY_ALIGNMENT(._rtc_driver_api.static.*)))
                0x0c004f1c                        _rtc_driver_api_list_end = .

sdhc_driver_api_area
                0x0c004f1c        0x0
                0x0c004f1c                        _sdhc_driver_api_list_start = .
 *(SORT_BY_NAME(SORT_BY_ALIGNMENT(._sdhc_driver_api.static.*)))
                0x0c004f1c                        _sdhc_driver_api_list_end = .

sensor_driver_api_area
                0x0c004f1c        0x0
                0x0c004f1c                        _sensor_driver_api_list_start = .
 *(SORT_BY_NAME(SORT_BY_ALIGNMENT(._sensor_driver_api.static.*)))
                0x0c004f1c                        _sensor_driver_api_list_end = .

smbus_driver_api_area
                0x0c004f1c        0x0
                0x0c004f1c                        _smbus_driver_api_list_start = .
 *(SORT_BY_NAME(SORT_BY_ALIGNMENT(._smbus_driver_api.static.*)))
                0x0c004f1c                        _smbus_driver_api_list_end = .

spi_driver_api_area
                0x0c004f1c        0x0
                0x0c004f1c                        _spi_driver_api_list_start = .
 *(SORT_BY_NAME(SORT_BY_ALIGNMENT(._spi_driver_api.static.*)))
                0x0c004f1c                        _spi_driver_api_list_end = .

syscon_driver_api_area
                0x0c004f1c        0x0
                0x0c004f1c                        _syscon_driver_api_list_start = .
 *(SORT_BY_NAME(SORT_BY_ALIGNMENT(._syscon_driver_api.static.*)))
                0x0c004f1c                        _syscon_driver_api_list_end = .

tee_driver_api_area
                0x0c004f1c        0x0
                0x0c004f1c                        _tee_driver_api_list_start = .
 *(SORT_BY_NAME(SORT_BY_ALIGNMENT(._tee_driver_api.static.*)))
                0x0c004f1c                        _tee_driver_api_list_end = .

uaol_driver_api_area
                0x0c004f1c        0x0
                0x0c004f1c                        _uaol_driver_api_list_start = .
 *(SORT_BY_NAME(SORT_BY_ALIGNMENT(._uaol_driver_api.static.*)))
                0x0c004f1c                        _uaol_driver_api_list_end = .

video_driver_api_area
                0x0c004f1c        0x0
                0x0c004f1c                        _video_driver_api_list_start = .
 *(SORT_BY_NAME(SORT_BY_ALIGNMENT(._video_driver_api.static.*)))
                0x0c004f1c                        _video_driver_api_list_end = .

virtio_driver_api_area
                0x0c004f1c        0x0
                0x0c004f1c                        _virtio_driver_api_list_start = .
 *(SORT_BY_NAME(SORT_BY_ALIGNMENT(._virtio_driver_api.static.*)))
                0x0c004f1c                        _virtio_driver_api_list_end = .

w1_driver_api_area
                0x0c004f1c        0x0
                0x0c004f1c                        _w1_driver_api_list_start = .
 *(SORT_BY_NAME(SORT_BY_ALIGNMENT(._w1_driver_api.static.*)))
                0x0c004f1c                        _w1_driver_api_list_end = .

wdt_driver_api_area
                0x0c004f1c        0x0
                0x0c004f1c                        _wdt_driver_api_list_start = .
 *(SORT_BY_NAME(SORT_BY_ALIGNMENT(._wdt_driver_api.static.*)))
                0x0c004f1c                        _wdt_driver_api_list_end = .

wuc_driver_api_area
                0x0c004f1c        0x0
                0x0c004f1c                        _wuc_driver_api_list_start = .
 *(SORT_BY_NAME(SORT_BY_ALIGNMENT(._wuc_driver_api.static.*)))
                0x0c004f1c                        _wuc_driver_api_list_end = .

can_transceiver_driver_api_area
                0x0c004f1c        0x0
                0x0c004f1c                        _can_transceiver_driver_api_list_start = .
 *(SORT_BY_NAME(SORT_BY_ALIGNMENT(._can_transceiver_driver_api.static.*)))
                0x0c004f1c                        _can_transceiver_driver_api_list_end = .

nrf_clock_control_driver_api_area
                0x0c004f1c        0x0
                0x0c004f1c                        _nrf_clock_control_driver_api_list_start = .
 *(SORT_BY_NAME(SORT_BY_ALIGNMENT(._nrf_clock_control_driver_api.static.*)))
                0x0c004f1c                        _nrf_clock_control_driver_api_list_end = .

i3c_target_driver_api_area
                0x0c004f1c        0x0
                0x0c004f1c                        _i3c_target_driver_api_list_start = .
 *(SORT_BY_NAME(SORT_BY_ALIGNMENT(._i3c_target_driver_api.static.*)))
                0x0c004f1c                        _i3c_target_driver_api_list_end = .

its_driver_api_area
                0x0c004f1c        0x0
                0x0c004f1c                        _its_driver_api_list_start = .
 *(SORT_BY_NAME(SORT_BY_ALIGNMENT(._its_driver_api.static.*)))
                0x0c004f1c                        _its_driver_api_list_end = .

vtd_driver_api_area
                0x0c004f1c        0x0
                0x0c004f1c                        _vtd_driver_api_list_start = .
 *(SORT_BY_NAME(SORT_BY_ALIGNMENT(._vtd_driver_api.static.*)))
                0x0c004f1c                        _vtd_driver_api_list_end = .

renesas_elc_driver_api_area
                0x0c004f1c        0x0
                0x0c004f1c                        _renesas_elc_driver_api_list_start = .
 *(SORT_BY_NAME(SORT_BY_ALIGNMENT(._renesas_elc_driver_api.static.*)))
                0x0c004f1c                        _renesas_elc_driver_api_list_end = .

tgpio_driver_api_area
                0x0c004f1c        0x0
                0x0c004f1c                        _tgpio_driver_api_list_start = .
 *(SORT_BY_NAME(SORT_BY_ALIGNMENT(._tgpio_driver_api.static.*)))
                0x0c004f1c                        _tgpio_driver_api_list_end = .

pcie_ctrl_driver_api_area
                0x0c004f1c        0x0
                0x0c004f1c                        _pcie_ctrl_driver_api_list_start = .
 *(SORT_BY_NAME(SORT_BY_ALIGNMENT(._pcie_ctrl_driver_api.static.*)))
                0x0c004f1c                        _pcie_ctrl_driver_api_list_end = .

pcie_ep_driver_api_area
                0x0c004f1c        0x0
                0x0c004f1c                        _pcie_ep_driver_api_list_start = .
 *(SORT_BY_NAME(SORT_BY_ALIGNMENT(._pcie_ep_driver_api.static.*)))
                0x0c004f1c                        _pcie_ep_driver_api_list_end = .

psi5_driver_api_area
                0x0c004f1c        0x0
                0x0c004f1c                        _psi5_driver_api_list_start = .
 *(SORT_BY_NAME(SORT_BY_ALIGNMENT(._psi5_driver_api.static.*)))
                0x0c004f1c                        _psi5_driver_api_list_end = .

sent_driver_api_area
                0x0c004f1c        0x0
                0x0c004f1c                        _sent_driver_api_list_start = .
 *(SORT_BY_NAME(SORT_BY_ALIGNMENT(._sent_driver_api.static.*)))
                0x0c004f1c                        _sent_driver_api_list_end = .

svc_driver_api_area
                0x0c004f1c        0x0
                0x0c004f1c                        _svc_driver_api_list_start = .
 *(SORT_BY_NAME(SORT_BY_ALIGNMENT(._svc_driver_api.static.*)))
                0x0c004f1c                        _svc_driver_api_list_end = .

stepper_driver_api_area
                0x0c004f1c        0x0
                0x0c004f1c                        _stepper_driver_api_list_start = .
 *(SORT_BY_NAME(SORT_BY_ALIGNMENT(._stepper_driver_api.static.*)))
                0x0c004f1c                        _stepper_driver_api_list_end = .

stepper_ctrl_driver_api_area
                0x0c004f1c        0x0
                0x0c004f1c                        _stepper_ctrl_driver_api_list_start = .
 *(SORT_BY_NAME(SORT_BY_ALIGNMENT(._stepper_ctrl_driver_api.static.*)))
                0x0c004f1c                        _stepper_ctrl_driver_api_list_end = .

uart_driver_api_area
                0x0c004f1c       0x14
                0x0c004f1c                        _uart_driver_api_list_start = .
 *(SORT_BY_NAME(SORT_BY_ALIGNMENT(._uart_driver_api.static.*)))
 ._uart_driver_api.static.uart_mchp_driver_api_
                0x0c004f1c       0x14 zephyr/drivers/serial/libdrivers__serial.a(uart_mchp_sercom_g1.c.obj)
                0x0c004f30                        _uart_driver_api_list_end = .

bc12_emul_driver_api_area
                0x0c004f30        0x0
                0x0c004f30                        _bc12_emul_driver_api_list_start = .
 *(SORT_BY_NAME(SORT_BY_ALIGNMENT(._bc12_emul_driver_api.static.*)))
                0x0c004f30                        _bc12_emul_driver_api_list_end = .

bc12_driver_api_area
                0x0c004f30        0x0
                0x0c004f30                        _bc12_driver_api_list_start = .
 *(SORT_BY_NAME(SORT_BY_ALIGNMENT(._bc12_driver_api.static.*)))
                0x0c004f30                        _bc12_driver_api_list_end = .

usbc_ppc_driver_api_area
                0x0c004f30        0x0
                0x0c004f30                        _usbc_ppc_driver_api_list_start = .
 *(SORT_BY_NAME(SORT_BY_ALIGNMENT(._usbc_ppc_driver_api.static.*)))
                0x0c004f30                        _usbc_ppc_driver_api_list_end = .

tcpc_driver_api_area
                0x0c004f30        0x0
                0x0c004f30                        _tcpc_driver_api_list_start = .
 *(SORT_BY_NAME(SORT_BY_ALIGNMENT(._tcpc_driver_api.static.*)))
                0x0c004f30                        _tcpc_driver_api_list_end = .

usbc_vbus_driver_api_area
                0x0c004f30        0x0
                0x0c004f30                        _usbc_vbus_driver_api_list_start = .
 *(SORT_BY_NAME(SORT_BY_ALIGNMENT(._usbc_vbus_driver_api.static.*)))
                0x0c004f30                        _usbc_vbus_driver_api_list_end = .

ivshmem_driver_api_area
                0x0c004f30        0x0
                0x0c004f30                        _ivshmem_driver_api_list_start = .
 *(SORT_BY_NAME(SORT_BY_ALIGNMENT(._ivshmem_driver_api.static.*)))
                0x0c004f30                        _ivshmem_driver_api_list_end = .

ethphy_driver_api_area
                0x0c004f30        0x0
                0x0c004f30                        _ethphy_driver_api_list_start = .
 *(SORT_BY_NAME(SORT_BY_ALIGNMENT(._ethphy_driver_api.static.*)))
                0x0c004f30                        _ethphy_driver_api_list_end = .

ztest           0x0c004f30        0x0
                0x0c004f30                        _ztest_expected_result_entry_list_start = .
 *(SORT_BY_NAME(SORT_BY_ALIGNMENT(._ztest_expected_result_entry.static.*)))
                0x0c004f30                        _ztest_expected_result_entry_list_end = .
                0x0c004f30                        _ztest_suite_node_list_start = .
 *(SORT_BY_NAME(SORT_BY_ALIGNMENT(._ztest_suite_node.static.*)))
                0x0c004f30                        _ztest_suite_node_list_end = .
                0x0c004f30                        _ztest_unit_test_list_start = .
 *(SORT_BY_NAME(SORT_BY_ALIGNMENT(._ztest_unit_test.static.*)))
                0x0c004f30                        _ztest_unit_test_list_end = .
                0x0c004f30                        _ztest_test_rule_list_start = .
 *(SORT_BY_NAME(SORT_BY_ALIGNMENT(._ztest_test_rule.static.*)))
                0x0c004f30                        _ztest_test_rule_list_end = .

init_array      0x0c004f30        0x0
                0x0c004f30                        __zephyr_init_array_start = .
 *(SORT_BY_INIT_PRIORITY(.init_array.*) SORT_BY_INIT_PRIORITY(.ctors.*))
 *(SORT_BY_ALIGNMENT(.init_array) SORT_BY_ALIGNMENT(.ctors))
                0x0c004f30                        __zephyr_init_array_end = .
                0x00000001                        ASSERT ((__zephyr_init_array_start == __zephyr_init_array_end), GNU-style constructors required but STATIC_INIT_GNU not enabled)

bt_l2cap_fixed_chan_area
                0x0c004f30        0x0
                0x0c004f30                        _bt_l2cap_fixed_chan_list_start = .
 *(SORT_BY_NAME(SORT_BY_ALIGNMENT(._bt_l2cap_fixed_chan.static.*)))
                0x0c004f30                        _bt_l2cap_fixed_chan_list_end = .

bt_gatt_service_static_area
                0x0c004f30        0x0
                0x0c004f30                        _bt_gatt_service_static_list_start = .
 *(SORT_BY_NAME(SORT_BY_ALIGNMENT(._bt_gatt_service_static.static.*)))
                0x0c004f30                        _bt_gatt_service_static_list_end = .

log_strings_area
                0x0c004f30        0x0
                0x0c004f30                        _log_strings_list_start = .
 *(SORT_BY_NAME(SORT_BY_ALIGNMENT(._log_strings.static.*)))
                0x0c004f30                        _log_strings_list_end = .

log_stmesp_ptr_area
                0x0c004f30        0x0
                0x0c004f30                        _log_stmesp_ptr_list_start = .
 *(SORT_BY_NAME(SORT_BY_ALIGNMENT(._log_stmesp_ptr.static.*)))
                0x0c004f30                        _log_stmesp_ptr_list_end = .

log_stmesp_str_area
                0x0c004f30        0x0
                0x0c004f30                        _log_stmesp_str_list_start = .
 *(SORT_BY_NAME(SORT_BY_ALIGNMENT(._log_stmesp_str.static.*)))
                0x0c004f30                        _log_stmesp_str_list_end = .

log_const_area  0x0c004f30        0x0
                0x0c004f30                        _log_const_list_start = .
 *(SORT_BY_NAME(SORT_BY_ALIGNMENT(._log_const.static.*)))
                0x0c004f30                        _log_const_list_end = .

log_backend_area
                0x0c004f30        0x0
                0x0c004f30                        _log_backend_list_start = .
 *(SORT_BY_NAME(SORT_BY_ALIGNMENT(._log_backend.static.*)))
                0x0c004f30                        _log_backend_list_end = .

log_link_area   0x0c004f30        0x0
                0x0c004f30                        _log_link_list_start = .
 *(SORT_BY_NAME(SORT_BY_ALIGNMENT(._log_link.static.*)))
                0x0c004f30                        _log_link_list_end = .

tracing_backend_area
                0x0c004f30        0x0
                0x0c004f30                        _tracing_backend_list_start = .
 *(SORT_BY_NAME(SORT_BY_ALIGNMENT(._tracing_backend.static.*)))
                0x0c004f30                        _tracing_backend_list_end = .

zephyr_dbg_info
 *(SORT_BY_ALIGNMENT(.dbg_thread_info))

intc_table_area
                0x0c004f30        0x0
                0x0c004f30                        _intc_table_list_start = .
 *(SORT_BY_NAME(SORT_BY_ALIGNMENT(._intc_table.static.*)))
                0x0c004f30                        _intc_table_list_end = .

symbol_to_keep  0x0c004f30        0x0
                0x0c004f30                        __symbol_to_keep_start = .
 *(SORT_BY_NAME(SORT_BY_ALIGNMENT(.symbol_to_keep*)))
                0x0c004f30                        __symbol_to_keep_end = .

shell_area      0x0c004f30        0x0
                0x0c004f30                        _shell_list_start = .
 *(SORT_BY_NAME(SORT_BY_ALIGNMENT(._shell.static.*)))
                0x0c004f30                        _shell_list_end = .

shell_root_cmds_area
                0x0c004f30        0x0
                0x0c004f30                        _shell_root_cmds_list_start = .
 *(SORT_BY_NAME(SORT_BY_ALIGNMENT(._shell_root_cmds.static.*)))
                0x0c004f30                        _shell_root_cmds_list_end = .

shell_subcmds_area
                0x0c004f30        0x0
                0x0c004f30                        _shell_subcmds_list_start = .
 *(SORT_BY_NAME(SORT_BY_ALIGNMENT(._shell_subcmds.static.*)))
                0x0c004f30                        _shell_subcmds_list_end = .

shell_dynamic_subcmds_area
                0x0c004f30        0x0
                0x0c004f30                        _shell_dynamic_subcmds_list_start = .
 *(SORT_BY_NAME(SORT_BY_ALIGNMENT(._shell_dynamic_subcmds.static.*)))
                0x0c004f30                        _shell_dynamic_subcmds_list_end = .

cfb_font_area   0x0c004f30        0x0
                0x0c004f30                        _cfb_font_list_start = .
 *(SORT_BY_NAME(SORT_BY_ALIGNMENT(._cfb_font.static.*)))
                0x0c004f30                        _cfb_font_list_end = .

tdata           0x0c004f30        0x0
 *(SORT_BY_ALIGNMENT(.tdata) SORT_BY_ALIGNMENT(.tdata.*) SORT_BY_ALIGNMENT(.gnu.linkonce.td.*))

tbss            0x0c004f30        0x4
 *(SORT_BY_ALIGNMENT(.tbss) SORT_BY_ALIGNMENT(.tbss.*) SORT_BY_ALIGNMENT(.gnu.linkonce.tb.*) SORT_BY_ALIGNMENT(.tcommon))
 .tbss.z_tls_current
                0x0c004f30        0x4 zephyr/libzephyr.a(thread_entry.c.obj)
                0x0c004f30                z_tls_current
                0x0c004f30                        PROVIDE (__tdata_start = LOADADDR (tdata))
                0x00000001                        PROVIDE (__tdata_align = ALIGNOF (tdata))
                0x00000000                        PROVIDE (__tdata_size = (((SIZEOF (tdata) + __tdata_align) - 0x1) & ~ ((__tdata_align - 0x1))))
                [!provide]                        PROVIDE (__tdata_end = (__tdata_start + __tdata_size))
                0x00000004                        PROVIDE (__tbss_align = ALIGNOF (tbss))
                [!provide]                        PROVIDE (__tbss_start = ADDR (tbss))
                0x00000004                        PROVIDE (__tbss_size = (((SIZEOF (tbss) + __tbss_align) - 0x1) & ~ ((__tbss_align - 0x1))))
                [!provide]                        PROVIDE (__tbss_end = (__tbss_start + __tbss_size))
                [!provide]                        PROVIDE (__tls_start = __tdata_start)
                [!provide]                        PROVIDE (__tls_end = __tbss_end)
                [!provide]                        PROVIDE (__tls_size = (__tbss_end - __tdata_start))

rodata          0x0c004f30      0x6e0
 *(SORT_BY_ALIGNMENT(.rodata))
 *(SORT_BY_ALIGNMENT(.rodata.*))
 .rodata.mem_attr_region
                0x0c004f30        0x0 zephyr/libzephyr.a(mem_attr.c.obj)
 .rodata.static_regions
                0x0c004f30        0xc zephyr/arch/arch/arm/core/mpu/libarch__arm__core__mpu.a(arm_core_mpu.c.obj)
 .rodata.mpu_config
                0x0c004f3c        0x8 zephyr/arch/arch/arm/core/mpu/libarch__arm__core__mpu.a(arm_mpu_regions.c.obj)
                0x0c004f3c                mpu_config
 .rodata.mpu_regions
                0x0c004f44       0x20 zephyr/arch/arch/arm/core/mpu/libarch__arm__core__mpu.a(arm_mpu_regions.c.obj)
 .rodata.stdout
                0x0c004f64        0x4 zephyr/lib/libc/picolibc/liblib__libc__picolibc.a(stdio.c.obj)
                0x0c004f64                stderr
                0x0c004f64                stdout
 .rodata.eic_mchp_dev_cfg_0
                0x0c004f68       0x18 zephyr/drivers/interrupt_controller/libdrivers__interrupt_controller.a(intc_mchp_eic_g1.c.obj)
 .rodata.clock_config
                0x0c004f80       0x18 zephyr/drivers/clock_control/libdrivers__clock_control.a(clock_control_mchp_pic32ck_sg_gc.c.obj)
 .rodata.gpio_mchp_config_1
                0x0c004f98        0xc zephyr/drivers/gpio/libdrivers__gpio.a(gpio_mchp_port_g1.c.obj)
 .rodata.gpio_mchp_config_0
                0x0c004fa4        0xc zephyr/drivers/gpio/libdrivers__gpio.a(gpio_mchp_port_g1.c.obj)
 .rodata.mchp_secure_port_addrs
                0x0c004fb0       0x10 zephyr/drivers/pinctrl/libdrivers__pinctrl.a(pinctrl_mchp_port_g1.c.obj)
 .rodata.uart_mchp_config_0
                0x0c004fc0       0x28 zephyr/drivers/serial/libdrivers__serial.a(uart_mchp_sercom_g1.c.obj)
 .rodata.__pinctrl_dev_config__device_dts_ord_37
                0x0c004fe8        0x8 zephyr/drivers/serial/libdrivers__serial.a(uart_mchp_sercom_g1.c.obj)
 .rodata.__pinctrl_states__device_dts_ord_37
                0x0c004ff0        0x8 zephyr/drivers/serial/libdrivers__serial.a(uart_mchp_sercom_g1.c.obj)
 .rodata.levels.0
                0x0c004ff8       0x18 zephyr/kernel/libkernel.a(init.c.obj)
 .rodata.__pinctrl_state_pins_0__device_dts_ord_37
                0x0c005010        0x8 zephyr/drivers/serial/libdrivers__serial.a(uart_mchp_sercom_g1.c.obj)
 .rodata.main.str1.1
                0x0c005018      0x5cc app/libapp.a(main.c.obj)
                                 0x16 (size before relaxing)
 .rodata.z_arm_fatal_error.str1.1
                0x0c0055e4       0xb3 zephyr/arch/arch/arm/core/libarch__arm__core.a(fatal.c.obj)
 .rodata.secure_fault.isra.0.str1.1
                0x0c0055e4       0xe0 zephyr/arch/arch/arm/core/cortex_m/libarch__arm__core__cortex_m.a(fault.c.obj)
 .rodata.usage_fault.isra.0.str1.1
                0x0c0055e4       0xff zephyr/arch/arch/arm/core/cortex_m/libarch__arm__core__cortex_m.a(fault.c.obj)
 .rodata.bus_fault.isra.0.str1.1
                0x0c0055e4       0xd2 zephyr/arch/arch/arm/core/cortex_m/libarch__arm__core__cortex_m.a(fault.c.obj)
 .rodata.mem_manage_fault.isra.0.str1.1
                0x0c0055e4       0x9b zephyr/arch/arch/arm/core/cortex_m/libarch__arm__core__cortex_m.a(fault.c.obj)
 .rodata.z_arm_fault.str1.1
                0x0c0055e4      0x10d zephyr/arch/arch/arm/core/cortex_m/libarch__arm__core__cortex_m.a(fault.c.obj)
 .rodata.str1.1
                0x0c0055e4        0xf zephyr/arch/arch/arm/core/mpu/libarch__arm__core__mpu.a(arm_mpu_regions.c.obj)
 .rodata.str1.1
                0x0c0055e4       0x1e zephyr/drivers/interrupt_controller/libdrivers__interrupt_controller.a(intc_mchp_eic_g1.c.obj)
 .rodata.CSWTCH.104
                0x0c0055e4        0x9 zephyr/drivers/clock_control/libdrivers__clock_control.a(clock_control_mchp_pic32ck_sg_gc.c.obj)
 .rodata.CSWTCH.103
                0x0c0055ed        0x9 zephyr/drivers/clock_control/libdrivers__clock_control.a(clock_control_mchp_pic32ck_sg_gc.c.obj)
 .rodata.CSWTCH.102
                0x0c0055f6        0x9 zephyr/drivers/clock_control/libdrivers__clock_control.a(clock_control_mchp_pic32ck_sg_gc.c.obj)
 .rodata.CSWTCH.101
                0x0c0055ff        0x9 zephyr/drivers/clock_control/libdrivers__clock_control.a(clock_control_mchp_pic32ck_sg_gc.c.obj)
 .rodata.str1.1
                0x0c005608        0xf zephyr/drivers/clock_control/libdrivers__clock_control.a(clock_control_mchp_pic32ck_sg_gc.c.obj)
 .rodata.str1.1
                0x0c005608       0x1c zephyr/drivers/gpio/libdrivers__gpio.a(gpio_mchp_port_g1.c.obj)
 .rodata.CSWTCH.34
                0x0c005608        0x5 zephyr/drivers/serial/libdrivers__serial.a(uart_mchp_sercom_g1.c.obj)
 .rodata.str1.1
                0x0c00560d       0x10 zephyr/drivers/serial/libdrivers__serial.a(uart_mchp_sercom_g1.c.obj)
 .rodata.z_cstart.str1.1
                0x0c00560d        0x5 zephyr/kernel/libkernel.a(init.c.obj)
 .rodata.boot_banner.str1.1
                0x0c00560d       0x2e zephyr/kernel/libkernel.a(banner.c.obj)
 .rodata.__l_vfprintf.str1.1
                0x0c00560d        0xf C:/Users/I73904/zephyr-sdk-1.0.1/gnu/arm-zephyr-eabi/bin/../lib/gcc/arm-zephyr-eabi/14.3.0/../../../../arm-zephyr-eabi/lib/thumb/v8-m.main/nofp/space\libc.a(libc_tinystdio_vflprintf.c.o)
 *(SORT_BY_ALIGNMENT(.gnu.linkonce.r.*))
                0x0c0056f4                        . = ALIGN (0x4)
 *fill*         0x0c00560d        0x3 
                [!provide]                        PROVIDE (__eh_frame_start = 0x0)
                [!provide]                        PROVIDE (__eh_frame_end = 0x0)
                [!provide]                        PROVIDE (__eh_frame_hdr_start = 0x0)
                [!provide]                        PROVIDE (__eh_frame_hdr_end = 0x0)

/DISCARD/
 *(SORT_BY_ALIGNMENT(.eh_frame))
                0x0c005610                        __rodata_region_end = .
                0x0c005620                        . = ALIGN (_region_min_align)
                0x10005620                        __rom_region_end = ((__rom_region_start + .) - ADDR (rom_start))
                0x04005620                        __rom_region_size = (__rom_region_end - __rom_region_start)

/DISCARD/
 *(SORT_BY_ALIGNMENT(.got.plt))
 *(SORT_BY_ALIGNMENT(.igot.plt))
 *(SORT_BY_ALIGNMENT(.got))
 *(SORT_BY_ALIGNMENT(.igot))
                0x20000000                        . = 0x20000000
                0x20000000                        . = ALIGN (_region_min_align)
                0x20000000                        _image_ram_start = .

.ramfunc        0x20000000        0x0 load address 0x0c005610
                0x20000000                        __ramfunc_region_start = .
                0x20000000                        . = ALIGN (_region_min_align)
                0x20000000                        __ramfunc_start = .
 *(SORT_BY_ALIGNMENT(.ramfunc))
 *(SORT_BY_ALIGNMENT(.ramfunc.*))
                0x20000000                        . = ALIGN (_region_min_align)
                0x20000000                        __ramfunc_end = .
                0x00000000                        __ramfunc_size = (__ramfunc_end - __ramfunc_start)
                0x0c005610                        __ramfunc_load_start = LOADADDR (.ramfunc)

datas           0x20000000       0x20 load address 0x0c005610
                0x20000000                        __data_region_start = .
                0x20000000                        __data_start = .
 *(SORT_BY_ALIGNMENT(.data))
 *(SORT_BY_ALIGNMENT(.data.*))
 .data._char_out
                0x20000000        0x4 zephyr/libzephyr.a(printk.c.obj)
 .data.__stdout
                0x20000004       0x10 zephyr/lib/libc/picolibc/liblib__libc__picolibc.a(stdio.c.obj)
 .data.slice_ticks
                0x20000014        0x4 zephyr/kernel/libkernel.a(timeslicing.c.obj)
 .data.timeout_list
                0x20000018        0x8 zephyr/kernel/libkernel.a(timeout.c.obj)
 *(SORT_BY_ALIGNMENT(.kernel.*))
                0x20000020                        __data_end = .
                0x00000020                        __data_size = (__data_end - __data_start)
                0x0c005610                        __data_load_start = LOADADDR (datas)
                0x0c005610                        __data_region_load_start = LOADADDR (datas)

device_states   0x20000020        0xc load address 0x0c005630
                0x20000020                        . = ALIGN (0x4)
                0x20000020                        __device_states_start = .
 *(SORT_BY_ALIGNMENT(.z_devstate))
 .z_devstate    0x20000020        0x2 zephyr/drivers/interrupt_controller/libdrivers__interrupt_controller.a(intc_mchp_eic_g1.c.obj)
 .z_devstate    0x20000022        0x2 zephyr/drivers/clock_control/libdrivers__clock_control.a(clock_control_mchp_pic32ck_sg_gc.c.obj)
 .z_devstate    0x20000024        0x4 zephyr/drivers/gpio/libdrivers__gpio.a(gpio_mchp_port_g1.c.obj)
 .z_devstate    0x20000028        0x2 zephyr/drivers/serial/libdrivers__serial.a(uart_mchp_sercom_g1.c.obj)
 *(SORT_BY_ALIGNMENT(.z_devstate.*))
                0x2000002a                        __device_states_end = .
                0x2000002c                        . = ALIGN (0x4)
 *fill*         0x2000002a        0x2 

log_mpsc_pbuf_area
                0x2000002c        0x0 load address 0x0c00563c
                0x2000002c                        _log_mpsc_pbuf_list_start = .
 *(SORT_BY_NAME(SORT_BY_ALIGNMENT(._log_mpsc_pbuf.static.*)))
                0x2000002c                        _log_mpsc_pbuf_list_end = .

log_msg_ptr_area
                0x2000002c        0x0 load address 0x0c00563c
                0x2000002c                        _log_msg_ptr_list_start = .
 *(SORT_BY_NAME(SORT_BY_ALIGNMENT(._log_msg_ptr.static.*)))
                0x2000002c                        _log_msg_ptr_list_end = .

log_dynamic_area
                0x2000002c        0x0 load address 0x0c00563c
                0x2000002c                        _log_dynamic_list_start = .
 *(SORT_BY_NAME(SORT_BY_ALIGNMENT(._log_dynamic.static.*)))
                0x2000002c                        _log_dynamic_list_end = .

k_timer_area    0x2000002c        0x0 load address 0x0c00563c
                0x2000002c                        _k_timer_list_start = .
 *(SORT_BY_NAME(SORT_BY_ALIGNMENT(._k_timer.static.*)))
                0x2000002c                        _k_timer_list_end = .

k_mem_slab_area
                0x2000002c        0x0 load address 0x0c00563c
                0x2000002c                        _k_mem_slab_list_start = .
 *(SORT_BY_NAME(SORT_BY_ALIGNMENT(._k_mem_slab.static.*)))
                0x2000002c                        _k_mem_slab_list_end = .

k_heap_area     0x2000002c        0x0 load address 0x0c00563c
                0x2000002c                        _k_heap_list_start = .
 *(SORT_BY_NAME(SORT_BY_ALIGNMENT(._k_heap.static.*)))
                0x2000002c                        _k_heap_list_end = .

k_mutex_area    0x2000002c        0x0 load address 0x0c00563c
                0x2000002c                        _k_mutex_list_start = .
 *(SORT_BY_NAME(SORT_BY_ALIGNMENT(._k_mutex.static.*)))
                0x2000002c                        _k_mutex_list_end = .

k_stack_area    0x2000002c        0x0 load address 0x0c00563c
                0x2000002c                        _k_stack_list_start = .
 *(SORT_BY_NAME(SORT_BY_ALIGNMENT(._k_stack.static.*)))
                0x2000002c                        _k_stack_list_end = .

k_msgq_area     0x2000002c        0x0 load address 0x0c00563c
                0x2000002c                        _k_msgq_list_start = .
 *(SORT_BY_NAME(SORT_BY_ALIGNMENT(._k_msgq.static.*)))
                0x2000002c                        _k_msgq_list_end = .

k_mbox_area     0x2000002c        0x0 load address 0x0c00563c
                0x2000002c                        _k_mbox_list_start = .
 *(SORT_BY_NAME(SORT_BY_ALIGNMENT(._k_mbox.static.*)))
                0x2000002c                        _k_mbox_list_end = .

k_pipe_area     0x2000002c        0x0 load address 0x0c00563c
                0x2000002c                        _k_pipe_list_start = .
 *(SORT_BY_NAME(SORT_BY_ALIGNMENT(._k_pipe.static.*)))
                0x2000002c                        _k_pipe_list_end = .

k_sem_area      0x2000002c        0x0 load address 0x0c00563c
                0x2000002c                        _k_sem_list_start = .
 *(SORT_BY_NAME(SORT_BY_ALIGNMENT(._k_sem.static.*)))
                0x2000002c                        _k_sem_list_end = .

k_event_area    0x2000002c        0x0 load address 0x0c00563c
                0x2000002c                        _k_event_list_start = .
 *(SORT_BY_NAME(SORT_BY_ALIGNMENT(._k_event.static.*)))
                0x2000002c                        _k_event_list_end = .

k_queue_area    0x2000002c        0x0 load address 0x0c00563c
                0x2000002c                        _k_queue_list_start = .
 *(SORT_BY_NAME(SORT_BY_ALIGNMENT(._k_queue.static.*)))
                0x2000002c                        _k_queue_list_end = .

k_fifo_area     0x2000002c        0x0 load address 0x0c00563c
                0x2000002c                        _k_fifo_list_start = .
 *(SORT_BY_NAME(SORT_BY_ALIGNMENT(._k_fifo.static.*)))
                0x2000002c                        _k_fifo_list_end = .

k_lifo_area     0x2000002c        0x0 load address 0x0c00563c
                0x2000002c                        _k_lifo_list_start = .
 *(SORT_BY_NAME(SORT_BY_ALIGNMENT(._k_lifo.static.*)))
                0x2000002c                        _k_lifo_list_end = .

k_condvar_area  0x2000002c        0x0 load address 0x0c00563c
                0x2000002c                        _k_condvar_list_start = .
 *(SORT_BY_NAME(SORT_BY_ALIGNMENT(._k_condvar.static.*)))
                0x2000002c                        _k_condvar_list_end = .

sys_mem_blocks_ptr_area
                0x2000002c        0x0 load address 0x0c00563c
                0x2000002c                        _sys_mem_blocks_ptr_list_start = .
 *(SORT_BY_NAME(SORT_BY_ALIGNMENT(._sys_mem_blocks_ptr.static.*)))
                0x2000002c                        _sys_mem_blocks_ptr_list_end = .

net_buf_pool_area
                0x2000002c        0x0 load address 0x0c00563c