$ D:\ZephyrProject\.venv\Scripts\west.exe build -p auto -b pic32ck_sg01_cult -d D:\ZephyrProject\usb_validation\results\.build_cache\pic32ck_sg01_cult_mass_fs -S microchip-udc-usbfs D:\ZephyrProject\mchp_zephyrproject\zephyr\samples\subsys/usb/mass

-- west build: generating a build system
Loading Zephyr default modules (Zephyr base (cached)).
-- Application: D:/ZephyrProject/mchp_zephyrproject/zephyr/samples/subsys/usb/mass
-- CMake version: 4.4.0
-- Cache files will be written to: D:/ZephyrProject/mchp_zephyrproject/zephyr/.cache
-- Zephyr version: 4.4.0 (D:/ZephyrProject/mchp_zephyrproject/zephyr)
-- Found west (found suitable version "1.5.0", minimum required is "0.14.0")
-- Board: pic32ck_sg01_cult, qualifiers: pic32ck2051sg01144
-- Snippet(s): microchip-udc-usbfs
-- Found host-tools: zephyr 1.0.1 (C:/Users/I73904/zephyr-sdk-1.0.1)
-- Found toolchain: zephyr 1.0.1 (C:/Users/I73904/zephyr-sdk-1.0.1)
-- Found BOARD.dts: D:/ZephyrProject/mchp_zephyrproject/zephyr/boards/microchip/pic32c/pic32ck_sg01_cult/pic32ck_sg01_cult.dts
-- Generated zephyr.dts: D:/ZephyrProject/usb_validation/results/.build_cache/pic32ck_sg01_cult_mass_fs/zephyr/zephyr.dts
-- Generated pickled edt: D:/ZephyrProject/usb_validation/results/.build_cache/pic32ck_sg01_cult_mass_fs/zephyr/edt.pickle
-- Generated devicetree_generated.h: D:/ZephyrProject/usb_validation/results/.build_cache/pic32ck_sg01_cult_mass_fs/zephyr/include/generated/zephyr/devicetree_generated.h
Parsing D:/ZephyrProject/mchp_zephyrproject/zephyr/samples/subsys/usb/mass/Kconfig
Loaded configuration 'D:/ZephyrProject/usb_validation/results/.build_cache/pic32ck_sg01_cult_mass_fs/zephyr/.config'
No change to configuration in 'D:/ZephyrProject/usb_validation/results/.build_cache/pic32ck_sg01_cult_mass_fs/zephyr/.config'
No change to Kconfig header in 'D:/ZephyrProject/usb_validation/results/.build_cache/pic32ck_sg01_cult_mass_fs/zephyr/include/generated/zephyr/autoconf.h'
-- Found gen_kobject_list: D:/ZephyrProject/mchp_zephyrproject/zephyr/scripts/build/gen_kobject_list.py
-- Configuring done (31.6s)
-- Generating done (1.6s)
-- Build files have been written to: D:/ZephyrProject/usb_validation/results/.build_cache/pic32ck_sg01_cult_mass_fs
-- west build: building application
[1/163] Generating misc/generated/syscalls.json, misc/generated/struct_tags.json
[2/7] Generating linker_zephyr_pre0.cmd
[3/7] Linking C executable zephyr\zephyr_pre0.elf; Logical command for additional byproducts on target: zephyr_pre0
[4/7] Generating linker.cmd
[5/7] Generating isr_tables.c, isr_tables_vt.ld, isr_tables_swi.ld
[6/7] Building C object zephyr/CMakeFiles/zephyr_final.dir/isr_tables.c.obj
[7/7] Linking C executable zephyr\zephyr.elf
Memory region         Used Size  Region Size  %age Used
 ROMSTART_REGION:         696 B        66 MB      0.00%
           FLASH:       72784 B      1008 KB      7.05%
             RAM:       16888 B       512 KB      3.22%
        IDT_LIST:           0 B        32 KB      0.00%
Generating files from D:/ZephyrProject/usb_validation/results/.build_cache/pic32ck_sg01_cult_mass_fs/zephyr/zephyr.elf for board: pic32ck_sg01_cult/pic32ck2051sg01144
