$ D:\ZephyrProject\.venv\Scripts\west.exe build -p auto -b pic32ck_sg01_cult -d D:\ZephyrProject\usb_validation\results\.build_cache\pic32ck_sg01_cult_mass_hs D:\ZephyrProject\mchp_zephyrproject\zephyr\samples\subsys/usb/mass

-- west build: generating a build system
Loading Zephyr default modules (Zephyr base).
-- Application: D:/ZephyrProject/mchp_zephyrproject/zephyr/samples/subsys/usb/mass
-- CMake version: 4.4.0
-- Found Python3: D:/ZephyrProject/.venv/Scripts/python.exe (found suitable version "3.14.6", minimum required is "3.12") found components: Interpreter
-- Cache files will be written to: D:/ZephyrProject/mchp_zephyrproject/zephyr/.cache
-- Zephyr version: 4.4.0 (D:/ZephyrProject/mchp_zephyrproject/zephyr)
-- Found west (found suitable version "1.5.0", minimum required is "0.14.0")
-- Board: pic32ck_sg01_cult, qualifiers: pic32ck2051sg01144
-- ZEPHYR_TOOLCHAIN_VARIANT not set, trying to locate Zephyr SDK
-- Found host-tools: zephyr 1.0.1 (C:/Users/I73904/zephyr-sdk-1.0.1)
-- Found toolchain: zephyr 1.0.1 (C:/Users/I73904/zephyr-sdk-1.0.1)
-- Found Dtc: C:/ProgramData/chocolatey/bin/dtc.exe (found suitable version "1.6.1", minimum required is "1.4.6")
-- Found BOARD.dts: D:/ZephyrProject/mchp_zephyrproject/zephyr/boards/microchip/pic32c/pic32ck_sg01_cult/pic32ck_sg01_cult.dts
-- Generated zephyr.dts: D:/ZephyrProject/usb_validation/results/.build_cache/pic32ck_sg01_cult_mass_hs/zephyr/zephyr.dts
-- Generated pickled edt: D:/ZephyrProject/usb_validation/results/.build_cache/pic32ck_sg01_cult_mass_hs/zephyr/edt.pickle
-- Generated devicetree_generated.h: D:/ZephyrProject/usb_validation/results/.build_cache/pic32ck_sg01_cult_mass_hs/zephyr/include/generated/zephyr/devicetree_generated.h
Parsing D:/ZephyrProject/mchp_zephyrproject/zephyr/samples/subsys/usb/mass/Kconfig
Loaded configuration 'D:/ZephyrProject/mchp_zephyrproject/zephyr/boards/microchip/pic32c/pic32ck_sg01_cult/pic32ck_sg01_cult_defconfig'
Merged configuration 'D:/ZephyrProject/mchp_zephyrproject/zephyr/samples/subsys/usb/mass/prj.conf'
Configuration saved to 'D:/ZephyrProject/usb_validation/results/.build_cache/pic32ck_sg01_cult_mass_hs/zephyr/.config'
Kconfig header saved to 'D:/ZephyrProject/usb_validation/results/.build_cache/pic32ck_sg01_cult_mass_hs/zephyr/include/generated/zephyr/autoconf.h'
-- Found GnuLd: C:/Users/I73904/zephyr-sdk-1.0.1/gnu/arm-zephyr-eabi/arm-zephyr-eabi/bin/ld.bfd.exe (found version "2.43.1")
-- The C compiler identification is GNU 14.3.0
-- The CXX compiler identification is GNU 14.3.0
-- The ASM compiler identification is GNU
-- Found assembler: C:/Users/I73904/zephyr-sdk-1.0.1/gnu/arm-zephyr-eabi/bin/arm-zephyr-eabi-gcc.exe
-- Found gen_kobject_list: D:/ZephyrProject/mchp_zephyrproject/zephyr/scripts/build/gen_kobject_list.py
-- Configuring done (41.4s)
-- Generating done (2.2s)
-- Build files have been written to: D:/ZephyrProject/usb_validation/results/.build_cache/pic32ck_sg01_cult_mass_hs
-- west build: building application
[1/183] Generating include/generated/zephyr/version.h
-- Zephyr version: 4.4.0 (D:/ZephyrProject/mchp_zephyrproject/zephyr), build: 0a02570962aa
[2/183] Generating misc/generated/syscalls.json, misc/generated/struct_tags.json
[3/183] Generating include/generated/device-api-sections.ld, include/generated/device-api-sections.cmake
[4/183] Generating include/generated/zephyr/driver-validation.h
[5/183] Generating include/generated/zephyr/kobj-types-enum.h, include/generated/zephyr/otype-to-str.h, include/generated/zephyr/otype-to-size.h
[6/183] Generating include/generated/zephyr/syscall_dispatch.c, include/generated/zephyr/syscall_exports_llext.c, syscall_weakdefs_llext.c, include/generated/zephyr/syscall_list.h
[7/183] Building C object zephyr/lib/heap/CMakeFiles/heap_constants.dir/heap_constants.c.obj
[8/183] Generating ../../include/generated/zephyr/heap_constants.h
[9/183] Building C object zephyr/CMakeFiles/offsets.dir/arch/arm/core/offsets/offsets.c.obj
[10/183] Generating include/generated/zephyr/offsets.h
[11/183] Building C object zephyr/arch/common/CMakeFiles/isr_tables.dir/isr_tables.c.obj
[12/183] Building C object zephyr/CMakeFiles/zephyr.dir/lib/libc/validate_libc.c.obj
[13/183] Building C object CMakeFiles/app.dir/src/main.c.obj
[14/183] Building C object CMakeFiles/app.dir/D_/ZephyrProject/mchp_zephyrproject/zephyr/samples/subsys/usb/common/sample_usbd_init.c.obj
[15/183] Building C object zephyr/CMakeFiles/zephyr.dir/lib/os/clock.c.obj
[16/183] Building C object zephyr/CMakeFiles/zephyr.dir/lib/os/sem.c.obj
[17/183] Building C object zephyr/CMakeFiles/zephyr.dir/lib/os/printk.c.obj
[18/183] Building C object zephyr/CMakeFiles/zephyr.dir/lib/os/thread_entry.c.obj
[19/183] Building C object zephyr/CMakeFiles/zephyr.dir/lib/os/cbprintf_packaged.c.obj
[20/183] Building C object zephyr/CMakeFiles/zephyr.dir/lib/heap/heap.c.obj
[21/183] Building C object zephyr/CMakeFiles/zephyr.dir/lib/utils/dec.c.obj
[22/183] Building C object zephyr/CMakeFiles/zephyr.dir/lib/utils/hex.c.obj
[23/183] Building C object zephyr/CMakeFiles/zephyr.dir/lib/utils/set.c.obj
[24/183] Building C object zephyr/CMakeFiles/zephyr.dir/lib/os/cbprintf_complete.c.obj
[25/183] Building C object zephyr/CMakeFiles/zephyr.dir/lib/os/assert.c.obj
[26/183] Building C object zephyr/CMakeFiles/zephyr.dir/lib/utils/timeutil.c.obj
[27/183] Building C object zephyr/CMakeFiles/zephyr.dir/lib/utils/bitmask.c.obj
[28/183] Building C object zephyr/CMakeFiles/zephyr.dir/lib/os/mpsc_pbuf.c.obj
[29/183] Building C object zephyr/CMakeFiles/zephyr.dir/lib/utils/rb.c.obj
[30/183] Building C object zephyr/CMakeFiles/zephyr.dir/lib/utils/bitarray.c.obj
[31/183] Building C object zephyr/CMakeFiles/zephyr.dir/lib/utils/last_section_id.c.obj
[32/183] Building C object zephyr/CMakeFiles/zephyr.dir/lib/utils/ring_buffer.c.obj
[33/183] Building C object zephyr/CMakeFiles/zephyr.dir/misc/generated/configs.c.obj
[34/183] Building C object zephyr/CMakeFiles/zephyr.dir/lib/utils/getopt/getopt.c.obj
[35/183] Building C object zephyr/CMakeFiles/zephyr.dir/lib/utils/getopt/getopt_common.c.obj
[36/183] Building C object zephyr/CMakeFiles/zephyr.dir/subsys/logging/log_cache.c.obj
[37/183] Building C object zephyr/CMakeFiles/zephyr.dir/subsys/logging/log_mgmt.c.obj
[38/183] Building C object zephyr/CMakeFiles/zephyr.dir/subsys/logging/log_core.c.obj
[39/183] Building C object zephyr/CMakeFiles/zephyr.dir/subsys/logging/log_msg.c.obj
[40/183] Building C object zephyr/CMakeFiles/zephyr.dir/subsys/logging/backends/log_backend_uart.c.obj
[41/183] Building C object zephyr/CMakeFiles/zephyr.dir/subsys/logging/log_output.c.obj
[42/183] Building C object zephyr/CMakeFiles/zephyr.dir/subsys/tracing/tracing_none.c.obj
[43/183] Generating linker_zephyr_pre0.cmd
[44/183] Building C object zephyr/CMakeFiles/zephyr.dir/subsys/mem_mgmt/mem_attr.c.obj
[45/183] Building C object zephyr/arch/common/CMakeFiles/arch__common.dir/sw_isr_common.c.obj
[46/183] Building C object zephyr/CMakeFiles/zephyr.dir/subsys/disk/disk_access.c.obj
[47/183] Building C object zephyr/arch/common/CMakeFiles/arch__common.dir/init.c.obj
[48/183] Linking C static library zephyr\arch\common\libisr_tables.a
[49/183] Building ASM object zephyr/arch/arch/arm/core/CMakeFiles/arch__arm__core.dir/nmi_on_reset.S.obj
[50/183] Building C object zephyr/arch/common/CMakeFiles/arch__common.dir/xip.c.obj
[51/183] Building ASM object zephyr/arch/arch/arm/core/cortex_m/CMakeFiles/arch__arm__core__cortex_m.dir/fault_s.S.obj
[52/183] Building C object zephyr/arch/arch/arm/core/CMakeFiles/arch__arm__core.dir/nmi.c.obj
[53/183] Building C object zephyr/arch/arch/arm/core/CMakeFiles/arch__arm__core.dir/fatal.c.obj
[54/183] Building ASM object zephyr/arch/arch/arm/core/cortex_m/CMakeFiles/arch__arm__core__cortex_m.dir/reset.S.obj
[55/183] Building C object zephyr/arch/arch/arm/core/CMakeFiles/arch__arm__core.dir/tls.c.obj
[56/183] Building C object zephyr/arch/arch/arm/core/cortex_m/CMakeFiles/arch__arm__core__cortex_m.dir/fpu.c.obj
[57/183] Building ASM object zephyr/arch/arch/arm/core/cortex_m/CMakeFiles/arch__arm__core__cortex_m.dir/vector_table.S.obj
[58/183] Building ASM object zephyr/arch/arch/arm/core/cortex_m/CMakeFiles/arch__arm__core__cortex_m.dir/svc.S.obj
[59/183] Building C object zephyr/arch/arch/arm/core/cortex_m/CMakeFiles/arch__arm__core__cortex_m.dir/scb.c.obj
[60/183] Building C object zephyr/arch/arch/arm/core/cortex_m/CMakeFiles/arch__arm__core__cortex_m.dir/fault.c.obj
[61/183] Building ASM object zephyr/arch/arch/arm/core/cortex_m/CMakeFiles/arch__arm__core__cortex_m.dir/swap_helper.S.obj
[62/183] Building C object zephyr/arch/arch/arm/core/cortex_m/CMakeFiles/arch__arm__core__cortex_m.dir/prep_c.c.obj
[63/183] Building C object zephyr/arch/arch/arm/core/cortex_m/CMakeFiles/arch__arm__core__cortex_m.dir/irq_manage.c.obj
[64/183] Building C object zephyr/arch/arch/arm/core/cortex_m/CMakeFiles/arch__arm__core__cortex_m.dir/cpu_idle.c.obj
[65/183] Building C object zephyr/arch/arch/arm/core/cortex_m/CMakeFiles/arch__arm__core__cortex_m.dir/thread.c.obj
[66/183] Building ASM object zephyr/arch/arch/arm/core/cortex_m/CMakeFiles/arch__arm__core__cortex_m.dir/__aeabi_read_tp.S.obj
[67/183] Building C object zephyr/arch/arch/arm/core/cortex_m/CMakeFiles/arch__arm__core__cortex_m.dir/exc_exit.c.obj
[68/183] Building C object zephyr/arch/arch/arm/core/cortex_m/CMakeFiles/arch__arm__core__cortex_m.dir/thread_abort.c.obj
[69/183] Building C object zephyr/arch/arch/arm/core/cortex_m/CMakeFiles/arch__arm__core__cortex_m.dir/irq_init.c.obj
[70/183] Building C object zephyr/arch/arch/arm/core/cortex_m/CMakeFiles/arch__arm__core__cortex_m.dir/isr_wrapper.c.obj
[71/183] Building C object zephyr/arch/arch/arm/core/mpu/CMakeFiles/arch__arm__core__mpu.dir/arm_mpu_regions.c.obj
[72/183] Building C object zephyr/arch/arch/arm/core/mpu/CMakeFiles/arch__arm__core__mpu.dir/arm_core_mpu.c.obj
[73/183] Building C object zephyr/arch/arch/arm/core/cortex_m/cmse/CMakeFiles/arch__arm__core__cortex_m__cmse.dir/arm_core_cmse.c.obj
[74/183] Building C object zephyr/lib/libc/picolibc/CMakeFiles/lib__libc__picolibc.dir/assert.c.obj
[75/183] Building C object zephyr/lib/libc/picolibc/CMakeFiles/lib__libc__picolibc.dir/chk_fail.c.obj
[76/183] Building C object zephyr/lib/libc/picolibc/CMakeFiles/lib__libc__picolibc.dir/cbprintf.c.obj
[77/183] Building C object zephyr/lib/libc/picolibc/CMakeFiles/lib__libc__picolibc.dir/errno_wrap.c.obj
[78/183] Building C object zephyr/arch/arch/arm/core/mpu/CMakeFiles/arch__arm__core__mpu.dir/arm_mpu.c.obj
[79/183] Building C object zephyr/lib/libc/picolibc/CMakeFiles/lib__libc__picolibc.dir/locks.c.obj
[80/183] Building C object zephyr/lib/libc/picolibc/CMakeFiles/lib__libc__picolibc.dir/exit.c.obj
[81/183] Building C object zephyr/lib/libc/common/CMakeFiles/lib__libc__common.dir/source/time/time.c.obj
[82/183] Building C object zephyr/lib/posix/c_lib_ext/CMakeFiles/lib__posix__c_lib_ext.dir/fnmatch.c.obj
[83/183] Building C object zephyr/lib/libc/picolibc/CMakeFiles/lib__libc__picolibc.dir/stdio.c.obj
[84/183] Building C object zephyr/lib/libc/common/CMakeFiles/lib__libc__common.dir/source/stdlib/abort.c.obj
[85/183] Building C object zephyr/lib/posix/c_lib_ext/CMakeFiles/lib__posix__c_lib_ext.dir/getentropy.c.obj
[86/183] Building C object zephyr/lib/posix/c_lib_ext/CMakeFiles/lib__posix__c_lib_ext.dir/getopt_shim.c.obj
[87/183] Building C object zephyr/lib/libc/common/CMakeFiles/lib__libc__common.dir/source/stdlib/malloc.c.obj
[88/183] Building C object zephyr/lib/net_buf/CMakeFiles/lib__net_buf.dir/buf.c.obj
[89/183] Building C object zephyr/lib/net_buf/CMakeFiles/lib__net_buf.dir/buf_simple.c.obj
[90/183] Building C object zephyr/subsys/sd/CMakeFiles/subsys__sd.dir/sd.c.obj
[91/183] Building C object zephyr/subsys/sd/CMakeFiles/subsys__sd.dir/sd_ops.c.obj
[92/183] Building C object zephyr/subsys/usb/device_next/CMakeFiles/subsys__usb__device_next.dir/usbd_device.c.obj
[93/183] Building C object zephyr/subsys/usb/device_next/CMakeFiles/subsys__usb__device_next.dir/usbd_desc.c.obj
[94/183] Building C object zephyr/subsys/sd/CMakeFiles/subsys__sd.dir/sdmmc.c.obj
[95/183] Building C object zephyr/subsys/usb/device_next/CMakeFiles/subsys__usb__device_next.dir/usbd_core.c.obj
[96/183] Building C object zephyr/subsys/usb/device_next/CMakeFiles/subsys__usb__device_next.dir/usbd_init.c.obj
[97/183] Building C object zephyr/subsys/usb/device_next/CMakeFiles/subsys__usb__device_next.dir/usbd_config.c.obj
[98/183] Building C object zephyr/subsys/usb/device_next/CMakeFiles/subsys__usb__device_next.dir/usbd_ch9.c.obj
[99/183] Building C object zephyr/subsys/usb/device_next/CMakeFiles/subsys__usb__device_next.dir/usbd_endpoint.c.obj
[100/183] Building C object zephyr/subsys/usb/device_next/CMakeFiles/subsys__usb__device_next.dir/usbd_class.c.obj
[101/183] Building C object zephyr/subsys/usb/device_next/CMakeFiles/subsys__usb__device_next.dir/usbd_interface.c.obj
[102/183] Building C object zephyr/subsys/usb/device_next/CMakeFiles/subsys__usb__device_next.dir/usbd_msg.c.obj
[103/183] Building C object zephyr/subsys/usb/device_next/CMakeFiles/subsys__usb__device_next.dir/class/usbd_msc_scsi.c.obj
[104/183] Building C object zephyr/drivers/disk/CMakeFiles/drivers__disk.dir/sdmmc_subsys.c.obj
[105/183] Building C object zephyr/subsys/usb/device_next/CMakeFiles/subsys__usb__device_next.dir/class/usbd_msc.c.obj
[106/183] Building C object zephyr/drivers/usb/common/buf/CMakeFiles/drivers__usb__common__buf.dir/usb_buf.c.obj
[107/183] Building C object zephyr/drivers/console/CMakeFiles/drivers__console.dir/uart_console.c.obj
[108/183] Building C object zephyr/drivers/hwinfo/CMakeFiles/drivers__hwinfo.dir/hwinfo_weak_impl.c.obj
[109/183] Building C object zephyr/drivers/pinctrl/CMakeFiles/drivers__pinctrl.dir/common.c.obj
[110/183] Building C object zephyr/drivers/usb/udc/CMakeFiles/drivers__usb__udc.dir/udc_common.c.obj
[111/183] Building C object zephyr/drivers/hwinfo/CMakeFiles/drivers__hwinfo.dir/hwinfo_mchp_g1.c.obj
[112/183] Building C object zephyr/drivers/pinctrl/CMakeFiles/drivers__pinctrl.dir/pinctrl_mchp_port_g1.c.obj
[113/183] Building C object zephyr/drivers/interrupt_controller/CMakeFiles/drivers__interrupt_controller.dir/intc_mchp_eic_g1.c.obj
[114/183] Building C object zephyr/drivers/usb/udc/CMakeFiles/drivers__usb__udc.dir/udc_mchp_g2.c.obj
[115/183] Building C object zephyr/drivers/timer/CMakeFiles/drivers__timer.dir/sys_clock_init.c.obj
[116/183] Building C object zephyr/drivers/sdhc/CMakeFiles/drivers__sdhc.dir/sdhc_mchp_g1.c.obj
[117/183] Building C object zephyr/drivers/timer/CMakeFiles/drivers__timer.dir/cortex_m_systick.c.obj
[118/183] Building C object zephyr/drivers/serial/CMakeFiles/drivers__serial.dir/uart_mchp_sercom_g1.c.obj
[119/183] Building C object zephyr/kernel/CMakeFiles/kernel.dir/main_weak.c.obj
[120/183] Building C object zephyr/kernel/CMakeFiles/kernel.dir/banner.c.obj
[121/183] Building C object zephyr/kernel/CMakeFiles/kernel.dir/busy_wait.c.obj
[122/183] Building C object zephyr/kernel/CMakeFiles/kernel.dir/device.c.obj
[123/183] Building C object zephyr/kernel/CMakeFiles/kernel.dir/errno.c.obj
[124/183] Building C object zephyr/kernel/CMakeFiles/kernel.dir/version.c.obj
[125/183] Building C object zephyr/kernel/CMakeFiles/kernel.dir/fatal.c.obj
[126/183] Building C object zephyr/kernel/CMakeFiles/kernel.dir/kheap.c.obj
[127/183] Building C object zephyr/kernel/CMakeFiles/kernel.dir/init.c.obj
[128/183] Building C object zephyr/kernel/CMakeFiles/kernel.dir/mem_slab.c.obj
[129/183] Building C object zephyr/kernel/CMakeFiles/kernel.dir/float.c.obj
[130/183] Building C object zephyr/drivers/clock_control/CMakeFiles/drivers__clock_control.dir/clock_control_mchp_pic32ck_sg_gc.c.obj
[131/183] Building C object zephyr/kernel/CMakeFiles/kernel.dir/idle.c.obj
[132/183] Building C object zephyr/kernel/CMakeFiles/kernel.dir/mailbox.c.obj
[133/183] Building C object zephyr/kernel/CMakeFiles/kernel.dir/msg_q.c.obj
[134/183] Building C object zephyr/kernel/CMakeFiles/kernel.dir/mutex.c.obj
[135/183] Building C object zephyr/kernel/CMakeFiles/kernel.dir/stack.c.obj
[136/183] Building C object zephyr/kernel/CMakeFiles/kernel.dir/queue.c.obj
[137/183] Building C object zephyr/kernel/CMakeFiles/kernel.dir/system_work_q.c.obj
[138/183] Building C object zephyr/kernel/CMakeFiles/kernel.dir/sem.c.obj
[139/183] Building C object zephyr/kernel/CMakeFiles/kernel.dir/condvar.c.obj
[140/183] Building C object zephyr/kernel/CMakeFiles/kernel.dir/thread.c.obj
[141/183] Building C object zephyr/kernel/CMakeFiles/kernel.dir/sleep.c.obj
[142/183] Building C object zephyr/kernel/CMakeFiles/kernel.dir/work.c.obj
[143/183] Building C object zephyr/kernel/CMakeFiles/kernel.dir/pipe.c.obj
[144/183] Building C object zephyr/kernel/CMakeFiles/kernel.dir/sched.c.obj
[145/183] Building C object zephyr/kernel/CMakeFiles/kernel.dir/scheduler.c.obj
[146/183] Building C object zephyr/CMakeFiles/zephyr_pre0.dir/misc/empty_file.c.obj
[147/183] Building C object zephyr/kernel/CMakeFiles/kernel.dir/timeslicing.c.obj
[148/183] Building C object zephyr/kernel/CMakeFiles/kernel.dir/timeout.c.obj
[149/183] Linking C static library app\libapp.a
[150/183] Building C object zephyr/kernel/CMakeFiles/kernel.dir/timer.c.obj
[151/183] Building C object zephyr/kernel/CMakeFiles/kernel.dir/events.c.obj
[152/183] Building C object zephyr/kernel/CMakeFiles/kernel.dir/mempool.c.obj
[153/183] Building C object zephyr/kernel/CMakeFiles/kernel.dir/dynamic_disabled.c.obj
[154/183] Linking C static library zephyr\libzephyr.a
[155/183] Linking C static library zephyr\arch\arch\arm\core\libarch__arm__core.a
[156/183] Linking C static library zephyr\arch\common\libarch__common.a
[157/183] Linking C static library zephyr\lib\libc\common\liblib__libc__common.a
[158/183] Linking C static library zephyr\arch\arch\arm\core\mpu\libarch__arm__core__mpu.a
[159/183] Linking C static library zephyr\arch\arch\arm\core\cortex_m\cmse\libarch__arm__core__cortex_m__cmse.a
[160/183] Linking C static library zephyr\lib\posix\c_lib_ext\liblib__posix__c_lib_ext.a
[161/183] Linking C static library zephyr\arch\arch\arm\core\cortex_m\libarch__arm__core__cortex_m.a
[162/183] Linking C static library zephyr\lib\net_buf\liblib__net_buf.a
[163/183] Linking C static library zephyr\lib\libc\picolibc\liblib__libc__picolibc.a
[164/183] Linking C static library zephyr\subsys\sd\libsubsys__sd.a
[165/183] Linking C static library zephyr\drivers\disk\libdrivers__disk.a
[166/183] Linking C static library zephyr\drivers\interrupt_controller\libdrivers__interrupt_controller.a
[167/183] Linking C static library zephyr\subsys\usb\device_next\libsubsys__usb__device_next.a
[168/183] Linking C static library zephyr\drivers\console\libdrivers__console.a
[169/183] Linking C static library zephyr\drivers\usb\udc\libdrivers__usb__udc.a
[170/183] Linking C static library zephyr\drivers\clock_control\libdrivers__clock_control.a
[171/183] Linking C static library zephyr\drivers\usb\common\buf\libdrivers__usb__common__buf.a
[172/183] Linking C static library zephyr\drivers\hwinfo\libdrivers__hwinfo.a
[173/183] Linking C static library zephyr\drivers\pinctrl\libdrivers__pinctrl.a
[174/183] Linking C static library zephyr\drivers\sdhc\libdrivers__sdhc.a
[175/183] Linking C static library zephyr\drivers\serial\libdrivers__serial.a
[176/183] Linking C static library zephyr\drivers\timer\libdrivers__timer.a
[177/183] Linking C static library zephyr\kernel\libkernel.a
[178/183] Linking C executable zephyr\zephyr_pre0.elf; Logical command for additional byproducts on target: zephyr_pre0
[179/183] Generating linker.cmd
[180/183] Generating isr_tables.c, isr_tables_vt.ld, isr_tables_swi.ld
[181/183] Building C object zephyr/CMakeFiles/zephyr_final.dir/misc/empty_file.c.obj
[182/183] Building C object zephyr/CMakeFiles/zephyr_final.dir/isr_tables.c.obj
[183/183] Linking C executable zephyr\zephyr.elf
Memory region         Used Size  Region Size  %age Used
 ROMSTART_REGION:         696 B        66 MB      0.00%
           FLASH:       76368 B      1008 KB      7.40%
             RAM:       17536 B       512 KB      3.34%
        IDT_LIST:           0 B        32 KB      0.00%
Generating files from D:/ZephyrProject/usb_validation/results/.build_cache/pic32ck_sg01_cult_mass_hs/zephyr/zephyr.elf for board: pic32ck_sg01_cult/pic32ck2051sg01144
