$ D:\ZephyrProject\.venv\Scripts\west.exe build -p auto -b pic32ck_sg01_cult -d D:\ZephyrProject\usb_validation\results\.build_cache\pic32ck_sg01_cult_shell_fs D:\ZephyrProject\mchp_zephyrproject\zephyr\samples\subsys/usb/shell

-- west build: generating a build system
Loading Zephyr default modules (Zephyr base).
-- Application: D:/ZephyrProject/mchp_zephyrproject/zephyr/samples/subsys/usb/shell
-- CMake version: 4.4.0
-- Found Python3: D:/ZephyrProject/.venv/Scripts/python.exe (found suitable version "3.14.6", minimum required is "3.12") found components: Interpreter
-- Cache files will be written to: D:/ZephyrProject/mchp_zephyrproject/zephyr/.cache
-- Zephyr version: 4.4.0 (D:/ZephyrProject/mchp_zephyrproject/zephyr)
-- Found west (found suitable version "1.5.0", minimum required is "0.14.0")
-- Board: pic32ck_sg01_cult, qualifiers: pic32ck2051sg01144
-- ZEPHYR_TOOLCHAIN_VARIANT not set, trying to locate Zephyr SDK
-- Found host-tools: zephyr 1.0.1 (C:/Users/I73904/zephyr-sdk-1.0.1)
-- Found toolchain: zephyr 1.0.1 (C:/Users/I73904/zephyr-sdk-1.0.1)
-- Found Dtc: C:/ProgramData/chocolatey/bin/dtc.exe (found suitable version "1.6.1", minimum required is "1.4.6")
-- Found BOARD.dts: D:/ZephyrProject/mchp_zephyrproject/zephyr/boards/microchip/pic32c/pic32ck_sg01_cult/pic32ck_sg01_cult.dts
-- Generated zephyr.dts: D:/ZephyrProject/usb_validation/results/.build_cache/pic32ck_sg01_cult_shell_fs/zephyr/zephyr.dts
-- Generated pickled edt: D:/ZephyrProject/usb_validation/results/.build_cache/pic32ck_sg01_cult_shell_fs/zephyr/edt.pickle
-- Generated devicetree_generated.h: D:/ZephyrProject/usb_validation/results/.build_cache/pic32ck_sg01_cult_shell_fs/zephyr/include/generated/zephyr/devicetree_generated.h
Parsing D:/ZephyrProject/mchp_zephyrproject/zephyr/Kconfig
Loaded configuration 'D:/ZephyrProject/mchp_zephyrproject/zephyr/boards/microchip/pic32c/pic32ck_sg01_cult/pic32ck_sg01_cult_defconfig'
Merged configuration 'D:/ZephyrProject/mchp_zephyrproject/zephyr/samples/subsys/usb/shell/prj.conf'
Configuration saved to 'D:/ZephyrProject/usb_validation/results/.build_cache/pic32ck_sg01_cult_shell_fs/zephyr/.config'
Kconfig header saved to 'D:/ZephyrProject/usb_validation/results/.build_cache/pic32ck_sg01_cult_shell_fs/zephyr/include/generated/zephyr/autoconf.h'
-- Found GnuLd: C:/Users/I73904/zephyr-sdk-1.0.1/gnu/arm-zephyr-eabi/arm-zephyr-eabi/bin/ld.bfd.exe (found version "2.43.1")
-- The C compiler identification is GNU 14.3.0
-- The CXX compiler identification is GNU 14.3.0
-- The ASM compiler identification is GNU
-- Found assembler: C:/Users/I73904/zephyr-sdk-1.0.1/gnu/arm-zephyr-eabi/bin/arm-zephyr-eabi-gcc.exe
-- Found gen_kobject_list: D:/ZephyrProject/mchp_zephyrproject/zephyr/scripts/build/gen_kobject_list.py
-- Configuring done (31.4s)
-- Generating done (1.6s)
-- Build files have been written to: D:/ZephyrProject/usb_validation/results/.build_cache/pic32ck_sg01_cult_shell_fs
-- west build: building application
[1/199] Generating include/generated/zephyr/version.h
-- Zephyr version: 4.4.0 (D:/ZephyrProject/mchp_zephyrproject/zephyr), build: 0a02570962aa
[2/199] Generating misc/generated/syscalls.json, misc/generated/struct_tags.json
[3/199] Generating include/generated/device-api-sections.ld, include/generated/device-api-sections.cmake
[4/199] Generating include/generated/zephyr/driver-validation.h
[5/199] Generating include/generated/zephyr/kobj-types-enum.h, include/generated/zephyr/otype-to-str.h, include/generated/zephyr/otype-to-size.h
[6/199] Generating include/generated/zephyr/syscall_dispatch.c, include/generated/zephyr/syscall_exports_llext.c, syscall_weakdefs_llext.c, include/generated/zephyr/syscall_list.h
[7/199] Building C object zephyr/lib/heap/CMakeFiles/heap_constants.dir/heap_constants.c.obj
[8/199] Generating ../../include/generated/zephyr/heap_constants.h
[9/199] Building C object zephyr/CMakeFiles/offsets.dir/arch/arm/core/offsets/offsets.c.obj
[10/199] Generating include/generated/zephyr/offsets.h
[11/199] Building C object zephyr/arch/common/CMakeFiles/isr_tables.dir/isr_tables.c.obj
[12/199] Building C object CMakeFiles/app.dir/src/main.c.obj
[13/199] Building C object zephyr/CMakeFiles/zephyr.dir/lib/libc/validate_libc.c.obj
[14/199] Building C object zephyr/CMakeFiles/zephyr.dir/lib/mem_blocks/mem_blocks.c.obj
[15/199] Building C object zephyr/CMakeFiles/zephyr.dir/lib/os/clock.c.obj
[16/199] Building C object zephyr/CMakeFiles/zephyr.dir/lib/os/sem.c.obj
[17/199] Building C object zephyr/CMakeFiles/zephyr.dir/lib/os/printk.c.obj
[18/199] Building C object zephyr/CMakeFiles/zephyr.dir/lib/heap/heap.c.obj
[19/199] Building C object zephyr/CMakeFiles/zephyr.dir/lib/os/cbprintf_packaged.c.obj
[20/199] Building C object zephyr/CMakeFiles/zephyr.dir/lib/os/thread_entry.c.obj
[21/199] Building C object zephyr/CMakeFiles/zephyr.dir/lib/utils/hex.c.obj
[22/199] Building C object zephyr/CMakeFiles/zephyr.dir/lib/utils/dec.c.obj
[23/199] Building C object zephyr/CMakeFiles/zephyr.dir/lib/utils/set.c.obj
[24/199] Building C object zephyr/CMakeFiles/zephyr.dir/lib/os/assert.c.obj
[25/199] Building C object zephyr/CMakeFiles/zephyr.dir/lib/os/cbprintf_complete.c.obj
[26/199] Building C object zephyr/CMakeFiles/zephyr.dir/lib/utils/timeutil.c.obj
[27/199] Building C object zephyr/CMakeFiles/zephyr.dir/lib/utils/bitmask.c.obj
[28/199] Building C object zephyr/CMakeFiles/zephyr.dir/lib/os/mpsc_pbuf.c.obj
[29/199] Building C object zephyr/CMakeFiles/zephyr.dir/lib/utils/rb.c.obj
[30/199] Building C object zephyr/CMakeFiles/zephyr.dir/lib/utils/last_section_id.c.obj
[31/199] Building C object zephyr/CMakeFiles/zephyr.dir/lib/utils/bitarray.c.obj
[32/199] Building C object zephyr/CMakeFiles/zephyr.dir/misc/generated/configs.c.obj
[33/199] Building C object zephyr/CMakeFiles/zephyr.dir/lib/utils/ring_buffer.c.obj
[34/199] Building C object zephyr/CMakeFiles/zephyr.dir/lib/utils/getopt/getopt.c.obj
[35/199] Building C object zephyr/CMakeFiles/zephyr.dir/lib/utils/getopt/getopt_common.c.obj
[36/199] Building C object zephyr/CMakeFiles/zephyr.dir/subsys/logging/log_cache.c.obj
[37/199] Building C object zephyr/CMakeFiles/zephyr.dir/subsys/logging/log_core.c.obj
[38/199] Building C object zephyr/CMakeFiles/zephyr.dir/subsys/logging/log_mgmt.c.obj
[39/199] Building C object zephyr/CMakeFiles/zephyr.dir/subsys/logging/log_msg.c.obj
[40/199] Building C object zephyr/CMakeFiles/zephyr.dir/subsys/mem_mgmt/mem_attr.c.obj
[41/199] Building C object zephyr/CMakeFiles/zephyr.dir/subsys/logging/log_output.c.obj
[42/199] Building C object zephyr/CMakeFiles/zephyr.dir/subsys/shell/modules/kernel_service/kernel_shell.c.obj
[43/199] Building C object zephyr/CMakeFiles/zephyr.dir/subsys/tracing/tracing_none.c.obj
[44/199] Building C object zephyr/CMakeFiles/zephyr.dir/subsys/shell/modules/kernel_service/sleep.c.obj
[45/199] Building C object zephyr/CMakeFiles/zephyr.dir/subsys/shell/modules/kernel_service/cycles.c.obj
[46/199] Building C object zephyr/CMakeFiles/zephyr.dir/subsys/shell/modules/kernel_service/uptime.c.obj
[47/199] Building C object zephyr/CMakeFiles/zephyr.dir/subsys/shell/modules/kernel_service/version.c.obj
[48/199] Building C object zephyr/CMakeFiles/zephyr.dir/subsys/shell/modules/kernel_service/log-level.c.obj
[49/199] Building C object zephyr/CMakeFiles/zephyr.dir/subsys/shell/modules/kernel_service/thread/thread.c.obj
[50/199] Building C object zephyr/CMakeFiles/zephyr.dir/subsys/shell/modules/kernel_service/thread/list.c.obj
[51/199] Building C object zephyr/CMakeFiles/zephyr.dir/subsys/shell/modules/kernel_service/thread/stacks.c.obj
[52/199] Building C object zephyr/CMakeFiles/zephyr.dir/subsys/shell/modules/kernel_service/thread/resume.c.obj
[53/199] Building C object zephyr/CMakeFiles/zephyr.dir/subsys/shell/modules/kernel_service/thread/suspend.c.obj
[54/199] Building C object zephyr/CMakeFiles/zephyr.dir/subsys/shell/modules/kernel_service/thread/kill.c.obj
[55/199] Building C object zephyr/CMakeFiles/zephyr.dir/subsys/shell/modules/device_service.c.obj
[56/199] Building C object zephyr/CMakeFiles/zephyr.dir/subsys/shell/modules/date_service.c.obj
[57/199] Building C object zephyr/CMakeFiles/zephyr.dir/subsys/shell/modules/devmem_service.c.obj
[58/199] Building C object zephyr/CMakeFiles/zephyr.dir/subsys/shell/backends/shell_uart.c.obj
[59/199] Building C object zephyr/CMakeFiles/zephyr.dir/subsys/shell/shell_fprintf.c.obj
[60/199] Building C object zephyr/CMakeFiles/zephyr.dir/subsys/shell/shell.c.obj
[61/199] Building C object zephyr/CMakeFiles/zephyr.dir/subsys/shell/shell_utils.c.obj
[62/199] Building C object zephyr/CMakeFiles/zephyr.dir/subsys/shell/shell_log_backend.c.obj
[63/199] Building C object zephyr/CMakeFiles/zephyr.dir/subsys/shell/shell_help.c.obj
[64/199] Building C object zephyr/CMakeFiles/zephyr.dir/subsys/shell/shell_ops.c.obj
[65/199] Building C object zephyr/CMakeFiles/zephyr.dir/subsys/shell/shell_cmds.c.obj
[66/199] Building C object zephyr/CMakeFiles/zephyr.dir/subsys/shell/shell_history.c.obj
[67/199] Building C object zephyr/CMakeFiles/zephyr.dir/subsys/shell/shell_wildcard.c.obj
[68/199] Building C object zephyr/arch/common/CMakeFiles/arch__common.dir/init.c.obj
[69/199] Generating linker_zephyr_pre0.cmd
[70/199] Building C object zephyr/arch/common/CMakeFiles/arch__common.dir/sw_isr_common.c.obj
[71/199] Building ASM object zephyr/arch/arch/arm/core/CMakeFiles/arch__arm__core.dir/nmi_on_reset.S.obj
[72/199] Linking C static library zephyr\arch\common\libisr_tables.a
[73/199] Building C object zephyr/arch/common/CMakeFiles/arch__common.dir/xip.c.obj
[74/199] Building ASM object zephyr/arch/arch/arm/core/cortex_m/CMakeFiles/arch__arm__core__cortex_m.dir/fault_s.S.obj
[75/199] Building C object zephyr/arch/arch/arm/core/CMakeFiles/arch__arm__core.dir/nmi.c.obj
[76/199] Building C object zephyr/arch/arch/arm/core/CMakeFiles/arch__arm__core.dir/fatal.c.obj
[77/199] Building C object zephyr/arch/arch/arm/core/CMakeFiles/arch__arm__core.dir/tls.c.obj
[78/199] Building ASM object zephyr/arch/arch/arm/core/cortex_m/CMakeFiles/arch__arm__core__cortex_m.dir/vector_table.S.obj
[79/199] Building ASM object zephyr/arch/arch/arm/core/cortex_m/CMakeFiles/arch__arm__core__cortex_m.dir/reset.S.obj
[80/199] Building C object zephyr/arch/arch/arm/core/cortex_m/CMakeFiles/arch__arm__core__cortex_m.dir/fpu.c.obj
[81/199] Building ASM object zephyr/arch/arch/arm/core/cortex_m/CMakeFiles/arch__arm__core__cortex_m.dir/svc.S.obj
[82/199] Building C object zephyr/arch/arch/arm/core/cortex_m/CMakeFiles/arch__arm__core__cortex_m.dir/scb.c.obj
[83/199] Building C object zephyr/arch/arch/arm/core/cortex_m/CMakeFiles/arch__arm__core__cortex_m.dir/fault.c.obj
[84/199] Building C object zephyr/arch/arch/arm/core/cortex_m/CMakeFiles/arch__arm__core__cortex_m.dir/irq_manage.c.obj
[85/199] Building C object zephyr/arch/arch/arm/core/cortex_m/CMakeFiles/arch__arm__core__cortex_m.dir/prep_c.c.obj
[86/199] Building ASM object zephyr/arch/arch/arm/core/cortex_m/CMakeFiles/arch__arm__core__cortex_m.dir/swap_helper.S.obj
[87/199] Building C object zephyr/arch/arch/arm/core/cortex_m/CMakeFiles/arch__arm__core__cortex_m.dir/thread.c.obj
[88/199] Building C object zephyr/arch/arch/arm/core/cortex_m/CMakeFiles/arch__arm__core__cortex_m.dir/cpu_idle.c.obj
[89/199] Building C object zephyr/arch/arch/arm/core/cortex_m/CMakeFiles/arch__arm__core__cortex_m.dir/exc_exit.c.obj
[90/199] Building C object zephyr/arch/arch/arm/core/cortex_m/CMakeFiles/arch__arm__core__cortex_m.dir/thread_abort.c.obj
[91/199] Building ASM object zephyr/arch/arch/arm/core/cortex_m/CMakeFiles/arch__arm__core__cortex_m.dir/__aeabi_read_tp.S.obj
[92/199] Building C object zephyr/arch/arch/arm/core/cortex_m/CMakeFiles/arch__arm__core__cortex_m.dir/isr_wrapper.c.obj
[93/199] Building C object zephyr/arch/arch/arm/core/cortex_m/cmse/CMakeFiles/arch__arm__core__cortex_m__cmse.dir/arm_core_cmse.c.obj
[94/199] Building C object zephyr/arch/arch/arm/core/mpu/CMakeFiles/arch__arm__core__mpu.dir/arm_mpu_regions.c.obj
[95/199] Building C object zephyr/arch/arch/arm/core/mpu/CMakeFiles/arch__arm__core__mpu.dir/arm_core_mpu.c.obj
[96/199] Building C object zephyr/lib/libc/picolibc/CMakeFiles/lib__libc__picolibc.dir/assert.c.obj
[97/199] Building C object zephyr/lib/libc/picolibc/CMakeFiles/lib__libc__picolibc.dir/cbprintf.c.obj
[98/199] Building C object zephyr/lib/libc/picolibc/CMakeFiles/lib__libc__picolibc.dir/chk_fail.c.obj
[99/199] Building C object zephyr/arch/arch/arm/core/mpu/CMakeFiles/arch__arm__core__mpu.dir/arm_mpu.c.obj
[100/199] Building C object zephyr/lib/libc/picolibc/CMakeFiles/lib__libc__picolibc.dir/errno_wrap.c.obj
[101/199] Building C object zephyr/lib/libc/picolibc/CMakeFiles/lib__libc__picolibc.dir/exit.c.obj
[102/199] Building C object zephyr/arch/arch/arm/core/cortex_m/CMakeFiles/arch__arm__core__cortex_m.dir/irq_init.c.obj
[103/199] Building C object zephyr/lib/libc/common/CMakeFiles/lib__libc__common.dir/source/time/time.c.obj
[104/199] Building C object zephyr/lib/libc/common/CMakeFiles/lib__libc__common.dir/source/stdlib/abort.c.obj
[105/199] Building C object zephyr/lib/libc/picolibc/CMakeFiles/lib__libc__picolibc.dir/locks.c.obj
[106/199] Building C object zephyr/lib/posix/c_lib_ext/CMakeFiles/lib__posix__c_lib_ext.dir/fnmatch.c.obj
[107/199] Building C object zephyr/lib/libc/picolibc/CMakeFiles/lib__libc__picolibc.dir/stdio.c.obj
[108/199] Building C object zephyr/lib/libc/common/CMakeFiles/lib__libc__common.dir/source/stdlib/malloc.c.obj
[109/199] Building C object zephyr/lib/posix/c_lib_ext/CMakeFiles/lib__posix__c_lib_ext.dir/getentropy.c.obj
[110/199] Building C object zephyr/lib/posix/c_lib_ext/CMakeFiles/lib__posix__c_lib_ext.dir/getopt_shim.c.obj
[111/199] Building C object zephyr/lib/net_buf/CMakeFiles/lib__net_buf.dir/buf.c.obj
[112/199] Building C object zephyr/lib/net_buf/CMakeFiles/lib__net_buf.dir/buf_simple.c.obj
[113/199] Building C object zephyr/subsys/usb/device_next/CMakeFiles/subsys__usb__device_next.dir/usbd_desc.c.obj
[114/199] Building C object zephyr/subsys/usb/device_next/CMakeFiles/subsys__usb__device_next.dir/usbd_device.c.obj
[115/199] Building C object zephyr/subsys/usb/device_next/CMakeFiles/subsys__usb__device_next.dir/usbd_init.c.obj
[116/199] Building C object zephyr/subsys/usb/device_next/CMakeFiles/subsys__usb__device_next.dir/usbd_interface.c.obj
[117/199] Building C object zephyr/subsys/usb/device_next/CMakeFiles/subsys__usb__device_next.dir/usbd_config.c.obj
[118/199] Building C object zephyr/subsys/usb/device_next/CMakeFiles/subsys__usb__device_next.dir/usbd_core.c.obj
[119/199] Building C object zephyr/subsys/usb/device_next/CMakeFiles/subsys__usb__device_next.dir/usbd_ch9.c.obj
[120/199] Building C object zephyr/subsys/usb/device_next/CMakeFiles/subsys__usb__device_next.dir/usbd_endpoint.c.obj
[121/199] Building C object zephyr/subsys/usb/device_next/CMakeFiles/subsys__usb__device_next.dir/usbd_class.c.obj
[122/199] Building C object zephyr/subsys/usb/device_next/CMakeFiles/subsys__usb__device_next.dir/usbd_msg.c.obj
[123/199] Building C object zephyr/subsys/usb/device_next/CMakeFiles/subsys__usb__device_next.dir/usbd_shell.c.obj
[124/199] Building C object zephyr/subsys/usb/device_next/CMakeFiles/subsys__usb__device_next.dir/class/loopback.c.obj
[125/199] Building C object zephyr/drivers/interrupt_controller/CMakeFiles/drivers__interrupt_controller.dir/intc_mchp_eic_g1.c.obj
[126/199] Building C object zephyr/drivers/usb/common/buf/CMakeFiles/drivers__usb__common__buf.dir/usb_buf.c.obj
[127/199] Building C object zephyr/drivers/console/CMakeFiles/drivers__console.dir/uart_console.c.obj
[128/199] Building C object zephyr/drivers/pinctrl/CMakeFiles/drivers__pinctrl.dir/common.c.obj
[129/199] Building C object zephyr/drivers/hwinfo/CMakeFiles/drivers__hwinfo.dir/hwinfo_weak_impl.c.obj
[130/199] Building C object zephyr/drivers/hwinfo/CMakeFiles/drivers__hwinfo.dir/hwinfo_mchp_g1.c.obj
[131/199] Building C object zephyr/drivers/usb/udc/CMakeFiles/drivers__usb__udc.dir/udc_common.c.obj
[132/199] Building C object zephyr/drivers/usb/udc/CMakeFiles/drivers__usb__udc.dir/udc_mchp_g1.c.obj
[133/199] Building C object zephyr/drivers/pinctrl/CMakeFiles/drivers__pinctrl.dir/pinctrl_mchp_port_g1.c.obj
[134/199] Building C object zephyr/drivers/timer/CMakeFiles/drivers__timer.dir/sys_clock_init.c.obj
[135/199] Building C object zephyr/drivers/timer/CMakeFiles/drivers__timer.dir/cortex_m_systick.c.obj
[136/199] Building C object zephyr/drivers/serial/CMakeFiles/drivers__serial.dir/uart_mchp_sercom_g1.c.obj
[137/199] Building C object zephyr/kernel/CMakeFiles/kernel.dir/main_weak.c.obj
[138/199] Building C object zephyr/kernel/CMakeFiles/kernel.dir/banner.c.obj
[139/199] Building C object zephyr/drivers/clock_control/CMakeFiles/drivers__clock_control.dir/clock_control_mchp_pic32ck_sg_gc.c.obj
[140/199] Building C object zephyr/kernel/CMakeFiles/kernel.dir/busy_wait.c.obj
[141/199] Building C object zephyr/kernel/CMakeFiles/kernel.dir/device.c.obj
[142/199] Building C object zephyr/kernel/CMakeFiles/kernel.dir/errno.c.obj
[143/199] Building C object zephyr/kernel/CMakeFiles/kernel.dir/fatal.c.obj
[144/199] Building C object zephyr/kernel/CMakeFiles/kernel.dir/version.c.obj
[145/199] Building C object zephyr/kernel/CMakeFiles/kernel.dir/kheap.c.obj
[146/199] Building C object zephyr/kernel/CMakeFiles/kernel.dir/mem_slab.c.obj
[147/199] Building C object zephyr/kernel/CMakeFiles/kernel.dir/float.c.obj
[148/199] Building C object zephyr/kernel/CMakeFiles/kernel.dir/init.c.obj
[149/199] Building C object zephyr/kernel/CMakeFiles/kernel.dir/idle.c.obj
[150/199] Building C object zephyr/kernel/CMakeFiles/kernel.dir/msg_q.c.obj
[151/199] Building C object zephyr/kernel/CMakeFiles/kernel.dir/mailbox.c.obj
[152/199] Building C object zephyr/kernel/CMakeFiles/kernel.dir/mutex.c.obj
[153/199] Building C object zephyr/kernel/CMakeFiles/kernel.dir/queue.c.obj
[154/199] Building C object zephyr/kernel/CMakeFiles/kernel.dir/sem.c.obj
[155/199] Building C object zephyr/kernel/CMakeFiles/kernel.dir/stack.c.obj
[156/199] Building C object zephyr/kernel/CMakeFiles/kernel.dir/system_work_q.c.obj
[157/199] Building C object zephyr/kernel/CMakeFiles/kernel.dir/condvar.c.obj
[158/199] Building C object zephyr/kernel/CMakeFiles/kernel.dir/work.c.obj
[159/199] Building C object zephyr/kernel/CMakeFiles/kernel.dir/sleep.c.obj
[160/199] Building C object zephyr/kernel/CMakeFiles/kernel.dir/thread.c.obj
[161/199] Building C object zephyr/kernel/CMakeFiles/kernel.dir/sched.c.obj
[162/199] Building C object zephyr/kernel/CMakeFiles/kernel.dir/pipe.c.obj
[163/199] Building C object zephyr/kernel/CMakeFiles/kernel.dir/scheduler.c.obj
[164/199] Building C object zephyr/kernel/CMakeFiles/kernel.dir/thread_monitor.c.obj
[165/199] Building C object zephyr/kernel/CMakeFiles/kernel.dir/timeslicing.c.obj
[166/199] Building C object zephyr/kernel/CMakeFiles/kernel.dir/timeout.c.obj
[167/199] Building C object zephyr/kernel/CMakeFiles/kernel.dir/timer.c.obj
[168/199] Linking C static library app\libapp.a
[169/199] Building C object zephyr/kernel/CMakeFiles/kernel.dir/events.c.obj
[170/199] Building C object zephyr/CMakeFiles/zephyr_pre0.dir/misc/empty_file.c.obj
[171/199] Building C object zephyr/kernel/CMakeFiles/kernel.dir/mempool.c.obj
[172/199] Building C object zephyr/kernel/CMakeFiles/kernel.dir/dynamic_disabled.c.obj
[173/199] Linking C static library zephyr\arch\common\libarch__common.a
[174/199] Linking C static library zephyr\arch\arch\arm\core\libarch__arm__core.a
[175/199] Linking C static library zephyr\arch\arch\arm\core\cortex_m\cmse\libarch__arm__core__cortex_m__cmse.a
[176/199] Linking C static library zephyr\arch\arch\arm\core\mpu\libarch__arm__core__mpu.a
[177/199] Linking C static library zephyr\arch\arch\arm\core\cortex_m\libarch__arm__core__cortex_m.a
[178/199] Linking C static library zephyr\lib\libc\picolibc\liblib__libc__picolibc.a
[179/199] Linking C static library zephyr\lib\libc\common\liblib__libc__common.a
[180/199] Linking C static library zephyr\libzephyr.a
[181/199] Linking C static library zephyr\lib\net_buf\liblib__net_buf.a
[182/199] Linking C static library zephyr\lib\posix\c_lib_ext\liblib__posix__c_lib_ext.a
[183/199] Linking C static library zephyr\drivers\interrupt_controller\libdrivers__interrupt_controller.a
[184/199] Linking C static library zephyr\drivers\usb\udc\libdrivers__usb__udc.a
[185/199] Linking C static library zephyr\subsys\usb\device_next\libsubsys__usb__device_next.a
[186/199] Linking C static library zephyr\drivers\usb\common\buf\libdrivers__usb__common__buf.a
[187/199] Linking C static library zephyr\drivers\clock_control\libdrivers__clock_control.a
[188/199] Linking C static library zephyr\drivers\hwinfo\libdrivers__hwinfo.a
[189/199] Linking C static library zephyr\drivers\console\libdrivers__console.a
[190/199] Linking C static library zephyr\drivers\pinctrl\libdrivers__pinctrl.a
[191/199] Linking C static library zephyr\drivers\serial\libdrivers__serial.a
[192/199] Linking C static library zephyr\drivers\timer\libdrivers__timer.a
[193/199] Linking C static library zephyr\kernel\libkernel.a
[194/199] Linking C executable zephyr\zephyr_pre0.elf; Logical command for additional byproducts on target: zephyr_pre0
[195/199] Generating linker.cmd
[196/199] Generating isr_tables.c, isr_tables_vt.ld, isr_tables_swi.ld
[197/199] Building C object zephyr/CMakeFiles/zephyr_final.dir/misc/empty_file.c.obj
[198/199] Building C object zephyr/CMakeFiles/zephyr_final.dir/isr_tables.c.obj
[199/199] Linking C executable zephyr\zephyr.elf
Memory region         Used Size  Region Size  %age Used
 ROMSTART_REGION:         696 B        66 MB      0.00%
           FLASH:       95328 B      1008 KB      9.24%
             RAM:       21952 B       512 KB      4.19%
        IDT_LIST:           0 B        32 KB      0.00%
Generating files from D:/ZephyrProject/usb_validation/results/.build_cache/pic32ck_sg01_cult_shell_fs/zephyr/zephyr.elf for board: pic32ck_sg01_cult/pic32ck2051sg01144
