$ D:\ZephyrProject\.venv\Scripts\west.exe build -p auto -b pic32ck_sg01_cult -d D:\ZephyrProject\usb_validation\results\.build_cache\pic32ck_sg01_cult_webusb_fs D:\ZephyrProject\mchp_zephyrproject\zephyr\samples\subsys/usb/webusb

-- west build: generating a build system
Loading Zephyr default modules (Zephyr base).
-- Application: D:/ZephyrProject/mchp_zephyrproject/zephyr/samples/subsys/usb/webusb
-- CMake version: 4.4.0
-- Found Python3: D:/ZephyrProject/.venv/Scripts/python.exe (found suitable version "3.14.6", minimum required is "3.12") found components: Interpreter
-- Cache files will be written to: D:/ZephyrProject/mchp_zephyrproject/zephyr/.cache
-- Zephyr version: 4.4.0 (D:/ZephyrProject/mchp_zephyrproject/zephyr)
-- Found west (found suitable version "1.5.0", minimum required is "0.14.0")
-- Board: pic32ck_sg01_cult, qualifiers: pic32ck2051sg01144
-- ZEPHYR_TOOLCHAIN_VARIANT not set, trying to locate Zephyr SDK
-- Found host-tools: zephyr 1.0.1 (C:/Users/I73904/zephyr-sdk-1.0.1)
-- Found toolchain: zephyr 1.0.1 (C:/Users/I73904/zephyr-sdk-1.0.1)
-- Found Dtc: C:/ProgramData/chocolatey/bin/dtc.exe (found suitable version "1.6.1", minimum required is "1.4.6")
-- Found BOARD.dts: D:/ZephyrProject/mchp_zephyrproject/zephyr/boards/microchip/pic32c/pic32ck_sg01_cult/pic32ck_sg01_cult.dts
-- Generated zephyr.dts: D:/ZephyrProject/usb_validation/results/.build_cache/pic32ck_sg01_cult_webusb_fs/zephyr/zephyr.dts
-- Generated pickled edt: D:/ZephyrProject/usb_validation/results/.build_cache/pic32ck_sg01_cult_webusb_fs/zephyr/edt.pickle
-- Generated devicetree_generated.h: D:/ZephyrProject/usb_validation/results/.build_cache/pic32ck_sg01_cult_webusb_fs/zephyr/include/generated/zephyr/devicetree_generated.h
Parsing D:/ZephyrProject/mchp_zephyrproject/zephyr/samples/subsys/usb/webusb/Kconfig
Loaded configuration 'D:/ZephyrProject/mchp_zephyrproject/zephyr/boards/microchip/pic32c/pic32ck_sg01_cult/pic32ck_sg01_cult_defconfig'
Merged configuration 'D:/ZephyrProject/mchp_zephyrproject/zephyr/samples/subsys/usb/webusb/prj.conf'
Configuration saved to 'D:/ZephyrProject/usb_validation/results/.build_cache/pic32ck_sg01_cult_webusb_fs/zephyr/.config'
Kconfig header saved to 'D:/ZephyrProject/usb_validation/results/.build_cache/pic32ck_sg01_cult_webusb_fs/zephyr/include/generated/zephyr/autoconf.h'
-- Found GnuLd: C:/Users/I73904/zephyr-sdk-1.0.1/gnu/arm-zephyr-eabi/arm-zephyr-eabi/bin/ld.bfd.exe (found version "2.43.1")
-- The C compiler identification is GNU 14.3.0
-- The CXX compiler identification is GNU 14.3.0
-- The ASM compiler identification is GNU
-- Found assembler: C:/Users/I73904/zephyr-sdk-1.0.1/gnu/arm-zephyr-eabi/bin/arm-zephyr-eabi-gcc.exe
-- Found gen_kobject_list: D:/ZephyrProject/mchp_zephyrproject/zephyr/scripts/build/gen_kobject_list.py
-- Configuring done (39.6s)
-- Generating done (1.6s)
-- Build files have been written to: D:/ZephyrProject/usb_validation/results/.build_cache/pic32ck_sg01_cult_webusb_fs
-- west build: building application
[1/174] Generating include/generated/zephyr/version.h
-- Zephyr version: 4.4.0 (D:/ZephyrProject/mchp_zephyrproject/zephyr), build: 0a02570962aa
[2/174] Generating misc/generated/syscalls.json, misc/generated/struct_tags.json
[3/174] Generating include/generated/device-api-sections.ld, include/generated/device-api-sections.cmake
[4/174] Generating include/generated/zephyr/driver-validation.h
[5/174] Generating include/generated/zephyr/kobj-types-enum.h, include/generated/zephyr/otype-to-str.h, include/generated/zephyr/otype-to-size.h
[6/174] Generating include/generated/zephyr/syscall_dispatch.c, include/generated/zephyr/syscall_exports_llext.c, syscall_weakdefs_llext.c, include/generated/zephyr/syscall_list.h
[7/174] Building C object zephyr/lib/heap/CMakeFiles/heap_constants.dir/heap_constants.c.obj
[8/174] Generating ../../include/generated/zephyr/heap_constants.h
[9/174] Building C object zephyr/CMakeFiles/offsets.dir/arch/arm/core/offsets/offsets.c.obj
[10/174] Generating include/generated/zephyr/offsets.h
[11/174] Building C object zephyr/arch/common/CMakeFiles/isr_tables.dir/isr_tables.c.obj
[12/174] Building C object CMakeFiles/app.dir/D_/ZephyrProject/mchp_zephyrproject/zephyr/samples/subsys/usb/common/sample_usbd_init.c.obj
[13/174] Building C object zephyr/CMakeFiles/zephyr.dir/lib/libc/validate_libc.c.obj
[14/174] Building C object CMakeFiles/app.dir/src/sfunc.c.obj
[15/174] Building C object zephyr/CMakeFiles/zephyr.dir/lib/mem_blocks/mem_blocks.c.obj
[16/174] Building C object CMakeFiles/app.dir/src/main.c.obj
[17/174] Building C object zephyr/CMakeFiles/zephyr.dir/lib/os/printk.c.obj
[18/174] Building C object zephyr/CMakeFiles/zephyr.dir/lib/os/clock.c.obj
[19/174] Building C object zephyr/CMakeFiles/zephyr.dir/lib/heap/heap.c.obj
[20/174] Building C object zephyr/CMakeFiles/zephyr.dir/lib/os/cbprintf_packaged.c.obj
[21/174] Building C object zephyr/CMakeFiles/zephyr.dir/lib/os/sem.c.obj
[22/174] Building C object zephyr/CMakeFiles/zephyr.dir/lib/utils/dec.c.obj
[23/174] Building C object zephyr/CMakeFiles/zephyr.dir/lib/utils/hex.c.obj
[24/174] Building C object zephyr/CMakeFiles/zephyr.dir/lib/utils/set.c.obj
[25/174] Building C object zephyr/CMakeFiles/zephyr.dir/lib/os/thread_entry.c.obj
[26/174] Building C object zephyr/CMakeFiles/zephyr.dir/lib/os/assert.c.obj
[27/174] Building C object zephyr/CMakeFiles/zephyr.dir/lib/os/cbprintf_complete.c.obj
[28/174] Building C object zephyr/CMakeFiles/zephyr.dir/lib/utils/timeutil.c.obj
[29/174] Building C object zephyr/CMakeFiles/zephyr.dir/lib/os/mpsc_pbuf.c.obj
[30/174] Building C object zephyr/CMakeFiles/zephyr.dir/lib/utils/rb.c.obj
[31/174] Building C object zephyr/CMakeFiles/zephyr.dir/lib/utils/bitmask.c.obj
[32/174] Building C object zephyr/CMakeFiles/zephyr.dir/lib/utils/ring_buffer.c.obj
[33/174] Building C object zephyr/CMakeFiles/zephyr.dir/lib/utils/last_section_id.c.obj
[34/174] Building C object zephyr/CMakeFiles/zephyr.dir/misc/generated/configs.c.obj
[35/174] Building C object zephyr/CMakeFiles/zephyr.dir/lib/utils/bitarray.c.obj
[36/174] Building C object zephyr/CMakeFiles/zephyr.dir/lib/utils/getopt/getopt.c.obj
[37/174] Building C object zephyr/CMakeFiles/zephyr.dir/lib/utils/getopt/getopt_common.c.obj
[38/174] Building C object zephyr/CMakeFiles/zephyr.dir/subsys/logging/log_cache.c.obj
[39/174] Building C object zephyr/CMakeFiles/zephyr.dir/subsys/logging/log_core.c.obj
[40/174] Building C object zephyr/CMakeFiles/zephyr.dir/subsys/logging/log_mgmt.c.obj
[41/174] Building C object zephyr/CMakeFiles/zephyr.dir/subsys/logging/log_msg.c.obj
[42/174] Building C object zephyr/CMakeFiles/zephyr.dir/subsys/logging/log_output.c.obj
[43/174] Building C object zephyr/arch/common/CMakeFiles/arch__common.dir/init.c.obj
[44/174] Building C object zephyr/CMakeFiles/zephyr.dir/subsys/logging/backends/log_backend_uart.c.obj
[45/174] Building C object zephyr/CMakeFiles/zephyr.dir/subsys/mem_mgmt/mem_attr.c.obj
[46/174] Building C object zephyr/CMakeFiles/zephyr.dir/subsys/tracing/tracing_none.c.obj
[47/174] Generating linker_zephyr_pre0.cmd
[48/174] Building C object zephyr/arch/common/CMakeFiles/arch__common.dir/sw_isr_common.c.obj
[49/174] Linking C static library zephyr\arch\common\libisr_tables.a
[50/174] Building C object zephyr/arch/common/CMakeFiles/arch__common.dir/xip.c.obj
[51/174] Building ASM object zephyr/arch/arch/arm/core/CMakeFiles/arch__arm__core.dir/nmi_on_reset.S.obj
[52/174] Building ASM object zephyr/arch/arch/arm/core/cortex_m/CMakeFiles/arch__arm__core__cortex_m.dir/fault_s.S.obj
[53/174] Building C object zephyr/arch/arch/arm/core/CMakeFiles/arch__arm__core.dir/fatal.c.obj
[54/174] Building ASM object zephyr/arch/arch/arm/core/cortex_m/CMakeFiles/arch__arm__core__cortex_m.dir/reset.S.obj
[55/174] Building C object zephyr/arch/arch/arm/core/CMakeFiles/arch__arm__core.dir/nmi.c.obj
[56/174] Building C object zephyr/arch/arch/arm/core/CMakeFiles/arch__arm__core.dir/tls.c.obj
[57/174] Building ASM object zephyr/arch/arch/arm/core/cortex_m/CMakeFiles/arch__arm__core__cortex_m.dir/vector_table.S.obj
[58/174] Building C object zephyr/arch/arch/arm/core/cortex_m/CMakeFiles/arch__arm__core__cortex_m.dir/fpu.c.obj
[59/174] Building ASM object zephyr/arch/arch/arm/core/cortex_m/CMakeFiles/arch__arm__core__cortex_m.dir/svc.S.obj
[60/174] Building C object zephyr/arch/arch/arm/core/cortex_m/CMakeFiles/arch__arm__core__cortex_m.dir/scb.c.obj
[61/174] Building C object zephyr/arch/arch/arm/core/cortex_m/CMakeFiles/arch__arm__core__cortex_m.dir/fault.c.obj
[62/174] Building C object zephyr/arch/arch/arm/core/cortex_m/CMakeFiles/arch__arm__core__cortex_m.dir/prep_c.c.obj
[63/174] Building C object zephyr/arch/arch/arm/core/cortex_m/CMakeFiles/arch__arm__core__cortex_m.dir/irq_manage.c.obj
[64/174] Building ASM object zephyr/arch/arch/arm/core/cortex_m/CMakeFiles/arch__arm__core__cortex_m.dir/swap_helper.S.obj
[65/174] Building C object zephyr/arch/arch/arm/core/cortex_m/CMakeFiles/arch__arm__core__cortex_m.dir/cpu_idle.c.obj
[66/174] Building C object zephyr/arch/arch/arm/core/cortex_m/CMakeFiles/arch__arm__core__cortex_m.dir/thread.c.obj
[67/174] Building C object zephyr/arch/arch/arm/core/cortex_m/CMakeFiles/arch__arm__core__cortex_m.dir/exc_exit.c.obj
[68/174] Building C object zephyr/arch/arch/arm/core/cortex_m/CMakeFiles/arch__arm__core__cortex_m.dir/thread_abort.c.obj
[69/174] Building C object zephyr/arch/arch/arm/core/cortex_m/CMakeFiles/arch__arm__core__cortex_m.dir/irq_init.c.obj
[70/174] Building ASM object zephyr/arch/arch/arm/core/cortex_m/CMakeFiles/arch__arm__core__cortex_m.dir/__aeabi_read_tp.S.obj
[71/174] Building C object zephyr/arch/arch/arm/core/cortex_m/CMakeFiles/arch__arm__core__cortex_m.dir/isr_wrapper.c.obj
[72/174] Building C object zephyr/arch/arch/arm/core/cortex_m/cmse/CMakeFiles/arch__arm__core__cortex_m__cmse.dir/arm_core_cmse.c.obj
[73/174] Building C object zephyr/arch/arch/arm/core/mpu/CMakeFiles/arch__arm__core__mpu.dir/arm_core_mpu.c.obj
[74/174] Building C object zephyr/arch/arch/arm/core/mpu/CMakeFiles/arch__arm__core__mpu.dir/arm_mpu_regions.c.obj
[75/174] Building C object zephyr/arch/arch/arm/core/mpu/CMakeFiles/arch__arm__core__mpu.dir/arm_mpu.c.obj
[76/174] Building C object zephyr/lib/libc/picolibc/CMakeFiles/lib__libc__picolibc.dir/assert.c.obj
[77/174] Building C object zephyr/lib/libc/picolibc/CMakeFiles/lib__libc__picolibc.dir/cbprintf.c.obj
[78/174] Building C object zephyr/lib/libc/picolibc/CMakeFiles/lib__libc__picolibc.dir/errno_wrap.c.obj
[79/174] Building C object zephyr/lib/libc/picolibc/CMakeFiles/lib__libc__picolibc.dir/chk_fail.c.obj
[80/174] Building C object zephyr/lib/libc/picolibc/CMakeFiles/lib__libc__picolibc.dir/exit.c.obj
[81/174] Building C object zephyr/lib/libc/picolibc/CMakeFiles/lib__libc__picolibc.dir/locks.c.obj
[82/174] Building C object zephyr/lib/libc/common/CMakeFiles/lib__libc__common.dir/source/time/time.c.obj
[83/174] Building C object zephyr/lib/libc/picolibc/CMakeFiles/lib__libc__picolibc.dir/stdio.c.obj
[84/174] Building C object zephyr/lib/libc/common/CMakeFiles/lib__libc__common.dir/source/stdlib/abort.c.obj
[85/174] Building C object zephyr/lib/posix/c_lib_ext/CMakeFiles/lib__posix__c_lib_ext.dir/fnmatch.c.obj
[86/174] Building C object zephyr/lib/libc/common/CMakeFiles/lib__libc__common.dir/source/stdlib/malloc.c.obj
[87/174] Building C object zephyr/lib/posix/c_lib_ext/CMakeFiles/lib__posix__c_lib_ext.dir/getopt_shim.c.obj
[88/174] Building C object zephyr/lib/posix/c_lib_ext/CMakeFiles/lib__posix__c_lib_ext.dir/getentropy.c.obj
[89/174] Building C object zephyr/lib/net_buf/CMakeFiles/lib__net_buf.dir/buf.c.obj
[90/174] Building C object zephyr/lib/net_buf/CMakeFiles/lib__net_buf.dir/buf_simple.c.obj
[91/174] Building C object zephyr/subsys/usb/device_next/CMakeFiles/subsys__usb__device_next.dir/usbd_desc.c.obj
[92/174] Building C object zephyr/subsys/usb/device_next/CMakeFiles/subsys__usb__device_next.dir/usbd_device.c.obj
[93/174] Building C object zephyr/subsys/usb/device_next/CMakeFiles/subsys__usb__device_next.dir/usbd_core.c.obj
[94/174] Building C object zephyr/subsys/usb/device_next/CMakeFiles/subsys__usb__device_next.dir/usbd_init.c.obj
[95/174] Building C object zephyr/subsys/usb/device_next/CMakeFiles/subsys__usb__device_next.dir/usbd_ch9.c.obj
[96/174] Building C object zephyr/subsys/usb/device_next/CMakeFiles/subsys__usb__device_next.dir/usbd_interface.c.obj
[97/174] Building C object zephyr/subsys/usb/device_next/CMakeFiles/subsys__usb__device_next.dir/usbd_config.c.obj
[98/174] Building C object zephyr/subsys/usb/device_next/CMakeFiles/subsys__usb__device_next.dir/usbd_class.c.obj
[99/174] Building C object zephyr/subsys/usb/device_next/CMakeFiles/subsys__usb__device_next.dir/usbd_endpoint.c.obj
[100/174] Building C object zephyr/subsys/usb/device_next/CMakeFiles/subsys__usb__device_next.dir/usbd_msg.c.obj
[101/174] Building C object zephyr/drivers/interrupt_controller/CMakeFiles/drivers__interrupt_controller.dir/intc_mchp_eic_g1.c.obj
[102/174] Building C object zephyr/drivers/usb/udc/CMakeFiles/drivers__usb__udc.dir/udc_common.c.obj
[103/174] Building C object zephyr/drivers/usb/common/buf/CMakeFiles/drivers__usb__common__buf.dir/usb_buf.c.obj
[104/174] Building C object zephyr/drivers/pinctrl/CMakeFiles/drivers__pinctrl.dir/common.c.obj
[105/174] Building C object zephyr/drivers/console/CMakeFiles/drivers__console.dir/uart_console.c.obj
[106/174] Building C object zephyr/drivers/hwinfo/CMakeFiles/drivers__hwinfo.dir/hwinfo_weak_impl.c.obj
[107/174] Building C object zephyr/drivers/hwinfo/CMakeFiles/drivers__hwinfo.dir/hwinfo_mchp_g1.c.obj
[108/174] Building C object zephyr/drivers/pinctrl/CMakeFiles/drivers__pinctrl.dir/pinctrl_mchp_port_g1.c.obj
[109/174] Building C object zephyr/drivers/usb/udc/CMakeFiles/drivers__usb__udc.dir/udc_mchp_g1.c.obj
[110/174] Building C object zephyr/drivers/serial/CMakeFiles/drivers__serial.dir/uart_mchp_sercom_g1.c.obj
[111/174] Building C object zephyr/drivers/timer/CMakeFiles/drivers__timer.dir/sys_clock_init.c.obj
[112/174] Building C object zephyr/drivers/timer/CMakeFiles/drivers__timer.dir/cortex_m_systick.c.obj
[113/174] Building C object zephyr/kernel/CMakeFiles/kernel.dir/main_weak.c.obj
[114/174] Building C object zephyr/kernel/CMakeFiles/kernel.dir/banner.c.obj
[115/174] Building C object zephyr/drivers/clock_control/CMakeFiles/drivers__clock_control.dir/clock_control_mchp_pic32ck_sg_gc.c.obj
[116/174] Building C object zephyr/kernel/CMakeFiles/kernel.dir/busy_wait.c.obj
[117/174] Building C object zephyr/kernel/CMakeFiles/kernel.dir/errno.c.obj
[118/174] Building C object zephyr/kernel/CMakeFiles/kernel.dir/device.c.obj
[119/174] Building C object zephyr/kernel/CMakeFiles/kernel.dir/fatal.c.obj
[120/174] Building C object zephyr/kernel/CMakeFiles/kernel.dir/version.c.obj
[121/174] Building C object zephyr/kernel/CMakeFiles/kernel.dir/kheap.c.obj
[122/174] Building C object zephyr/kernel/CMakeFiles/kernel.dir/float.c.obj
[123/174] Building C object zephyr/kernel/CMakeFiles/kernel.dir/init.c.obj
[124/174] Building C object zephyr/kernel/CMakeFiles/kernel.dir/mem_slab.c.obj
[125/174] Building C object zephyr/kernel/CMakeFiles/kernel.dir/idle.c.obj
[126/174] Building C object zephyr/kernel/CMakeFiles/kernel.dir/mailbox.c.obj
[127/174] Building C object zephyr/kernel/CMakeFiles/kernel.dir/msg_q.c.obj
[128/174] Building C object zephyr/kernel/CMakeFiles/kernel.dir/queue.c.obj
[129/174] Building C object zephyr/kernel/CMakeFiles/kernel.dir/mutex.c.obj
[130/174] Building C object zephyr/kernel/CMakeFiles/kernel.dir/sem.c.obj
[131/174] Building C object zephyr/kernel/CMakeFiles/kernel.dir/stack.c.obj
[132/174] Building C object zephyr/kernel/CMakeFiles/kernel.dir/system_work_q.c.obj
[133/174] Building C object zephyr/kernel/CMakeFiles/kernel.dir/condvar.c.obj
[134/174] Building C object zephyr/kernel/CMakeFiles/kernel.dir/work.c.obj
[135/174] Building C object zephyr/kernel/CMakeFiles/kernel.dir/thread.c.obj
[136/174] Building C object zephyr/kernel/CMakeFiles/kernel.dir/sched.c.obj
[137/174] Building C object zephyr/kernel/CMakeFiles/kernel.dir/sleep.c.obj
[138/174] Building C object zephyr/kernel/CMakeFiles/kernel.dir/scheduler.c.obj
[139/174] Building C object zephyr/kernel/CMakeFiles/kernel.dir/pipe.c.obj
[140/174] Building C object zephyr/kernel/CMakeFiles/kernel.dir/timeslicing.c.obj
[141/174] Building C object zephyr/kernel/CMakeFiles/kernel.dir/timer.c.obj
[142/174] Building C object zephyr/kernel/CMakeFiles/kernel.dir/timeout.c.obj
[143/174] Building C object zephyr/kernel/CMakeFiles/kernel.dir/events.c.obj
[144/174] Building C object zephyr/CMakeFiles/zephyr_pre0.dir/misc/empty_file.c.obj
[145/174] Building C object zephyr/kernel/CMakeFiles/kernel.dir/mempool.c.obj
[146/174] Building C object zephyr/kernel/CMakeFiles/kernel.dir/dynamic_disabled.c.obj
[147/174] Linking C static library app\libapp.a
[148/174] Linking C static library zephyr\arch\common\libarch__common.a
[149/174] Linking C static library zephyr\arch\arch\arm\core\libarch__arm__core.a
[150/174] Linking C static library zephyr\libzephyr.a
[151/174] Linking C static library zephyr\arch\arch\arm\core\mpu\libarch__arm__core__mpu.a
[152/174] Linking C static library zephyr\arch\arch\arm\core\cortex_m\cmse\libarch__arm__core__cortex_m__cmse.a
[153/174] Linking C static library zephyr\arch\arch\arm\core\cortex_m\libarch__arm__core__cortex_m.a
[154/174] Linking C static library zephyr\lib\libc\picolibc\liblib__libc__picolibc.a
[155/174] Linking C static library zephyr\lib\libc\common\liblib__libc__common.a
[156/174] Linking C static library zephyr\lib\net_buf\liblib__net_buf.a
[157/174] Linking C static library zephyr\lib\posix\c_lib_ext\liblib__posix__c_lib_ext.a
[158/174] Linking C static library zephyr\drivers\interrupt_controller\libdrivers__interrupt_controller.a
[159/174] Linking C static library zephyr\subsys\usb\device_next\libsubsys__usb__device_next.a
[160/174] Linking C static library zephyr\drivers\usb\common\buf\libdrivers__usb__common__buf.a
[161/174] Linking C static library zephyr\drivers\usb\udc\libdrivers__usb__udc.a
[162/174] Linking C static library zephyr\drivers\clock_control\libdrivers__clock_control.a
[163/174] Linking C static library zephyr\drivers\console\libdrivers__console.a
[164/174] Linking C static library zephyr\drivers\hwinfo\libdrivers__hwinfo.a
[165/174] Linking C static library zephyr\drivers\pinctrl\libdrivers__pinctrl.a
[166/174] Linking C static library zephyr\drivers\serial\libdrivers__serial.a
[167/174] Linking C static library zephyr\drivers\timer\libdrivers__timer.a
[168/174] Linking C static library zephyr\kernel\libkernel.a
[169/174] Linking C executable zephyr\zephyr_pre0.elf; Logical command for additional byproducts on target: zephyr_pre0
[170/174] Generating linker.cmd
[171/174] Generating isr_tables.c, isr_tables_vt.ld, isr_tables_swi.ld
[172/174] Building C object zephyr/CMakeFiles/zephyr_final.dir/misc/empty_file.c.obj
[173/174] Building C object zephyr/CMakeFiles/zephyr_final.dir/isr_tables.c.obj
[174/174] Linking C executable zephyr\zephyr.elf
Memory region         Used Size  Region Size  %age Used
 ROMSTART_REGION:         696 B        66 MB      0.00%
           FLASH:       60352 B      1008 KB      5.85%
             RAM:       13708 B       512 KB      2.61%
        IDT_LIST:           0 B        32 KB      0.00%
Generating files from D:/ZephyrProject/usb_validation/results/.build_cache/pic32ck_sg01_cult_webusb_fs/zephyr/zephyr.elf for board: pic32ck_sg01_cult/pic32ck2051sg01144
