$ D:\ZephyrProject\.venv\Scripts\west.exe flash -d D:\ZephyrProject\usb_validation\results\.build_cache\pic32ck_sg01_cult_shell_fs

-- west flash: rebuilding
ninja: no work to do.
-- west flash: using runner mplab_ipe
-- runners.mplab_ipe: mass erase requested
-- runners.mplab_ipe: Running: 'C:\Program Files\Microchip\MPLABX\v6.30\mplab_platform\mplab_ipe\ipecmd.exe' -P32CK2051SG01144 '-FD:\ZephyrProject\usb_validation\results\.build_cache\pic32ck_sg01_cult_shell_fs\zephyr\zephyr.hex' -M -OL -OK -TPPKOB4 -E -V
DFP Version Used : PIC32CK-SG_DFP,1.7.233,Microchip
Choosing default interface swd
*****************************************************
Reception on endpoint 129 failed (err = -10121)
A communication error with the debug tool has occurred. The tool will attempt to recover momentarily. A log of the error was created at C:\Users\I73904\queuelogs\debugtool.txt
Connection Failed.
Reception on endpoint 129 failed (err = -10121)
Choosing default interface swd
*****************************************************
Transmission on endpoint 2 failed (err = -10121)
A communication error with the debug tool has occurred. The tool will attempt to recover momentarily. A log of the error was created at C:\Users\I73904\queuelogs\debugtool.txt
Connection Failed.
Transmission on endpoint 2 failed (err = -10121)
Erase Target Failed.
FATAL ERROR: command exited with status 7: 'C:\Program Files\Microchip\MPLABX\v6.30\mplab_platform\mplab_ipe\ipecmd.exe' -P32CK2051SG01144 '-FD:\ZephyrProject\usb_validation\results\.build_cache\pic32ck_sg01_cult_shell_fs\zephyr\zephyr.hex' -M -OL -OK -TPPKOB4 -E -V
