Archive member included to satisfy reference by file (symbol)

app/libapp.a(sample_usbd_init.c.obj)
                              (--whole-archive)
app/libapp.a(main.c.obj)      (--whole-archive)
zephyr/libzephyr.a(validate_libc.c.obj)
                              (--whole-archive)
zephyr/libzephyr.a(heap.c.obj)
                              (--whole-archive)
zephyr/libzephyr.a(cbprintf_packaged.c.obj)
                              (--whole-archive)
zephyr/libzephyr.a(clock.c.obj)
                              (--whole-archive)
zephyr/libzephyr.a(printk.c.obj)
                              (--whole-archive)
zephyr/libzephyr.a(sem.c.obj)
                              (--whole-archive)
zephyr/libzephyr.a(thread_entry.c.obj)
                              (--whole-archive)
zephyr/libzephyr.a(cbprintf_complete.c.obj)
                              (--whole-archive)
zephyr/libzephyr.a(assert.c.obj)
                              (--whole-archive)
zephyr/libzephyr.a(mpsc_pbuf.c.obj)
                              (--whole-archive)
zephyr/libzephyr.a(dec.c.obj)
                              (--whole-archive)
zephyr/libzephyr.a(hex.c.obj)
                              (--whole-archive)
zephyr/libzephyr.a(rb.c.obj)  (--whole-archive)
zephyr/libzephyr.a(set.c.obj)
                              (--whole-archive)
zephyr/libzephyr.a(timeutil.c.obj)
                              (--whole-archive)
zephyr/libzephyr.a(bitarray.c.obj)
                              (--whole-archive)
zephyr/libzephyr.a(bitmask.c.obj)
                              (--whole-archive)
zephyr/libzephyr.a(getopt.c.obj)
                              (--whole-archive)
zephyr/libzephyr.a(getopt_common.c.obj)
                              (--whole-archive)
zephyr/libzephyr.a(ring_buffer.c.obj)
                              (--whole-archive)
zephyr/libzephyr.a(last_section_id.c.obj)
                              (--whole-archive)
zephyr/libzephyr.a(configs.c.obj)
                              (--whole-archive)
zephyr/libzephyr.a(log_core.c.obj)
                              (--whole-archive)
zephyr/libzephyr.a(log_mgmt.c.obj)
                              (--whole-archive)
zephyr/libzephyr.a(log_cache.c.obj)
                              (--whole-archive)
zephyr/libzephyr.a(log_msg.c.obj)
                              (--whole-archive)
zephyr/libzephyr.a(log_output.c.obj)
                              (--whole-archive)
zephyr/libzephyr.a(log_backend_uart.c.obj)
                              (--whole-archive)
zephyr/libzephyr.a(mem_attr.c.obj)
                              (--whole-archive)
zephyr/libzephyr.a(tracing_none.c.obj)
                              (--whole-archive)
zephyr/libzephyr.a(disk_access.c.obj)
                              (--whole-archive)
zephyr/arch/common/libarch__common.a(sw_isr_common.c.obj)
                              (--whole-archive)
zephyr/arch/common/libarch__common.a(init.c.obj)
                              (--whole-archive)
zephyr/arch/common/libarch__common.a(xip.c.obj)
                              (--whole-archive)
zephyr/arch/arch/arm/core/libarch__arm__core.a(fatal.c.obj)
                              (--whole-archive)
zephyr/arch/arch/arm/core/libarch__arm__core.a(nmi.c.obj)
                              (--whole-archive)
zephyr/arch/arch/arm/core/libarch__arm__core.a(nmi_on_reset.S.obj)
                              (--whole-archive)
zephyr/arch/arch/arm/core/libarch__arm__core.a(tls.c.obj)
                              (--whole-archive)
zephyr/arch/arch/arm/core/cortex_m/libarch__arm__core__cortex_m.a(fault.c.obj)
                              (--whole-archive)
zephyr/arch/arch/arm/core/cortex_m/libarch__arm__core__cortex_m.a(fault_s.S.obj)
                              (--whole-archive)
zephyr/arch/arch/arm/core/cortex_m/libarch__arm__core__cortex_m.a(fpu.c.obj)
                              (--whole-archive)
zephyr/arch/arch/arm/core/cortex_m/libarch__arm__core__cortex_m.a(reset.S.obj)
                              (--whole-archive)
zephyr/arch/arch/arm/core/cortex_m/libarch__arm__core__cortex_m.a(scb.c.obj)
                              (--whole-archive)
zephyr/arch/arch/arm/core/cortex_m/libarch__arm__core__cortex_m.a(vector_table.S.obj)
                              (--whole-archive)
zephyr/arch/arch/arm/core/cortex_m/libarch__arm__core__cortex_m.a(svc.S.obj)
                              (--whole-archive)
zephyr/arch/arch/arm/core/cortex_m/libarch__arm__core__cortex_m.a(irq_manage.c.obj)
                              (--whole-archive)
zephyr/arch/arch/arm/core/cortex_m/libarch__arm__core__cortex_m.a(prep_c.c.obj)
                              (--whole-archive)
zephyr/arch/arch/arm/core/cortex_m/libarch__arm__core__cortex_m.a(thread.c.obj)
                              (--whole-archive)
zephyr/arch/arch/arm/core/cortex_m/libarch__arm__core__cortex_m.a(cpu_idle.c.obj)
                              (--whole-archive)
zephyr/arch/arch/arm/core/cortex_m/libarch__arm__core__cortex_m.a(exc_exit.c.obj)
[...]
Memory Configuration

Name             Origin             Length             Attributes
ROMSTART_REGION  0x08000000         0x04200000         xr
FLASH            0x0c000000         0x000fc000         xr
RAM              0x20000000         0x00080000         xw
IDT_LIST         0xffff7fff         0x00008000         xw
*default*        0x00000000         0xffffffff

Linker script and memory map

                0x0c00aae8                        vfprintf = __l_vfprintf
                0x00000000                        vfscanf = __l_vfscanf
LOAD zephyr/CMakeFiles/zephyr_pre0.dir/misc/empty_file.c.obj
LOAD zephyr/CMakeFiles/offsets.dir/./arch/arm/core/offsets/offsets.c.obj
LOAD app/libapp.a
LOAD zephyr/libzephyr.a
LOAD zephyr/arch/common/libarch__common.a
LOAD zephyr/arch/arch/arm/core/libarch__arm__core.a
LOAD zephyr/arch/arch/arm/core/cortex_m/libarch__arm__core__cortex_m.a
LOAD zephyr/arch/arch/arm/core/cortex_m/cmse/libarch__arm__core__cortex_m__cmse.a
LOAD zephyr/arch/arch/arm/core/mpu/libarch__arm__core__mpu.a
LOAD zephyr/lib/libc/picolibc/liblib__libc__picolibc.a
LOAD zephyr/lib/libc/common/liblib__libc__common.a
LOAD zephyr/lib/posix/c_lib_ext/liblib__posix__c_lib_ext.a
LOAD zephyr/lib/net_buf/liblib__net_buf.a
LOAD zephyr/subsys/sd/libsubsys__sd.a
LOAD zephyr/subsys/usb/device_next/libsubsys__usb__device_next.a
LOAD zephyr/drivers/disk/libdrivers__disk.a
LOAD zephyr/drivers/interrupt_controller/libdrivers__interrupt_controller.a
LOAD zephyr/drivers/usb/udc/libdrivers__usb__udc.a
LOAD zephyr/drivers/usb/common/buf/libdrivers__usb__common__buf.a
LOAD zephyr/drivers/clock_control/libdrivers__clock_control.a
LOAD zephyr/drivers/console/libdrivers__console.a
LOAD zephyr/drivers/hwinfo/libdrivers__hwinfo.a
LOAD zephyr/drivers/pinctrl/libdrivers__pinctrl.a
LOAD zephyr/drivers/sdhc/libdrivers__sdhc.a
LOAD zephyr/drivers/serial/libdrivers__serial.a
LOAD zephyr/drivers/timer/libdrivers__timer.a
LOAD zephyr/kernel/libkernel.a
LOAD zephyr/arch/common/libisr_tables.a
LOAD C:/Users/I73904/zephyr-sdk-1.0.1/gnu/arm-zephyr-eabi/bin/../lib/gcc/arm-zephyr-eabi/14.3.0/../../../../arm-zephyr-eabi/lib/thumb/v8-m.main/nofp/space\libc.a
LOAD C:/Users/I73904/zephyr-sdk-1.0.1/gnu/arm-zephyr-eabi/bin/../lib/gcc/arm-zephyr-eabi/14.3.0/thumb/v8-m.main/nofp/space\libgcc.a
                0x00000020                        _region_min_align = 0x20

.rel.plt        0x08000000        0x0
 *(SORT_BY_ALIGNMENT(.rel.plt))
                [!provide]                        PROVIDE (__rel_iplt_start = .)
 *(SORT_BY_ALIGNMENT(.rel.iplt))
 .rel.iplt      0x08000000        0x0 app/libapp.a(sample_usbd_init.c.obj)
                [!provide]                        PROVIDE (__rel_iplt_end = .)

.rela.plt       0x00000000        0x0
 *(SORT_BY_ALIGNMENT(.rela.plt))
                [!provide]                        PROVIDE (__rela_iplt_start = .)
 *(SORT_BY_ALIGNMENT(.rela.iplt))
                [!provide]                        PROVIDE (__rela_iplt_end = .)

.rel.dyn
 *(SORT_BY_ALIGNMENT(.rel.*))

.rela.dyn
 *(SORT_BY_ALIGNMENT(.rela.*))

/DISCARD/
 *(SORT_BY_ALIGNMENT(.plt))

/DISCARD/
 *(SORT_BY_ALIGNMENT(.iplt))
                0x0c000000                        __rom_region_start = 0xc000000

rom_start       0x08000000      0x2b8
                0x08000000                        __rom_start_address = .
 FILL mask 0x00
                0x08000000                        . = (. + (0x0 - (. - __rom_start_address)))
                0x08000000                        . = ALIGN (0x4)
                0x08000000                        . = ALIGN (0x80)
                0x08000000                        . = ALIGN (0x400)
                0x08000000                        _vector_start = .
 *(SORT_BY_ALIGNMENT(.exc_vector_table))
 *(SORT_BY_ALIGNMENT(.exc_vector_table.*))
 .exc_vector_table._vector_table_section
                0x08000000       0x40 zephyr/arch/arch/arm/core/cortex_m/libarch__arm__core__cortex_m.a(vector_table.S.obj)
                0x08000000                _vector_table
 *(SORT_BY_ALIGNMENT(.vectors))
                0x080002b8                        _vector_end = .
                0x08000040                        . = ALIGN (0x4)
 *(SORT_BY_ALIGNMENT(.gnu.linkonce.irq_vector_table*))
 .gnu.linkonce.irq_vector_table
                0x08000040      0x278 zephyr/arch/common/libisr_tables.a(isr_tables.c.obj)
                0x08000040                _irq_vector_table
                0x080002b8                        _vector_end = .

text            0x0c000000     0xf230
                0x0c000000                        __text_region_start = .
 *(SORT_BY_ALIGNMENT(.text))
 .text          0x0c000000       0x30 C:/Users/I73904/zephyr-sdk-1.0.1/gnu/arm-zephyr-eabi/bin/../lib/gcc/arm-zephyr-eabi/14.3.0/thumb/v8-m.main/nofp/space\libgcc.a(_aeabi_uldivmod.o)
                0x0c000000                __aeabi_uldivmod
 .text          0x0c000030        0x4 C:/Users/I73904/zephyr-sdk-1.0.1/gnu/arm-zephyr-eabi/bin/../lib/gcc/arm-zephyr-eabi/14.3.0/thumb/v8-m.main/nofp/space\libgcc.a(_dvmd_tls.o)
                0x0c000030                __aeabi_idiv0
                0x0c000030                __aeabi_ldiv0
 .text          0x0c000034       0x14 C:/Users/I73904/zephyr-sdk-1.0.1/gnu/arm-zephyr-eabi/bin/../lib/gcc/arm-zephyr-eabi/14.3.0/../../../../arm-zephyr-eabi/lib/thumb/v8-m.main/nofp/space\libc.a(strcmp.S.o)
                0x0c000034                strcmp
 .text          0x0c000048       0x10 C:/Users/I73904/zephyr-sdk-1.0.1/gnu/arm-zephyr-eabi/bin/../lib/gcc/arm-zephyr-eabi/14.3.0/../../../../arm-zephyr-eabi/lib/thumb/v8-m.main/nofp/space\libc.a(strlen.S.o)
                0x0c000048                strlen
 .text          0x0c000058      0x2ba C:/Users/I73904/zephyr-sdk-1.0.1/gnu/arm-zephyr-eabi/bin/../lib/gcc/arm-zephyr-eabi/14.3.0/thumb/v8-m.main/nofp/space\libgcc.a(_udivmoddi4.o)
                0x0c000058                __udivmoddi4
 *(SORT_BY_ALIGNMENT(.text.*))
 *fill*         0x0c000312        0x2 
 .text.sample_usbd_setup_device
                0x0c000314      0x124 app/libapp.a(sample_usbd_init.c.obj)
                0x0c000314                sample_usbd_setup_device
 .text.sample_usbd_init_device
                0x0c000438       0x30 app/libapp.a(sample_usbd_init.c.obj)
                0x0c000438                sample_usbd_init_device
 .text.msg_cb   0x0c000468      0x1b4 app/libapp.a(main.c.obj)
 .text.init_dfu_ramdisk_data.part.0
                0x0c00061c       0x5c app/libapp.a(main.c.obj)
 .text.ramdisk_write
                0x0c000678       0x9c app/libapp.a(main.c.obj)
 .text.ramdisk_read
                0x0c000714       0xac app/libapp.a(main.c.obj)
 .text.main     0x0c0007c0       0x5c app/libapp.a(main.c.obj)
                0x0c0007c0                main
 .text.sys_heap_free
                0x0c00081c      0x11c zephyr/libzephyr.a(heap.c.obj)
                0x0c00081c                sys_heap_free
 .text.cbvprintf_package
                0x0c000938      0x364 zephyr/libzephyr.a(cbprintf_packaged.c.obj)
                0x0c000938                cbvprintf_package
 .text.cbprintf_package_convert
                0x0c000c9c      0x3cc zephyr/libzephyr.a(cbprintf_packaged.c.obj)
                0x0c000c9c                cbprintf_package_convert
 .text.__printk_hook_install
                0x0c001068        0xc zephyr/libzephyr.a(printk.c.obj)
                0x0c001068                __printk_hook_install
 .text.z_thread_entry
                0x0c001074       0x34 zephyr/libzephyr.a(thread_entry.c.obj)
                0x0c001074                z_thread_entry
 .text.activate_foreach_backend
                0x0c0010a8       0x60 zephyr/libzephyr.a(log_core.c.obj)
 .text.enable_logger
                0x0c001108       0x58 zephyr/libzephyr.a(log_core.c.obj)
 .text.log_process_thread_timer_expiry_fn
                0x0c001160        0xc zephyr/libzephyr.a(log_core.c.obj)
 .text.z_log_init
                0x0c00116c       0x94 zephyr/libzephyr.a(log_core.c.obj)
 .text.log_format_func_t_get
                0x0c001200        0xc zephyr/libzephyr.a(log_core.c.obj)
                0x0c001200                log_format_func_t_get
 .text.log_set_timestamp_func
                0x0c00120c       0x20 zephyr/libzephyr.a(log_core.c.obj)
                0x0c00120c                log_set_timestamp_func
 .text.z_log_notify_backend_enabled
                0x0c00122c       0x1c zephyr/libzephyr.a(log_core.c.obj)
                0x0c00122c                z_log_notify_backend_enabled
 .text.z_log_dropped
                0x0c001248       0x3c zephyr/libzephyr.a(log_core.c.obj)
                0x0c001248                z_log_dropped
 .text.z_log_dropped_read_and_clear
                0x0c001284       0x18 zephyr/libzephyr.a(log_core.c.obj)
                0x0c001284                z_log_dropped_read_and_clear
 .text.dropped_notify
                0x0c00129c       0x30 zephyr/libzephyr.a(log_core.c.obj)
                0x0c00129c                dropped_notify
 .text.z_log_msg_init
                0x0c0012cc       0x20 zephyr/libzephyr.a(log_core.c.obj)
                0x0c0012cc                z_log_msg_init
 .text.log_core_init
                0x0c0012ec       0x50 zephyr/libzephyr.a(log_core.c.obj)
                0x0c0012ec                log_core_init
 .text.z_log_msg_alloc
                0x0c00133c       0x10 zephyr/libzephyr.a(log_core.c.obj)
                0x0c00133c                z_log_msg_alloc
 .text.z_log_msg_local_claim
                0x0c00134c        0xc zephyr/libzephyr.a(log_core.c.obj)
                0x0c00134c                z_log_msg_local_claim
 .text.z_log_msg_free
                0x0c001358       0x10 zephyr/libzephyr.a(log_core.c.obj)
                0x0c001358                z_log_msg_free
 .text.z_log_msg_pending
                0x0c001368        0xc zephyr/libzephyr.a(log_core.c.obj)
                0x0c001368                z_log_msg_pending
 .text.z_impl_log_process
                0x0c001374       0xb0 zephyr/libzephyr.a(log_core.c.obj)
                0x0c001374                z_impl_log_process
 .text.z_impl_log_panic
                0x0c001424       0x44 zephyr/libzephyr.a(log_core.c.obj)
                0x0c001424                z_impl_log_panic
 .text.log_process_thread_func
                0x0c001468       0xa0 zephyr/libzephyr.a(log_core.c.obj)
 .text.z_log_msg_post_finalize
                0x0c001508       0x78 zephyr/libzephyr.a(log_core.c.obj)
 .text.z_log_msg_commit
                0x0c001580       0x24 zephyr/libzephyr.a(log_core.c.obj)
                0x0c001580                z_log_msg_commit
 .text.log_source_name_get
                0x0c0015a4       0x1c zephyr/libzephyr.a(log_mgmt.c.obj)
                0x0c0015a4                log_source_name_get
 .text.z_impl_z_log_msg_static_create
                0x0c0015c0      0x100 zephyr/libzephyr.a(log_msg.c.obj)
                0x0c0015c0                z_impl_z_log_msg_static_create
 .text.z_log_msg_runtime_vcreate
                0x0c0016c0       0xa4 zephyr/libzephyr.a(log_msg.c.obj)
                0x0c0016c0                z_log_msg_runtime_vcreate
 .text.log_msg_get_source_id
                0x0c001764       0x18 zephyr/libzephyr.a(log_msg.c.obj)
                0x0c001764                log_msg_get_source_id
 .text.print_formatted
                0x0c00177c       0x24 zephyr/libzephyr.a(log_output.c.obj)
 .text.newline_print
                0x0c0017a0       0x1c zephyr/libzephyr.a(log_output.c.obj)
 .text.log_output_process
                0x0c0017bc      0x26c zephyr/libzephyr.a(log_output.c.obj)
                0x0c0017bc                log_output_process
 .text.log_output_dropped_process
                0x0c001a28       0x58 zephyr/libzephyr.a(log_output.c.obj)
                0x0c001a28                log_output_dropped_process
 .text.log_output_timestamp_freq_set
                0x0c001a80       0x2c zephyr/libzephyr.a(log_output.c.obj)
                0x0c001a80                log_output_timestamp_freq_set
 .text.char_out
                0x0c001aac       0x24 zephyr/libzephyr.a(log_backend_uart.c.obj)
 .text.mem_attr_get_regions
                0x0c001ad0        0xc zephyr/libzephyr.a(mem_attr.c.obj)
                0x0c001ad0                mem_attr_get_regions
 .text.disk_access_get_di
                0x0c001adc       0x64 zephyr/libzephyr.a(disk_access.c.obj)
                0x0c001adc                disk_access_get_di
 .text.disk_access_ioctl
                0x0c001b40       0xa8 zephyr/libzephyr.a(disk_access.c.obj)
                0x0c001b40                disk_access_ioctl
 .text.disk_access_register
                0x0c001be8       0x5c zephyr/libzephyr.a(disk_access.c.obj)
                0x0c001be8                disk_access_register
 .text.arch_bss_zero
                0x0c001c44       0x18 zephyr/arch/common/libarch__common.a(init.c.obj)
                0x0c001c44                arch_bss_zero
 .text.arch_data_copy
                0x0c001c5c       0x38 zephyr/arch/common/libarch__common.a(xip.c.obj)
                0x0c001c5c                arch_data_copy
 .text.z_arm_fatal_error
                0x0c001c94       0xb8 zephyr/arch/arch/arm/core/libarch__arm__core.a(fatal.c.obj)
                0x0c001c94                z_arm_fatal_error
 .text.z_SysNmiOnReset
                0x0c001d4c        0x8 zephyr/arch/arch/arm/core/libarch__arm__core.a(nmi_on_reset.S.obj)
                0x0c001d4c                z_SysNmiOnReset
 .text.arch_tls_stack_setup
                0x0c001d54       0x40 zephyr/arch/arch/arm/core/libarch__arm__core.a(tls.c.obj)
                0x0c001d54                arch_tls_stack_setup
 .text.usage_fault.isra.0
                0x0c001d94       0xbc zephyr/arch/arch/arm/core/cortex_m/libarch__arm__core__cortex_m.a(fault.c.obj)
 .text.mem_manage_fault.isra.0
                0x0c001e50       0xd0 zephyr/arch/arch/arm/core/cortex_m/libarch__arm__core__cortex_m.a(fault.c.obj)
 .text.bus_fault.isra.0
                0x0c001f20       0xd0 zephyr/arch/arch/arm/core/cortex_m/libarch__arm__core__cortex_m.a(fault.c.obj)
 .text.secure_fault.isra.0
                0x0c001ff0       0xec zephyr/arch/arch/arm/core/cortex_m/libarch__arm__core__cortex_m.a(fault.c.obj)
 .text.z_arm_fault
                0x0c0020dc      0x21c zephyr/arch/arch/arm/core/cortex_m/libarch__arm__core__cortex_m.a(fault.c.obj)
                0x0c0020dc                z_arm_fault
 .text.z_arm_fault_init
                0x0c0022f8       0x18 zephyr/arch/arch/arm/core/cortex_m/libarch__arm__core__cortex_m.a(fault.c.obj)
                0x0c0022f8                z_arm_fault_init
 .text.__fault  0x0c002310       0x14 zephyr/arch/arch/arm/core/cortex_m/libarch__arm__core__cortex_m.a(fault_s.S.obj)
                0x0c002310                z_arm_bus_fault
                0x0c002310                z_arm_usage_fault
                0x0c002310                z_arm_mpu_fault
                0x0c002310                z_arm_exc_spurious
                0x0c002310                z_arm_debug_monitor
                0x0c002310                z_arm_hard_fault
                0x0c002310                z_arm_secure_fault
 .text._reset_section
                0x0c002324       0x34 zephyr/arch/arch/arm/core/cortex_m/libarch__arm__core__cortex_m.a(reset.S.obj)
                0x0c002324                __start
                0x0c002324                z_arm_reset
 .text.z_arm_svc
                0x0c002358       0x24 zephyr/arch/arch/arm/core/cortex_m/libarch__arm__core__cortex_m.a(svc.S.obj)
                0x0c002358                z_arm_svc
 .text.arm_irq_enable
                0x0c00237c       0x1c zephyr/arch/arch/arm/core/cortex_m/libarch__arm__core__cortex_m.a(irq_manage.c.obj)
                0x0c00237c                arm_irq_enable
 .text.arm_irq_disable
                0x0c002398       0x28 zephyr/arch/arch/arm/core/cortex_m/libarch__arm__core__cortex_m.a(irq_manage.c.obj)
                0x0c002398                arm_irq_disable
 .text.arm_irq_priority_set
                0x0c0023c0       0x2c zephyr/arch/arch/arm/core/cortex_m/libarch__arm__core__cortex_m.a(irq_manage.c.obj)
                0x0c0023c0                arm_irq_priority_set
 .text.relocate_vector_table
                0x0c0023ec       0x1c zephyr/arch/arch/arm/core/cortex_m/libarch__arm__core__cortex_m.a(prep_c.c.obj)
                0x0c0023ec                relocate_vector_table
 .text.z_prep_c
                0x0c002408       0x38 zephyr/arch/arch/arm/core/cortex_m/libarch__arm__core__cortex_m.a(prep_c.c.obj)
                0x0c002408                z_prep_c
 .text.arch_new_thread
                0x0c002440       0x38 zephyr/arch/arch/arm/core/cortex_m/libarch__arm__core__cortex_m.a(thread.c.obj)
                0x0c002440                arch_new_thread
 .text.arch_switch_to_main_thread
                0x0c002478       0x38 zephyr/arch/arch/arm/core/cortex_m/libarch__arm__core__cortex_m.a(thread.c.obj)
                0x0c002478                arch_switch_to_main_thread
 .text.z_arm_cpu_idle_init
                0x0c0024b0        0xc zephyr/arch/arch/arm/core/cortex_m/libarch__arm__core__cortex_m.a(cpu_idle.c.obj)
                0x0c0024b0                z_arm_cpu_idle_init
 .text._HandlerModeExit
                0x0c0024bc       0x20 zephyr/arch/arch/arm/core/cortex_m/libarch__arm__core__cortex_m.a(exc_exit.c.obj)
                0x0c0024bc                z_arm_int_exit
                0x0c0024bc                z_arm_exc_exit
 .text.z_impl_k_thread_abort
                0x0c0024dc       0x2c zephyr/arch/arch/arm/core/cortex_m/libarch__arm__core__cortex_m.a(thread_abort.c.obj)
                0x0c0024dc                z_impl_k_thread_abort
 .text.z_arm_pendsv
                0x0c002508       0x54 zephyr/arch/arch/arm/core/cortex_m/libarch__arm__core__cortex_m.a(swap_helper.S.obj)
                0x0c002508                z_arm_pendsv
 .text.z_arm_interrupt_init
                0x0c00255c       0x18 zephyr/arch/arch/arm/core/cortex_m/libarch__arm__core__cortex_m.a(irq_init.c.obj)
                0x0c00255c                z_arm_interrupt_init
 .text._isr_wrapper
                0x0c002574       0x24 zephyr/arch/arch/arm/core/cortex_m/libarch__arm__core__cortex_m.a(isr_wrapper.c.obj)
                0x0c002574                _isr_wrapper
 .text.__aeabi_read_tp
                0x0c002598        0xc zephyr/arch/arch/arm/core/cortex_m/libarch__arm__core__cortex_m.a(__aeabi_read_tp.S.obj)
                0x0c002598                __aeabi_read_tp
 .text.z_arm_configure_static_mpu_regions
                0x0c0025a4       0x3c zephyr/arch/arch/arm/core/mpu/libarch__arm__core__mpu.a(arm_core_mpu.c.obj)
                0x0c0025a4                z_arm_configure_static_mpu_regions
 .text.region_init
                0x0c0025e0       0x30 zephyr/arch/arch/arm/core/mpu/libarch__arm__core__mpu.a(arm_mpu.c.obj)
 .text.region_allocate_and_init
                0x0c002610       0x38 zephyr/arch/arch/arm/core/mpu/libarch__arm__core__mpu.a(arm_mpu.c.obj)
 .text.mpu_configure_regions_and_partition.constprop.0
                0x0c002648      0x15c zephyr/arch/arch/arm/core/mpu/libarch__arm__core__mpu.a(arm_mpu.c.obj)
 .text.arm_core_mpu_enable
                0x0c0027a4       0x18 zephyr/arch/arch/arm/core/mpu/libarch__arm__core__mpu.a(arm_mpu.c.obj)
                0x0c0027a4                arm_core_mpu_enable
 .text.arm_core_mpu_disable
                0x0c0027bc       0x14 zephyr/arch/arch/arm/core/mpu/libarch__arm__core__mpu.a(arm_mpu.c.obj)
                0x0c0027bc                arm_core_mpu_disable
 .text.arm_core_mpu_configure_static_mpu_regions
                0x0c0027d0       0x14 zephyr/arch/arch/arm/core/mpu/libarch__arm__core__mpu.a(arm_mpu.c.obj)
                0x0c0027d0                arm_core_mpu_configure_static_mpu_regions
 .text.arm_core_mpu_mark_areas_for_dynamic_regions
                0x0c0027e4       0xb8 zephyr/arch/arch/arm/core/mpu/libarch__arm__core__mpu.a(arm_mpu.c.obj)
                0x0c0027e4                arm_core_mpu_mark_areas_for_dynamic_regions
 .text.z_arm_mpu_init
                0x0c00289c      0x164 zephyr/arch/arch/arm/core/mpu/libarch__arm__core__mpu.a(arm_mpu.c.obj)
                0x0c00289c                z_arm_mpu_init
 .text.cbvprintf
                0x0c002a00       0x38 zephyr/lib/libc/picolibc/liblib__libc__picolibc.a(cbprintf.c.obj)
                0x0c002a00                cbvprintf
 .text.z_impl_zephyr_fputc
                0x0c002a38       0x10 zephyr/lib/libc/picolibc/liblib__libc__picolibc.a(stdio.c.obj)
                0x0c002a38                z_impl_zephyr_fputc
 .text.__stdout_hook_install
                0x0c002a48       0x18 zephyr/lib/libc/picolibc/liblib__libc__picolibc.a(stdio.c.obj)
                0x0c002a48                __stdout_hook_install
 .text.malloc_prepare
                0x0c002a60       0x24 zephyr/lib/libc/common/liblib__libc__common.a(malloc.c.obj)
 .text.net_buf_destroy
                0x0c002a84       0x38 zephyr/lib/net_buf/liblib__net_buf.a(buf.c.obj)
 .text.net_buf_pool_get
                0x0c002abc       0x10 zephyr/lib/net_buf/liblib__net_buf.a(buf.c.obj)
                0x0c002abc                net_buf_pool_get
 .text.net_buf_alloc_len
                0x0c002acc       0xfc zephyr/lib/net_buf/liblib__net_buf.a(buf.c.obj)
                0x0c002acc                net_buf_alloc_len
 .text.net_buf_unref
                0x0c002bc8       0x3c zephyr/lib/net_buf/liblib__net_buf.a(buf.c.obj)
                0x0c002bc8                net_buf_unref
 .text.sd_init_io
                0x0c002c04       0xe4 zephyr/subsys/sd/libsubsys__sd.a(sd.c.obj)
 .text.sd_command_init
                0x0c002ce8       0x80 zephyr/subsys/sd/libsubsys__sd.a(sd.c.obj)
 .text.sd_init  0x0c002d68       0xd4 zephyr/subsys/sd/libsubsys__sd.a(sd.c.obj)
                0x0c002d68                sd_init
 .text.sdmmc_wait_ready
                0x0c002e3c       0x44 zephyr/subsys/sd/libsubsys__sd.a(sd_ops.c.obj)
                0x0c002e3c                sdmmc_wait_ready
 .text.sdmmc_select_card
                0x0c002e80       0x3c zephyr/subsys/sd/libsubsys__sd.a(sd_ops.c.obj)
                0x0c002e80                sdmmc_select_card
 .text.card_app_command
                0x0c002ebc       0x6c zephyr/subsys/sd/libsubsys__sd.a(sd_ops.c.obj)
                0x0c002ebc                card_app_command
 .text.card_read_blocks
                0x0c002f28      0x100 zephyr/subsys/sd/libsubsys__sd.a(sd_ops.c.obj)
                0x0c002f28                card_read_blocks
 .text.card_write_blocks
                0x0c003028      0x178 zephyr/subsys/sd/libsubsys__sd.a(sd_ops.c.obj)
                0x0c003028                card_write_blocks
 .text.card_erase_blocks
                0x0c0031a0      0x120 zephyr/subsys/sd/libsubsys__sd.a(sd_ops.c.obj)
                0x0c0031a0                card_erase_blocks
 .text.card_ioctl
                0x0c0032c0       0xa0 zephyr/subsys/sd/libsubsys__sd.a(sd_ops.c.obj)
                0x0c0032c0                card_ioctl
 .text.sdmmc_switch.constprop.0.isra.0
                0x0c003360       0x5c zephyr/subsys/sd/libsubsys__sd.a(sdmmc.c.obj)
 .text.sdmmc_send_ocr
                0x0c0033bc       0x78 zephyr/subsys/sd/libsubsys__sd.a(sdmmc.c.obj)
 .text.sdmmc_card_init
                0x0c003434      0x3fc zephyr/subsys/sd/libsubsys__sd.a(sdmmc.c.obj)
                0x0c003434                sdmmc_card_init
 .text.usbd_init
                0x0c003830       0x80 zephyr/subsys/usb/device_next/libsubsys__usb__device_next.a(usbd_device.c.obj)
                0x0c003830                usbd_init
 .text.usbd_enable
                0x0c0038b0       0xc4 zephyr/subsys/usb/device_next/libsubsys__usb__device_next.a(usbd_device.c.obj)
                0x0c0038b0                usbd_enable
 .text.usbd_disable
                0x0c003974       0x70 zephyr/subsys/usb/device_next/libsubsys__usb__device_next.a(usbd_device.c.obj)
                0x0c003974                usbd_disable
 .text.usbd_shutdown
                0x0c0039e4       0x5c zephyr/subsys/usb/device_next/libsubsys__usb__device_next.a(usbd_device.c.obj)
                0x0c0039e4                usbd_shutdown
 .text.usbd_enqueue_status_in
                0x0c003a40       0x40 zephyr/subsys/usb/device_next/libsubsys__usb__device_next.a(usbd_ch9.c.obj)
 .text.usbd_enqueue_setup
                0x0c003a80       0x38 zephyr/subsys/usb/device_next/libsubsys__usb__device_next.a(usbd_ch9.c.obj)
 .text.sreq_get_desc_cfg.isra.0
                0x0c003ab8      0x100 zephyr/subsys/usb/device_next/libsubsys__usb__device_next.a(usbd_ch9.c.obj)
 .text.nonstd_request
                0x0c003bb8       0xac zephyr/subsys/usb/device_next/libsubsys__usb__device_next.a(usbd_ch9.c.obj)
 .text.usbd_handle_ctrl_xfer
                0x0c003c64      0x9cc zephyr/subsys/usb/device_next/libsubsys__usb__device_next.a(usbd_ch9.c.obj)
                0x0c003c64                usbd_handle_ctrl_xfer
 .text.usbd_event_carrier
                0x0c004630       0x48 zephyr/subsys/usb/device_next/libsubsys__usb__device_next.a(usbd_core.c.obj)
 .text.usbd_pre_init
                0x0c004678       0x94 zephyr/subsys/usb/device_next/libsubsys__usb__device_next.a(usbd_core.c.obj)
 .text.usbd_class_bcast_event.part.0
                0x0c00470c       0x58 zephyr/subsys/usb/device_next/libsubsys__usb__device_next.a(usbd_core.c.obj)
 .text.usbd_thread
                0x0c004764      0x1f8 zephyr/subsys/usb/device_next/libsubsys__usb__device_next.a(usbd_core.c.obj)
 .text.usbd_device_init_core
                0x0c00495c       0x44 zephyr/subsys/usb/device_next/libsubsys__usb__device_next.a(usbd_core.c.obj)
                0x0c00495c                usbd_device_init_core
 .text.usbd_device_shutdown_core
                0x0c0049a0       0x78 zephyr/subsys/usb/device_next/libsubsys__usb__device_next.a(usbd_core.c.obj)
                0x0c0049a0                usbd_device_shutdown_core
 .text.unassign_eps.isra.0
                0x0c004a18       0x84 zephyr/subsys/usb/device_next/libsubsys__usb__device_next.a(usbd_init.c.obj)
 .text.init_configuration
                0x0c004a9c      0x1e8 zephyr/subsys/usb/device_next/libsubsys__usb__device_next.a(usbd_init.c.obj)
 .text.usbd_init_configurations
                0x0c004c84       0x84 zephyr/subsys/usb/device_next/libsubsys__usb__device_next.a(usbd_init.c.obj)
                0x0c004c84                usbd_init_configurations
 .text.usbd_config_set
                0x0c004d08       0xb0 zephyr/subsys/usb/device_next/libsubsys__usb__device_next.a(usbd_config.c.obj)
                0x0c004d08                usbd_config_set
 .text.usbd_add_configuration
                0x0c004db8      0x15c zephyr/subsys/usb/device_next/libsubsys__usb__device_next.a(usbd_config.c.obj)
                0x0c004db8                usbd_add_configuration
 .text.usbd_class_node_get
                0x0c004f14       0x8c zephyr/subsys/usb/device_next/libsubsys__usb__device_next.a(usbd_class.c.obj)
 .text.usbd_class_get_by_ep
                0x0c004fa0       0x58 zephyr/subsys/usb/device_next/libsubsys__usb__device_next.a(usbd_class.c.obj)
                0x0c004fa0                usbd_class_get_by_ep
 .text.usbd_register_class
                0x0c004ff8       0xb8 zephyr/subsys/usb/device_next/libsubsys__usb__device_next.a(usbd_class.c.obj)
                0x0c004ff8                usbd_register_class
 .text.usbd_register_all_classes
                0x0c0050b0       0xe4 zephyr/subsys/usb/device_next/libsubsys__usb__device_next.a(usbd_class.c.obj)
                0x0c0050b0                usbd_register_all_classes
 .text.usbd_interface_modify
                0x0c005194       0xe8 zephyr/subsys/usb/device_next/libsubsys__usb__device_next.a(usbd_interface.c.obj)
 .text.usbd_ep_ctrl_enqueue
                0x0c00527c       0x8c zephyr/subsys/usb/device_next/libsubsys__usb__device_next.a(usbd_endpoint.c.obj)
                0x0c00527c                usbd_ep_ctrl_enqueue
 .text.usbd_ep_set_halt
                0x0c005308       0x44 zephyr/subsys/usb/device_next/libsubsys__usb__device_next.a(usbd_endpoint.c.obj)
                0x0c005308                usbd_ep_set_halt
 .text.usbd_ep_clear_halt
                0x0c00534c       0x34 zephyr/subsys/usb/device_next/libsubsys__usb__device_next.a(usbd_endpoint.c.obj)
                0x0c00534c                usbd_ep_clear_halt
 .text.msg_work_handler
                0x0c005380       0x88 zephyr/subsys/usb/device_next/libsubsys__usb__device_next.a(usbd_msg.c.obj)
 .text.usbd_msg_pub
                0x0c005408       0x6c zephyr/subsys/usb/device_next/libsubsys__usb__device_next.a(usbd_msg.c.obj)
 .text.dfu_set_next_state
                0x0c005474       0x30 zephyr/subsys/usb/device_next/libsubsys__usb__device_next.a(usbd_dfu.c.obj)
 .text.dfu_mode_update
                0x0c0054a4       0x2c zephyr/subsys/usb/device_next/libsubsys__usb__device_next.a(usbd_dfu.c.obj)
 .text.runtime_mode_control_to_dev
                0x0c0054d0       0x34 zephyr/subsys/usb/device_next/libsubsys__usb__device_next.a(usbd_dfu.c.obj)
 .text.dfu_mode_init
                0x0c005504       0x80 zephyr/subsys/usb/device_next/libsubsys__usb__device_next.a(usbd_dfu.c.obj)
 .text.dfu_mode_control_to_dev
                0x0c005584       0x6c zephyr/subsys/usb/device_next/libsubsys__usb__device_next.a(usbd_dfu.c.obj)
 .text.usbd_dfu_preinit
                0x0c0055f0       0xd8 zephyr/subsys/usb/device_next/libsubsys__usb__device_next.a(usbd_dfu.c.obj)
 .text.runtime_mode_control_to_host
                0x0c0056c8       0x84 zephyr/subsys/usb/device_next/libsubsys__usb__device_next.a(usbd_dfu.c.obj)
 .text.dfu_mode_control_to_host
                0x0c00574c       0xd8 zephyr/subsys/usb/device_next/libsubsys__usb__device_next.a(usbd_dfu.c.obj)
 .text.disk_sdmmc_init
                0x0c005824       0x24 zephyr/drivers/disk/libdrivers__disk.a(sdmmc_subsys.c.obj)
 .text.disk_ram_access_read
                0x0c005848       0x4c zephyr/drivers/disk/libdrivers__disk.a(ramdisk.c.obj)
 .text.disk_ram_access_erase
                0x0c005894       0x48 zephyr/drivers/disk/libdrivers__disk.a(ramdisk.c.obj)
 .text.disk_ram_access_write
                0x0c0058dc       0x48 zephyr/drivers/disk/libdrivers__disk.a(ramdisk.c.obj)
 .text.eic_sync_wait.part.0
                0x0c005924       0x14 zephyr/drivers/interrupt_controller/libdrivers__interrupt_controller.a(intc_mchp_eic_g1.c.obj)
 .text.eic_sync_wait
                0x0c005938       0x30 zephyr/drivers/interrupt_controller/libdrivers__interrupt_controller.a(intc_mchp_eic_g1.c.obj)
 .text.eic_mchp_init
                0x0c005968       0x8c zephyr/drivers/interrupt_controller/libdrivers__interrupt_controller.a(intc_mchp_eic_g1.c.obj)
 .text.udc_set_suspended
                0x0c0059f4       0x84 zephyr/drivers/usb/udc/libdrivers__usb__udc.a(udc_common.c.obj)
                0x0c0059f4                udc_set_suspended
 .text.udc_ep_enable_internal
                0x0c005a78       0x88 zephyr/drivers/usb/udc/libdrivers__usb__udc.a(udc_common.c.obj)
                0x0c005a78                udc_ep_enable_internal
 .text.udc_ep_disable_internal
                0x0c005b00       0x54 zephyr/drivers/usb/udc/libdrivers__usb__udc.a(udc_common.c.obj)
                0x0c005b00                udc_ep_disable_internal
 .text.udc_ep_buf_alloc
                0x0c005b54       0x54 zephyr/drivers/usb/udc/libdrivers__usb__udc.a(udc_common.c.obj)
                0x0c005b54                udc_ep_buf_alloc
 .text.udc_mchp_g2_test_mode
                0x0c005ba8       0x64 zephyr/drivers/usb/udc/libdrivers__usb__udc.a(udc_mchp_g2.c.obj)
 .text.udc_mchp_g2_disable
                0x0c005c0c       0x58 zephyr/drivers/usb/udc/libdrivers__usb__udc.a(udc_mchp_g2.c.obj)
 .text.udc_mchp_g2_init
                0x0c005c64      0x1b0 zephyr/drivers/usb/udc/libdrivers__usb__udc.a(udc_mchp_g2.c.obj)
 .text.udc_mchp_g2_shutdown
                0x0c005e14       0xc8 zephyr/drivers/usb/udc/libdrivers__usb__udc.a(udc_mchp_g2.c.obj)
 .text.udc_mchp_g2_enable
                0x0c005edc       0xac zephyr/drivers/usb/udc/libdrivers__usb__udc.a(udc_mchp_g2.c.obj)
 .text.udc_mchp_g2_driver_preinit
                0x0c005f88      0x1b8 zephyr/drivers/usb/udc/libdrivers__usb__udc.a(udc_mchp_g2.c.obj)
 .text.udc_mchp_g2_host_wakeup
                0x0c006140       0x64 zephyr/drivers/usb/udc/libdrivers__usb__udc.a(udc_mchp_g2.c.obj)
 .text.mchp_g2_isr_handler
                0x0c0061a4      0x504 zephyr/drivers/usb/udc/libdrivers__usb__udc.a(udc_mchp_g2.c.obj)
 .text.udc_mchp_g2_ep_enqueue
                0x0c0066a8      0x2d4 zephyr/drivers/usb/udc/libdrivers__usb__udc.a(udc_mchp_g2.c.obj)
 .text.clock_check_subsys
                0x0c00697c      0x110 zephyr/drivers/clock_control/libdrivers__clock_control.a(clock_control_mchp_pic32ck_sg_gc.c.obj)
 .text.clock_get_rate_pll_out
                0x0c006a8c       0x74 zephyr/drivers/clock_control/libdrivers__clock_control.a(clock_control_mchp_pic32ck_sg_gc.c.obj)
 .text.clock_get_rate_gclkgen
                0x0c006b00      0x14c zephyr/drivers/clock_control/libdrivers__clock_control.a(clock_control_mchp_pic32ck_sg_gc.c.obj)
 .text.clock_get_rate_dfll
                0x0c006c4c       0x48 zephyr/drivers/clock_control/libdrivers__clock_control.a(clock_control_mchp_pic32ck_sg_gc.c.obj)
 .text.clock_mchp_configure
                0x0c006c94      0x39c zephyr/drivers/clock_control/libdrivers__clock_control.a(clock_control_mchp_pic32ck_sg_gc.c.obj)
 .text.clock_mchp_get_rate
                0x0c007030      0x144 zephyr/drivers/clock_control/libdrivers__clock_control.a(clock_control_mchp_pic32ck_sg_gc.c.obj)
 .text.clock_mchp_off
                0x0c007174      0x168 zephyr/drivers/clock_control/libdrivers__clock_control.a(clock_control_mchp_pic32ck_sg_gc.c.obj)
 .text.clock_on_pll
                0x0c0072dc       0xa0 zephyr/drivers/clock_control/libdrivers__clock_control.a(clock_control_mchp_pic32ck_sg_gc.c.obj)
                0x0c0072dc                clock_on_pll
 .text.clock_mchp_on
                0x0c00737c      0x23c zephyr/drivers/clock_control/libdrivers__clock_control.a(clock_control_mchp_pic32ck_sg_gc.c.obj)
 .text.clock_xosc_init
                0x0c0075b8       0xdc zephyr/drivers/clock_control/libdrivers__clock_control.a(clock_control_mchp_pic32ck_sg_gc.c.obj)
                0x0c0075b8                clock_xosc_init
 .text.clock_dfll48m_init
                0x0c007694      0x26c zephyr/drivers/clock_control/libdrivers__clock_control.a(clock_control_mchp_pic32ck_sg_gc.c.obj)
                0x0c007694                clock_dfll48m_init
 .text.clock_pll_init
                0x0c007900      0x1e4 zephyr/drivers/clock_control/libdrivers__clock_control.a(clock_control_mchp_pic32ck_sg_gc.c.obj)
                0x0c007900                clock_pll_init
 .text.clock_pll_out_init
                0x0c007ae4       0xc4 zephyr/drivers/clock_control/libdrivers__clock_control.a(clock_control_mchp_pic32ck_sg_gc.c.obj)
                0x0c007ae4                clock_pll_out_init
 .text.clock_xosc32k_init
                0x0c007ba8      0x104 zephyr/drivers/clock_control/libdrivers__clock_control.a(clock_control_mchp_pic32ck_sg_gc.c.obj)
                0x0c007ba8                clock_xosc32k_init
 .text.clock_gclkgen_init
                0x0c007cac      0x180 zephyr/drivers/clock_control/libdrivers__clock_control.a(clock_control_mchp_pic32ck_sg_gc.c.obj)
                0x0c007cac                clock_gclkgen_init
 .text.clock_mchp_init
                0x0c007e2c      0x2c4 zephyr/drivers/clock_control/libdrivers__clock_control.a(clock_control_mchp_pic32ck_sg_gc.c.obj)
 .text.uart_console_init
                0x0c0080f0       0x28 zephyr/drivers/console/libdrivers__console.a(uart_console.c.obj)
 .text.console_out
                0x0c008118       0x28 zephyr/drivers/console/libdrivers__console.a(uart_console.c.obj)
 .text.z_impl_hwinfo_get_device_id
                0x0c008140       0x40 zephyr/drivers/hwinfo/libdrivers__hwinfo.a(hwinfo_mchp_g1.c.obj)
                0x0c008140                z_impl_hwinfo_get_device_id
 .text.pinctrl_configure_pins
                0x0c008180       0xf0 zephyr/drivers/pinctrl/libdrivers__pinctrl.a(pinctrl_mchp_port_g1.c.obj)
                0x0c008180                pinctrl_configure_pins
 .text.sdhc_mchp_irq_config_0
                0x0c008270       0x28 zephyr/drivers/sdhc/libdrivers__sdhc.a(sdhc_mchp_g1.c.obj)
 .text.sdhc_reset_error.part.0
                0x0c008298       0x14 zephyr/drivers/sdhc/libdrivers__sdhc.a(sdhc_mchp_g1.c.obj)
 .text.sdhc_reset_error.isra.0
                0x0c0082ac       0x3c zephyr/drivers/sdhc/libdrivers__sdhc.a(sdhc_mchp_g1.c.obj)
 .text.sdhc_mchp_isr
                0x0c0082e8       0xfc zephyr/drivers/sdhc/libdrivers__sdhc.a(sdhc_mchp_g1.c.obj)
 .text.sdhc_mchp_request
                0x0c0083e4      0x374 zephyr/drivers/sdhc/libdrivers__sdhc.a(sdhc_mchp_g1.c.obj)
 .text.sdhc_set_clock.isra.0
                0x0c008758      0x134 zephyr/drivers/sdhc/libdrivers__sdhc.a(sdhc_mchp_g1.c.obj)
 .text.sdhc_init_module
                0x0c00888c       0x98 zephyr/drivers/sdhc/libdrivers__sdhc.a(sdhc_mchp_g1.c.obj)
 .text.sdhc_mchp_set_io
                0x0c008924      0x128 zephyr/drivers/sdhc/libdrivers__sdhc.a(sdhc_mchp_g1.c.obj)
 .text.sdhc_mchp_init
                0x0c008a4c      0x230 zephyr/drivers/sdhc/libdrivers__sdhc.a(sdhc_mchp_g1.c.obj)
 .text.uart_wait_sync.part.0
                0x0c008c7c       0x14 zephyr/drivers/serial/libdrivers__serial.a(uart_mchp_sercom_g1.c.obj)
 .text.uart_wait_sync.isra.0
                0x0c008c90       0x34 zephyr/drivers/serial/libdrivers__serial.a(uart_mchp_sercom_g1.c.obj)
 .text.uart_mchp_configure
                0x0c008cc4      0x100 zephyr/drivers/serial/libdrivers__serial.a(uart_mchp_sercom_g1.c.obj)
 .text.uart_mchp_init
                0x0c008dc4      0x1a4 zephyr/drivers/serial/libdrivers__serial.a(uart_mchp_sercom_g1.c.obj)
 .text.elapsed  0x0c008f68       0x44 zephyr/drivers/timer/libdrivers__timer.a(cortex_m_systick.c.obj)
 .text.sys_clock_driver_init
                0x0c008fac       0x34 zephyr/drivers/timer/libdrivers__timer.a(cortex_m_systick.c.obj)
 .text.sys_clock_isr
                0x0c008fe0       0x6c zephyr/drivers/timer/libdrivers__timer.a(cortex_m_systick.c.obj)
                0x0c008fe0                sys_clock_isr
 .text.sys_clock_set_timeout
                0x0c00904c       0xf8 zephyr/drivers/timer/libdrivers__timer.a(cortex_m_systick.c.obj)
                0x0c00904c                sys_clock_set_timeout
 .text.sys_clock_elapsed
                0x0c009144       0x3c zephyr/drivers/timer/libdrivers__timer.a(cortex_m_systick.c.obj)
                0x0c009144                sys_clock_elapsed
 .text.sys_clock_cycle_get_32
                0x0c009180       0x28 zephyr/drivers/timer/libdrivers__timer.a(cortex_m_systick.c.obj)
                0x0c009180                sys_clock_cycle_get_32
 .text.k_sys_fatal_error_handler
                0x0c0091a8       0x20 zephyr/kernel/libkernel.a(fatal.c.obj)
                0x0c0091a8                k_sys_fatal_error_handler
 .text.z_fatal_error
                0x0c0091c8       0xec zephyr/kernel/libkernel.a(fatal.c.obj)
                0x0c0091c8                z_fatal_error
 .text.z_sys_init_run_level
                0x0c0092b4       0x30 zephyr/kernel/libkernel.a(init.c.obj)
 .text.bg_thread_main
                0x0c0092e4       0xc0 zephyr/kernel/libkernel.a(init.c.obj)
 .text.z_init_cpu
                0x0c0093a4       0x68 zephyr/kernel/libkernel.a(init.c.obj)
                0x0c0093a4                z_init_cpu
 .text.z_cstart
                0x0c00940c       0xdc zephyr/kernel/libkernel.a(init.c.obj)
                0x0c00940c                z_cstart
 .text.statics_init
                0x0c0094e8       0x24 zephyr/kernel/libkernel.a(kheap.c.obj)
 .text.k_heap_aligned_alloc
                0x0c00950c       0x1c zephyr/kernel/libkernel.a(kheap.c.obj)
                0x0c00950c                k_heap_aligned_alloc
 .text.init_mem_slab_obj_core_list
                0x0c009528       0x28 zephyr/kernel/libkernel.a(mem_slab.c.obj)
 .text.k_mem_slab_alloc
                0x0c009550       0x5c zephyr/kernel/libkernel.a(mem_slab.c.obj)
                0x0c009550                k_mem_slab_alloc
 .text.put_msg_in_queue
                0x0c0095ac       0xcc zephyr/kernel/libkernel.a(msg_q.c.obj)
 .text.z_impl_k_msgq_get
                0x0c009678       0xc8 zephyr/kernel/libkernel.a(msg_q.c.obj)
                0x0c009678                z_impl_k_msgq_get
 .text.z_impl_k_mutex_lock
                0x0c009740       0xe4 zephyr/kernel/libkernel.a(mutex.c.obj)
                0x0c009740                z_impl_k_mutex_lock
 .text.z_impl_k_mutex_unlock
                0x0c009824       0xa0 zephyr/kernel/libkernel.a(mutex.c.obj)
                0x0c009824                z_impl_k_mutex_unlock
 .text.z_impl_k_queue_get
                0x0c0098c4       0x64 zephyr/kernel/libkernel.a(queue.c.obj)
                0x0c0098c4                z_impl_k_queue_get
 .text.z_impl_k_sem_give
                0x0c009928       0x68 zephyr/kernel/libkernel.a(sem.c.obj)
                0x0c009928                z_impl_k_sem_give
 .text.z_impl_k_sem_take
                0x0c009990       0x4c zephyr/kernel/libkernel.a(sem.c.obj)
                0x0c009990                z_impl_k_sem_take
 .text.work_queue_main
                0x0c0099dc      0x160 zephyr/kernel/libkernel.a(work.c.obj)
 .text.cancel_sync_locked
                0x0c009b3c       0x3c zephyr/kernel/libkernel.a(work.c.obj)
 .text.submit_to_queue_locked
                0x0c009b78       0xa4 zephyr/kernel/libkernel.a(work.c.obj)
 .text.k_work_queue_start
                0x0c009c1c       0x80 zephyr/kernel/libkernel.a(work.c.obj)
                0x0c009c1c                k_work_queue_start
 .text.k_work_schedule_for_queue
                0x0c009c9c       0x54 zephyr/kernel/libkernel.a(work.c.obj)
                0x0c009c9c                k_work_schedule_for_queue
 .text.k_work_schedule
                0x0c009cf0        0xc zephyr/kernel/libkernel.a(work.c.obj)
                0x0c009cf0                k_work_schedule
 .text.k_work_reschedule_for_queue
                0x0c009cfc       0x5c zephyr/kernel/libkernel.a(work.c.obj)
                0x0c009cfc                k_work_reschedule_for_queue
 .text.k_work_reschedule
                0x0c009d58        0xc zephyr/kernel/libkernel.a(work.c.obj)
                0x0c009d58                k_work_reschedule
 .text.z_setup_new_thread
                0x0c009d64       0x7c zephyr/kernel/libkernel.a(thread.c.obj)
                0x0c009d64                z_setup_new_thread
 .text.z_dummy_thread_init
                0x0c009de0       0x18 zephyr/kernel/libkernel.a(thread.c.obj)
                0x0c009de0                z_dummy_thread_init
 .text.z_impl_k_wakeup
                0x0c009df8       0x48 zephyr/kernel/libkernel.a(thread.c.obj)
                0x0c009df8                z_impl_k_wakeup
 .text.z_impl_k_thread_create
                0x0c009e40       0x58 zephyr/kernel/libkernel.a(thread.c.obj)
                0x0c009e40                z_impl_k_thread_create
 .text.z_swap_irqlock
                0x0c009e98       0x34 zephyr/kernel/libkernel.a(sched.c.obj)
 .text.unready_thread
                0x0c009ecc       0x54 zephyr/kernel/libkernel.a(sched.c.obj)
 .text.ready_thread
                0x0c009f20       0x80 zephyr/kernel/libkernel.a(sched.c.obj)
 .text.reschedule.isra.0
                0x0c009fa0       0x28 zephyr/kernel/libkernel.a(sched.c.obj)
 .text.move_current_to_end_of_prio_q
                0x0c009fc8       0x6c zephyr/kernel/libkernel.a(sched.c.obj)
                0x0c009fc8                move_current_to_end_of_prio_q
 .text.z_thread_halt
                0x0c00a034      0x12c zephyr/kernel/libkernel.a(sched.c.obj)
                0x0c00a034                z_thread_halt
 .text.z_sched_lock_reschedule
                0x0c00a160       0x44 zephyr/kernel/libkernel.a(sched.c.obj)
                0x0c00a160                z_sched_lock_reschedule
 .text.z_sched_yield
                0x0c00a1a4       0x84 zephyr/kernel/libkernel.a(sched.c.obj)
                0x0c00a1a4                z_sched_yield
 .text.z_pend_curr
                0x0c00a228       0x58 zephyr/kernel/libkernel.a(sched.c.obj)
                0x0c00a228                z_pend_curr
 .text.z_thread_prio_set
                0x0c00a280       0xd8 zephyr/kernel/libkernel.a(sched.c.obj)
                0x0c00a280                z_thread_prio_set
 .text.z_tick_sleep
                0x0c00a358       0x94 zephyr/kernel/libkernel.a(sleep.c.obj)
 .text.z_sched_init
                0x0c00a3ec       0x10 zephyr/kernel/libkernel.a(scheduler.c.obj)
                0x0c00a3ec                z_sched_init
 .text.k_sched_lock
                0x0c00a3fc       0x28 zephyr/kernel/libkernel.a(scheduler.c.obj)
                0x0c00a3fc                k_sched_lock
 .text.k_sched_unlock
                0x0c00a424       0x20 zephyr/kernel/libkernel.a(scheduler.c.obj)
                0x0c00a424                k_sched_unlock
 .text.z_impl_k_sched_current_thread_query
                0x0c00a444        0xc zephyr/kernel/libkernel.a(scheduler.c.obj)
                0x0c00a444                z_impl_k_sched_current_thread_query
 .text.z_sched_wait
                0x0c00a450       0x24 zephyr/kernel/libkernel.a(scheduler.c.obj)
                0x0c00a450                z_sched_wait
 .text.z_time_slice_size
                0x0c00a474       0x40 zephyr/kernel/libkernel.a(timeslicing.c.obj)
 .text.slice_timeout
                0x0c00a4b4       0x20 zephyr/kernel/libkernel.a(timeslicing.c.obj)
 .text.z_time_slice_reset
                0x0c00a4d4       0x44 zephyr/kernel/libkernel.a(timeslicing.c.obj)
                0x0c00a4d4                z_time_slice_reset
 .text.z_time_slice
                0x0c00a518       0x5c zephyr/kernel/libkernel.a(timeslicing.c.obj)
                0x0c00a518                z_time_slice
 .text.first    0x0c00a574       0x10 zephyr/kernel/libkernel.a(timeout.c.obj)
 .text.elapsed  0x0c00a584       0x14 zephyr/kernel/libkernel.a(timeout.c.obj)
 .text.remove_timeout
                0x0c00a598       0x38 zephyr/kernel/libkernel.a(timeout.c.obj)
 .text.z_add_timeout
                0x0c00a5d0      0x120 zephyr/kernel/libkernel.a(timeout.c.obj)
                0x0c00a5d0                z_add_timeout
 .text.sys_clock_announce_locked
                0x0c00a6f0       0xb8 zephyr/kernel/libkernel.a(timeout.c.obj)
                0x0c00a6f0                sys_clock_announce_locked
 .text.sys_clock_tick_get
                0x0c00a7a8       0x30 zephyr/kernel/libkernel.a(timeout.c.obj)
                0x0c00a7a8                sys_clock_tick_get
 .text.z_timer_expiration_handler
                0x0c00a7d8      0x10c zephyr/kernel/libkernel.a(timer.c.obj)
                0x0c00a7d8                z_timer_expiration_handler
 .text.z_impl_k_timer_start
                0x0c00a8e4       0x70 zephyr/kernel/libkernel.a(timer.c.obj)
                0x0c00a8e4                z_impl_k_timer_start
 .text.z_impl_k_timer_stop
                0x0c00a954       0x60 zephyr/kernel/libkernel.a(timer.c.obj)
                0x0c00a954                z_impl_k_timer_stop
 .text.k_event_post_internal
                0x0c00a9b4       0x4c zephyr/kernel/libkernel.a(events.c.obj)
 .text.z_thread_alloc_helper
                0x0c00aa00       0x4c zephyr/kernel/libkernel.a(mempool.c.obj)
 .text.z_thread_malloc
                0x0c00aa4c       0x10 zephyr/kernel/libkernel.a(mempool.c.obj)
                0x0c00aa4c                z_thread_malloc
 .text.boot_banner
                0x0c00aa5c        0xc zephyr/kernel/libkernel.a(banner.c.obj)
                0x0c00aa5c                boot_banner
 .text.k_sys_work_q_init
                0x0c00aa68       0x2c zephyr/kernel/libkernel.a(system_work_q.c.obj)
 .text.snprintf
                0x0c00aa94       0x54 C:/Users/I73904/zephyr-sdk-1.0.1/gnu/arm-zephyr-eabi/bin/../lib/gcc/arm-zephyr-eabi/14.3.0/../../../../arm-zephyr-eabi/lib/thumb/v8-m.main/nofp/space\libc.a(libc_tinystdio_snprintf.c.o)
                0x0c00aa94                snprintf
 .text.__l_vfprintf
                0x0c00aae8      0x484 C:/Users/I73904/zephyr-sdk-1.0.1/gnu/arm-zephyr-eabi/bin/../lib/gcc/arm-zephyr-eabi/14.3.0/../../../../arm-zephyr-eabi/lib/thumb/v8-m.main/nofp/space\libc.a(libc_tinystdio_vflprintf.c.o)
                0x0c00aae8                __l_vfprintf
 .text._OffsetAbsSyms
                0x0c00af6c        0x2 zephyr/CMakeFiles/offsets.dir/./arch/arm/core/offsets/offsets.c.obj
                0x0c00af6c                _OffsetAbsSyms
 .text.z_log_msg_simple_create_0
                0x0c00af6e        0x4 app/libapp.a(main.c.obj)
 .text.init_dfu_ramdisk_data
                0x0c00af72       0x2e app/libapp.a(main.c.obj)
 .text.chunk_field
                0x0c00afa0       0x16 zephyr/libzephyr.a(heap.c.obj)
 .text.chunk_set
                0x0c00afb6       0x16 zephyr/libzephyr.a(heap.c.obj)
 .text.chunk_size
                0x0c00afcc        0xc zephyr/libzephyr.a(heap.c.obj)
 .text.set_chunk_used
                0x0c00afd8       0x30 zephyr/libzephyr.a(heap.c.obj)
 .text.set_chunk_size
                0x0c00b008        0x8 zephyr/libzephyr.a(heap.c.obj)
 .text.undersized_chunk
                0x0c00b010       0x1c zephyr/libzephyr.a(heap.c.obj)
 .text.mem_to_chunkid
                0x0c00b02c       0x14 zephyr/libzephyr.a(heap.c.obj)
 .text.bucket_idx
                0x0c00b040       0x14 zephyr/libzephyr.a(heap.c.obj)
 .text.free_list_remove_bidx
                0x0c00b054       0x5c zephyr/libzephyr.a(heap.c.obj)
 .text.free_list_remove
                0x0c00b0b0       0x2c zephyr/libzephyr.a(heap.c.obj)
 .text.alloc_chunk
                0x0c00b0dc       0x74 zephyr/libzephyr.a(heap.c.obj)
 .text.split_chunks
                0x0c00b150       0x4e zephyr/libzephyr.a(heap.c.obj)
 .text.merge_chunks
                0x0c00b19e       0x3c zephyr/libzephyr.a(heap.c.obj)
 .text.free_list_add
                0x0c00b1da       0x82 zephyr/libzephyr.a(heap.c.obj)
 .text.sys_heap_alloc
                0x0c00b25c       0x76 zephyr/libzephyr.a(heap.c.obj)
                0x0c00b25c                sys_heap_alloc
 .text.sys_heap_noalign_alloc
                0x0c00b2d2        0x6 zephyr/libzephyr.a(heap.c.obj)
                0x0c00b2d2                sys_heap_noalign_alloc
 .text.sys_heap_aligned_alloc
                0x0c00b2d8      0x104 zephyr/libzephyr.a(heap.c.obj)
                0x0c00b2d8                sys_heap_aligned_alloc
 .text.sys_heap_init
                0x0c00b3dc       0xa4 zephyr/libzephyr.a(heap.c.obj)
                0x0c00b3dc                sys_heap_init
 .text.cbpprintf_external
                0x0c00b480       0x62 zephyr/libzephyr.a(cbprintf_packaged.c.obj)
                0x0c00b480                cbpprintf_external
 .text.is_ptr   0x0c00b4e2       0x3a zephyr/libzephyr.a(cbprintf_packaged.c.obj)
                0x0c00b4e2                is_ptr
 .text.arch_printk_char_out
                0x0c00b51c        0x4 zephyr/libzephyr.a(printk.c.obj)
                0x0c00b51c                arch_printk_char_out
 .text.printk   0x0c00b520       0x1a zephyr/libzephyr.a(printk.c.obj)
                0x0c00b520                printk
 .text.free_space
                0x0c00b53a       0x26 zephyr/libzephyr.a(mpsc_pbuf.c.obj)
 .text.get_usage
                0x0c00b560       0x22 zephyr/libzephyr.a(mpsc_pbuf.c.obj)
 .text.idx_inc  0x0c00b582       0x1c zephyr/libzephyr.a(mpsc_pbuf.c.obj)
 .text.rd_idx_inc
                0x0c00b59e       0x18 zephyr/libzephyr.a(mpsc_pbuf.c.obj)
 .text.add_skip_item
                0x0c00b5b6       0x3e zephyr/libzephyr.a(mpsc_pbuf.c.obj)
 .text.drop_item_locked
                0x0c00b5f4       0xf8 zephyr/libzephyr.a(mpsc_pbuf.c.obj)
 .text.post_drop_action
                0x0c00b6ec       0x36 zephyr/libzephyr.a(mpsc_pbuf.c.obj)
 .text.max_utilization_update
                0x0c00b722       0x1a zephyr/libzephyr.a(mpsc_pbuf.c.obj)
 .text.mpsc_pbuf_init
                0x0c00b73c       0x42 zephyr/libzephyr.a(mpsc_pbuf.c.obj)
                0x0c00b73c                mpsc_pbuf_init
 .text.mpsc_pbuf_alloc
                0x0c00b77e       0xfa zephyr/libzephyr.a(mpsc_pbuf.c.obj)
                0x0c00b77e                mpsc_pbuf_alloc
 .text.mpsc_pbuf_commit
                0x0c00b878       0x3e zephyr/libzephyr.a(mpsc_pbuf.c.obj)
                0x0c00b878                mpsc_pbuf_commit
 .text.mpsc_pbuf_claim
                0x0c00b8b6       0xb6 zephyr/libzephyr.a(mpsc_pbuf.c.obj)
                0x0c00b8b6                mpsc_pbuf_claim
 .text.mpsc_pbuf_free
                0x0c00b96c       0x76 zephyr/libzephyr.a(mpsc_pbuf.c.obj)
                0x0c00b96c                mpsc_pbuf_free
 .text.mpsc_pbuf_is_pending
                0x0c00b9e2       0x30 zephyr/libzephyr.a(mpsc_pbuf.c.obj)
                0x0c00b9e2                mpsc_pbuf_is_pending
 .text._ConfigAbsSyms
                0x0c00ba12        0x2 zephyr/libzephyr.a(configs.c.obj)
                0x0c00ba12                _ConfigAbsSyms
 .text.log_msg_generic_get_wlen
                0x0c00ba14       0x20 zephyr/libzephyr.a(log_core.c.obj)
 .text.dummy_timestamp
                0x0c00ba34        0x4 zephyr/libzephyr.a(log_core.c.obj)
 .text.atomic_inc
                0x0c00ba38       0x12 zephyr/libzephyr.a(log_core.c.obj)
 .text.default_lf_get_timestamp
                0x0c00ba4a       0x10 zephyr/libzephyr.a(log_core.c.obj)
 .text.z_log_vprintk
                0x0c00ba5a       0x1c zephyr/libzephyr.a(log_core.c.obj)
                0x0c00ba5a                z_log_vprintk
 .text.z_log_notify_drop
                0x0c00ba76        0x6 zephyr/libzephyr.a(log_core.c.obj)
 .text.z_log_get_tag
                0x0c00ba7c        0x4 zephyr/libzephyr.a(log_core.c.obj)
                0x0c00ba7c                z_log_get_tag
 .text.log_backend_enable
                0x0c00ba80       0x12 zephyr/libzephyr.a(log_mgmt.c.obj)
                0x0c00ba80                log_backend_enable
 .text.z_cbprintf_cpy
                0x0c00ba92       0x2e zephyr/libzephyr.a(log_msg.c.obj)
 .text.z_log_msg_finalize
                0x0c00bac0       0x32 zephyr/libzephyr.a(log_msg.c.obj)
                0x0c00bac0                z_log_msg_finalize
 .text.z_log_msg_simple_create
                0x0c00baf2       0x6e zephyr/libzephyr.a(log_msg.c.obj)
 .text.z_impl_z_log_msg_simple_create_0
                0x0c00bb60       0x12 zephyr/libzephyr.a(log_msg.c.obj)
                0x0c00bb60                z_impl_z_log_msg_simple_create_0
 .text.z_impl_z_log_msg_simple_create_1
                0x0c00bb72       0x14 zephyr/libzephyr.a(log_msg.c.obj)
                0x0c00bb72                z_impl_z_log_msg_simple_create_1
 .text.z_impl_z_log_msg_simple_create_2
                0x0c00bb86       0x18 zephyr/libzephyr.a(log_msg.c.obj)
                0x0c00bb86                z_impl_z_log_msg_simple_create_2
 .text.log_output_write
                0x0c00bb9e       0x1c zephyr/libzephyr.a(log_output.c.obj)
 .text.log_output_flush
                0x0c00bbba       0x1a zephyr/libzephyr.a(log_output.c.obj)
 .text.out_func
                0x0c00bbd4       0x2e zephyr/libzephyr.a(log_output.c.obj)
 .text.cr_out_func
                0x0c00bc02       0x1c zephyr/libzephyr.a(log_output.c.obj)
 .text.log_output_msg_process
                0x0c00bc1e       0x6c zephyr/libzephyr.a(log_output.c.obj)
                0x0c00bc1e                log_output_msg_process
 .text.format_set
                0x0c00bc8a        0xc zephyr/libzephyr.a(log_backend_uart.c.obj)
 .text.log_backend_uart_init
                0x0c00bc96        0xc zephyr/libzephyr.a(log_backend_uart.c.obj)
 .text.panic    0x0c00bca2       0x32 zephyr/libzephyr.a(log_backend_uart.c.obj)
 .text.dropped  0x0c00bcd4        0xa zephyr/libzephyr.a(log_backend_uart.c.obj)
 .text.process  0x0c00bcde       0x1e zephyr/libzephyr.a(log_backend_uart.c.obj)
 .text.disk_access_init
                0x0c00bcfc       0x38 zephyr/libzephyr.a(disk_access.c.obj)
                0x0c00bcfc                disk_access_init
 .text.disk_access_status
                0x0c00bd34       0x1c zephyr/libzephyr.a(disk_access.c.obj)
                0x0c00bd34                disk_access_status
 .text.disk_access_read
                0x0c00bd50       0x2e zephyr/libzephyr.a(disk_access.c.obj)
                0x0c00bd50                disk_access_read
 .text.disk_access_write
                0x0c00bd7e       0x2e zephyr/libzephyr.a(disk_access.c.obj)
                0x0c00bd7e                disk_access_write
 .text.arch_early_memset
                0x0c00bdac        0x4 zephyr/arch/common/libarch__common.a(init.c.obj)
                0x0c00bdac                arch_early_memset
 .text.arch_early_memcpy
                0x0c00bdb0        0x4 zephyr/arch/common/libarch__common.a(init.c.obj)
                0x0c00bdb0                arch_early_memcpy
 .text.z_do_kernel_oops
                0x0c00bdb4        0x8 zephyr/arch/arch/arm/core/libarch__arm__core.a(fatal.c.obj)
                0x0c00bdb4                z_do_kernel_oops
 .text.z_arm_nmi
                0x0c00bdbc        0xe zephyr/arch/arch/arm/core/libarch__arm__core.a(nmi.c.obj)
                0x0c00bdbc                z_arm_nmi
 .text.z_log_msg_simple_create_0.constprop.0
                0x0c00bdca        0x8 zephyr/arch/arch/arm/core/cortex_m/libarch__arm__core__cortex_m.a(fault.c.obj)
 .text.z_irq_spurious
                0x0c00bdd2        0x8 zephyr/arch/arch/arm/core/cortex_m/libarch__arm__core__cortex_m.a(irq_manage.c.obj)
                0x0c00bdd2                z_irq_spurious
 .text.arch_coprocessors_disable
                0x0c00bdda        0x6 zephyr/arch/arch/arm/core/cortex_m/libarch__arm__core__cortex_m.a(thread.c.obj)
                0x0c00bdda                arch_coprocessors_disable
 .text.arch_irq_unlock_outlined
                0x0c00bde0        0xe zephyr/arch/arch/arm/core/cortex_m/libarch__arm__core__cortex_m.a(thread.c.obj)
                0x0c00bde0                arch_irq_unlock_outlined
 .text.arch_cpu_idle
                0x0c00bdee       0x1a zephyr/arch/arch/arm/core/cortex_m/libarch__arm__core__cortex_m.a(cpu_idle.c.obj)
                0x0c00bdee                arch_cpu_idle
 .text.arm_cmse_mpu_region_get
                0x0c00be08       0x12 zephyr/arch/arch/arm/core/cortex_m/cmse/libarch__arm__core__cortex_m__cmse.a(arm_core_cmse.c.obj)
                0x0c00be08                arm_cmse_mpu_region_get
 .text.mpu_configure_region
                0x0c00be1a       0x32 zephyr/arch/arch/arm/core/mpu/libarch__arm__core__mpu.a(arm_mpu.c.obj)
 .text.cbputc   0x0c00be4c        0xc zephyr/lib/libc/picolibc/liblib__libc__picolibc.a(cbprintf.c.obj)
 .text.picolibc_put
                0x0c00be58        0xa zephyr/lib/libc/picolibc/liblib__libc__picolibc.a(stdio.c.obj)
 .text.net_buf_reset
                0x0c00be62        0xa zephyr/lib/net_buf/liblib__net_buf.a(buf.c.obj)
                0x0c00be62                net_buf_reset
 .text.net_buf_ref
                0x0c00be6c        0x8 zephyr/lib/net_buf/liblib__net_buf.a(buf.c.obj)
                0x0c00be6c                net_buf_ref
 .text.net_buf_frag_del
                0x0c00be74       0x18 zephyr/lib/net_buf/liblib__net_buf.a(buf.c.obj)
                0x0c00be74                net_buf_frag_del
 .text.net_buf_simple_add
                0x0c00be8c        0xc zephyr/lib/net_buf/liblib__net_buf.a(buf_simple.c.obj)
                0x0c00be8c                net_buf_simple_add
 .text.net_buf_simple_add_mem
                0x0c00be98       0x12 zephyr/lib/net_buf/liblib__net_buf.a(buf_simple.c.obj)
                0x0c00be98                net_buf_simple_add_mem
 .text.net_buf_simple_add_u8
                0x0c00beaa       0x10 zephyr/lib/net_buf/liblib__net_buf.a(buf_simple.c.obj)
                0x0c00beaa                net_buf_simple_add_u8
 .text.net_buf_simple_add_le16
                0x0c00beba       0x14 zephyr/lib/net_buf/liblib__net_buf.a(buf_simple.c.obj)
                0x0c00beba                net_buf_simple_add_le16
 .text.net_buf_simple_remove_mem
                0x0c00bece        0xe zephyr/lib/net_buf/liblib__net_buf.a(buf_simple.c.obj)
                0x0c00bece                net_buf_simple_remove_mem
 .text.net_buf_simple_pull
                0x0c00bedc       0x10 zephyr/lib/net_buf/liblib__net_buf.a(buf_simple.c.obj)
                0x0c00bedc                net_buf_simple_pull
 .text.sdhc_set_io
                0x0c00beec        0xe zephyr/subsys/sd/libsubsys__sd.a(sd.c.obj)
 .text.k_mutex_unlock
                0x0c00befa        0x4 zephyr/subsys/sd/libsubsys__sd.a(sd.c.obj)
 .text.sd_send_interface_condition.part.0
                0x0c00befe       0x60 zephyr/subsys/sd/libsubsys__sd.a(sd.c.obj)
 .text.k_msleep.isra.0
                0x0c00bf5e        0xe zephyr/subsys/sd/libsubsys__sd.a(sd.c.obj)
 .text.sd_idle.isra.0
                0x0c00bf6c       0x2a zephyr/subsys/sd/libsubsys__sd.a(sd.c.obj)
 .text.sd_is_card_present
                0x0c00bf96       0x1a zephyr/subsys/sd/libsubsys__sd.a(sd.c.obj)
                0x0c00bf96                sd_is_card_present
 .text.sdhc_request
                0x0c00bfb0        0xe zephyr/subsys/sd/libsubsys__sd.a(sd_ops.c.obj)
 .text.sdhc_set_io
                0x0c00bfbe        0xe zephyr/subsys/sd/libsubsys__sd.a(sd_ops.c.obj)
 .text.sdhc_card_busy
                0x0c00bfcc        0xe zephyr/subsys/sd/libsubsys__sd.a(sd_ops.c.obj)
 .text.z_log_msg_simple_create_0
                0x0c00bfda        0x4 zephyr/subsys/sd/libsubsys__sd.a(sd_ops.c.obj)
 .text.sdmmc_read_cxd.isra.0
                0x0c00bfde       0x40 zephyr/subsys/sd/libsubsys__sd.a(sd_ops.c.obj)
 .text.k_mutex_unlock.isra.0
                0x0c00c01e        0x4 zephyr/subsys/sd/libsubsys__sd.a(sd_ops.c.obj)
 .text.sdmmc_read_status
                0x0c00c022       0x74 zephyr/subsys/sd/libsubsys__sd.a(sd_ops.c.obj)
                0x0c00c022                sdmmc_read_status
 .text.sdmmc_read_csd
                0x0c00c096       0x6c zephyr/subsys/sd/libsubsys__sd.a(sd_ops.c.obj)
                0x0c00c096                sdmmc_read_csd
 .text.card_read_cid
                0x0c00c102        0xc zephyr/subsys/sd/libsubsys__sd.a(sd_ops.c.obj)
                0x0c00c102                card_read_cid
 .text.sdmmc_request_rca
                0x0c00c10e       0x34 zephyr/subsys/sd/libsubsys__sd.a(sd_ops.c.obj)
                0x0c00c10e                sdmmc_request_rca
 .text.sdhc_request
                0x0c00c142        0xe zephyr/subsys/sd/libsubsys__sd.a(sdmmc.c.obj)
 .text.sdhc_set_io
                0x0c00c150        0xe zephyr/subsys/sd/libsubsys__sd.a(sdmmc.c.obj)
 .text.z_log_msg_simple_create_0
                0x0c00c15e        0x4 zephyr/subsys/sd/libsubsys__sd.a(sdmmc.c.obj)
 .text.sdmmc_ioctl
                0x0c00c162        0x4 zephyr/subsys/sd/libsubsys__sd.a(sdmmc.c.obj)
                0x0c00c162                sdmmc_ioctl
 .text.sdmmc_read_blocks
                0x0c00c166        0x4 zephyr/subsys/sd/libsubsys__sd.a(sdmmc.c.obj)
                0x0c00c166                sdmmc_read_blocks
 .text.sdmmc_write_blocks
                0x0c00c16a        0x4 zephyr/subsys/sd/libsubsys__sd.a(sdmmc.c.obj)
                0x0c00c16a                sdmmc_write_blocks
 .text.sdmmc_erase_blocks
                0x0c00c16e        0x4 zephyr/subsys/sd/libsubsys__sd.a(sdmmc.c.obj)
                0x0c00c16e                sdmmc_erase_blocks
 .text.z_log_msg_simple_create_0
                0x0c00c172        0x4 zephyr/subsys/usb/device_next/libsubsys__usb__device_next.a(usbd_device.c.obj)
 .text.usbd_device_lock
                0x0c00c176        0xe zephyr/subsys/usb/device_next/libsubsys__usb__device_next.a(usbd_device.c.obj)
 .text.k_mutex_unlock.isra.0
                0x0c00c184        0x4 zephyr/subsys/usb/device_next/libsubsys__usb__device_next.a(usbd_device.c.obj)
 .text.usbd_bus_speed
                0x0c00c188        0xa zephyr/subsys/usb/device_next/libsubsys__usb__device_next.a(usbd_device.c.obj)
                0x0c00c188                usbd_bus_speed
 .text.usbd_caps_speed
                0x0c00c192        0xe zephyr/subsys/usb/device_next/libsubsys__usb__device_next.a(usbd_device.c.obj)
                0x0c00c192                usbd_caps_speed
 .text.usbd_device_set_code_triple
                0x0c00c1a0       0x48 zephyr/subsys/usb/device_next/libsubsys__usb__device_next.a(usbd_device.c.obj)
                0x0c00c1a0                usbd_device_set_code_triple
 .text.usbd_self_powered
                0x0c00c1e8       0x20 zephyr/subsys/usb/device_next/libsubsys__usb__device_next.a(usbd_device.c.obj)
                0x0c00c1e8                usbd_self_powered
 .text.usbd_is_suspended
                0x0c00c208        0xa zephyr/subsys/usb/device_next/libsubsys__usb__device_next.a(usbd_device.c.obj)
                0x0c00c208                usbd_is_suspended
 .text.usbd_can_detect_vbus
                0x0c00c212        0xe zephyr/subsys/usb/device_next/libsubsys__usb__device_next.a(usbd_device.c.obj)
                0x0c00c212                usbd_can_detect_vbus
 .text.usbd_device_get_vreq
                0x0c00c220       0x2a zephyr/subsys/usb/device_next/libsubsys__usb__device_next.a(usbd_device.c.obj)
                0x0c00c220                usbd_device_get_vreq
 .text.usbd_device_register_vreq
                0x0c00c24a       0x56 zephyr/subsys/usb/device_next/libsubsys__usb__device_next.a(usbd_device.c.obj)
                0x0c00c24a                usbd_device_register_vreq
 .text.usbd_device_unregister_all_vreq
                0x0c00c2a0       0x22 zephyr/subsys/usb/device_next/libsubsys__usb__device_next.a(usbd_device.c.obj)
                0x0c00c2a0                usbd_device_unregister_all_vreq
 .text.usbd_get_descriptor
                0x0c00c2c2       0x34 zephyr/subsys/usb/device_next/libsubsys__usb__device_next.a(usbd_desc.c.obj)
                0x0c00c2c2                usbd_get_descriptor
 .text.usbd_desc_remove_all
                0x0c00c2f6       0x20 zephyr/subsys/usb/device_next/libsubsys__usb__device_next.a(usbd_desc.c.obj)
                0x0c00c2f6                usbd_desc_remove_all
 .text.usbd_add_descriptor
                0x0c00c316      0x11a zephyr/subsys/usb/device_next/libsubsys__usb__device_next.a(usbd_desc.c.obj)
                0x0c00c316                usbd_add_descriptor
 .text.usbd_str_desc_get_idx
                0x0c00c430        0xa zephyr/subsys/usb/device_next/libsubsys__usb__device_next.a(usbd_desc.c.obj)
                0x0c00c430                usbd_str_desc_get_idx
 .text.net_buf_simple_tailroom
                0x0c00c43a       0x10 zephyr/subsys/usb/device_next/libsubsys__usb__device_next.a(usbd_ch9.c.obj)
 .text.reqtype_is_to_host
                0x0c00c44a        0xc zephyr/subsys/usb/device_next/libsubsys__usb__device_next.a(usbd_ch9.c.obj)
 .text.sreq_feature_halt_notify
                0x0c00c456       0x20 zephyr/subsys/usb/device_next/libsubsys__usb__device_next.a(usbd_ch9.c.obj)
 .text.udc_test_mode
                0x0c00c476       0x40 zephyr/subsys/usb/device_next/libsubsys__usb__device_next.a(usbd_ch9.c.obj)
 .text.udc_set_address
                0x0c00c4b6       0x32 zephyr/subsys/usb/device_next/libsubsys__usb__device_next.a(usbd_ch9.c.obj)
 .text.usbd_init_control_pipe
                0x0c00c4e8       0x18 zephyr/subsys/usb/device_next/libsubsys__usb__device_next.a(usbd_ch9.c.obj)
                0x0c00c4e8                usbd_init_control_pipe
 .text.z_log_msg_simple_create_0.constprop.0
                0x0c00c500        0x8 zephyr/subsys/usb/device_next/libsubsys__usb__device_next.a(usbd_config.c.obj)
 .text.usbd_device_lock
                0x0c00c508        0xe zephyr/subsys/usb/device_next/libsubsys__usb__device_next.a(usbd_config.c.obj)
 .text.k_mutex_unlock.isra.0
                0x0c00c516        0x4 zephyr/subsys/usb/device_next/libsubsys__usb__device_next.a(usbd_config.c.obj)
 .text.usbd_config_get
                0x0c00c51a       0x28 zephyr/subsys/usb/device_next/libsubsys__usb__device_next.a(usbd_config.c.obj)
                0x0c00c51a                usbd_config_get
 .text.usbd_config_get_current
                0x0c00c542       0x24 zephyr/subsys/usb/device_next/libsubsys__usb__device_next.a(usbd_config.c.obj)
                0x0c00c542                usbd_config_get_current
 .text.usbd_config_exist
                0x0c00c566        0xe zephyr/subsys/usb/device_next/libsubsys__usb__device_next.a(usbd_config.c.obj)
                0x0c00c566                usbd_config_exist
 .text.usbd_class_shutdown
                0x0c00c574        0xa zephyr/subsys/usb/device_next/libsubsys__usb__device_next.a(usbd_class.c.obj)
 .text.is_blocklisted
                0x0c00c57e       0x20 zephyr/subsys/usb/device_next/libsubsys__usb__device_next.a(usbd_class.c.obj)
 .text.usbd_device_lock
                0x0c00c59e        0xe zephyr/subsys/usb/device_next/libsubsys__usb__device_next.a(usbd_class.c.obj)
 .text.usbd_class_desc_len
                0x0c00c5ac       0x20 zephyr/subsys/usb/device_next/libsubsys__usb__device_next.a(usbd_class.c.obj)
                0x0c00c5ac                usbd_class_desc_len
 .text.usbd_class_get_by_config
                0x0c00c5cc       0x20 zephyr/subsys/usb/device_next/libsubsys__usb__device_next.a(usbd_class.c.obj)
                0x0c00c5cc                usbd_class_get_by_config
 .text.usbd_class_get_by_iface
                0x0c00c5ec       0x20 zephyr/subsys/usb/device_next/libsubsys__usb__device_next.a(usbd_class.c.obj)
                0x0c00c5ec                usbd_class_get_by_iface
 .text.usbd_class_handle_xfer
                0x0c00c60c       0x12 zephyr/subsys/usb/device_next/libsubsys__usb__device_next.a(usbd_class.c.obj)
                0x0c00c60c                usbd_class_handle_xfer
 .text.usbd_class_get_by_req
                0x0c00c61e       0x2e zephyr/subsys/usb/device_next/libsubsys__usb__device_next.a(usbd_class.c.obj)
                0x0c00c61e                usbd_class_get_by_req
 .text.usbd_class_remove_all
                0x0c00c64c       0x46 zephyr/subsys/usb/device_next/libsubsys__usb__device_next.a(usbd_class.c.obj)
                0x0c00c64c                usbd_class_remove_all
 .text.usbd_interface_shutdown
                0x0c00c692       0x54 zephyr/subsys/usb/device_next/libsubsys__usb__device_next.a(usbd_interface.c.obj)
                0x0c00c692                usbd_interface_shutdown
 .text.usbd_interface_default
                0x0c00c6e6       0x50 zephyr/subsys/usb/device_next/libsubsys__usb__device_next.a(usbd_interface.c.obj)
                0x0c00c6e6                usbd_interface_default
 .text.usbd_interface_set
                0x0c00c736       0x78 zephyr/subsys/usb/device_next/libsubsys__usb__device_next.a(usbd_interface.c.obj)
                0x0c00c736                usbd_interface_set
 .text.usbd_ep_bm_clear
                0x0c00c7ae       0x1c zephyr/subsys/usb/device_next/libsubsys__usb__device_next.a(usbd_endpoint.c.obj)
 .text.usbd_ep_enable
                0x0c00c7ca       0x38 zephyr/subsys/usb/device_next/libsubsys__usb__device_next.a(usbd_endpoint.c.obj)
                0x0c00c7ca                usbd_ep_enable
 .text.usbd_ep_disable
                0x0c00c802       0x2c zephyr/subsys/usb/device_next/libsubsys__usb__device_next.a(usbd_endpoint.c.obj)
                0x0c00c802                usbd_ep_disable
 .text.usbd_ep_ctrl_data_in_alloc
                0x0c00c82e        0xa zephyr/subsys/usb/device_next/libsubsys__usb__device_next.a(usbd_endpoint.c.obj)
                0x0c00c82e                usbd_ep_ctrl_data_in_alloc
 .text.usbd_ep_is_halted
                0x0c00c838       0x16 zephyr/subsys/usb/device_next/libsubsys__usb__device_next.a(usbd_endpoint.c.obj)
                0x0c00c838                usbd_ep_is_halted
 .text.usbd_msg_register_cb
                0x0c00c84e       0x2c zephyr/subsys/usb/device_next/libsubsys__usb__device_next.a(usbd_msg.c.obj)
                0x0c00c84e                usbd_msg_register_cb
 .text.usbd_msg_pub_simple
                0x0c00c87a       0x1c zephyr/subsys/usb/device_next/libsubsys__usb__device_next.a(usbd_msg.c.obj)
                0x0c00c87a                usbd_msg_pub_simple
 .text.app_idle_next
                0x0c00c896       0x1e zephyr/subsys/usb/device_next/libsubsys__usb__device_next.a(usbd_dfu.c.obj)
 .text.app_detach_next
                0x0c00c8b4       0x16 zephyr/subsys/usb/device_next/libsubsys__usb__device_next.a(usbd_dfu.c.obj)
 .text.dfu_idle_next
                0x0c00c8ca       0x56 zephyr/subsys/usb/device_next/libsubsys__usb__device_next.a(usbd_dfu.c.obj)
 .text.dfu_manifest_wait_rst_next
                0x0c00c920        0x4 zephyr/subsys/usb/device_next/libsubsys__usb__device_next.a(usbd_dfu.c.obj)
 .text.dfu_error_next
                0x0c00c924       0x22 zephyr/subsys/usb/device_next/libsubsys__usb__device_next.a(usbd_dfu.c.obj)
 .text.runtime_mode_get_desc
                0x0c00c946        0x6 zephyr/subsys/usb/device_next/libsubsys__usb__device_next.a(usbd_dfu.c.obj)
 .text.runtime_mode_init
                0x0c00c94c       0x18 zephyr/subsys/usb/device_next/libsubsys__usb__device_next.a(usbd_dfu.c.obj)
 .text.dfu_mode_get_desc
                0x0c00c964        0x6 zephyr/subsys/usb/device_next/libsubsys__usb__device_next.a(usbd_dfu.c.obj)
 .text.runtime_detach_work
                0x0c00c96a        0xa zephyr/subsys/usb/device_next/libsubsys__usb__device_next.a(usbd_dfu.c.obj)
 .text.usbd_dfu_image_next.isra.0
                0x0c00c974       0x18 zephyr/subsys/usb/device_next/libsubsys__usb__device_next.a(usbd_dfu.c.obj)
 .text.dfu_manifest_sync_next
                0x0c00c98c       0x40 zephyr/subsys/usb/device_next/libsubsys__usb__device_next.a(usbd_dfu.c.obj)
 .text.dfu_manifest_next
                0x0c00c9cc        0xa zephyr/subsys/usb/device_next/libsubsys__usb__device_next.a(usbd_dfu.c.obj)
 .text.dfu_upload_idle_next
                0x0c00c9d6       0x40 zephyr/subsys/usb/device_next/libsubsys__usb__device_next.a(usbd_dfu.c.obj)
 .text.dfu_dnload_idle_next
                0x0c00ca16       0x40 zephyr/subsys/usb/device_next/libsubsys__usb__device_next.a(usbd_dfu.c.obj)
 .text.dfu_dnload_sync_next
                0x0c00ca56       0x34 zephyr/subsys/usb/device_next/libsubsys__usb__device_next.a(usbd_dfu.c.obj)
 .text.dfu_dnbusy_next
                0x0c00ca8a        0xa zephyr/subsys/usb/device_next/libsubsys__usb__device_next.a(usbd_dfu.c.obj)
 .text.handle_get_status.isra.0
                0x0c00ca94       0x54 zephyr/subsys/usb/device_next/libsubsys__usb__device_next.a(usbd_dfu.c.obj)
 .text.disk_sdmmc_access_erase
                0x0c00cae8        0x8 zephyr/drivers/disk/libdrivers__disk.a(sdmmc_subsys.c.obj)
 .text.disk_sdmmc_access_write
                0x0c00caf0        0x8 zephyr/drivers/disk/libdrivers__disk.a(sdmmc_subsys.c.obj)
 .text.disk_sdmmc_access_read
                0x0c00caf8        0x8 zephyr/drivers/disk/libdrivers__disk.a(sdmmc_subsys.c.obj)
 .text.disk_sdmmc_access_status
                0x0c00cb00       0x20 zephyr/drivers/disk/libdrivers__disk.a(sdmmc_subsys.c.obj)
 .text.disk_sdmmc_access_init
                0x0c00cb20       0x2a zephyr/drivers/disk/libdrivers__disk.a(sdmmc_subsys.c.obj)
 .text.disk_sdmmc_access_ioctl
                0x0c00cb4a       0x22 zephyr/drivers/disk/libdrivers__disk.a(sdmmc_subsys.c.obj)
 .text.disk_ram_access_status
                0x0c00cb6c        0x4 zephyr/drivers/disk/libdrivers__disk.a(ramdisk.c.obj)
 .text.disk_ram_access_ioctl
                0x0c00cb70       0x2c zephyr/drivers/disk/libdrivers__disk.a(ramdisk.c.obj)
 .text.disk_ram_init
                0x0c00cb9c        0xa zephyr/drivers/disk/libdrivers__disk.a(ramdisk.c.obj)
 .text.disk_ram_access_init
                0x0c00cba6        0x4 zephyr/drivers/disk/libdrivers__disk.a(ramdisk.c.obj)
 .text.eic_mchp_isr_0
                0x0c00cbaa       0x2e zephyr/drivers/interrupt_controller/libdrivers__interrupt_controller.a(intc_mchp_eic_g1.c.obj)
 .text.eic_mchp_isr_1
                0x0c00cbd8       0x30 zephyr/drivers/interrupt_controller/libdrivers__interrupt_controller.a(intc_mchp_eic_g1.c.obj)
 .text.eic_mchp_isr_2
                0x0c00cc08       0x30 zephyr/drivers/interrupt_controller/libdrivers__interrupt_controller.a(intc_mchp_eic_g1.c.obj)
 .text.eic_mchp_isr_3
                0x0c00cc38       0x30 zephyr/drivers/interrupt_controller/libdrivers__interrupt_controller.a(intc_mchp_eic_g1.c.obj)
 .text.eic_mchp_isr_4
                0x0c00cc68       0x30 zephyr/drivers/interrupt_controller/libdrivers__interrupt_controller.a(intc_mchp_eic_g1.c.obj)
 .text.eic_mchp_isr_5
                0x0c00cc98       0x30 zephyr/drivers/interrupt_controller/libdrivers__interrupt_controller.a(intc_mchp_eic_g1.c.obj)
 .text.eic_mchp_isr_6
                0x0c00ccc8       0x30 zephyr/drivers/interrupt_controller/libdrivers__interrupt_controller.a(intc_mchp_eic_g1.c.obj)
 .text.eic_mchp_isr_7
                0x0c00ccf8       0x30 zephyr/drivers/interrupt_controller/libdrivers__interrupt_controller.a(intc_mchp_eic_g1.c.obj)
 .text.eic_mchp_isr_8
                0x0c00cd28       0x36 zephyr/drivers/interrupt_controller/libdrivers__interrupt_controller.a(intc_mchp_eic_g1.c.obj)
 .text.eic_mchp_isr_9
                0x0c00cd5e       0x36 zephyr/drivers/interrupt_controller/libdrivers__interrupt_controller.a(intc_mchp_eic_g1.c.obj)
 .text.eic_mchp_isr_10
                0x0c00cd94       0x36 zephyr/drivers/interrupt_controller/libdrivers__interrupt_controller.a(intc_mchp_eic_g1.c.obj)
 .text.eic_mchp_isr_11
                0x0c00cdca       0x36 zephyr/drivers/interrupt_controller/libdrivers__interrupt_controller.a(intc_mchp_eic_g1.c.obj)
 .text.eic_mchp_isr_12
                0x0c00ce00       0x36 zephyr/drivers/interrupt_controller/libdrivers__interrupt_controller.a(intc_mchp_eic_g1.c.obj)
 .text.eic_mchp_isr_13
                0x0c00ce36       0x36 zephyr/drivers/interrupt_controller/libdrivers__interrupt_controller.a(intc_mchp_eic_g1.c.obj)
 .text.eic_mchp_isr_14
                0x0c00ce6c       0x36 zephyr/drivers/interrupt_controller/libdrivers__interrupt_controller.a(intc_mchp_eic_g1.c.obj)
 .text.eic_mchp_isr_15
                0x0c00cea2       0x36 zephyr/drivers/interrupt_controller/libdrivers__interrupt_controller.a(intc_mchp_eic_g1.c.obj)
 .text.eic_irq_connect_0
                0x0c00ced8      0x106 zephyr/drivers/interrupt_controller/libdrivers__interrupt_controller.a(intc_mchp_eic_g1.c.obj)
 .text.udc_buf_destroy
                0x0c00cfde       0x30 zephyr/drivers/usb/udc/libdrivers__usb__udc.a(udc_common.c.obj)
 .text.ep_check_config.isra.0
                0x0c00d00e       0x68 zephyr/drivers/usb/udc/libdrivers__usb__udc.a(udc_common.c.obj)
 .text.udc_is_initialized.isra.0
                0x0c00d076        0xc zephyr/drivers/usb/udc/libdrivers__usb__udc.a(udc_common.c.obj)
 .text.udc_is_enabled.isra.0
                0x0c00d082        0xc zephyr/drivers/usb/udc/libdrivers__usb__udc.a(udc_common.c.obj)
 .text.udc_get_ep_cfg
                0x0c00d08e       0x12 zephyr/drivers/usb/udc/libdrivers__usb__udc.a(udc_common.c.obj)
                0x0c00d08e                udc_get_ep_cfg
 .text.udc_ep_is_busy
                0x0c00d0a0        0x8 zephyr/drivers/usb/udc/libdrivers__usb__udc.a(udc_common.c.obj)
                0x0c00d0a0                udc_ep_is_busy
 .text.udc_register_ep
                0x0c00d0a8       0x2c zephyr/drivers/usb/udc/libdrivers__usb__udc.a(udc_common.c.obj)
                0x0c00d0a8                udc_register_ep
 .text.udc_buf_get
                0x0c00d0d4        0x8 zephyr/drivers/usb/udc/libdrivers__usb__udc.a(udc_common.c.obj)
                0x0c00d0d4                udc_buf_get
 .text.udc_buf_peek
                0x0c00d0dc        0x4 zephyr/drivers/usb/udc/libdrivers__usb__udc.a(udc_common.c.obj)
                0x0c00d0dc                udc_buf_peek
 .text.udc_buf_put
                0x0c00d0e0        0x4 zephyr/drivers/usb/udc/libdrivers__usb__udc.a(udc_common.c.obj)
                0x0c00d0e0                udc_buf_put
 .text.udc_submit_event
                0x0c00d0e4       0x18 zephyr/drivers/usb/udc/libdrivers__usb__udc.a(udc_common.c.obj)
                0x0c00d0e4                udc_submit_event
 .text.udc_submit_ep_event
                0x0c00d0fc       0x30 zephyr/drivers/usb/udc/libdrivers__usb__udc.a(udc_common.c.obj)
                0x0c00d0fc                udc_submit_ep_event
 .text.udc_ep_cancel_queued
                0x0c00d12c       0x1e zephyr/drivers/usb/udc/libdrivers__usb__udc.a(udc_common.c.obj)
                0x0c00d12c                udc_ep_cancel_queued
 .text.udc_setup_received
                0x0c00d14a       0xb4 zephyr/drivers/usb/udc/libdrivers__usb__udc.a(udc_common.c.obj)
                0x0c00d14a                udc_setup_received
 .text.udc_ep_try_config
                0x0c00d1fe       0x8a zephyr/drivers/usb/udc/libdrivers__usb__udc.a(udc_common.c.obj)
                0x0c00d1fe                udc_ep_try_config
 .text.udc_ep_enable
                0x0c00d288       0x52 zephyr/drivers/usb/udc/libdrivers__usb__udc.a(udc_common.c.obj)
                0x0c00d288                udc_ep_enable
 .text.udc_ep_disable
                0x0c00d2da       0x38 zephyr/drivers/usb/udc/libdrivers__usb__udc.a(udc_common.c.obj)
                0x0c00d2da                udc_ep_disable
 .text.udc_ep_set_halt
                0x0c00d312       0x54 zephyr/drivers/usb/udc/libdrivers__usb__udc.a(udc_common.c.obj)
                0x0c00d312                udc_ep_set_halt
 .text.udc_ep_clear_halt
                0x0c00d366       0x60 zephyr/drivers/usb/udc/libdrivers__usb__udc.a(udc_common.c.obj)
                0x0c00d366                udc_ep_clear_halt
 .text.udc_ep_enqueue
                0x0c00d3c6       0x8c zephyr/drivers/usb/udc/libdrivers__usb__udc.a(udc_common.c.obj)
                0x0c00d3c6                udc_ep_enqueue
 .text.udc_purge_queues
                0x0c00d452       0x50 zephyr/drivers/usb/udc/libdrivers__usb__udc.a(udc_common.c.obj)
                0x0c00d452                udc_purge_queues
 .text.udc_ep_queue_is_empty
                0x0c00d4a2       0x2e zephyr/drivers/usb/udc/libdrivers__usb__udc.a(udc_common.c.obj)
                0x0c00d4a2                udc_ep_queue_is_empty
 .text.udc_ep_dequeue
                0x0c00d4d0       0x42 zephyr/drivers/usb/udc/libdrivers__usb__udc.a(udc_common.c.obj)
                0x0c00d4d0                udc_ep_dequeue
 .text.udc_ctrl_setup_alloc
                0x0c00d512       0x1e zephyr/drivers/usb/udc/libdrivers__usb__udc.a(udc_common.c.obj)
                0x0c00d512                udc_ctrl_setup_alloc
 .text.udc_ctrl_data_alloc
                0x0c00d530       0x28 zephyr/drivers/usb/udc/libdrivers__usb__udc.a(udc_common.c.obj)
                0x0c00d530                udc_ctrl_data_alloc
 .text.udc_ctrl_status_alloc
                0x0c00d558       0x22 zephyr/drivers/usb/udc/libdrivers__usb__udc.a(udc_common.c.obj)
                0x0c00d558                udc_ctrl_status_alloc
 .text.udc_device_speed
                0x0c00d57a       0x2c zephyr/drivers/usb/udc/libdrivers__usb__udc.a(udc_common.c.obj)
                0x0c00d57a                udc_device_speed
 .text.udc_enable
                0x0c00d5a6       0x50 zephyr/drivers/usb/udc/libdrivers__usb__udc.a(udc_common.c.obj)
                0x0c00d5a6                udc_enable
 .text.udc_disable
                0x0c00d5f6       0x40 zephyr/drivers/usb/udc/libdrivers__usb__udc.a(udc_common.c.obj)
                0x0c00d5f6                udc_disable
 .text.udc_init
                0x0c00d636       0x5e zephyr/drivers/usb/udc/libdrivers__usb__udc.a(udc_common.c.obj)
                0x0c00d636                udc_init
 .text.udc_shutdown
                0x0c00d694       0x4e zephyr/drivers/usb/udc/libdrivers__usb__udc.a(udc_common.c.obj)
                0x0c00d694                udc_shutdown
 .text.net_buf_simple_tailroom
                0x0c00d6e2       0x10 zephyr/drivers/usb/udc/libdrivers__usb__udc.a(udc_mchp_g2.c.obj)
 .text.mchp_g2_fifo_size_code
                0x0c00d6f2       0x1c zephyr/drivers/usb/udc/libdrivers__usb__udc.a(udc_mchp_g2.c.obj)
 .text.mchp_g2_fifo_read
                0x0c00d70e       0x42 zephyr/drivers/usb/udc/libdrivers__usb__udc.a(udc_mchp_g2.c.obj)
 .text.udc_mchp_g2_ep_set_halt
                0x0c00d750       0x82 zephyr/drivers/usb/udc/libdrivers__usb__udc.a(udc_mchp_g2.c.obj)
 .text.udc_mchp_g2_set_address
                0x0c00d7d2       0x12 zephyr/drivers/usb/udc/libdrivers__usb__udc.a(udc_mchp_g2.c.obj)
 .text.udc_mchp_g2_device_speed
                0x0c00d7e4       0x16 zephyr/drivers/usb/udc/libdrivers__usb__udc.a(udc_mchp_g2.c.obj)
 .text.atomic_clear_bit
                0x0c00d7fa       0x20 zephyr/drivers/usb/udc/libdrivers__usb__udc.a(udc_mchp_g2.c.obj)
 .text.atomic_clear
                0x0c00d81a       0x12 zephyr/drivers/usb/udc/libdrivers__usb__udc.a(udc_mchp_g2.c.obj)
 .text.mchp_g2_vbus_poll_work
                0x0c00d82c       0x4c zephyr/drivers/usb/udc/libdrivers__usb__udc.a(udc_mchp_g2.c.obj)
 .text.z_log_msg_simple_create_0
                0x0c00d878        0x4 zephyr/drivers/usb/udc/libdrivers__usb__udc.a(udc_mchp_g2.c.obj)
 .text.udc_mchp_g2_ep_dequeue
                0x0c00d87c      0x120 zephyr/drivers/usb/udc/libdrivers__usb__udc.a(udc_mchp_g2.c.obj)
 .text.udc_mchp_g2_irq_disable_func_0
                0x0c00d99c        0x6 zephyr/drivers/usb/udc/libdrivers__usb__udc.a(udc_mchp_g2.c.obj)
 .text.udc_mchp_g2_irq_enable_func_0
                0x0c00d9a2       0x16 zephyr/drivers/usb/udc/libdrivers__usb__udc.a(udc_mchp_g2.c.obj)
 .text.mchp_g2_fifo_allocate.part.0
                0x0c00d9b8       0x68 zephyr/drivers/usb/udc/libdrivers__usb__udc.a(udc_mchp_g2.c.obj)
 .text.mchp_g2_fifo_allocate
                0x0c00da20        0x4 zephyr/drivers/usb/udc/libdrivers__usb__udc.a(udc_mchp_g2.c.obj)
 .text.udc_mchp_g2_ep_enable
                0x0c00da24      0x15a zephyr/drivers/usb/udc/libdrivers__usb__udc.a(udc_mchp_g2.c.obj)
 .text.mchp_g2_fifo_free
                0x0c00db7e       0x2e zephyr/drivers/usb/udc/libdrivers__usb__udc.a(udc_mchp_g2.c.obj)
 .text.udc_mchp_g2_ep_disable
                0x0c00dbac      0x102 zephyr/drivers/usb/udc/libdrivers__usb__udc.a(udc_mchp_g2.c.obj)
 .text.udc_mchp_g2_lock
                0x0c00dcae       0x10 zephyr/drivers/usb/udc/libdrivers__usb__udc.a(udc_mchp_g2.c.obj)
 .text.udc_mchp_g2_unlock
                0x0c00dcbe        0x8 zephyr/drivers/usb/udc/libdrivers__usb__udc.a(udc_mchp_g2.c.obj)
 .text.k_event_clear.isra.0
                0x0c00dcc6        0x4 zephyr/drivers/usb/udc/libdrivers__usb__udc.a(udc_mchp_g2.c.obj)
 .text.k_event_post.isra.0
                0x0c00dcca        0x4 zephyr/drivers/usb/udc/libdrivers__usb__udc.a(udc_mchp_g2.c.obj)
 .text.k_usleep.isra.0
                0x0c00dcce        0x4 zephyr/drivers/usb/udc/libdrivers__usb__udc.a(udc_mchp_g2.c.obj)
 .text.atomic_set_bit
                0x0c00dcd2       0x1e zephyr/drivers/usb/udc/libdrivers__usb__udc.a(udc_mchp_g2.c.obj)
 .text.atomic_test_and_clear_bit
                0x0c00dcf0       0x2e zephyr/drivers/usb/udc/libdrivers__usb__udc.a(udc_mchp_g2.c.obj)
 .text.mchp_g2_enqueue_epx_in.isra.0
                0x0c00dd1e       0x8e zephyr/drivers/usb/udc/libdrivers__usb__udc.a(udc_mchp_g2.c.obj)
 .text.udc_mchp_g2_ep_clear_halt
                0x0c00ddac       0xc2 zephyr/drivers/usb/udc/libdrivers__usb__udc.a(udc_mchp_g2.c.obj)
 .text.mchp_g2_thread_handler
                0x0c00de6e      0x454 zephyr/drivers/usb/udc/libdrivers__usb__udc.a(udc_mchp_g2.c.obj)
 .text.usb_pool_data_unref
                0x0c00e2c2       0x18 zephyr/drivers/usb/common/buf/libdrivers__usb__common__buf.a(usb_buf.c.obj)
 .text.usb_pool_data_alloc
                0x0c00e2da       0x2e zephyr/drivers/usb/common/buf/libdrivers__usb__common__buf.a(usb_buf.c.obj)
 .text.z_log_msg_static_create.constprop.0
                0x0c00e308        0x6 zephyr/drivers/clock_control/libdrivers__clock_control.a(clock_control_mchp_pic32ck_sg_gc.c.obj)
 .text.clock_mchp_get_status
                0x0c00e30e      0x116 zephyr/drivers/clock_control/libdrivers__clock_control.a(clock_control_mchp_pic32ck_sg_gc.c.obj)
 .text.clock_get_rate_pll
                0x0c00e424       0xae zephyr/drivers/clock_control/libdrivers__clock_control.a(clock_control_mchp_pic32ck_sg_gc.c.obj)
 .text.clock_on_pll_out
                0x0c00e4d2       0x66 zephyr/drivers/clock_control/libdrivers__clock_control.a(clock_control_mchp_pic32ck_sg_gc.c.obj)
                0x0c00e4d2                clock_on_pll_out
 .text.clock_gclkperiph_init
                0x0c00e538       0x2a zephyr/drivers/clock_control/libdrivers__clock_control.a(clock_control_mchp_pic32ck_sg_gc.c.obj)
                0x0c00e538                clock_gclkperiph_init
 .text.clock_mclkperiph_init
                0x0c00e562       0x26 zephyr/drivers/clock_control/libdrivers__clock_control.a(clock_control_mchp_pic32ck_sg_gc.c.obj)
                0x0c00e562                clock_mclkperiph_init
 .text.pinctrl_lookup_state
                0x0c00e588       0x24 zephyr/drivers/pinctrl/libdrivers__pinctrl.a(common.c.obj)
                0x0c00e588                pinctrl_lookup_state
 .text.clock_control_on
                0x0c00e5ac        0xe zephyr/drivers/sdhc/libdrivers__sdhc.a(sdhc_mchp_g1.c.obj)
 .text.clock_control_get_status
                0x0c00e5ba        0xc zephyr/drivers/sdhc/libdrivers__sdhc.a(sdhc_mchp_g1.c.obj)
 .text.sdhc_mchp_get_host_props
                0x0c00e5c6       0x18 zephyr/drivers/sdhc/libdrivers__sdhc.a(sdhc_mchp_g1.c.obj)
 .text.z_log_msg_simple_create_0
                0x0c00e5de        0x4 zephyr/drivers/sdhc/libdrivers__sdhc.a(sdhc_mchp_g1.c.obj)
 .text.sdhc_mchp_get_card_present
                0x0c00e5e2        0xc zephyr/drivers/sdhc/libdrivers__sdhc.a(sdhc_mchp_g1.c.obj)
 .text.sdhc_mchp_card_busy
                0x0c00e5ee       0x14 zephyr/drivers/sdhc/libdrivers__sdhc.a(sdhc_mchp_g1.c.obj)
 .text.sdhc_mchp_reset
                0x0c00e602       0x2c zephyr/drivers/sdhc/libdrivers__sdhc.a(sdhc_mchp_g1.c.obj)
 .text.uart_mchp_poll_in
                0x0c00e62e       0x16 zephyr/drivers/serial/libdrivers__serial.a(uart_mchp_sercom_g1.c.obj)
 .text.uart_mchp_poll_out
                0x0c00e644        0xe zephyr/drivers/serial/libdrivers__serial.a(uart_mchp_sercom_g1.c.obj)
 .text.uart_mchp_config_get
                0x0c00e652        0xe zephyr/drivers/serial/libdrivers__serial.a(uart_mchp_sercom_g1.c.obj)
 .text.uart_mchp_err_check
                0x0c00e660       0x3e zephyr/drivers/serial/libdrivers__serial.a(uart_mchp_sercom_g1.c.obj)
 .text.uart_config_parity.isra.0
                0x0c00e69e       0x3c zephyr/drivers/serial/libdrivers__serial.a(uart_mchp_sercom_g1.c.obj)
 .text.z_impl_k_busy_wait
                0x0c00e6da       0x1c zephyr/kernel/libkernel.a(busy_wait.c.obj)
                0x0c00e6da                z_impl_k_busy_wait
 .text.do_device_init
                0x0c00e6f6       0x30 zephyr/kernel/libkernel.a(device.c.obj)
                0x0c00e6f6                do_device_init
 .text.z_impl_device_is_ready
                0x0c00e726       0x16 zephyr/kernel/libkernel.a(device.c.obj)
                0x0c00e726                z_impl_device_is_ready
 .text.arch_system_halt
                0x0c00e73c       0x10 zephyr/kernel/libkernel.a(fatal.c.obj)
                0x0c00e73c                arch_system_halt
 .text.z_heap_alloc_helper
                0x0c00e74c       0x84 zephyr/kernel/libkernel.a(kheap.c.obj)
 .text.k_heap_init
                0x0c00e7d0       0x10 zephyr/kernel/libkernel.a(kheap.c.obj)
                0x0c00e7d0                k_heap_init
 .text.k_heap_free
                0x0c00e7e0       0x38 zephyr/kernel/libkernel.a(kheap.c.obj)
                0x0c00e7e0                k_heap_free
 .text.create_free_list
                0x0c00e818       0x44 zephyr/kernel/libkernel.a(mem_slab.c.obj)
 .text.k_mem_slab_free
                0x0c00e85c       0x70 zephyr/kernel/libkernel.a(mem_slab.c.obj)
                0x0c00e85c                k_mem_slab_free
 .text.idle     0x0c00e8cc       0x16 zephyr/kernel/libkernel.a(idle.c.obj)
                0x0c00e8cc                idle
 .text.unpend_thread_no_timeout
                0x0c00e8e2       0x1a zephyr/kernel/libkernel.a(msg_q.c.obj)
 .text.z_impl_k_msgq_put
                0x0c00e8fc        0xe zephyr/kernel/libkernel.a(msg_q.c.obj)
                0x0c00e8fc                z_impl_k_msgq_put
 .text.adjust_owner_prio.isra.0
                0x0c00e90a       0x10 zephyr/kernel/libkernel.a(mutex.c.obj)
 .text.z_impl_k_mutex_init
                0x0c00e91a        0xe zephyr/kernel/libkernel.a(mutex.c.obj)
                0x0c00e91a                z_impl_k_mutex_init
 .text.unpend_thread_no_timeout
                0x0c00e928       0x1a zephyr/kernel/libkernel.a(queue.c.obj)
 .text.queue_insert
                0x0c00e942       0xd0 zephyr/kernel/libkernel.a(queue.c.obj)
 .text.z_queue_node_peek
                0x0c00ea12       0x18 zephyr/kernel/libkernel.a(queue.c.obj)
                0x0c00ea12                z_queue_node_peek
 .text.z_impl_k_queue_init
                0x0c00ea2a       0x10 zephyr/kernel/libkernel.a(queue.c.obj)
                0x0c00ea2a                z_impl_k_queue_init
 .text.k_queue_append
                0x0c00ea3a       0x16 zephyr/kernel/libkernel.a(queue.c.obj)
                0x0c00ea3a                k_queue_append
 .text.k_queue_prepend
                0x0c00ea50       0x14 zephyr/kernel/libkernel.a(queue.c.obj)
                0x0c00ea50                k_queue_prepend
 .text.z_impl_k_queue_peek_head
                0x0c00ea64        0x8 zephyr/kernel/libkernel.a(queue.c.obj)
                0x0c00ea64                z_impl_k_queue_peek_head
 .text.z_impl_k_sem_init
                0x0c00ea6c       0x18 zephyr/kernel/libkernel.a(sem.c.obj)
                0x0c00ea6c                z_impl_k_sem_init
 .text.flag_test_and_clear
                0x0c00ea84       0x16 zephyr/kernel/libkernel.a(work.c.obj)
 .text.unschedule_locked
                0x0c00ea9a       0x1e zephyr/kernel/libkernel.a(work.c.obj)
 .text.notify_queue_locked.isra.0
                0x0c00eab8        0xe zephyr/kernel/libkernel.a(work.c.obj)
 .text.cancel_async_locked
                0x0c00eac6       0x66 zephyr/kernel/libkernel.a(work.c.obj)
 .text.work_timeout
                0x0c00eb2c       0x4e zephyr/kernel/libkernel.a(work.c.obj)
 .text.k_work_init_delayable
                0x0c00eb7a       0x18 zephyr/kernel/libkernel.a(work.c.obj)