$ D:\ZephyrProject\.venv\Scripts\west.exe build -p auto -b pic32ck_sg01_cult -d D:\ZephyrProject\usb_validation\results_blinky\.build_cache\pic32ck_sg01_cult_blinky_na D:\ZephyrProject\mchp_zephyrproject\zephyr\samples\basic/blinky

-- west build: generating a build system
Loading Zephyr default modules (Zephyr base).
-- Application: D:/ZephyrProject/mchp_zephyrproject/zephyr/samples/basic/blinky
-- CMake version: 4.4.0
-- Found Python3: D:/ZephyrProject/.venv/Scripts/python.exe (found suitable version "3.14.6", minimum required is "3.12") found components: Interpreter
-- Cache files will be written to: D:/ZephyrProject/mchp_zephyrproject/zephyr/.cache
-- Zephyr version: 4.4.0 (D:/ZephyrProject/mchp_zephyrproject/zephyr)
-- Found west (found suitable version "1.5.0", minimum required is "0.14.0")
-- Board: pic32ck_sg01_cult, qualifiers: pic32ck2051sg01144
-- ZEPHYR_TOOLCHAIN_VARIANT not set, trying to locate Zephyr SDK
-- Found host-tools: zephyr 1.0.1 (C:/Users/I73904/zephyr-sdk-1.0.1)
-- Found toolchain: zephyr 1.0.1 (C:/Users/I73904/zephyr-sdk-1.0.1)
-- Found Dtc: C:/ProgramData/chocolatey/bin/dtc.exe (found suitable version "1.6.1", minimum required is "1.4.6")
-- Found BOARD.dts: D:/ZephyrProject/mchp_zephyrproject/zephyr/boards/microchip/pic32c/pic32ck_sg01_cult/pic32ck_sg01_cult.dts
-- Generated zephyr.dts: D:/ZephyrProject/usb_validation/results_blinky/.build_cache/pic32ck_sg01_cult_blinky_na/zephyr/zephyr.dts
-- Generated pickled edt: D:/ZephyrProject/usb_validation/results_blinky/.build_cache/pic32ck_sg01_cult_blinky_na/zephyr/edt.pickle
-- Generated devicetree_generated.h: D:/ZephyrProject/usb_validation/results_blinky/.build_cache/pic32ck_sg01_cult_blinky_na/zephyr/include/generated/zephyr/devicetree_generated.h
Parsing D:/ZephyrProject/mchp_zephyrproject/zephyr/Kconfig
Loaded configuration 'D:/ZephyrProject/mchp_zephyrproject/zephyr/boards/microchip/pic32c/pic32ck_sg01_cult/pic32ck_sg01_cult_defconfig'
Merged configuration 'D:/ZephyrProject/mchp_zephyrproject/zephyr/samples/basic/blinky/prj.conf'
Configuration saved to 'D:/ZephyrProject/usb_validation/results_blinky/.build_cache/pic32ck_sg01_cult_blinky_na/zephyr/.config'
Kconfig header saved to 'D:/ZephyrProject/usb_validation/results_blinky/.build_cache/pic32ck_sg01_cult_blinky_na/zephyr/include/generated/zephyr/autoconf.h'
-- Found GnuLd: C:/Users/I73904/zephyr-sdk-1.0.1/gnu/arm-zephyr-eabi/arm-zephyr-eabi/bin/ld.bfd.exe (found version "2.43.1")
-- The C compiler identification is GNU 14.3.0
-- The CXX compiler identification is GNU 14.3.0
-- The ASM compiler identification is GNU
-- Found assembler: C:/Users/I73904/zephyr-sdk-1.0.1/gnu/arm-zephyr-eabi/bin/arm-zephyr-eabi-gcc.exe
-- Found gen_kobject_list: D:/ZephyrProject/mchp_zephyrproject/zephyr/scripts/build/gen_kobject_list.py
-- Configuring done (40.0s)
-- Generating done (1.6s)
-- Build files have been written to: D:/ZephyrProject/usb_validation/results_blinky/.build_cache/pic32ck_sg01_cult_blinky_na
-- west build: building application
[1/143] Generating include/generated/zephyr/version.h
-- Zephyr version: 4.4.0 (D:/ZephyrProject/mchp_zephyrproject/zephyr), build: 0a02570962aa
[2/143] Generating misc/generated/syscalls.json, misc/generated/struct_tags.json
[3/143] Generating include/generated/device-api-sections.ld, include/generated/device-api-sections.cmake
[4/143] Generating include/generated/zephyr/driver-validation.h
[5/143] Generating include/generated/zephyr/kobj-types-enum.h, include/generated/zephyr/otype-to-str.h, include/generated/zephyr/otype-to-size.h
[6/143] Generating include/generated/zephyr/syscall_dispatch.c, include/generated/zephyr/syscall_exports_llext.c, syscall_weakdefs_llext.c, include/generated/zephyr/syscall_list.h
[7/143] Building C object zephyr/lib/heap/CMakeFiles/heap_constants.dir/heap_constants.c.obj
[8/143] Generating ../../include/generated/zephyr/heap_constants.h
[9/143] Building C object zephyr/CMakeFiles/offsets.dir/arch/arm/core/offsets/offsets.c.obj
[10/143] Generating include/generated/zephyr/offsets.h
[11/143] Building C object zephyr/arch/common/CMakeFiles/isr_tables.dir/isr_tables.c.obj
[12/143] Building C object CMakeFiles/app.dir/src/main.c.obj
[13/143] Building C object zephyr/CMakeFiles/zephyr.dir/lib/libc/validate_libc.c.obj
[14/143] Building C object zephyr/CMakeFiles/zephyr.dir/lib/os/sem.c.obj
[15/143] Building C object zephyr/CMakeFiles/zephyr.dir/lib/os/clock.c.obj
[16/143] Building C object zephyr/CMakeFiles/zephyr.dir/lib/os/printk.c.obj
[17/143] Building C object zephyr/CMakeFiles/zephyr.dir/lib/os/thread_entry.c.obj
[18/143] Building C object zephyr/CMakeFiles/zephyr.dir/lib/heap/heap.c.obj
[19/143] Building C object zephyr/CMakeFiles/zephyr.dir/lib/os/cbprintf_packaged.c.obj
[20/143] Building C object zephyr/CMakeFiles/zephyr.dir/lib/os/cbprintf_complete.c.obj
[21/143] Building C object zephyr/CMakeFiles/zephyr.dir/lib/utils/dec.c.obj
[22/143] Building C object zephyr/CMakeFiles/zephyr.dir/lib/utils/hex.c.obj
[23/143] Building C object zephyr/CMakeFiles/zephyr.dir/lib/utils/set.c.obj
[24/143] Building C object zephyr/CMakeFiles/zephyr.dir/lib/os/assert.c.obj
[25/143] Building C object zephyr/CMakeFiles/zephyr.dir/lib/utils/timeutil.c.obj
[26/143] Building C object zephyr/CMakeFiles/zephyr.dir/lib/utils/bitmask.c.obj
[27/143] Building C object zephyr/CMakeFiles/zephyr.dir/lib/utils/rb.c.obj
[28/143] Building C object zephyr/CMakeFiles/zephyr.dir/lib/utils/ring_buffer.c.obj
[29/143] Building C object zephyr/CMakeFiles/zephyr.dir/lib/utils/last_section_id.c.obj
[30/143] Building C object zephyr/CMakeFiles/zephyr.dir/misc/generated/configs.c.obj
[31/143] Building C object zephyr/CMakeFiles/zephyr.dir/lib/utils/bitarray.c.obj
[32/143] Building C object zephyr/CMakeFiles/zephyr.dir/lib/utils/getopt/getopt_common.c.obj
[33/143] Building C object zephyr/CMakeFiles/zephyr.dir/lib/utils/getopt/getopt.c.obj
[34/143] Building C object zephyr/CMakeFiles/zephyr.dir/subsys/mem_mgmt/mem_attr.c.obj
[35/143] Building C object zephyr/arch/common/CMakeFiles/arch__common.dir/init.c.obj
[36/143] Generating linker_zephyr_pre0.cmd
[37/143] Building C object zephyr/CMakeFiles/zephyr.dir/subsys/tracing/tracing_none.c.obj
[38/143] Building ASM object zephyr/arch/arch/arm/core/CMakeFiles/arch__arm__core.dir/nmi_on_reset.S.obj
[39/143] Linking C static library zephyr\arch\common\libisr_tables.a
[40/143] Building C object zephyr/arch/common/CMakeFiles/arch__common.dir/sw_isr_common.c.obj
[41/143] Building C object zephyr/arch/common/CMakeFiles/arch__common.dir/xip.c.obj
[42/143] Building C object zephyr/arch/arch/arm/core/CMakeFiles/arch__arm__core.dir/nmi.c.obj
[43/143] Building C object zephyr/arch/arch/arm/core/CMakeFiles/arch__arm__core.dir/fatal.c.obj
[44/143] Building ASM object zephyr/arch/arch/arm/core/cortex_m/CMakeFiles/arch__arm__core__cortex_m.dir/fault_s.S.obj
[45/143] Building ASM object zephyr/arch/arch/arm/core/cortex_m/CMakeFiles/arch__arm__core__cortex_m.dir/reset.S.obj
[46/143] Building ASM object zephyr/arch/arch/arm/core/cortex_m/CMakeFiles/arch__arm__core__cortex_m.dir/vector_table.S.obj
[47/143] Building C object zephyr/arch/arch/arm/core/cortex_m/CMakeFiles/arch__arm__core__cortex_m.dir/fault.c.obj
[48/143] Building C object zephyr/arch/arch/arm/core/CMakeFiles/arch__arm__core.dir/tls.c.obj
[49/143] Building ASM object zephyr/arch/arch/arm/core/cortex_m/CMakeFiles/arch__arm__core__cortex_m.dir/svc.S.obj
[50/143] Building C object zephyr/arch/arch/arm/core/cortex_m/CMakeFiles/arch__arm__core__cortex_m.dir/fpu.c.obj
[51/143] Building C object zephyr/arch/arch/arm/core/cortex_m/CMakeFiles/arch__arm__core__cortex_m.dir/scb.c.obj
[52/143] Building C object zephyr/arch/arch/arm/core/cortex_m/CMakeFiles/arch__arm__core__cortex_m.dir/irq_manage.c.obj
[53/143] Building C object zephyr/arch/arch/arm/core/cortex_m/CMakeFiles/arch__arm__core__cortex_m.dir/prep_c.c.obj
[54/143] Building ASM object zephyr/arch/arch/arm/core/cortex_m/CMakeFiles/arch__arm__core__cortex_m.dir/swap_helper.S.obj
[55/143] Building C object zephyr/arch/arch/arm/core/cortex_m/CMakeFiles/arch__arm__core__cortex_m.dir/thread.c.obj
[56/143] Building C object zephyr/arch/arch/arm/core/cortex_m/CMakeFiles/arch__arm__core__cortex_m.dir/cpu_idle.c.obj
[57/143] Building ASM object zephyr/arch/arch/arm/core/cortex_m/CMakeFiles/arch__arm__core__cortex_m.dir/__aeabi_read_tp.S.obj
[58/143] Building C object zephyr/arch/arch/arm/core/cortex_m/CMakeFiles/arch__arm__core__cortex_m.dir/exc_exit.c.obj
[59/143] Building C object zephyr/arch/arch/arm/core/cortex_m/CMakeFiles/arch__arm__core__cortex_m.dir/thread_abort.c.obj
[60/143] Building C object zephyr/arch/arch/arm/core/cortex_m/CMakeFiles/arch__arm__core__cortex_m.dir/irq_init.c.obj
[61/143] Building C object zephyr/arch/arch/arm/core/cortex_m/CMakeFiles/arch__arm__core__cortex_m.dir/isr_wrapper.c.obj
[62/143] Building C object zephyr/arch/arch/arm/core/cortex_m/cmse/CMakeFiles/arch__arm__core__cortex_m__cmse.dir/arm_core_cmse.c.obj
[63/143] Building C object zephyr/arch/arch/arm/core/mpu/CMakeFiles/arch__arm__core__mpu.dir/arm_core_mpu.c.obj
[64/143] Building C object zephyr/arch/arch/arm/core/mpu/CMakeFiles/arch__arm__core__mpu.dir/arm_mpu_regions.c.obj
[65/143] Building C object zephyr/lib/libc/picolibc/CMakeFiles/lib__libc__picolibc.dir/assert.c.obj
[66/143] Building C object zephyr/arch/arch/arm/core/mpu/CMakeFiles/arch__arm__core__mpu.dir/arm_mpu.c.obj
[67/143] Building C object zephyr/lib/libc/picolibc/CMakeFiles/lib__libc__picolibc.dir/chk_fail.c.obj
[68/143] Building C object zephyr/lib/libc/picolibc/CMakeFiles/lib__libc__picolibc.dir/cbprintf.c.obj
[69/143] Building C object zephyr/lib/libc/picolibc/CMakeFiles/lib__libc__picolibc.dir/errno_wrap.c.obj
[70/143] Building C object zephyr/lib/libc/picolibc/CMakeFiles/lib__libc__picolibc.dir/exit.c.obj
[71/143] Building C object zephyr/lib/libc/common/CMakeFiles/lib__libc__common.dir/source/time/time.c.obj
[72/143] Building C object zephyr/lib/libc/picolibc/CMakeFiles/lib__libc__picolibc.dir/locks.c.obj
[73/143] Building C object zephyr/lib/posix/c_lib_ext/CMakeFiles/lib__posix__c_lib_ext.dir/fnmatch.c.obj
[74/143] Building C object zephyr/lib/libc/picolibc/CMakeFiles/lib__libc__picolibc.dir/stdio.c.obj
[75/143] Building C object zephyr/lib/libc/common/CMakeFiles/lib__libc__common.dir/source/stdlib/abort.c.obj
[76/143] Building C object zephyr/lib/libc/common/CMakeFiles/lib__libc__common.dir/source/stdlib/malloc.c.obj
[77/143] Building C object zephyr/lib/posix/c_lib_ext/CMakeFiles/lib__posix__c_lib_ext.dir/getentropy.c.obj
[78/143] Building C object zephyr/lib/posix/c_lib_ext/CMakeFiles/lib__posix__c_lib_ext.dir/getopt_shim.c.obj
[79/143] Building C object zephyr/drivers/interrupt_controller/CMakeFiles/drivers__interrupt_controller.dir/intc_mchp_eic_g1.c.obj
[80/143] Building C object zephyr/drivers/console/CMakeFiles/drivers__console.dir/uart_console.c.obj
[81/143] Building C object zephyr/drivers/pinctrl/CMakeFiles/drivers__pinctrl.dir/common.c.obj
[82/143] Building C object zephyr/drivers/gpio/CMakeFiles/drivers__gpio.dir/gpio_mchp_port_g1.c.obj
[83/143] Building C object zephyr/drivers/pinctrl/CMakeFiles/drivers__pinctrl.dir/pinctrl_mchp_port_g1.c.obj
[84/143] Building C object zephyr/drivers/clock_control/CMakeFiles/drivers__clock_control.dir/clock_control_mchp_pic32ck_sg_gc.c.obj
[85/143] Building C object zephyr/drivers/timer/CMakeFiles/drivers__timer.dir/sys_clock_init.c.obj
[86/143] Building C object zephyr/drivers/serial/CMakeFiles/drivers__serial.dir/uart_mchp_sercom_g1.c.obj
[87/143] Building C object zephyr/kernel/CMakeFiles/kernel.dir/main_weak.c.obj
[88/143] Building C object zephyr/drivers/timer/CMakeFiles/drivers__timer.dir/cortex_m_systick.c.obj
[89/143] Building C object zephyr/kernel/CMakeFiles/kernel.dir/banner.c.obj
[90/143] Building C object zephyr/kernel/CMakeFiles/kernel.dir/busy_wait.c.obj
[91/143] Building C object zephyr/kernel/CMakeFiles/kernel.dir/device.c.obj
[92/143] Building C object zephyr/kernel/CMakeFiles/kernel.dir/version.c.obj
[93/143] Building C object zephyr/kernel/CMakeFiles/kernel.dir/errno.c.obj
[94/143] Building C object zephyr/kernel/CMakeFiles/kernel.dir/fatal.c.obj
[95/143] Building C object zephyr/kernel/CMakeFiles/kernel.dir/init.c.obj
[96/143] Building C object zephyr/kernel/CMakeFiles/kernel.dir/mem_slab.c.obj
[97/143] Building C object zephyr/kernel/CMakeFiles/kernel.dir/kheap.c.obj
[98/143] Building C object zephyr/kernel/CMakeFiles/kernel.dir/float.c.obj
[99/143] Building C object zephyr/kernel/CMakeFiles/kernel.dir/idle.c.obj
[100/143] Building C object zephyr/kernel/CMakeFiles/kernel.dir/mailbox.c.obj
[101/143] Building C object zephyr/kernel/CMakeFiles/kernel.dir/msg_q.c.obj
[102/143] Building C object zephyr/kernel/CMakeFiles/kernel.dir/mutex.c.obj
[103/143] Building C object zephyr/kernel/CMakeFiles/kernel.dir/sem.c.obj
[104/143] Building C object zephyr/kernel/CMakeFiles/kernel.dir/queue.c.obj
[105/143] Building C object zephyr/kernel/CMakeFiles/kernel.dir/stack.c.obj
[106/143] Building C object zephyr/kernel/CMakeFiles/kernel.dir/system_work_q.c.obj
[107/143] Building C object zephyr/kernel/CMakeFiles/kernel.dir/condvar.c.obj
[108/143] Building C object zephyr/kernel/CMakeFiles/kernel.dir/work.c.obj
[109/143] Building C object zephyr/kernel/CMakeFiles/kernel.dir/thread.c.obj
[110/143] Building C object zephyr/kernel/CMakeFiles/kernel.dir/sleep.c.obj
[111/143] Building C object zephyr/kernel/CMakeFiles/kernel.dir/sched.c.obj
[112/143] Building C object zephyr/kernel/CMakeFiles/kernel.dir/pipe.c.obj
[113/143] Building C object zephyr/kernel/CMakeFiles/kernel.dir/scheduler.c.obj
[114/143] Building C object zephyr/kernel/CMakeFiles/kernel.dir/timeslicing.c.obj
[115/143] Building C object zephyr/kernel/CMakeFiles/kernel.dir/timeout.c.obj
[116/143] Building C object zephyr/kernel/CMakeFiles/kernel.dir/timer.c.obj
[117/143] Building C object zephyr/kernel/CMakeFiles/kernel.dir/mempool.c.obj
[118/143] Building C object zephyr/kernel/CMakeFiles/kernel.dir/dynamic_disabled.c.obj
[119/143] Building C object zephyr/CMakeFiles/zephyr_pre0.dir/misc/empty_file.c.obj
[120/143] Linking C static library app\libapp.a
[121/143] Linking C static library zephyr\arch\common\libarch__common.a
[122/143] Linking C static library zephyr\arch\arch\arm\core\libarch__arm__core.a
[123/143] Linking C static library zephyr\arch\arch\arm\core\cortex_m\cmse\libarch__arm__core__cortex_m__cmse.a
[124/143] Linking C static library zephyr\libzephyr.a
[125/143] Linking C static library zephyr\arch\arch\arm\core\mpu\libarch__arm__core__mpu.a
[126/143] Linking C static library zephyr\lib\libc\common\liblib__libc__common.a
[127/143] Linking C static library zephyr\arch\arch\arm\core\cortex_m\libarch__arm__core__cortex_m.a
[128/143] Linking C static library zephyr\lib\libc\picolibc\liblib__libc__picolibc.a
[129/143] Linking C static library zephyr\lib\posix\c_lib_ext\liblib__posix__c_lib_ext.a
[130/143] Linking C static library zephyr\drivers\interrupt_controller\libdrivers__interrupt_controller.a
[131/143] Linking C static library zephyr\drivers\clock_control\libdrivers__clock_control.a
[132/143] Linking C static library zephyr\drivers\console\libdrivers__console.a
[133/143] Linking C static library zephyr\drivers\pinctrl\libdrivers__pinctrl.a
[134/143] Linking C static library zephyr\drivers\gpio\libdrivers__gpio.a
[135/143] Linking C static library zephyr\drivers\serial\libdrivers__serial.a
[136/143] Linking C static library zephyr\drivers\timer\libdrivers__timer.a
[137/143] Linking C static library zephyr\kernel\libkernel.a
[138/143] Linking C executable zephyr\zephyr_pre0.elf; Logical command for additional byproducts on target: zephyr_pre0
[139/143] Generating linker.cmd
[140/143] Generating isr_tables.c, isr_tables_vt.ld, isr_tables_swi.ld
[141/143] Building C object zephyr/CMakeFiles/zephyr_final.dir/misc/empty_file.c.obj
[142/143] Building C object zephyr/CMakeFiles/zephyr_final.dir/isr_tables.c.obj
[143/143] Linking C executable zephyr\zephyr.elf
Memory region         Used Size  Region Size  %age Used
 ROMSTART_REGION:         696 B        66 MB      0.00%
           FLASH:       22080 B      1008 KB      2.14%
             RAM:        4128 B       512 KB      0.79%
        IDT_LIST:           0 B        32 KB      0.00%
Generating files from D:/ZephyrProject/usb_validation/results_blinky/.build_cache/pic32ck_sg01_cult_blinky_na/zephyr/zephyr.elf for board: pic32ck_sg01_cult/pic32ck2051sg01144
