$ D:\ZephyrProject\.venv\Scripts\west.exe build -p auto -b pic32ck_sg01_cult -d D:\ZephyrProject\usb_validation\results\.build_cache\pic32ck_sg01_cult_hid_mouse_hs D:\ZephyrProject\mchp_zephyrproject\zephyr\samples\subsys/usb/hid-mouse

-- west build: generating a build system
Loading Zephyr default modules (Zephyr base).
-- Application: D:/ZephyrProject/mchp_zephyrproject/zephyr/samples/subsys/usb/hid-mouse
-- CMake version: 4.4.0
-- Found Python3: D:/ZephyrProject/.venv/Scripts/python.exe (found suitable version "3.14.6", minimum required is "3.12") found components: Interpreter
-- Cache files will be written to: D:/ZephyrProject/mchp_zephyrproject/zephyr/.cache
-- Zephyr version: 4.4.0 (D:/ZephyrProject/mchp_zephyrproject/zephyr)
-- Found west (found suitable version "1.5.0", minimum required is "0.14.0")
-- Board: pic32ck_sg01_cult, qualifiers: pic32ck2051sg01144
-- ZEPHYR_TOOLCHAIN_VARIANT not set, trying to locate Zephyr SDK
-- Found host-tools: zephyr 1.0.1 (C:/Users/I73904/zephyr-sdk-1.0.1)
-- Found toolchain: zephyr 1.0.1 (C:/Users/I73904/zephyr-sdk-1.0.1)
-- Found Dtc: C:/ProgramData/chocolatey/bin/dtc.exe (found suitable version "1.6.1", minimum required is "1.4.6")
-- Found BOARD.dts: D:/ZephyrProject/mchp_zephyrproject/zephyr/boards/microchip/pic32c/pic32ck_sg01_cult/pic32ck_sg01_cult.dts
-- Found devicetree overlay: D:/ZephyrProject/mchp_zephyrproject/zephyr/samples/subsys/usb/hid-mouse/app.overlay
-- Generated zephyr.dts: D:/ZephyrProject/usb_validation/results/.build_cache/pic32ck_sg01_cult_hid_mouse_hs/zephyr/zephyr.dts
-- Generated pickled edt: D:/ZephyrProject/usb_validation/results/.build_cache/pic32ck_sg01_cult_hid_mouse_hs/zephyr/edt.pickle
-- Generated devicetree_generated.h: D:/ZephyrProject/usb_validation/results/.build_cache/pic32ck_sg01_cult_hid_mouse_hs/zephyr/include/generated/zephyr/devicetree_generated.h
Parsing D:/ZephyrProject/mchp_zephyrproject/zephyr/samples/subsys/usb/hid-mouse/Kconfig
Loaded configuration 'D:/ZephyrProject/mchp_zephyrproject/zephyr/boards/microchip/pic32c/pic32ck_sg01_cult/pic32ck_sg01_cult_defconfig'
Merged configuration 'D:/ZephyrProject/mchp_zephyrproject/zephyr/samples/subsys/usb/hid-mouse/prj.conf'
Configuration saved to 'D:/ZephyrProject/usb_validation/results/.build_cache/pic32ck_sg01_cult_hid_mouse_hs/zephyr/.config'
Kconfig header saved to 'D:/ZephyrProject/usb_validation/results/.build_cache/pic32ck_sg01_cult_hid_mouse_hs/zephyr/include/generated/zephyr/autoconf.h'
-- Found GnuLd: C:/Users/I73904/zephyr-sdk-1.0.1/gnu/arm-zephyr-eabi/arm-zephyr-eabi/bin/ld.bfd.exe (found version "2.43.1")
-- The C compiler identification is GNU 14.3.0
-- The CXX compiler identification is GNU 14.3.0
-- The ASM compiler identification is GNU
-- Found assembler: C:/Users/I73904/zephyr-sdk-1.0.1/gnu/arm-zephyr-eabi/bin/arm-zephyr-eabi-gcc.exe
-- Found gen_kobject_list: D:/ZephyrProject/mchp_zephyrproject/zephyr/scripts/build/gen_kobject_list.py
-- Configuring done (42.6s)
-- Generating done (2.0s)
-- Build files have been written to: D:/ZephyrProject/usb_validation/results/.build_cache/pic32ck_sg01_cult_hid_mouse_hs
-- west build: building application
[1/182] Generating include/generated/zephyr/version.h
-- Zephyr version: 4.4.0 (D:/ZephyrProject/mchp_zephyrproject/zephyr), build: 0a02570962aa
[2/182] Generating misc/generated/syscalls.json, misc/generated/struct_tags.json
[3/182] Generating include/generated/device-api-sections.ld, include/generated/device-api-sections.cmake
[4/182] Generating include/generated/zephyr/driver-validation.h
[5/182] Generating include/generated/zephyr/kobj-types-enum.h, include/generated/zephyr/otype-to-str.h, include/generated/zephyr/otype-to-size.h
[6/182] Generating include/generated/zephyr/syscall_dispatch.c, include/generated/zephyr/syscall_exports_llext.c, syscall_weakdefs_llext.c, include/generated/zephyr/syscall_list.h
[7/182] Building C object zephyr/lib/heap/CMakeFiles/heap_constants.dir/heap_constants.c.obj
[8/182] Generating ../../include/generated/zephyr/heap_constants.h
[9/182] Building C object zephyr/CMakeFiles/offsets.dir/arch/arm/core/offsets/offsets.c.obj
[10/182] Generating include/generated/zephyr/offsets.h
[11/182] Building C object zephyr/arch/common/CMakeFiles/isr_tables.dir/isr_tables.c.obj
[12/182] Building C object zephyr/CMakeFiles/zephyr.dir/lib/libc/validate_libc.c.obj
[13/182] Building C object CMakeFiles/app.dir/D_/ZephyrProject/mchp_zephyrproject/zephyr/samples/subsys/usb/common/sample_usbd_init.c.obj
[14/182] Building C object zephyr/CMakeFiles/zephyr.dir/lib/os/clock.c.obj
[15/182] Building C object zephyr/CMakeFiles/zephyr.dir/lib/os/printk.c.obj
[16/182] Building C object CMakeFiles/app.dir/src/main.c.obj
[17/182] Building C object zephyr/CMakeFiles/zephyr.dir/lib/os/cbprintf_packaged.c.obj
[18/182] Building C object zephyr/CMakeFiles/zephyr.dir/lib/os/sem.c.obj
[19/182] Building C object zephyr/CMakeFiles/zephyr.dir/lib/os/thread_entry.c.obj
[20/182] Building C object zephyr/CMakeFiles/zephyr.dir/lib/heap/heap.c.obj
[21/182] Building C object zephyr/CMakeFiles/zephyr.dir/lib/utils/dec.c.obj
[22/182] Building C object zephyr/CMakeFiles/zephyr.dir/lib/utils/hex.c.obj
[23/182] Building C object zephyr/CMakeFiles/zephyr.dir/lib/os/cbprintf_complete.c.obj
[24/182] Building C object zephyr/CMakeFiles/zephyr.dir/lib/os/assert.c.obj
[25/182] Building C object zephyr/CMakeFiles/zephyr.dir/lib/utils/set.c.obj
[26/182] Building C object zephyr/CMakeFiles/zephyr.dir/lib/os/mpsc_pbuf.c.obj
[27/182] Building C object zephyr/CMakeFiles/zephyr.dir/lib/utils/timeutil.c.obj
[28/182] Building C object zephyr/CMakeFiles/zephyr.dir/lib/utils/bitmask.c.obj
[29/182] Building C object zephyr/CMakeFiles/zephyr.dir/lib/utils/rb.c.obj
[30/182] Building C object zephyr/CMakeFiles/zephyr.dir/lib/utils/last_section_id.c.obj
[31/182] Building C object zephyr/CMakeFiles/zephyr.dir/lib/utils/ring_buffer.c.obj
[32/182] Building C object zephyr/CMakeFiles/zephyr.dir/misc/generated/configs.c.obj
[33/182] Building C object zephyr/CMakeFiles/zephyr.dir/lib/utils/bitarray.c.obj
[34/182] Building C object zephyr/CMakeFiles/zephyr.dir/lib/utils/getopt/getopt.c.obj
[35/182] Building C object zephyr/CMakeFiles/zephyr.dir/lib/utils/getopt/getopt_common.c.obj
[36/182] Building C object zephyr/CMakeFiles/zephyr.dir/subsys/logging/log_cache.c.obj
[37/182] Building C object zephyr/CMakeFiles/zephyr.dir/subsys/logging/log_mgmt.c.obj
[38/182] Building C object zephyr/CMakeFiles/zephyr.dir/subsys/logging/log_core.c.obj
[39/182] Building C object zephyr/CMakeFiles/zephyr.dir/subsys/logging/log_msg.c.obj
[40/182] Building C object zephyr/CMakeFiles/zephyr.dir/subsys/logging/log_output.c.obj
[41/182] Building C object zephyr/arch/common/CMakeFiles/arch__common.dir/init.c.obj
[42/182] Building C object zephyr/CMakeFiles/zephyr.dir/subsys/logging/backends/log_backend_uart.c.obj
[43/182] Building C object zephyr/CMakeFiles/zephyr.dir/subsys/mem_mgmt/mem_attr.c.obj
[44/182] Building C object zephyr/CMakeFiles/zephyr.dir/subsys/tracing/tracing_none.c.obj
[45/182] Generating linker_zephyr_pre0.cmd
[46/182] Building C object zephyr/arch/common/CMakeFiles/arch__common.dir/sw_isr_common.c.obj
[47/182] Linking C static library zephyr\arch\common\libisr_tables.a
[48/182] Building ASM object zephyr/arch/arch/arm/core/CMakeFiles/arch__arm__core.dir/nmi_on_reset.S.obj
[49/182] Building C object zephyr/arch/common/CMakeFiles/arch__common.dir/xip.c.obj
[50/182] Building ASM object zephyr/arch/arch/arm/core/cortex_m/CMakeFiles/arch__arm__core__cortex_m.dir/fault_s.S.obj
[51/182] Building C object zephyr/arch/arch/arm/core/CMakeFiles/arch__arm__core.dir/nmi.c.obj
[52/182] Building C object zephyr/arch/arch/arm/core/CMakeFiles/arch__arm__core.dir/fatal.c.obj
[53/182] Building ASM object zephyr/arch/arch/arm/core/cortex_m/CMakeFiles/arch__arm__core__cortex_m.dir/reset.S.obj
[54/182] Building C object zephyr/arch/arch/arm/core/CMakeFiles/arch__arm__core.dir/tls.c.obj
[55/182] Building ASM object zephyr/arch/arch/arm/core/cortex_m/CMakeFiles/arch__arm__core__cortex_m.dir/vector_table.S.obj
[56/182] Building C object zephyr/arch/arch/arm/core/cortex_m/CMakeFiles/arch__arm__core__cortex_m.dir/fpu.c.obj
[57/182] Building ASM object zephyr/arch/arch/arm/core/cortex_m/CMakeFiles/arch__arm__core__cortex_m.dir/svc.S.obj
[58/182] Building C object zephyr/arch/arch/arm/core/cortex_m/CMakeFiles/arch__arm__core__cortex_m.dir/scb.c.obj
[59/182] Building C object zephyr/arch/arch/arm/core/cortex_m/CMakeFiles/arch__arm__core__cortex_m.dir/fault.c.obj
[60/182] Building C object zephyr/arch/arch/arm/core/cortex_m/CMakeFiles/arch__arm__core__cortex_m.dir/irq_manage.c.obj
[61/182] Building C object zephyr/arch/arch/arm/core/cortex_m/CMakeFiles/arch__arm__core__cortex_m.dir/prep_c.c.obj
[62/182] Building ASM object zephyr/arch/arch/arm/core/cortex_m/CMakeFiles/arch__arm__core__cortex_m.dir/swap_helper.S.obj
[63/182] Building C object zephyr/arch/arch/arm/core/cortex_m/CMakeFiles/arch__arm__core__cortex_m.dir/thread.c.obj
[64/182] Building C object zephyr/arch/arch/arm/core/cortex_m/CMakeFiles/arch__arm__core__cortex_m.dir/cpu_idle.c.obj
[65/182] Building C object zephyr/arch/arch/arm/core/cortex_m/CMakeFiles/arch__arm__core__cortex_m.dir/exc_exit.c.obj
[66/182] Building ASM object zephyr/arch/arch/arm/core/cortex_m/CMakeFiles/arch__arm__core__cortex_m.dir/__aeabi_read_tp.S.obj
[67/182] Building C object zephyr/arch/arch/arm/core/cortex_m/CMakeFiles/arch__arm__core__cortex_m.dir/thread_abort.c.obj
[68/182] Building C object zephyr/arch/arch/arm/core/cortex_m/CMakeFiles/arch__arm__core__cortex_m.dir/irq_init.c.obj
[69/182] Building C object zephyr/arch/arch/arm/core/cortex_m/CMakeFiles/arch__arm__core__cortex_m.dir/isr_wrapper.c.obj
[70/182] Building C object zephyr/arch/arch/arm/core/cortex_m/cmse/CMakeFiles/arch__arm__core__cortex_m__cmse.dir/arm_core_cmse.c.obj
[71/182] Building C object zephyr/arch/arch/arm/core/mpu/CMakeFiles/arch__arm__core__mpu.dir/arm_core_mpu.c.obj
[72/182] Building C object zephyr/arch/arch/arm/core/mpu/CMakeFiles/arch__arm__core__mpu.dir/arm_mpu_regions.c.obj
[73/182] Building C object zephyr/lib/libc/picolibc/CMakeFiles/lib__libc__picolibc.dir/assert.c.obj
[74/182] Building C object zephyr/arch/arch/arm/core/mpu/CMakeFiles/arch__arm__core__mpu.dir/arm_mpu.c.obj
[75/182] Building C object zephyr/lib/libc/picolibc/CMakeFiles/lib__libc__picolibc.dir/cbprintf.c.obj
[76/182] Building C object zephyr/lib/libc/picolibc/CMakeFiles/lib__libc__picolibc.dir/chk_fail.c.obj
[77/182] Building C object zephyr/lib/libc/picolibc/CMakeFiles/lib__libc__picolibc.dir/errno_wrap.c.obj
[78/182] Building C object zephyr/lib/libc/picolibc/CMakeFiles/lib__libc__picolibc.dir/exit.c.obj
[79/182] Building C object zephyr/lib/libc/common/CMakeFiles/lib__libc__common.dir/source/time/time.c.obj
[80/182] Building C object zephyr/lib/libc/picolibc/CMakeFiles/lib__libc__picolibc.dir/locks.c.obj
[81/182] Building C object zephyr/lib/libc/picolibc/CMakeFiles/lib__libc__picolibc.dir/stdio.c.obj
[82/182] Building C object zephyr/lib/libc/common/CMakeFiles/lib__libc__common.dir/source/stdlib/abort.c.obj
[83/182] Building C object zephyr/lib/posix/c_lib_ext/CMakeFiles/lib__posix__c_lib_ext.dir/fnmatch.c.obj
[84/182] Building C object zephyr/lib/libc/common/CMakeFiles/lib__libc__common.dir/source/stdlib/malloc.c.obj
[85/182] Building C object zephyr/lib/posix/c_lib_ext/CMakeFiles/lib__posix__c_lib_ext.dir/getopt_shim.c.obj
[86/182] Building C object zephyr/lib/posix/c_lib_ext/CMakeFiles/lib__posix__c_lib_ext.dir/getentropy.c.obj
[87/182] Building C object zephyr/lib/net_buf/CMakeFiles/lib__net_buf.dir/buf.c.obj
[88/182] Building C object zephyr/lib/net_buf/CMakeFiles/lib__net_buf.dir/buf_simple.c.obj
[89/182] Building C object zephyr/subsys/usb/device_next/CMakeFiles/subsys__usb__device_next.dir/usbd_desc.c.obj
[90/182] Building C object zephyr/subsys/usb/device_next/CMakeFiles/subsys__usb__device_next.dir/usbd_core.c.obj
[91/182] Building C object zephyr/subsys/usb/device_next/CMakeFiles/subsys__usb__device_next.dir/usbd_device.c.obj
[92/182] Building C object zephyr/subsys/usb/device_next/CMakeFiles/subsys__usb__device_next.dir/usbd_ch9.c.obj
[93/182] Building C object zephyr/subsys/usb/device_next/CMakeFiles/subsys__usb__device_next.dir/usbd_class.c.obj
[94/182] Building C object zephyr/subsys/usb/device_next/CMakeFiles/subsys__usb__device_next.dir/usbd_interface.c.obj
[95/182] Building C object zephyr/subsys/usb/device_next/CMakeFiles/subsys__usb__device_next.dir/usbd_endpoint.c.obj
[96/182] Building C object zephyr/subsys/usb/device_next/CMakeFiles/subsys__usb__device_next.dir/usbd_msg.c.obj
[97/182] Building C object zephyr/subsys/usb/device_next/CMakeFiles/subsys__usb__device_next.dir/usbd_init.c.obj
[98/182] Building C object zephyr/subsys/usb/device_next/CMakeFiles/subsys__usb__device_next.dir/usbd_config.c.obj
[99/182] Building C object zephyr/subsys/input/CMakeFiles/subsys__input.dir/input_hid.c.obj
[100/182] Building C object zephyr/subsys/usb/device_next/CMakeFiles/subsys__usb__device_next.dir/class/usbd_hid.c.obj
[101/182] Building C object zephyr/subsys/usb/device_next/CMakeFiles/subsys__usb__device_next.dir/class/usbd_hid_api.c.obj
[102/182] Building C object zephyr/subsys/input/CMakeFiles/subsys__input.dir/input.c.obj
[103/182] Building C object zephyr/subsys/input/CMakeFiles/subsys__input.dir/input_utils.c.obj
[104/182] Building C object zephyr/drivers/usb/common/buf/CMakeFiles/drivers__usb__common__buf.dir/usb_buf.c.obj
[105/182] Building C object zephyr/drivers/interrupt_controller/CMakeFiles/drivers__interrupt_controller.dir/intc_mchp_eic_g1.c.obj
[106/182] Building C object zephyr/drivers/usb/udc/CMakeFiles/drivers__usb__udc.dir/udc_common.c.obj
[107/182] Building C object zephyr/drivers/console/CMakeFiles/drivers__console.dir/uart_console.c.obj
[108/182] Building C object zephyr/drivers/usb/udc/CMakeFiles/drivers__usb__udc.dir/udc_mchp_g2.c.obj
[109/182] Building C object zephyr/drivers/hwinfo/CMakeFiles/drivers__hwinfo.dir/hwinfo_weak_impl.c.obj
[110/182] Building C object zephyr/drivers/gpio/CMakeFiles/drivers__gpio.dir/gpio_mchp_port_g1.c.obj
[111/182] Building C object zephyr/drivers/pinctrl/CMakeFiles/drivers__pinctrl.dir/common.c.obj
[112/182] Building C object zephyr/drivers/hwinfo/CMakeFiles/drivers__hwinfo.dir/hwinfo_mchp_g1.c.obj
[113/182] Building C object zephyr/drivers/input/CMakeFiles/drivers__input.dir/input_gpio_keys.c.obj
[114/182] Building C object zephyr/drivers/pinctrl/CMakeFiles/drivers__pinctrl.dir/pinctrl_mchp_port_g1.c.obj
[115/182] Building C object zephyr/drivers/clock_control/CMakeFiles/drivers__clock_control.dir/clock_control_mchp_pic32ck_sg_gc.c.obj
[116/182] Building C object zephyr/drivers/timer/CMakeFiles/drivers__timer.dir/sys_clock_init.c.obj
[117/182] Building C object zephyr/drivers/serial/CMakeFiles/drivers__serial.dir/uart_mchp_sercom_g1.c.obj
[118/182] Building C object zephyr/drivers/timer/CMakeFiles/drivers__timer.dir/cortex_m_systick.c.obj
[119/182] Building C object zephyr/kernel/CMakeFiles/kernel.dir/main_weak.c.obj
[120/182] Building C object zephyr/kernel/CMakeFiles/kernel.dir/banner.c.obj
[121/182] Building C object zephyr/kernel/CMakeFiles/kernel.dir/busy_wait.c.obj
[122/182] Building C object zephyr/kernel/CMakeFiles/kernel.dir/device.c.obj
[123/182] Building C object zephyr/kernel/CMakeFiles/kernel.dir/errno.c.obj
[124/182] Building C object zephyr/kernel/CMakeFiles/kernel.dir/fatal.c.obj
[125/182] Building C object zephyr/kernel/CMakeFiles/kernel.dir/version.c.obj
[126/182] Building C object zephyr/kernel/CMakeFiles/kernel.dir/init.c.obj
[127/182] Building C object zephyr/kernel/CMakeFiles/kernel.dir/kheap.c.obj
[128/182] Building C object zephyr/kernel/CMakeFiles/kernel.dir/mem_slab.c.obj
[129/182] Building C object zephyr/kernel/CMakeFiles/kernel.dir/float.c.obj
[130/182] Building C object zephyr/kernel/CMakeFiles/kernel.dir/idle.c.obj
[131/182] Building C object zephyr/kernel/CMakeFiles/kernel.dir/mailbox.c.obj
[132/182] Building C object zephyr/kernel/CMakeFiles/kernel.dir/msg_q.c.obj
[133/182] Building C object zephyr/kernel/CMakeFiles/kernel.dir/mutex.c.obj
[134/182] Building C object zephyr/kernel/CMakeFiles/kernel.dir/queue.c.obj
[135/182] Building C object zephyr/kernel/CMakeFiles/kernel.dir/sem.c.obj
[136/182] Building C object zephyr/kernel/CMakeFiles/kernel.dir/stack.c.obj
[137/182] Building C object zephyr/kernel/CMakeFiles/kernel.dir/system_work_q.c.obj
[138/182] Building C object zephyr/kernel/CMakeFiles/kernel.dir/work.c.obj
[139/182] Building C object zephyr/kernel/CMakeFiles/kernel.dir/condvar.c.obj
[140/182] Building C object zephyr/kernel/CMakeFiles/kernel.dir/thread.c.obj
[141/182] Building C object zephyr/kernel/CMakeFiles/kernel.dir/sleep.c.obj
[142/182] Building C object zephyr/kernel/CMakeFiles/kernel.dir/sched.c.obj
[143/182] Building C object zephyr/kernel/CMakeFiles/kernel.dir/pipe.c.obj
[144/182] Building C object zephyr/kernel/CMakeFiles/kernel.dir/scheduler.c.obj
[145/182] Building C object zephyr/kernel/CMakeFiles/kernel.dir/timeslicing.c.obj
[146/182] Building C object zephyr/kernel/CMakeFiles/kernel.dir/timeout.c.obj
[147/182] Building C object zephyr/kernel/CMakeFiles/kernel.dir/timer.c.obj
[148/182] Linking C static library app\libapp.a
[149/182] Building C object zephyr/kernel/CMakeFiles/kernel.dir/mempool.c.obj
[150/182] Building C object zephyr/kernel/CMakeFiles/kernel.dir/dynamic_disabled.c.obj
[151/182] Building C object zephyr/kernel/CMakeFiles/kernel.dir/events.c.obj
[152/182] Building C object zephyr/CMakeFiles/zephyr_pre0.dir/misc/empty_file.c.obj
[153/182] Linking C static library zephyr\libzephyr.a
[154/182] Linking C static library zephyr\arch\common\libarch__common.a
[155/182] Linking C static library zephyr\arch\arch\arm\core\libarch__arm__core.a
[156/182] Linking C static library zephyr\arch\arch\arm\core\cortex_m\libarch__arm__core__cortex_m.a
[157/182] Linking C static library zephyr\arch\arch\arm\core\cortex_m\cmse\libarch__arm__core__cortex_m__cmse.a
[158/182] Linking C static library zephyr\lib\libc\picolibc\liblib__libc__picolibc.a
[159/182] Linking C static library zephyr\lib\posix\c_lib_ext\liblib__posix__c_lib_ext.a
[160/182] Linking C static library zephyr\lib\libc\common\liblib__libc__common.a
[161/182] Linking C static library zephyr\arch\arch\arm\core\mpu\libarch__arm__core__mpu.a
[162/182] Linking C static library zephyr\lib\net_buf\liblib__net_buf.a
[163/182] Linking C static library zephyr\subsys\usb\device_next\libsubsys__usb__device_next.a
[164/182] Linking C static library zephyr\drivers\interrupt_controller\libdrivers__interrupt_controller.a
[165/182] Linking C static library zephyr\subsys\input\libsubsys__input.a
[166/182] Linking C static library zephyr\drivers\usb\udc\libdrivers__usb__udc.a
[167/182] Linking C static library zephyr\drivers\usb\common\buf\libdrivers__usb__common__buf.a
[168/182] Linking C static library zephyr\drivers\clock_control\libdrivers__clock_control.a
[169/182] Linking C static library zephyr\drivers\console\libdrivers__console.a
[170/182] Linking C static library zephyr\drivers\gpio\libdrivers__gpio.a
[171/182] Linking C static library zephyr\drivers\hwinfo\libdrivers__hwinfo.a
[172/182] Linking C static library zephyr\drivers\pinctrl\libdrivers__pinctrl.a
[173/182] Linking C static library zephyr\drivers\input\libdrivers__input.a
[174/182] Linking C static library zephyr\drivers\serial\libdrivers__serial.a
[175/182] Linking C static library zephyr\drivers\timer\libdrivers__timer.a
[176/182] Linking C static library zephyr\kernel\libkernel.a
[177/182] Linking C executable zephyr\zephyr_pre0.elf; Logical command for additional byproducts on target: zephyr_pre0
[178/182] Generating linker.cmd
[179/182] Generating isr_tables.c, isr_tables_vt.ld, isr_tables_swi.ld
[180/182] Building C object zephyr/CMakeFiles/zephyr_final.dir/misc/empty_file.c.obj
[181/182] Building C object zephyr/CMakeFiles/zephyr_final.dir/isr_tables.c.obj
[182/182] Linking C executable zephyr\zephyr.elf
Memory region         Used Size  Region Size  %age Used
 ROMSTART_REGION:         696 B        66 MB      0.00%
           FLASH:       67688 B      1008 KB      6.56%
             RAM:       15352 B       512 KB      2.93%
        IDT_LIST:           0 B        32 KB      0.00%
Generating files from D:/ZephyrProject/usb_validation/results/.build_cache/pic32ck_sg01_cult_hid_mouse_hs/zephyr/zephyr.elf for board: pic32ck_sg01_cult/pic32ck2051sg01144
