$ D:\ZephyrProject\.venv\Scripts\west.exe build -p always -b pic32ck_sg01_cult -d D:\ZephyrProject\usb_validation\results\run_2026-07-23_15-54-52\build\console_hs D:\ZephyrProject\mchp_zephyrproject\zephyr\samples\subsys/usb/console

-- west build: generating a build system
Loading Zephyr default modules (Zephyr base).
-- Application: D:/ZephyrProject/mchp_zephyrproject/zephyr/samples/subsys/usb/console
-- CMake version: 4.4.0
-- Found Python3: D:/ZephyrProject/.venv/Scripts/python.exe (found suitable version "3.14.6", minimum required is "3.12") found components: Interpreter
-- Cache files will be written to: D:/ZephyrProject/mchp_zephyrproject/zephyr/.cache
-- Zephyr version: 4.4.0 (D:/ZephyrProject/mchp_zephyrproject/zephyr)
-- Found west (found suitable version "1.5.0", minimum required is "0.14.0")
-- Board: pic32ck_sg01_cult, qualifiers: pic32ck2051sg01144
-- ZEPHYR_TOOLCHAIN_VARIANT not set, trying to locate Zephyr SDK
-- Found host-tools: zephyr 1.0.1 (C:/Users/I73904/zephyr-sdk-1.0.1)
-- Found toolchain: zephyr 1.0.1 (C:/Users/I73904/zephyr-sdk-1.0.1)
-- Found Dtc: C:/ProgramData/chocolatey/bin/dtc.exe (found suitable version "1.6.1", minimum required is "1.4.6")
-- Found BOARD.dts: D:/ZephyrProject/mchp_zephyrproject/zephyr/boards/microchip/pic32c/pic32ck_sg01_cult/pic32ck_sg01_cult.dts
-- Found devicetree overlay: D:/ZephyrProject/mchp_zephyrproject/zephyr/samples/subsys/usb/console/app.overlay
-- Generated zephyr.dts: D:/ZephyrProject/usb_validation/results/run_2026-07-23_15-54-52/build/console_hs/zephyr/zephyr.dts
-- Generated pickled edt: D:/ZephyrProject/usb_validation/results/run_2026-07-23_15-54-52/build/console_hs/zephyr/edt.pickle
-- Generated devicetree_generated.h: D:/ZephyrProject/usb_validation/results/run_2026-07-23_15-54-52/build/console_hs/zephyr/include/generated/zephyr/devicetree_generated.h
Parsing D:/ZephyrProject/mchp_zephyrproject/zephyr/Kconfig
Loaded configuration 'D:/ZephyrProject/mchp_zephyrproject/zephyr/boards/microchip/pic32c/pic32ck_sg01_cult/pic32ck_sg01_cult_defconfig'
Merged configuration 'D:/ZephyrProject/mchp_zephyrproject/zephyr/samples/subsys/usb/console/prj.conf'
Configuration saved to 'D:/ZephyrProject/usb_validation/results/run_2026-07-23_15-54-52/build/console_hs/zephyr/.config'
Kconfig header saved to 'D:/ZephyrProject/usb_validation/results/run_2026-07-23_15-54-52/build/console_hs/zephyr/include/generated/zephyr/autoconf.h'
-- Found GnuLd: C:/Users/I73904/zephyr-sdk-1.0.1/gnu/arm-zephyr-eabi/arm-zephyr-eabi/bin/ld.bfd.exe (found version "2.43.1")
-- The C compiler identification is GNU 14.3.0
-- The CXX compiler identification is GNU 14.3.0
-- The ASM compiler identification is GNU
-- Found assembler: C:/Users/I73904/zephyr-sdk-1.0.1/gnu/arm-zephyr-eabi/bin/arm-zephyr-eabi-gcc.exe
-- Found gen_kobject_list: D:/ZephyrProject/mchp_zephyrproject/zephyr/scripts/build/gen_kobject_list.py
-- Configuring done (31.0s)
-- Generating done (1.6s)
-- Build files have been written to: D:/ZephyrProject/usb_validation/results/run_2026-07-23_15-54-52/build/console_hs
-- west build: building application
[1/167] Generating include/generated/zephyr/version.h
-- Zephyr version: 4.4.0 (D:/ZephyrProject/mchp_zephyrproject/zephyr), build: 0a02570962aa
[2/167] Generating misc/generated/syscalls.json, misc/generated/struct_tags.json
[3/167] Generating include/generated/device-api-sections.ld, include/generated/device-api-sections.cmake
[4/167] Generating include/generated/zephyr/driver-validation.h
[5/167] Generating include/generated/zephyr/kobj-types-enum.h, include/generated/zephyr/otype-to-str.h, include/generated/zephyr/otype-to-size.h
[6/167] Generating include/generated/zephyr/syscall_dispatch.c, include/generated/zephyr/syscall_exports_llext.c, syscall_weakdefs_llext.c, include/generated/zephyr/syscall_list.h
[7/167] Building C object zephyr/lib/heap/CMakeFiles/heap_constants.dir/heap_constants.c.obj
[8/167] Generating ../../include/generated/zephyr/heap_constants.h
[9/167] Building C object zephyr/CMakeFiles/offsets.dir/arch/arm/core/offsets/offsets.c.obj
[10/167] Generating include/generated/zephyr/offsets.h
[11/167] Building C object zephyr/arch/common/CMakeFiles/isr_tables.dir/isr_tables.c.obj
[12/167] Building C object CMakeFiles/app.dir/src/main.c.obj
[13/167] Building C object zephyr/CMakeFiles/zephyr.dir/lib/libc/validate_libc.c.obj
[14/167] Building C object zephyr/CMakeFiles/zephyr.dir/lib/os/printk.c.obj
[15/167] Building C object zephyr/CMakeFiles/zephyr.dir/lib/heap/heap.c.obj
[16/167] Building C object zephyr/CMakeFiles/zephyr.dir/lib/os/sem.c.obj
[17/167] Building C object zephyr/CMakeFiles/zephyr.dir/lib/os/thread_entry.c.obj
[18/167] Building C object zephyr/CMakeFiles/zephyr.dir/lib/os/clock.c.obj
[19/167] Building C object zephyr/CMakeFiles/zephyr.dir/lib/os/cbprintf_packaged.c.obj
[20/167] Building C object zephyr/CMakeFiles/zephyr.dir/lib/os/cbprintf_complete.c.obj
[21/167] Building C object zephyr/CMakeFiles/zephyr.dir/lib/utils/dec.c.obj
[22/167] Building C object zephyr/CMakeFiles/zephyr.dir/lib/utils/set.c.obj
[23/167] Building C object zephyr/CMakeFiles/zephyr.dir/lib/utils/hex.c.obj
[24/167] Building C object zephyr/CMakeFiles/zephyr.dir/lib/os/assert.c.obj
[25/167] Building C object zephyr/CMakeFiles/zephyr.dir/lib/utils/timeutil.c.obj
[26/167] Building C object zephyr/CMakeFiles/zephyr.dir/lib/utils/bitmask.c.obj
[27/167] Building C object zephyr/CMakeFiles/zephyr.dir/lib/utils/rb.c.obj
[28/167] Building C object zephyr/CMakeFiles/zephyr.dir/lib/utils/last_section_id.c.obj
[29/167] Building C object zephyr/CMakeFiles/zephyr.dir/lib/utils/ring_buffer.c.obj
[30/167] Building C object zephyr/CMakeFiles/zephyr.dir/misc/generated/configs.c.obj
[31/167] Building C object zephyr/CMakeFiles/zephyr.dir/lib/utils/bitarray.c.obj
